
>>>> xbuild tool is deprecated and will be removed in future updates, use msbuild instead <<<<

XBuild Engine Version 14.0
Mono, Version 6.8.0.105
Copyright (C) 2005-2013 Various Mono authors

Build started 17/04/2026 08:26:06.
__________________________________________________
Project "/home/carlos/Desktop/tet/dec/iS800/iS800.csproj" (default target(s)):
	Target PrepareForBuild:
		Configuration: Debug Platform: x64
	Target GenerateSatelliteAssemblies:
	No input files were specified for target GenerateSatelliteAssemblies, skipping.
	Target _GenerateTargetFrameworkMonikerAttribute:
	Skipping target "_GenerateTargetFrameworkMonikerAttribute" because its outputs are up-to-date.
	Target CoreCompile:
		Tool /usr/lib/mono/4.5/mcs.exe execution started with arguments: /noconfig /debug:full /debug:portable /optimize- /out:obj/x64/Debug/iS800.exe /resource:obj/x64/Debug/iS800.Abertura.resources /resource:obj/x64/Debug/iS800.Aguarde.resources /resource:obj/x64/Debug/iS800.Configuracao.resources /resource:obj/x64/Debug/iS800.Diretorios.resources /resource:obj/x64/Debug/iS800.Discover.resources /resource:obj/x64/Debug/iS800.Equip_101_cal.resources /resource:obj/x64/Debug/iS800.Equip_101_conf.resources /resource:obj/x64/Debug/iS800.Equip_101_mon.resources /resource:obj/x64/Debug/iS800.Equip_201_conf.resources /resource:obj/x64/Debug/iS800.Equip_201_mon.resources /resource:obj/x64/Debug/iS800.Equip_202_cal.resources /resource:obj/x64/Debug/iS800.Equip_202_conf.resources /resource:obj/x64/Debug/iS800.Equip_202_mon.resources /resource:obj/x64/Debug/iS800.Equip_302_conf.resources /resource:obj/x64/Debug/iS800.Equip_303_conf.resources /resource:obj/x64/Debug/iS800.Equip_590_conf.resources /resource:obj/x64/Debug/iS800.Equip_810_mon.resources /resource:obj/x64/Debug/iS800.Equip_820_mon.resources /resource:obj/x64/Debug/iS800.Equip_821_mon.resources /resource:obj/x64/Debug/iS800.Equip_VA210_conf.resources /resource:obj/x64/Debug/iS800.Equip_VA220_conf.resources /resource:obj/x64/Debug/iS800.Equip_VA220_mon.resources /resource:obj/x64/Debug/iS800.Equip_VA220_ope.resources /resource:obj/x64/Debug/iS800.Equip_VA230_conf.resources /resource:obj/x64/Debug/iS800.GC_82x_calib.resources /resource:obj/x64/Debug/iS800.GC_82x_conf.resources /resource:obj/x64/Debug/iS800.IEC_855_conf.resources /resource:obj/x64/Debug/iS800.IER_856_conf.resources /resource:obj/x64/Debug/iS800.LogComunicacao.resources /resource:obj/x64/Debug/iS800.Logo.resources /resource:obj/x64/Debug/iS800.Plataforma.resources /resource:obj/x64/Debug/iS800.Resources.resources /resource:obj/x64/Debug/iS800.RT_810_200_conf.resources /resource:obj/x64/Debug/iS800.RT_810_conf.resources /resource:obj/x64/Debug/iS800.RT_820_200_conf.resources /resource:obj/x64/Debug/iS800.RT_820_360_conf.resources /resource:obj/x64/Debug/iS800.RT_820_400_SA_CALIB.resources /resource:obj/x64/Debug/iS800.RT_820_conf.resources /resource:obj/x64/Debug/iS800.RT_821_200_conf.resources /resource:obj/x64/Debug/iS800.RT_821_Conf.resources /resource:obj/x64/Debug/iS800.RT_830_200_configurador.resources /resource:obj/x64/Debug/iS800.RT_831_200_configurador.resources /resource:obj/x64/Debug/iS800.RT_850_conf.resources /resource:obj/x64/Debug/iS800.Sobre.resources Abertura.cs Abertura.Designer.cs Aguarde.cs Aguarde.Designer.cs Cabecalho.cs Comunicacao.cs Configuracao.cs Configuracao.Designer.cs CoresTabela.cs Diretorios.cs Diretorios.Designer.cs Discover.cs Discover.Designer.cs Equip_101_cal.cs Equip_101_cal.Designer.cs Equip_101_conf.cs Equip_101_conf.Designer.cs Equip_101_mon.cs Equip_101_mon.Designer.cs Equip_201_conf.cs Equip_201_conf.Designer.cs Equip_201_mon.cs Equip_201_mon.Designer.cs Equip_202_cal.cs Equip_202_cal.Designer.cs Equip_202_conf.cs Equip_202_conf.Designer.cs Equip_202_mon.cs Equip_202_mon.Designer.cs Equip_302_conf.cs Equip_302_conf.Designer.cs Equip_303_conf.cs Equip_303_conf.Designer.cs Equip_590_conf.cs Equip_590_conf.Designer.cs Equip_810_mon.cs Equip_810_mon.Designer.cs Equip_820_mon.cs Equip_820_mon.Designer.cs Equip_821_mon.cs Equip_821_mon.Designer.cs Equip_VA210_conf.cs Equip_VA210_conf.Designer.cs Equip_VA220_conf.cs Equip_VA220_conf.Designer.cs Equip_VA220_mon.cs Equip_VA220_mon.Designer.cs Equip_VA220_ope.cs Equip_VA220_ope.Designer.cs Equip_VA230_conf.cs Equip_VA230_conf.Designer.cs FontesTabela.cs GC_82x_calib.cs GC_82x_calib.Designer.cs GC_82x_conf.cs GC_82x_conf.Designer.cs Geral.cs IEC_855_conf.cs IEC_855_conf.Designer.cs IER_856_conf.cs IER_856_conf.Designer.cs IniFile.cs IniFileWriteFast.cs EnhancedPrintPreviewDialog.cs Linha_RT.cs LogComunicacao.cs LogComunicacao.Designer.cs Logo.cs Logo.Designer.cs Mod_MD.cs Mod_VA.cs My/MyApplication.cs My/MyComputer.cs My/MyProject.cs My/MySettings.Designer.cs My/MySettingsProperty.cs My/Resources/Resources.cs perifericos.cs Plataforma.cs Plataforma.Designer.cs Plataforma.CustomMenus.cs Properties/AssemblyInfo.cs RodapeICTEL.cs RT_810_200_conf.cs RT_810_200_conf.Designer.cs RT_810_conf.cs RT_810_conf.Designer.cs RT_820_200_conf.cs RT_820_200_conf.Designer.cs RT_820_360_conf.cs RT_820_360_conf.Designer.cs RT_820_400_SA_CALIB.cs RT_820_400_SA_CALIB.Designer.cs RT_820_conf.cs RT_820_conf.Designer.cs RT_821_200_conf.cs RT_821_200_conf.Designer.cs RT_821_Conf.cs RT_821_Conf.Designer.cs RT_821_380_conf.cs RT_830_200_configurador.cs RT_830_200_configurador.Designer.cs RT_830_200_constantes_X.cs RT_830_200_impressao_X.cs RT_830_200_inicializa_variavies_X.cs RT_830_200_Load_X.cs RT_830_200_redimX.cs RT_830_200_Save_X.cs RT_830_200_valores_default_X.cs RT_830_200_variaveis_X.cs RT_831_200_configurador.cs RT_831_200_configurador.Designer.cs RT_831_200_constantes_X.cs RT_831_200_impressao_X.cs RT_831_200_inicializa_variavies_X.cs RT_831_200_Load_X.cs RT_831_200_redimX.cs RT_831_200_Save_X.cs RT_831_200_valores_default_X.cs RT_831_200_variaveis_X.cs RT_850_conf.cs RT_850_conf.Designer.cs RT_850_DB.cs RT_geral.cs Sobre.cs Sobre.Designer.cs TabelaLinhaInteria.cs TabelaMeiaLinhaDireita.cs TabelaMeiaLinhaEsquerda.cs obj/x64/Debug/.NETFramework,Version=v4.5.AssemblyAttribute.cs /target:winexe /win32icon:iS800.ico /define:"DEBUG;TRACE" /main:iS800.My.MyApplication /nostdlib /platform:x64 /reference:/usr/lib/mono/4.5-api/Microsoft.VisualBasic.dll /reference:/usr/lib/mono/4.5-api/System.dll /reference:/usr/lib/mono/4.5-api/System.Drawing.dll /reference:/usr/lib/mono/4.5-api/System.Windows.Forms.dll /reference:/usr/lib/mono/4.5-api/System.Core.dll /reference:/usr/lib/mono/4.5-api//mscorlib.dll /warn:4
My/MyProject.cs(1205,18): warning CS0108: `iS800.My.MyProject.MyForms.GetType()' hides inherited member `object.GetType()'. Use the new keyword if hiding was intended
		/usr/lib/mono/4.5-api//mscorlib.dll (Location of the symbol related to previous warning)
My/MyProject.cs(1375,18): warning CS0108: `iS800.My.MyProject.MyWebServices.GetType()' hides inherited member `object.GetType()'. Use the new keyword if hiding was intended
		/usr/lib/mono/4.5-api//mscorlib.dll (Location of the symbol related to previous warning)
Cabecalho.cs(15,17): warning CS0219: The variable `stringFormat' is assigned but its value is never used
Diretorios.cs(128,21): warning CS0168: The variable `ex' is declared but never used
Discover.cs(242,10): warning CS0219: The variable `font2' is assigned but its value is never used
Equip_201_conf.cs(2599,94): error CS0165: Use of unassigned local variable `dados_EQUIP_MD_201_CONFIG'
Equip_201_mon.cs(2107,154): error CS0029: Cannot implicitly convert type `long' to `bool'
Equip_202_conf.cs(4274,9): error CS0165: Use of unassigned local variable `num2'
Equip_202_conf.cs(4258,6): warning CS0162: Unreachable code detected
Equip_202_conf.cs(4272,5): warning CS0162: Unreachable code detected
Equip_202_conf.cs(4829,94): error CS0165: Use of unassigned local variable `dados_EQUIP_MD_202_CONFIG'
Equip_302_conf.cs(2722,5): warning CS0164: This label has not been referenced
Equip_302_conf.cs(2735,8): error CS0165: Use of unassigned local variable `num2'
Equip_302_conf.cs(2724,5): warning CS0162: Unreachable code detected
Equip_302_conf.cs(2733,4): warning CS0162: Unreachable code detected
Equip_302_conf.cs(2899,6): warning CS0164: This label has not been referenced
Equip_302_conf.cs(2912,9): error CS0165: Use of unassigned local variable `num8'
Equip_302_conf.cs(2901,6): warning CS0162: Unreachable code detected
Equip_302_conf.cs(2910,5): warning CS0162: Unreachable code detected
Equip_302_conf.cs(3084,6): warning CS0164: This label has not been referenced
Equip_302_conf.cs(3097,9): error CS0165: Use of unassigned local variable `num2'
Equip_302_conf.cs(3086,6): warning CS0162: Unreachable code detected
Equip_302_conf.cs(3095,5): warning CS0162: Unreachable code detected
Equip_302_conf.cs(3418,113): error CS0165: Use of unassigned local variable `dados_EQUIP_MD_302_CONFIG_GERAL'
Equip_302_conf.Designer.cs(437,34): error CS0266: Cannot implicitly convert type `int' to `System.Windows.Forms.TabAppearance'. An explicit conversion exists (are you missing a cast?)
Equip_302_conf.Designer.cs(450,114): error CS0266: Cannot implicitly convert type `System.Windows.Forms.PictureBoxSizeMode' to `System.Windows.Forms.TabSizeMode'. An explicit conversion exists (are you missing a cast?)
Equip_302_conf.Designer.cs(470,53): error CS0266: Cannot implicitly convert type `int' to `System.Windows.Forms.DataGridViewColumnHeadersHeightSizeMode'. An explicit conversion exists (are you missing a cast?)
Equip_302_conf.Designer.cs(479,173): error CS0266: Cannot implicitly convert type `System.Windows.Forms.HorizontalAlignment' to `System.Windows.Forms.DataGridViewContentAlignment'. An explicit conversion exists (are you missing a cast?)
Equip_302_conf.Designer.cs(490,174): error CS0266: Cannot implicitly convert type `System.Windows.Forms.HorizontalAlignment' to `System.Windows.Forms.DataGridViewContentAlignment'. An explicit conversion exists (are you missing a cast?)
Equip_302_conf.Designer.cs(519,55): error CS0266: Cannot implicitly convert type `int' to `System.Windows.Forms.DataGridViewColumnHeadersHeightSizeMode'. An explicit conversion exists (are you missing a cast?)
Equip_302_conf.Designer.cs(554,174): error CS0266: Cannot implicitly convert type `System.Windows.Forms.HorizontalAlignment' to `System.Windows.Forms.DataGridViewContentAlignment'. An explicit conversion exists (are you missing a cast?)
Equip_302_conf.Designer.cs(565,174): error CS0266: Cannot implicitly convert type `System.Windows.Forms.HorizontalAlignment' to `System.Windows.Forms.DataGridViewContentAlignment'. An explicit conversion exists (are you missing a cast?)
Equip_302_conf.Designer.cs(595,63): error CS0266: Cannot implicitly convert type `int' to `System.Windows.Forms.DataGridViewColumnHeadersHeightSizeMode'. An explicit conversion exists (are you missing a cast?)
Equip_302_conf.Designer.cs(620,64): error CS0266: Cannot implicitly convert type `int' to `System.Windows.Forms.DataGridViewColumnHeadersHeightSizeMode'. An explicit conversion exists (are you missing a cast?)
Equip_302_conf.Designer.cs(663,66): error CS0266: Cannot implicitly convert type `int' to `System.Windows.Forms.DataGridViewColumnHeadersHeightSizeMode'. An explicit conversion exists (are you missing a cast?)
Equip_302_conf.Designer.cs(1120,131): error CS0266: Cannot implicitly convert type `System.Windows.Forms.ToolStripItemDisplayStyle' to `System.Windows.Forms.DataGridViewComboBoxDisplayStyle'. An explicit conversion exists (are you missing a cast?)
Equip_302_conf.Designer.cs(1160,32): error CS0266: Cannot implicitly convert type `int' to `System.Windows.Forms.DataGridViewColumnSortMode'. An explicit conversion exists (are you missing a cast?)
Equip_302_conf.Designer.cs(1166,32): error CS0266: Cannot implicitly convert type `int' to `System.Windows.Forms.DataGridViewColumnSortMode'. An explicit conversion exists (are you missing a cast?)
Equip_302_conf.Designer.cs(1172,33): error CS0266: Cannot implicitly convert type `int' to `System.Windows.Forms.DataGridViewColumnSortMode'. An explicit conversion exists (are you missing a cast?)
Equip_302_conf.Designer.cs(1178,33): error CS0266: Cannot implicitly convert type `int' to `System.Windows.Forms.DataGridViewColumnSortMode'. An explicit conversion exists (are you missing a cast?)
Equip_302_conf.Designer.cs(1192,128): error CS0266: Cannot implicitly convert type `System.Windows.Forms.ToolStripItemDisplayStyle' to `System.Windows.Forms.DataGridViewComboBoxDisplayStyle'. An explicit conversion exists (are you missing a cast?)
Equip_303_conf.cs(1808,24): error CS1502: The best overloaded method match for `Microsoft.VisualBasic.Strings.InStr(int, string, string, Microsoft.VisualBasic.CompareMethod)' has some invalid arguments
		/usr/lib/mono/4.5-api/Microsoft.VisualBasic.dll (Location of the symbol related to previous error)
Equip_303_conf.cs(1808,69): error CS1503: Argument `#4' cannot convert `int' expression to type `Microsoft.VisualBasic.CompareMethod'
Equip_303_conf.cs(1863,24): error CS1502: The best overloaded method match for `Microsoft.VisualBasic.Strings.InStr(int, string, string, Microsoft.VisualBasic.CompareMethod)' has some invalid arguments
		/usr/lib/mono/4.5-api/Microsoft.VisualBasic.dll (Location of the symbol related to previous error)
Equip_303_conf.cs(1863,69): error CS1503: Argument `#4' cannot convert `int' expression to type `Microsoft.VisualBasic.CompareMethod'
Equip_303_conf.Designer.cs(307,37): error CS0266: Cannot implicitly convert type `int' to `System.Windows.Forms.TabAppearance'. An explicit conversion exists (are you missing a cast?)
Equip_303_conf.Designer.cs(319,117): error CS0266: Cannot implicitly convert type `System.Windows.Forms.PictureBoxSizeMode' to `System.Windows.Forms.TabSizeMode'. An explicit conversion exists (are you missing a cast?)
Equip_303_conf.Designer.cs(339,59): error CS0266: Cannot implicitly convert type `int' to `System.Windows.Forms.DataGridViewColumnHeadersHeightSizeMode'. An explicit conversion exists (are you missing a cast?)
Equip_303_conf.Designer.cs(345,173): error CS0266: Cannot implicitly convert type `System.Windows.Forms.HorizontalAlignment' to `System.Windows.Forms.DataGridViewContentAlignment'. An explicit conversion exists (are you missing a cast?)
Equip_303_conf.Designer.cs(356,174): error CS0266: Cannot implicitly convert type `System.Windows.Forms.HorizontalAlignment' to `System.Windows.Forms.DataGridViewContentAlignment'. An explicit conversion exists (are you missing a cast?)
Equip_303_conf.Designer.cs(401,59): error CS0266: Cannot implicitly convert type `int' to `System.Windows.Forms.DataGridViewColumnHeadersHeightSizeMode'. An explicit conversion exists (are you missing a cast?)
Equip_303_conf.Designer.cs(425,174): error CS0266: Cannot implicitly convert type `System.Windows.Forms.HorizontalAlignment' to `System.Windows.Forms.DataGridViewContentAlignment'. An explicit conversion exists (are you missing a cast?)
Equip_303_conf.Designer.cs(436,174): error CS0266: Cannot implicitly convert type `System.Windows.Forms.HorizontalAlignment' to `System.Windows.Forms.DataGridViewContentAlignment'. An explicit conversion exists (are you missing a cast?)
Equip_303_conf.Designer.cs(469,131): error CS0266: Cannot implicitly convert type `System.Windows.Forms.ToolStripItemDisplayStyle' to `System.Windows.Forms.DataGridViewComboBoxDisplayStyle'. An explicit conversion exists (are you missing a cast?)
Equip_303_conf.Designer.cs(481,128): error CS0266: Cannot implicitly convert type `System.Windows.Forms.ToolStripItemDisplayStyle' to `System.Windows.Forms.DataGridViewComboBoxDisplayStyle'. An explicit conversion exists (are you missing a cast?)
Equip_590_conf.cs(1794,12): error CS0165: Use of unassigned local variable `result'
Equip_590_conf.cs(2594,64): error CS0266: Cannot implicitly convert type `System.IO.Ports.Parity' to `int'. An explicit conversion exists (are you missing a cast?)
Equip_590_conf.cs(2598,64): error CS0266: Cannot implicitly convert type `System.IO.Ports.Parity' to `int'. An explicit conversion exists (are you missing a cast?)
Equip_810_mon.cs(1587,55): error CS0266: Cannot implicitly convert type `int' to `System.Windows.Forms.DataGridViewContentAlignment'. An explicit conversion exists (are you missing a cast?)
Equip_810_mon.cs(2298,20): error CS0266: Cannot implicitly convert type `int' to `byte'. An explicit conversion exists (are you missing a cast?)
Equip_810_mon.Designer.cs(636,52): error CS0266: Cannot implicitly convert type `int' to `System.Windows.Forms.DataGridViewColumnHeadersHeightSizeMode'. An explicit conversion exists (are you missing a cast?)
Equip_810_mon.Designer.cs(741,46): error CS0266: Cannot implicitly convert type `int' to `System.Windows.Forms.DataGridViewColumnHeadersHeightSizeMode'. An explicit conversion exists (are you missing a cast?)
Equip_810_mon.Designer.cs(788,55): error CS0266: Cannot implicitly convert type `int' to `System.Windows.Forms.DataGridViewColumnHeadersHeightSizeMode'. An explicit conversion exists (are you missing a cast?)
Equip_820_mon.cs(1760,55): error CS0266: Cannot implicitly convert type `int' to `System.Windows.Forms.DataGridViewContentAlignment'. An explicit conversion exists (are you missing a cast?)
Equip_820_mon.cs(1770,47): error CS0266: Cannot implicitly convert type `int' to `System.Windows.Forms.DataGridViewContentAlignment'. An explicit conversion exists (are you missing a cast?)
Equip_820_mon.cs(2727,20): error CS0266: Cannot implicitly convert type `int' to `byte'. An explicit conversion exists (are you missing a cast?)
Equip_820_mon.Designer.cs(648,52): error CS0266: Cannot implicitly convert type `int' to `System.Windows.Forms.DataGridViewColumnHeadersHeightSizeMode'. An explicit conversion exists (are you missing a cast?)
Equip_820_mon.Designer.cs(753,46): error CS0266: Cannot implicitly convert type `int' to `System.Windows.Forms.DataGridViewColumnHeadersHeightSizeMode'. An explicit conversion exists (are you missing a cast?)
Equip_820_mon.Designer.cs(811,55): error CS0266: Cannot implicitly convert type `int' to `System.Windows.Forms.DataGridViewColumnHeadersHeightSizeMode'. An explicit conversion exists (are you missing a cast?)
Equip_820_mon.Designer.cs(1077,46): error CS0266: Cannot implicitly convert type `int' to `System.Windows.Forms.DataGridViewColumnHeadersHeightSizeMode'. An explicit conversion exists (are you missing a cast?)
Equip_821_mon.cs(1587,55): error CS0266: Cannot implicitly convert type `int' to `System.Windows.Forms.DataGridViewContentAlignment'. An explicit conversion exists (are you missing a cast?)
Equip_821_mon.cs(2305,20): error CS0266: Cannot implicitly convert type `int' to `byte'. An explicit conversion exists (are you missing a cast?)
Equip_821_mon.Designer.cs(636,52): error CS0266: Cannot implicitly convert type `int' to `System.Windows.Forms.DataGridViewColumnHeadersHeightSizeMode'. An explicit conversion exists (are you missing a cast?)
Equip_821_mon.Designer.cs(742,46): error CS0266: Cannot implicitly convert type `int' to `System.Windows.Forms.DataGridViewColumnHeadersHeightSizeMode'. An explicit conversion exists (are you missing a cast?)
Equip_821_mon.Designer.cs(789,55): error CS0266: Cannot implicitly convert type `int' to `System.Windows.Forms.DataGridViewColumnHeadersHeightSizeMode'. An explicit conversion exists (are you missing a cast?)
Equip_VA220_ope.cs(3392,20): error CS1502: The best overloaded method match for `Microsoft.VisualBasic.Strings.FormatDateTime(System.DateTime, Microsoft.VisualBasic.DateFormat)' has some invalid arguments
		/usr/lib/mono/4.5-api/Microsoft.VisualBasic.dll (Location of the symbol related to previous error)
Equip_VA220_ope.cs(3392,70): error CS1503: Argument `#2' cannot convert `Microsoft.VisualBasic.OpenMode' expression to type `Microsoft.VisualBasic.DateFormat'
Equip_VA220_ope.Designer.cs(200,41): error CS0266: Cannot implicitly convert type `int' to `System.Windows.Forms.CheckState'. An explicit conversion exists (are you missing a cast?)
GC_82x_conf.cs(978,5): error CS0165: Use of unassigned local variable `enumerator'
GC_82x_conf.cs(1072,67): error CS0266: Cannot implicitly convert type `int' to `System.Windows.Forms.DataGridViewContentAlignment'. An explicit conversion exists (are you missing a cast?)
GC_82x_conf.cs(1073,67): error CS0266: Cannot implicitly convert type `int' to `System.Windows.Forms.DataGridViewContentAlignment'. An explicit conversion exists (are you missing a cast?)
GC_82x_conf.cs(1074,67): error CS0266: Cannot implicitly convert type `int' to `System.Windows.Forms.DataGridViewContentAlignment'. An explicit conversion exists (are you missing a cast?)
GC_82x_conf.cs(1075,67): error CS0266: Cannot implicitly convert type `int' to `System.Windows.Forms.DataGridViewContentAlignment'. An explicit conversion exists (are you missing a cast?)
GC_82x_conf.cs(1076,67): error CS0266: Cannot implicitly convert type `int' to `System.Windows.Forms.DataGridViewContentAlignment'. An explicit conversion exists (are you missing a cast?)
GC_82x_conf.cs(1077,67): error CS0266: Cannot implicitly convert type `int' to `System.Windows.Forms.DataGridViewContentAlignment'. An explicit conversion exists (are you missing a cast?)
GC_82x_conf.cs(1078,67): error CS0266: Cannot implicitly convert type `int' to `System.Windows.Forms.DataGridViewContentAlignment'. An explicit conversion exists (are you missing a cast?)
GC_82x_conf.cs(1132,59): error CS0266: Cannot implicitly convert type `int' to `System.Windows.Forms.DataGridViewContentAlignment'. An explicit conversion exists (are you missing a cast?)
GC_82x_conf.cs(1133,59): error CS0266: Cannot implicitly convert type `int' to `System.Windows.Forms.DataGridViewContentAlignment'. An explicit conversion exists (are you missing a cast?)
GC_82x_conf.cs(1134,59): error CS0266: Cannot implicitly convert type `int' to `System.Windows.Forms.DataGridViewContentAlignment'. An explicit conversion exists (are you missing a cast?)
GC_82x_conf.cs(1178,67): error CS0266: Cannot implicitly convert type `int' to `System.Windows.Forms.DataGridViewContentAlignment'. An explicit conversion exists (are you missing a cast?)
GC_82x_conf.cs(1179,67): error CS0266: Cannot implicitly convert type `int' to `System.Windows.Forms.DataGridViewContentAlignment'. An explicit conversion exists (are you missing a cast?)
GC_82x_conf.cs(1180,67): error CS0266: Cannot implicitly convert type `int' to `System.Windows.Forms.DataGridViewContentAlignment'. An explicit conversion exists (are you missing a cast?)
GC_82x_conf.cs(1181,67): error CS0266: Cannot implicitly convert type `int' to `System.Windows.Forms.DataGridViewContentAlignment'. An explicit conversion exists (are you missing a cast?)
GC_82x_conf.cs(1182,67): error CS0266: Cannot implicitly convert type `int' to `System.Windows.Forms.DataGridViewContentAlignment'. An explicit conversion exists (are you missing a cast?)
GC_82x_conf.cs(1183,67): error CS0266: Cannot implicitly convert type `int' to `System.Windows.Forms.DataGridViewContentAlignment'. An explicit conversion exists (are you missing a cast?)
GC_82x_conf.cs(1184,67): error CS0266: Cannot implicitly convert type `int' to `System.Windows.Forms.DataGridViewContentAlignment'. An explicit conversion exists (are you missing a cast?)
GC_82x_conf.cs(1185,67): error CS0266: Cannot implicitly convert type `int' to `System.Windows.Forms.DataGridViewContentAlignment'. An explicit conversion exists (are you missing a cast?)
GC_82x_conf.cs(1186,67): error CS0266: Cannot implicitly convert type `int' to `System.Windows.Forms.DataGridViewContentAlignment'. An explicit conversion exists (are you missing a cast?)
GC_82x_conf.cs(1187,67): error CS0266: Cannot implicitly convert type `int' to `System.Windows.Forms.DataGridViewContentAlignment'. An explicit conversion exists (are you missing a cast?)
GC_82x_conf.cs(1217,67): error CS0266: Cannot implicitly convert type `int' to `System.Windows.Forms.DataGridViewContentAlignment'. An explicit conversion exists (are you missing a cast?)
GC_82x_conf.cs(1218,67): error CS0266: Cannot implicitly convert type `int' to `System.Windows.Forms.DataGridViewContentAlignment'. An explicit conversion exists (are you missing a cast?)
GC_82x_conf.cs(1219,67): error CS0266: Cannot implicitly convert type `int' to `System.Windows.Forms.DataGridViewContentAlignment'. An explicit conversion exists (are you missing a cast?)
GC_82x_conf.cs(1265,60): error CS0266: Cannot implicitly convert type `int' to `System.Windows.Forms.DataGridViewContentAlignment'. An explicit conversion exists (are you missing a cast?)
GC_82x_conf.cs(1401,8): error CS0165: Use of unassigned local variable `num2'
GC_82x_conf.cs(1387,5): warning CS0162: Unreachable code detected
GC_82x_conf.cs(1399,4): warning CS0162: Unreachable code detected
GC_82x_conf.cs(1671,18): error CS1502: The best overloaded method match for `Microsoft.VisualBasic.Interaction.MsgBox(object, Microsoft.VisualBasic.MsgBoxStyle, object)' has some invalid arguments
		/usr/lib/mono/4.5-api/Microsoft.VisualBasic.dll (Location of the symbol related to previous error)
GC_82x_conf.cs(1671,114): error CS1503: Argument `#2' cannot convert `int' expression to type `Microsoft.VisualBasic.MsgBoxStyle'
GC_82x_conf.cs(1886,8): error CS0165: Use of unassigned local variable `num2'
GC_82x_conf.cs(1886,8): error CS0165: Use of unassigned local variable `num2'
GC_82x_conf.cs(1867,5): warning CS0162: Unreachable code detected
GC_82x_conf.cs(1884,4): warning CS0162: Unreachable code detected
GC_82x_conf.cs(1978,8): error CS0165: Use of unassigned local variable `num2'
GC_82x_conf.cs(1959,5): warning CS0162: Unreachable code detected
GC_82x_conf.cs(1976,4): warning CS0162: Unreachable code detected
GC_82x_conf.cs(2075,17): error CS1502: The best overloaded method match for `System.Drawing.Font.Font(string, float, System.Drawing.FontStyle, System.Drawing.GraphicsUnit)' has some invalid arguments
		/usr/lib/mono/4.5-api/System.Drawing.dll (Location of the symbol related to previous error)
GC_82x_conf.cs(2075,42): error CS1503: Argument `#3' cannot convert `int' expression to type `System.Drawing.FontStyle'
GC_82x_conf.cs(2077,17): error CS1502: The best overloaded method match for `System.Drawing.Font.Font(string, float, System.Drawing.FontStyle, System.Drawing.GraphicsUnit)' has some invalid arguments
		/usr/lib/mono/4.5-api/System.Drawing.dll (Location of the symbol related to previous error)
GC_82x_conf.cs(2077,42): error CS1503: Argument `#3' cannot convert `int' expression to type `System.Drawing.FontStyle'
GC_82x_conf.Designer.cs(100,4): error CS0119: Expression denotes a `type', where a `variable' or `value' was expected
GC_82x_conf.Designer.cs(236,107): error CS0266: Cannot implicitly convert type `System.Windows.Forms.DataGridViewContentAlignment' to `System.Windows.Forms.HorizontalAlignment'. An explicit conversion exists (are you missing a cast?)
Geral.cs(15,36): error CS0266: Cannot implicitly convert type `int' to `System.Runtime.InteropServices.CharSet'. An explicit conversion exists (are you missing a cast?)
Geral.cs(19,36): error CS0266: Cannot implicitly convert type `int' to `System.Runtime.InteropServices.CharSet'. An explicit conversion exists (are you missing a cast?)
IEC_855_conf.cs(1296,5): error CS0165: Use of unassigned local variable `enumerator'
IEC_855_conf.cs(1533,9): error CS0165: Use of unassigned local variable `num3'
IEC_855_conf.cs(1519,6): warning CS0162: Unreachable code detected
IEC_855_conf.cs(1531,5): warning CS0162: Unreachable code detected
IEC_855_conf.cs(1800,11): error CS0165: Use of unassigned local variable `result'
IEC_855_conf.cs(1813,11): error CS0165: Use of unassigned local variable `result'
IEC_855_conf.cs(2245,9): error CS0165: Use of unassigned local variable `num3'
IEC_855_conf.cs(2245,9): error CS0165: Use of unassigned local variable `num3'
IEC_855_conf.cs(2226,6): warning CS0162: Unreachable code detected
IEC_855_conf.cs(2243,5): warning CS0162: Unreachable code detected
IEC_855_conf.cs(2332,8): error CS0165: Use of unassigned local variable `num2'
IEC_855_conf.cs(2313,5): warning CS0162: Unreachable code detected
IEC_855_conf.cs(2330,4): warning CS0162: Unreachable code detected
IEC_855_conf.cs(2460,17): error CS1502: The best overloaded method match for `System.Drawing.Font.Font(string, float, System.Drawing.FontStyle, System.Drawing.GraphicsUnit)' has some invalid arguments
		/usr/lib/mono/4.5-api/System.Drawing.dll (Location of the symbol related to previous error)
IEC_855_conf.cs(2460,42): error CS1503: Argument `#3' cannot convert `int' expression to type `System.Drawing.FontStyle'
IEC_855_conf.cs(2462,17): error CS1502: The best overloaded method match for `System.Drawing.Font.Font(string, float, System.Drawing.FontStyle, System.Drawing.GraphicsUnit)' has some invalid arguments
		/usr/lib/mono/4.5-api/System.Drawing.dll (Location of the symbol related to previous error)
IEC_855_conf.cs(2462,42): error CS1503: Argument `#3' cannot convert `int' expression to type `System.Drawing.FontStyle'
IEC_855_conf.cs(2820,11): error CS0165: Use of unassigned local variable `result'
IEC_855_conf.cs(2872,11): error CS0165: Use of unassigned local variable `result'
IEC_855_conf.Designer.cs(555,174): error CS0266: Cannot implicitly convert type `System.Windows.Forms.HorizontalAlignment' to `System.Windows.Forms.DataGridViewContentAlignment'. An explicit conversion exists (are you missing a cast?)
IEC_855_conf.Designer.cs(563,61): error CS0266: Cannot implicitly convert type `int' to `System.Windows.Forms.DataGridViewColumnHeadersHeightSizeMode'. An explicit conversion exists (are you missing a cast?)
IEC_855_conf.Designer.cs(568,174): error CS0266: Cannot implicitly convert type `System.Windows.Forms.HorizontalAlignment' to `System.Windows.Forms.DataGridViewContentAlignment'. An explicit conversion exists (are you missing a cast?)
IEC_855_conf.Designer.cs(579,174): error CS0266: Cannot implicitly convert type `System.Windows.Forms.HorizontalAlignment' to `System.Windows.Forms.DataGridViewContentAlignment'. An explicit conversion exists (are you missing a cast?)
IEC_855_conf.Designer.cs(736,107): error CS0266: Cannot implicitly convert type `System.Windows.Forms.DataGridViewContentAlignment' to `System.Windows.Forms.HorizontalAlignment'. An explicit conversion exists (are you missing a cast?)
IER_856_conf.cs(1200,5): error CS0165: Use of unassigned local variable `enumerator'
IER_856_conf.cs(1399,8): error CS0165: Use of unassigned local variable `num2'
IER_856_conf.cs(1385,5): warning CS0162: Unreachable code detected
IER_856_conf.cs(1397,4): warning CS0162: Unreachable code detected
IER_856_conf.cs(1662,11): error CS0165: Use of unassigned local variable `result'
IER_856_conf.cs(1675,11): error CS0165: Use of unassigned local variable `result'
IER_856_conf.cs(1993,9): error CS0165: Use of unassigned local variable `num3'
IER_856_conf.cs(1993,9): error CS0165: Use of unassigned local variable `num3'
IER_856_conf.cs(1974,6): warning CS0162: Unreachable code detected
IER_856_conf.cs(1991,5): warning CS0162: Unreachable code detected
IER_856_conf.cs(2080,8): error CS0165: Use of unassigned local variable `num2'
IER_856_conf.cs(2061,5): warning CS0162: Unreachable code detected
IER_856_conf.cs(2078,4): warning CS0162: Unreachable code detected
IER_856_conf.cs(2177,17): error CS1502: The best overloaded method match for `System.Drawing.Font.Font(string, float, System.Drawing.FontStyle, System.Drawing.GraphicsUnit)' has some invalid arguments
		/usr/lib/mono/4.5-api/System.Drawing.dll (Location of the symbol related to previous error)
IER_856_conf.cs(2177,42): error CS1503: Argument `#3' cannot convert `int' expression to type `System.Drawing.FontStyle'
IER_856_conf.cs(2179,17): error CS1502: The best overloaded method match for `System.Drawing.Font.Font(string, float, System.Drawing.FontStyle, System.Drawing.GraphicsUnit)' has some invalid arguments
		/usr/lib/mono/4.5-api/System.Drawing.dll (Location of the symbol related to previous error)
IER_856_conf.cs(2179,42): error CS1503: Argument `#3' cannot convert `int' expression to type `System.Drawing.FontStyle'
IER_856_conf.cs(2537,11): error CS0165: Use of unassigned local variable `result'
IER_856_conf.cs(2589,11): error CS0165: Use of unassigned local variable `result'
IER_856_conf.Designer.cs(650,107): error CS0266: Cannot implicitly convert type `System.Windows.Forms.DataGridViewContentAlignment' to `System.Windows.Forms.HorizontalAlignment'. An explicit conversion exists (are you missing a cast?)
IniFile.cs(17,40): error CS0266: Cannot implicitly convert type `int' to `System.Runtime.InteropServices.CharSet'. An explicit conversion exists (are you missing a cast?)
IniFile.cs(21,40): error CS0266: Cannot implicitly convert type `int' to `System.Runtime.InteropServices.CharSet'. An explicit conversion exists (are you missing a cast?)
Linha_RT.cs(91,45): error CS0165: Use of unassigned local variable `num2'
Linha_RT.cs(94,45): error CS0165: Use of unassigned local variable `num2'
Linha_RT.cs(819,18): error CS1502: The best overloaded method match for `System.Windows.Forms.MessageBox.Show(string, string, System.Windows.Forms.MessageBoxButtons, System.Windows.Forms.MessageBoxIcon)' has some invalid arguments
		/usr/lib/mono/4.5-api/System.Windows.Forms.dll (Location of the symbol related to previous error)
Linha_RT.cs(819,45): error CS1503: Argument `#4' cannot convert `int' expression to type `System.Windows.Forms.MessageBoxIcon'
Linha_RT.cs(842,18): error CS1502: The best overloaded method match for `System.Windows.Forms.MessageBox.Show(string, string, System.Windows.Forms.MessageBoxButtons, System.Windows.Forms.MessageBoxIcon)' has some invalid arguments
		/usr/lib/mono/4.5-api/System.Windows.Forms.dll (Location of the symbol related to previous error)
Linha_RT.cs(842,45): error CS1503: Argument `#4' cannot convert `int' expression to type `System.Windows.Forms.MessageBoxIcon'
Linha_RT.cs(862,18): error CS1502: The best overloaded method match for `System.Windows.Forms.MessageBox.Show(string, string, System.Windows.Forms.MessageBoxButtons, System.Windows.Forms.MessageBoxIcon)' has some invalid arguments
		/usr/lib/mono/4.5-api/System.Windows.Forms.dll (Location of the symbol related to previous error)
Linha_RT.cs(862,45): error CS1503: Argument `#4' cannot convert `int' expression to type `System.Windows.Forms.MessageBoxIcon'
Linha_RT.cs(893,22): error CS1502: The best overloaded method match for `System.Windows.Forms.MessageBox.Show(string, string, System.Windows.Forms.MessageBoxButtons, System.Windows.Forms.MessageBoxIcon)' has some invalid arguments
		/usr/lib/mono/4.5-api/System.Windows.Forms.dll (Location of the symbol related to previous error)
Linha_RT.cs(893,46): error CS1503: Argument `#3' cannot convert `int' expression to type `System.Windows.Forms.MessageBoxButtons'
Linha_RT.cs(911,18): error CS1502: The best overloaded method match for `System.Windows.Forms.MessageBox.Show(string, string, System.Windows.Forms.MessageBoxButtons, System.Windows.Forms.MessageBoxIcon)' has some invalid arguments
		/usr/lib/mono/4.5-api/System.Windows.Forms.dll (Location of the symbol related to previous error)
Linha_RT.cs(911,45): error CS1503: Argument `#4' cannot convert `int' expression to type `System.Windows.Forms.MessageBoxIcon'
Linha_RT.cs(1134,20): error CS0165: Use of unassigned local variable `num'
Linha_RT.cs(1136,21): error CS0165: Use of unassigned local variable `num2'
Linha_RT.cs(1261,20): error CS0165: Use of unassigned local variable `num'
Linha_RT.cs(1263,21): error CS0165: Use of unassigned local variable `num2'
Linha_RT.cs(1321,20): error CS0165: Use of unassigned local variable `num'
Linha_RT.cs(1323,21): error CS0165: Use of unassigned local variable `num2'
Linha_RT.cs(1489,20): error CS0165: Use of unassigned local variable `num'
Linha_RT.cs(1491,21): error CS0165: Use of unassigned local variable `num2'
Linha_RT.cs(1547,20): error CS0165: Use of unassigned local variable `num'
Linha_RT.cs(1549,21): error CS0165: Use of unassigned local variable `num2'
Linha_RT.cs(2012,20): error CS0165: Use of unassigned local variable `num'
Linha_RT.cs(2014,21): error CS0165: Use of unassigned local variable `num2'
Linha_RT.cs(2276,20): error CS0165: Use of unassigned local variable `num'
Linha_RT.cs(2278,21): error CS0165: Use of unassigned local variable `num2'
Linha_RT.cs(2664,12): error CS0165: Use of unassigned local variable `result'
Linha_RT.cs(2701,12): error CS0165: Use of unassigned local variable `result'
Linha_RT.cs(2729,12): error CS0165: Use of unassigned local variable `result'
Linha_RT.cs(2799,12): error CS0165: Use of unassigned local variable `result'
Linha_RT.cs(2835,12): error CS0165: Use of unassigned local variable `result'
Linha_RT.cs(3139,11): error CS0165: Use of unassigned local variable `result'
Linha_RT.cs(7261,5): error CS0165: Use of unassigned local variable `num3'
Linha_RT.cs(8553,17): error CS0165: Use of unassigned local variable `num6'
Linha_RT.cs(8609,18): error CS0165: Use of unassigned local variable `num6'
Linha_RT.cs(8617,62): error CS0165: Use of unassigned local variable `num5'
Linha_RT.cs(8687,17): error CS0165: Use of unassigned local variable `num6'
Linha_RT.cs(8717,92): error CS0165: Use of unassigned local variable `j'
Linha_RT.cs(8737,20): error CS0165: Use of unassigned local variable `num'
Linha_RT.cs(8739,21): error CS0165: Use of unassigned local variable `num2'
Linha_RT.cs(8887,16): error CS0165: Use of unassigned local variable `num3'
Linha_RT.cs(8888,16): error CS0165: Use of unassigned local variable `num4'
Linha_RT.cs(8893,21): error CS0165: Use of unassigned local variable `num8'
Linha_RT.cs(8895,22): error CS0165: Use of unassigned local variable `num9'
Linha_RT.cs(8982,16): error CS0165: Use of unassigned local variable `num'
Linha_RT.cs(8997,21): error CS0165: Use of unassigned local variable `num6'
Linha_RT.cs(8999,22): error CS0165: Use of unassigned local variable `num7'
Linha_RT.cs(9338,40): error CS0165: Use of unassigned local variable `num3'
Linha_RT.cs(9342,32): error CS0165: Use of unassigned local variable `num'
Linha_RT.cs(9343,16): error CS0165: Use of unassigned local variable `num2'
Linha_RT.cs(9348,21): error CS0165: Use of unassigned local variable `num7'
Linha_RT.cs(9350,22): error CS0165: Use of unassigned local variable `num8'
Linha_RT.cs(9452,20): error CS0165: Use of unassigned local variable `num'
Linha_RT.cs(9454,21): error CS0165: Use of unassigned local variable `num2'
Linha_RT.cs(9530,21): error CS0165: Use of unassigned local variable `num4'
Linha_RT.cs(9532,22): error CS0165: Use of unassigned local variable `num5'
Linha_RT.cs(9589,16): error CS0165: Use of unassigned local variable `num'
Linha_RT.cs(9604,21): error CS0165: Use of unassigned local variable `num6'
Linha_RT.cs(9606,22): error CS0165: Use of unassigned local variable `num7'
Linha_RT.cs(9820,20): error CS0165: Use of unassigned local variable `num2'
Linha_RT.cs(9822,21): error CS0165: Use of unassigned local variable `num3'
Linha_RT.cs(10373,156): error CS0266: Cannot implicitly convert type `System.Windows.Forms.HorizontalAlignment' to `System.Windows.Forms.DataGridViewContentAlignment'. An explicit conversion exists (are you missing a cast?)
Linha_RT.cs(10402,155): error CS0266: Cannot implicitly convert type `System.Windows.Forms.HorizontalAlignment' to `System.Windows.Forms.DataGridViewContentAlignment'. An explicit conversion exists (are you missing a cast?)
Linha_RT.cs(10415,179): error CS0266: Cannot implicitly convert type `System.Windows.Forms.HorizontalAlignment' to `System.Windows.Forms.DataGridViewContentAlignment'. An explicit conversion exists (are you missing a cast?)
LogComunicacao.cs(402,11): error CS0165: Use of unassigned local variable `num4'
LogComunicacao.cs(459,37): error CS0165: Use of unassigned local variable `ini'
Mod_MD.cs(805,31): error CS0266: Cannot implicitly convert type `int' to `byte'. An explicit conversion exists (are you missing a cast?)
Mod_MD.cs(814,32): error CS0266: Cannot implicitly convert type `int' to `byte'. An explicit conversion exists (are you missing a cast?)
Mod_MD.cs(823,32): error CS0266: Cannot implicitly convert type `int' to `byte'. An explicit conversion exists (are you missing a cast?)
Mod_MD.cs(832,32): error CS0266: Cannot implicitly convert type `int' to `byte'. An explicit conversion exists (are you missing a cast?)
Mod_MD.cs(995,40): error CS0165: Use of unassigned local variable `num'
Mod_MD.cs(998,39): error CS0165: Use of unassigned local variable `num2'
Mod_MD.cs(1005,77): error CS0165: Use of unassigned local variable `num3'
Mod_MD.cs(1104,40): error CS0165: Use of unassigned local variable `num'
Mod_MD.cs(1107,39): error CS0165: Use of unassigned local variable `num2'
Mod_MD.cs(1110,16): error CS0165: Use of unassigned local variable `num4'
Mod_MD.cs(1116,73): error CS0165: Use of unassigned local variable `num3'
Mod_MD.cs(1225,40): error CS0165: Use of unassigned local variable `num'
Mod_MD.cs(1228,39): error CS0165: Use of unassigned local variable `num2'
Mod_MD.cs(1231,16): error CS0165: Use of unassigned local variable `num4'
Mod_MD.cs(1237,79): error CS0165: Use of unassigned local variable `num3'
Mod_MD.cs(1412,40): error CS0165: Use of unassigned local variable `num'
Mod_MD.cs(1415,39): error CS0165: Use of unassigned local variable `num2'
Mod_MD.cs(1418,16): error CS0165: Use of unassigned local variable `num4'
Mod_MD.cs(1424,73): error CS0165: Use of unassigned local variable `num3'
Mod_MD.cs(1491,40): error CS0165: Use of unassigned local variable `num'
Mod_MD.cs(1494,39): error CS0165: Use of unassigned local variable `num2'
Mod_MD.cs(1660,12): error CS0165: Use of unassigned local variable `stream'
Mod_MD.cs(1696,8): error CS0165: Use of unassigned local variable `stream'
Mod_MD.cs(2373,41): error CS0165: Use of unassigned local variable `stream'
Mod_MD.cs(2381,41): error CS0165: Use of unassigned local variable `stream'
Mod_MD.cs(2389,41): error CS0165: Use of unassigned local variable `stream'
Mod_MD.cs(2395,40): error CS0165: Use of unassigned local variable `stream'
Mod_MD.cs(2539,12): error CS0165: Use of unassigned local variable `stream'
Mod_MD.cs(2575,8): error CS0165: Use of unassigned local variable `stream'
Mod_MD.cs(3049,41): error CS0165: Use of unassigned local variable `stream'
Mod_MD.cs(3056,41): error CS0165: Use of unassigned local variable `stream'
Mod_MD.cs(3063,41): error CS0165: Use of unassigned local variable `stream'
Mod_MD.cs(3070,41): error CS0165: Use of unassigned local variable `stream'
Mod_MD.cs(3083,41): error CS0165: Use of unassigned local variable `stream'
Mod_MD.cs(3089,41): error CS0165: Use of unassigned local variable `stream'
Mod_MD.cs(3099,41): error CS0165: Use of unassigned local variable `stream'
Mod_MD.cs(3110,41): error CS0165: Use of unassigned local variable `stream'
Mod_MD.cs(3116,41): error CS0165: Use of unassigned local variable `stream'
Mod_MD.cs(3122,41): error CS0165: Use of unassigned local variable `stream'
Mod_MD.cs(3128,41): error CS0165: Use of unassigned local variable `stream'
Mod_MD.cs(3139,41): error CS0165: Use of unassigned local variable `stream'
Mod_MD.cs(3150,41): error CS0165: Use of unassigned local variable `stream'
Mod_MD.cs(3156,41): error CS0165: Use of unassigned local variable `stream'
Mod_MD.cs(3162,41): error CS0165: Use of unassigned local variable `stream'
Mod_MD.cs(3175,41): error CS0165: Use of unassigned local variable `stream'
Mod_MD.cs(3181,41): error CS0165: Use of unassigned local variable `stream'
Mod_MD.cs(3187,41): error CS0165: Use of unassigned local variable `stream'
Mod_MD.cs(3200,41): error CS0165: Use of unassigned local variable `stream'
Mod_MD.cs(3206,41): error CS0165: Use of unassigned local variable `stream'
Mod_MD.cs(3212,41): error CS0165: Use of unassigned local variable `stream'
Mod_MD.cs(3223,41): error CS0165: Use of unassigned local variable `stream'
Mod_MD.cs(3235,41): error CS0165: Use of unassigned local variable `stream'
Mod_MD.cs(3241,41): error CS0165: Use of unassigned local variable `stream'
Mod_MD.cs(3247,41): error CS0165: Use of unassigned local variable `stream'
Mod_MD.cs(3257,41): error CS0165: Use of unassigned local variable `stream'
Mod_MD.cs(3268,41): error CS0165: Use of unassigned local variable `stream'
Mod_MD.cs(3274,41): error CS0165: Use of unassigned local variable `stream'
Mod_MD.cs(3280,41): error CS0165: Use of unassigned local variable `stream'
Mod_MD.cs(3293,41): error CS0165: Use of unassigned local variable `stream'
Mod_MD.cs(3299,41): error CS0165: Use of unassigned local variable `stream'
Mod_MD.cs(3305,41): error CS0165: Use of unassigned local variable `stream'
Mod_MD.cs(3318,41): error CS0165: Use of unassigned local variable `stream'
Mod_MD.cs(3324,41): error CS0165: Use of unassigned local variable `stream'
Mod_MD.cs(3337,41): error CS0165: Use of unassigned local variable `stream'
Mod_MD.cs(3343,41): error CS0165: Use of unassigned local variable `stream'
Mod_MD.cs(3356,41): error CS0165: Use of unassigned local variable `stream'
Mod_MD.cs(3362,41): error CS0165: Use of unassigned local variable `stream'
Mod_MD.cs(3375,41): error CS0165: Use of unassigned local variable `stream'
Mod_MD.cs(3381,41): error CS0165: Use of unassigned local variable `stream'
Mod_MD.cs(3394,41): error CS0165: Use of unassigned local variable `stream'
Mod_MD.cs(3400,41): error CS0165: Use of unassigned local variable `stream'
Mod_MD.cs(3464,12): error CS0165: Use of unassigned local variable `stream'
Mod_MD.cs(3500,8): error CS0165: Use of unassigned local variable `stream'
Mod_MD.cs(3627,12): error CS0165: Use of unassigned local variable `stream'
Mod_MD.cs(3649,8): error CS0165: Use of unassigned local variable `stream'
Mod_MD.cs(3763,12): error CS0165: Use of unassigned local variable `stream'
Mod_MD.cs(3799,8): error CS0165: Use of unassigned local variable `stream'
Mod_MD.cs(4028,11): error CS0165: Use of unassigned local variable `result'
Mod_MD.cs(4099,11): error CS0165: Use of unassigned local variable `result'
Mod_MD.cs(4129,11): error CS0165: Use of unassigned local variable `result'
Mod_VA.cs(519,27): error CS1502: The best overloaded method match for `Microsoft.VisualBasic.DateAndTime.Weekday(System.DateTime, Microsoft.VisualBasic.FirstDayOfWeek)' has some invalid arguments
		/usr/lib/mono/4.5-api/Microsoft.VisualBasic.dll (Location of the symbol related to previous error)
Mod_VA.cs(519,66): error CS1503: Argument `#2' cannot convert `int' expression to type `Microsoft.VisualBasic.FirstDayOfWeek'
My/MyApplication.cs(13,3): error CS1502: The best overloaded method match for `System.ComponentModel.EditorBrowsableAttribute.EditorBrowsableAttribute(System.ComponentModel.EditorBrowsableState)' has some invalid arguments
		/usr/lib/mono/4.5-api/System.dll (Location of the symbol related to previous error)
My/MyApplication.cs(13,19): error CS1503: Argument `#1' cannot convert `int' expression to type `System.ComponentModel.EditorBrowsableState'
My/MyApplication.cs(18,4): error CS1502: The best overloaded method match for `System.ComponentModel.EditorBrowsableAttribute.EditorBrowsableAttribute(System.ComponentModel.EditorBrowsableState)' has some invalid arguments
		/usr/lib/mono/4.5-api/System.dll (Location of the symbol related to previous error)
My/MyApplication.cs(18,20): error CS1503: Argument `#1' cannot convert `int' expression to type `System.ComponentModel.EditorBrowsableState'
My/MyComputer.cs(11,3): error CS1502: The best overloaded method match for `System.ComponentModel.EditorBrowsableAttribute.EditorBrowsableAttribute(System.ComponentModel.EditorBrowsableState)' has some invalid arguments
		/usr/lib/mono/4.5-api/System.dll (Location of the symbol related to previous error)
My/MyComputer.cs(11,19): error CS1503: Argument `#1' cannot convert `int' expression to type `System.ComponentModel.EditorBrowsableState'
My/MyComputer.cs(15,4): error CS1502: The best overloaded method match for `System.ComponentModel.EditorBrowsableAttribute.EditorBrowsableAttribute(System.ComponentModel.EditorBrowsableState)' has some invalid arguments
		/usr/lib/mono/4.5-api/System.dll (Location of the symbol related to previous error)
My/MyComputer.cs(15,20): error CS1503: Argument `#1' cannot convert `int' expression to type `System.ComponentModel.EditorBrowsableState'
My/MyProject.cs(99,4): error CS1502: The best overloaded method match for `System.ComponentModel.EditorBrowsableAttribute.EditorBrowsableAttribute(System.ComponentModel.EditorBrowsableState)' has some invalid arguments
		/usr/lib/mono/4.5-api/System.dll (Location of the symbol related to previous error)
My/MyProject.cs(99,20): error CS1503: Argument `#1' cannot convert `int' expression to type `System.ComponentModel.EditorBrowsableState'
My/MyProject.cs(1169,6): warning CS0162: Unreachable code detected
My/MyProject.cs(1183,5): error CS1502: The best overloaded method match for `System.ComponentModel.EditorBrowsableAttribute.EditorBrowsableAttribute(System.ComponentModel.EditorBrowsableState)' has some invalid arguments
		/usr/lib/mono/4.5-api/System.dll (Location of the symbol related to previous error)
My/MyProject.cs(1183,21): error CS1503: Argument `#1' cannot convert `int' expression to type `System.ComponentModel.EditorBrowsableState'
My/MyProject.cs(1190,5): error CS1502: The best overloaded method match for `System.ComponentModel.EditorBrowsableAttribute.EditorBrowsableAttribute(System.ComponentModel.EditorBrowsableState)' has some invalid arguments
		/usr/lib/mono/4.5-api/System.dll (Location of the symbol related to previous error)
My/MyProject.cs(1190,21): error CS1503: Argument `#1' cannot convert `int' expression to type `System.ComponentModel.EditorBrowsableState'
My/MyProject.cs(1197,5): error CS1502: The best overloaded method match for `System.ComponentModel.EditorBrowsableAttribute.EditorBrowsableAttribute(System.ComponentModel.EditorBrowsableState)' has some invalid arguments
		/usr/lib/mono/4.5-api/System.dll (Location of the symbol related to previous error)
My/MyProject.cs(1197,21): error CS1503: Argument `#1' cannot convert `int' expression to type `System.ComponentModel.EditorBrowsableState'
My/MyProject.cs(1204,5): error CS1502: The best overloaded method match for `System.ComponentModel.EditorBrowsableAttribute.EditorBrowsableAttribute(System.ComponentModel.EditorBrowsableState)' has some invalid arguments
		/usr/lib/mono/4.5-api/System.dll (Location of the symbol related to previous error)
My/MyProject.cs(1204,21): error CS1503: Argument `#1' cannot convert `int' expression to type `System.ComponentModel.EditorBrowsableState'
My/MyProject.cs(1211,5): error CS1502: The best overloaded method match for `System.ComponentModel.EditorBrowsableAttribute.EditorBrowsableAttribute(System.ComponentModel.EditorBrowsableState)' has some invalid arguments
		/usr/lib/mono/4.5-api/System.dll (Location of the symbol related to previous error)
My/MyProject.cs(1211,21): error CS1503: Argument `#1' cannot convert `int' expression to type `System.ComponentModel.EditorBrowsableState'
My/MyProject.cs(1353,4): error CS1502: The best overloaded method match for `System.ComponentModel.EditorBrowsableAttribute.EditorBrowsableAttribute(System.ComponentModel.EditorBrowsableState)' has some invalid arguments
		/usr/lib/mono/4.5-api/System.dll (Location of the symbol related to previous error)
My/MyProject.cs(1353,20): error CS1503: Argument `#1' cannot convert `int' expression to type `System.ComponentModel.EditorBrowsableState'
My/MyProject.cs(1357,5): error CS1502: The best overloaded method match for `System.ComponentModel.EditorBrowsableAttribute.EditorBrowsableAttribute(System.ComponentModel.EditorBrowsableState)' has some invalid arguments
		/usr/lib/mono/4.5-api/System.dll (Location of the symbol related to previous error)
My/MyProject.cs(1357,21): error CS1503: Argument `#1' cannot convert `int' expression to type `System.ComponentModel.EditorBrowsableState'
My/MyProject.cs(1366,5): error CS1502: The best overloaded method match for `System.ComponentModel.EditorBrowsableAttribute.EditorBrowsableAttribute(System.ComponentModel.EditorBrowsableState)' has some invalid arguments
		/usr/lib/mono/4.5-api/System.dll (Location of the symbol related to previous error)
My/MyProject.cs(1366,21): error CS1503: Argument `#1' cannot convert `int' expression to type `System.ComponentModel.EditorBrowsableState'
My/MyProject.cs(1374,5): error CS1502: The best overloaded method match for `System.ComponentModel.EditorBrowsableAttribute.EditorBrowsableAttribute(System.ComponentModel.EditorBrowsableState)' has some invalid arguments
		/usr/lib/mono/4.5-api/System.dll (Location of the symbol related to previous error)
My/MyProject.cs(1374,21): error CS1503: Argument `#1' cannot convert `int' expression to type `System.ComponentModel.EditorBrowsableState'
My/MyProject.cs(1382,5): error CS1502: The best overloaded method match for `System.ComponentModel.EditorBrowsableAttribute.EditorBrowsableAttribute(System.ComponentModel.EditorBrowsableState)' has some invalid arguments
		/usr/lib/mono/4.5-api/System.dll (Location of the symbol related to previous error)
My/MyProject.cs(1382,21): error CS1503: Argument `#1' cannot convert `int' expression to type `System.ComponentModel.EditorBrowsableState'
My/MyProject.cs(1408,5): error CS1502: The best overloaded method match for `System.ComponentModel.EditorBrowsableAttribute.EditorBrowsableAttribute(System.ComponentModel.EditorBrowsableState)' has some invalid arguments
		/usr/lib/mono/4.5-api/System.dll (Location of the symbol related to previous error)
My/MyProject.cs(1408,21): error CS1503: Argument `#1' cannot convert `int' expression to type `System.ComponentModel.EditorBrowsableState'
My/MyProject.cs(1415,4): error CS1502: The best overloaded method match for `System.ComponentModel.EditorBrowsableAttribute.EditorBrowsableAttribute(System.ComponentModel.EditorBrowsableState)' has some invalid arguments
		/usr/lib/mono/4.5-api/System.dll (Location of the symbol related to previous error)
My/MyProject.cs(1415,20): error CS1503: Argument `#1' cannot convert `int' expression to type `System.ComponentModel.EditorBrowsableState'
My/MyProject.cs(1435,5): error CS1502: The best overloaded method match for `System.ComponentModel.EditorBrowsableAttribute.EditorBrowsableAttribute(System.ComponentModel.EditorBrowsableState)' has some invalid arguments
		/usr/lib/mono/4.5-api/System.dll (Location of the symbol related to previous error)
My/MyProject.cs(1435,21): error CS1503: Argument `#1' cannot convert `int' expression to type `System.ComponentModel.EditorBrowsableState'
My/MySettings.Designer.cs(15,3): error CS1502: The best overloaded method match for `System.ComponentModel.EditorBrowsableAttribute.EditorBrowsableAttribute(System.ComponentModel.EditorBrowsableState)' has some invalid arguments
		/usr/lib/mono/4.5-api/System.dll (Location of the symbol related to previous error)
My/MySettings.Designer.cs(15,19): error CS1503: Argument `#1' cannot convert `int' expression to type `System.ComponentModel.EditorBrowsableState'
My/MySettings.Designer.cs(19,4): error CS1502: The best overloaded method match for `System.ComponentModel.EditorBrowsableAttribute.EditorBrowsableAttribute(System.ComponentModel.EditorBrowsableState)' has some invalid arguments
		/usr/lib/mono/4.5-api/System.dll (Location of the symbol related to previous error)
My/MySettings.Designer.cs(19,20): error CS1503: Argument `#1' cannot convert `int' expression to type `System.ComponentModel.EditorBrowsableState'
My/Resources/Resources.cs(24,4): error CS1502: The best overloaded method match for `System.ComponentModel.EditorBrowsableAttribute.EditorBrowsableAttribute(System.ComponentModel.EditorBrowsableState)' has some invalid arguments
		/usr/lib/mono/4.5-api/System.dll (Location of the symbol related to previous error)
My/Resources/Resources.cs(24,20): error CS1503: Argument `#1' cannot convert `int' expression to type `System.ComponentModel.EditorBrowsableState'
My/Resources/Resources.cs(41,4): error CS1502: The best overloaded method match for `System.ComponentModel.EditorBrowsableAttribute.EditorBrowsableAttribute(System.ComponentModel.EditorBrowsableState)' has some invalid arguments
		/usr/lib/mono/4.5-api/System.dll (Location of the symbol related to previous error)
My/Resources/Resources.cs(41,20): error CS1503: Argument `#1' cannot convert `int' expression to type `System.ComponentModel.EditorBrowsableState'
perifericos.cs(260,15): error CS0165: Use of unassigned local variable `num3'
perifericos.cs(412,18): error CS1061: Type `iS800.perifericos.Periferico' does not contain a definition for `_nome' and no extension method `_nome' of type `iS800.perifericos.Periferico' could be found. Are you missing an assembly reference?
		perifericos.cs(403,16): (Location of the symbol related to previous error)
perifericos.cs(416,11): error CS1061: Type `iS800.perifericos.Periferico' does not contain a definition for `_nome' and no extension method `_nome' of type `iS800.perifericos.Periferico' could be found. Are you missing an assembly reference?
		perifericos.cs(403,16): (Location of the symbol related to previous error)
perifericos.cs(427,18): error CS1061: Type `iS800.perifericos.Periferico' does not contain a definition for `_nome_impressao' and no extension method `_nome_impressao' of type `iS800.perifericos.Periferico' could be found. Are you missing an assembly reference?
		perifericos.cs(403,16): (Location of the symbol related to previous error)
perifericos.cs(431,11): error CS1061: Type `iS800.perifericos.Periferico' does not contain a definition for `_nome_impressao' and no extension method `_nome_impressao' of type `iS800.perifericos.Periferico' could be found. Are you missing an assembly reference?
		perifericos.cs(403,16): (Location of the symbol related to previous error)
perifericos.cs(453,18): error CS1061: Type `iS800.perifericos.Valores_ComboBox' does not contain a definition for `_nome' and no extension method `_nome' of type `iS800.perifericos.Valores_ComboBox' could be found. Are you missing an assembly reference?
		perifericos.cs(444,16): (Location of the symbol related to previous error)
perifericos.cs(457,11): error CS1061: Type `iS800.perifericos.Valores_ComboBox' does not contain a definition for `_nome' and no extension method `_nome' of type `iS800.perifericos.Valores_ComboBox' could be found. Are you missing an assembly reference?
		perifericos.cs(444,16): (Location of the symbol related to previous error)
perifericos.cs(468,18): error CS1061: Type `iS800.perifericos.Valores_ComboBox' does not contain a definition for `_nome_impressao' and no extension method `_nome_impressao' of type `iS800.perifericos.Valores_ComboBox' could be found. Are you missing an assembly reference?
		perifericos.cs(444,16): (Location of the symbol related to previous error)
perifericos.cs(472,11): error CS1061: Type `iS800.perifericos.Valores_ComboBox' does not contain a definition for `_nome_impressao' and no extension method `_nome_impressao' of type `iS800.perifericos.Valores_ComboBox' could be found. Are you missing an assembly reference?
		perifericos.cs(444,16): (Location of the symbol related to previous error)
perifericos.cs(483,18): error CS1061: Type `iS800.perifericos.Valores_ComboBox' does not contain a definition for `_valor' and no extension method `_valor' of type `iS800.perifericos.Valores_ComboBox' could be found. Are you missing an assembly reference?
		perifericos.cs(444,16): (Location of the symbol related to previous error)
perifericos.cs(487,11): error CS1061: Type `iS800.perifericos.Valores_ComboBox' does not contain a definition for `_valor' and no extension method `_valor' of type `iS800.perifericos.Valores_ComboBox' could be found. Are you missing an assembly reference?
		perifericos.cs(444,16): (Location of the symbol related to previous error)
perifericos.cs(498,18): error CS1061: Type `iS800.perifericos.Valores_ComboBox' does not contain a definition for `_is_default' and no extension method `_is_default' of type `iS800.perifericos.Valores_ComboBox' could be found. Are you missing an assembly reference?
		perifericos.cs(444,16): (Location of the symbol related to previous error)
perifericos.cs(502,11): error CS1061: Type `iS800.perifericos.Valores_ComboBox' does not contain a definition for `_is_default' and no extension method `_is_default' of type `iS800.perifericos.Valores_ComboBox' could be found. Are you missing an assembly reference?
		perifericos.cs(444,16): (Location of the symbol related to previous error)
Plataforma.cs(2152,33): error CS0266: Cannot implicitly convert type `int' to `System.Runtime.InteropServices.CharSet'. An explicit conversion exists (are you missing a cast?)
Plataforma.cs(2503,111): error CS0266: Cannot implicitly convert type `System.IO.Ports.StopBits' to `int'. An explicit conversion exists (are you missing a cast?)
Plataforma.cs(2504,103): error CS0266: Cannot implicitly convert type `System.IO.Ports.Parity' to `int'. An explicit conversion exists (are you missing a cast?)
Plataforma.cs(2522,110): error CS0266: Cannot implicitly convert type `System.IO.Ports.StopBits' to `int'. An explicit conversion exists (are you missing a cast?)
Plataforma.cs(2523,104): error CS0266: Cannot implicitly convert type `System.IO.Ports.Parity' to `int'. An explicit conversion exists (are you missing a cast?)
Plataforma.cs(2802,6): warning CS0164: This label has not been referenced
Plataforma.cs(2815,9): error CS0165: Use of unassigned local variable `num2'
Plataforma.cs(2804,6): warning CS0162: Unreachable code detected
Plataforma.cs(2813,5): warning CS0162: Unreachable code detected
Plataforma.cs(2898,45): error CS0165: Use of unassigned local variable `tipo'
Plataforma.cs(2967,23): error CS0266: Cannot implicitly convert type `int' to `System.Windows.Forms.FormStartPosition'. An explicit conversion exists (are you missing a cast?)
Plataforma.cs(2991,23): error CS0266: Cannot implicitly convert type `int' to `System.Windows.Forms.FormStartPosition'. An explicit conversion exists (are you missing a cast?)
Plataforma.cs(3015,23): error CS0266: Cannot implicitly convert type `int' to `System.Windows.Forms.FormStartPosition'. An explicit conversion exists (are you missing a cast?)
Plataforma.cs(3039,23): error CS0266: Cannot implicitly convert type `int' to `System.Windows.Forms.FormStartPosition'. An explicit conversion exists (are you missing a cast?)
Plataforma.cs(3063,23): error CS0266: Cannot implicitly convert type `int' to `System.Windows.Forms.FormStartPosition'. An explicit conversion exists (are you missing a cast?)
Plataforma.cs(3088,23): error CS0266: Cannot implicitly convert type `int' to `System.Windows.Forms.FormStartPosition'. An explicit conversion exists (are you missing a cast?)
Plataforma.cs(3113,23): error CS0266: Cannot implicitly convert type `int' to `System.Windows.Forms.FormStartPosition'. An explicit conversion exists (are you missing a cast?)
Plataforma.cs(3133,23): error CS0266: Cannot implicitly convert type `int' to `System.Windows.Forms.FormStartPosition'. An explicit conversion exists (are you missing a cast?)
Plataforma.cs(3157,23): error CS0266: Cannot implicitly convert type `int' to `System.Windows.Forms.FormStartPosition'. An explicit conversion exists (are you missing a cast?)
Plataforma.cs(3181,23): error CS0266: Cannot implicitly convert type `int' to `System.Windows.Forms.FormStartPosition'. An explicit conversion exists (are you missing a cast?)
Plataforma.cs(3205,23): error CS0266: Cannot implicitly convert type `int' to `System.Windows.Forms.FormStartPosition'. An explicit conversion exists (are you missing a cast?)
Plataforma.cs(3229,23): error CS0266: Cannot implicitly convert type `int' to `System.Windows.Forms.FormStartPosition'. An explicit conversion exists (are you missing a cast?)
Plataforma.cs(3253,23): error CS0266: Cannot implicitly convert type `int' to `System.Windows.Forms.FormStartPosition'. An explicit conversion exists (are you missing a cast?)
Plataforma.cs(3277,23): error CS0266: Cannot implicitly convert type `int' to `System.Windows.Forms.FormStartPosition'. An explicit conversion exists (are you missing a cast?)
Plataforma.cs(3301,23): error CS0266: Cannot implicitly convert type `int' to `System.Windows.Forms.FormStartPosition'. An explicit conversion exists (are you missing a cast?)
Plataforma.cs(3326,23): error CS0266: Cannot implicitly convert type `int' to `System.Windows.Forms.FormStartPosition'. An explicit conversion exists (are you missing a cast?)
Plataforma.cs(3350,23): error CS0266: Cannot implicitly convert type `int' to `System.Windows.Forms.FormStartPosition'. An explicit conversion exists (are you missing a cast?)
Plataforma.cs(3374,23): error CS0266: Cannot implicitly convert type `int' to `System.Windows.Forms.FormStartPosition'. An explicit conversion exists (are you missing a cast?)
Plataforma.cs(3976,45): error CS0165: Use of unassigned local variable `bloco'
Plataforma.cs(4503,21): error CS0266: Cannot implicitly convert type `int' to `System.Windows.Forms.FormStartPosition'. An explicit conversion exists (are you missing a cast?)
Plataforma.cs(4688,21): error CS0266: Cannot implicitly convert type `int' to `System.Windows.Forms.FormStartPosition'. An explicit conversion exists (are you missing a cast?)
Plataforma.Designer.cs(704,31): error CS0266: Cannot implicitly convert type `int' to `System.Windows.Forms.AnchorStyles'. An explicit conversion exists (are you missing a cast?)
Plataforma.Designer.cs(727,49): error CS0266: Cannot implicitly convert type `int' to `System.Windows.Forms.ImageLayout'. An explicit conversion exists (are you missing a cast?)
RT_810_200_conf.cs(2469,67): error CS0266: Cannot implicitly convert type `int' to `System.Windows.Forms.DataGridViewContentAlignment'. An explicit conversion exists (are you missing a cast?)
RT_810_200_conf.cs(2470,67): error CS0266: Cannot implicitly convert type `int' to `System.Windows.Forms.DataGridViewContentAlignment'. An explicit conversion exists (are you missing a cast?)
RT_810_200_conf.cs(2471,67): error CS0266: Cannot implicitly convert type `int' to `System.Windows.Forms.DataGridViewContentAlignment'. An explicit conversion exists (are you missing a cast?)
RT_810_200_conf.cs(2472,67): error CS0266: Cannot implicitly convert type `int' to `System.Windows.Forms.DataGridViewContentAlignment'. An explicit conversion exists (are you missing a cast?)
RT_810_200_conf.cs(2473,67): error CS0266: Cannot implicitly convert type `int' to `System.Windows.Forms.DataGridViewContentAlignment'. An explicit conversion exists (are you missing a cast?)
RT_810_200_conf.cs(2474,67): error CS0266: Cannot implicitly convert type `int' to `System.Windows.Forms.DataGridViewContentAlignment'. An explicit conversion exists (are you missing a cast?)
RT_810_200_conf.cs(2475,67): error CS0266: Cannot implicitly convert type `int' to `System.Windows.Forms.DataGridViewContentAlignment'. An explicit conversion exists (are you missing a cast?)
RT_810_200_conf.cs(2529,63): error CS0266: Cannot implicitly convert type `int' to `System.Windows.Forms.DataGridViewContentAlignment'. An explicit conversion exists (are you missing a cast?)
RT_810_200_conf.cs(2530,63): error CS0266: Cannot implicitly convert type `int' to `System.Windows.Forms.DataGridViewContentAlignment'. An explicit conversion exists (are you missing a cast?)
RT_810_200_conf.cs(2531,63): error CS0266: Cannot implicitly convert type `int' to `System.Windows.Forms.DataGridViewContentAlignment'. An explicit conversion exists (are you missing a cast?)
RT_810_200_conf.cs(2542,201): error CS0266: Cannot implicitly convert type `System.Windows.Forms.HorizontalAlignment' to `System.Windows.Forms.DataGridViewContentAlignment'. An explicit conversion exists (are you missing a cast?)
RT_810_200_conf.cs(2616,67): error CS0266: Cannot implicitly convert type `int' to `System.Windows.Forms.DataGridViewContentAlignment'. An explicit conversion exists (are you missing a cast?)
RT_810_200_conf.cs(2617,67): error CS0266: Cannot implicitly convert type `int' to `System.Windows.Forms.DataGridViewContentAlignment'. An explicit conversion exists (are you missing a cast?)
RT_810_200_conf.cs(2618,67): error CS0266: Cannot implicitly convert type `int' to `System.Windows.Forms.DataGridViewContentAlignment'. An explicit conversion exists (are you missing a cast?)
RT_810_200_conf.cs(2619,67): error CS0266: Cannot implicitly convert type `int' to `System.Windows.Forms.DataGridViewContentAlignment'. An explicit conversion exists (are you missing a cast?)
RT_810_200_conf.cs(2620,67): error CS0266: Cannot implicitly convert type `int' to `System.Windows.Forms.DataGridViewContentAlignment'. An explicit conversion exists (are you missing a cast?)
RT_810_200_conf.cs(2621,67): error CS0266: Cannot implicitly convert type `int' to `System.Windows.Forms.DataGridViewContentAlignment'. An explicit conversion exists (are you missing a cast?)
RT_810_200_conf.cs(2622,67): error CS0266: Cannot implicitly convert type `int' to `System.Windows.Forms.DataGridViewContentAlignment'. An explicit conversion exists (are you missing a cast?)
RT_810_200_conf.cs(2623,67): error CS0266: Cannot implicitly convert type `int' to `System.Windows.Forms.DataGridViewContentAlignment'. An explicit conversion exists (are you missing a cast?)
RT_810_200_conf.cs(2624,67): error CS0266: Cannot implicitly convert type `int' to `System.Windows.Forms.DataGridViewContentAlignment'. An explicit conversion exists (are you missing a cast?)
RT_810_200_conf.cs(2625,67): error CS0266: Cannot implicitly convert type `int' to `System.Windows.Forms.DataGridViewContentAlignment'. An explicit conversion exists (are you missing a cast?)
RT_810_200_conf.cs(2655,67): error CS0266: Cannot implicitly convert type `int' to `System.Windows.Forms.DataGridViewContentAlignment'. An explicit conversion exists (are you missing a cast?)
RT_810_200_conf.cs(2656,67): error CS0266: Cannot implicitly convert type `int' to `System.Windows.Forms.DataGridViewContentAlignment'. An explicit conversion exists (are you missing a cast?)
RT_810_200_conf.cs(2657,67): error CS0266: Cannot implicitly convert type `int' to `System.Windows.Forms.DataGridViewContentAlignment'. An explicit conversion exists (are you missing a cast?)
RT_810_200_conf.cs(2703,60): error CS0266: Cannot implicitly convert type `int' to `System.Windows.Forms.DataGridViewContentAlignment'. An explicit conversion exists (are you missing a cast?)
RT_810_200_conf.cs(2941,9): error CS0165: Use of unassigned local variable `num3'
RT_810_200_conf.cs(2927,6): warning CS0162: Unreachable code detected
RT_810_200_conf.cs(2939,5): warning CS0162: Unreachable code detected
RT_810_200_conf.cs(3419,18): error CS1502: The best overloaded method match for `Microsoft.VisualBasic.Interaction.MsgBox(object, Microsoft.VisualBasic.MsgBoxStyle, object)' has some invalid arguments
		/usr/lib/mono/4.5-api/Microsoft.VisualBasic.dll (Location of the symbol related to previous error)
RT_810_200_conf.cs(3419,114): error CS1503: Argument `#2' cannot convert `int' expression to type `Microsoft.VisualBasic.MsgBoxStyle'
RT_810_200_conf.cs(3769,9): error CS0165: Use of unassigned local variable `num4'
RT_810_200_conf.cs(3769,9): error CS0165: Use of unassigned local variable `num4'
RT_810_200_conf.cs(3754,6): warning CS0162: Unreachable code detected
RT_810_200_conf.cs(3767,5): warning CS0162: Unreachable code detected
RT_810_200_conf.cs(3910,9): error CS0165: Use of unassigned local variable `num5'
RT_810_200_conf.cs(3891,6): warning CS0162: Unreachable code detected
RT_810_200_conf.cs(3908,5): warning CS0162: Unreachable code detected
RT_810_200_conf.cs(4123,17): error CS1502: The best overloaded method match for `System.Drawing.Font.Font(string, float, System.Drawing.FontStyle, System.Drawing.GraphicsUnit)' has some invalid arguments
		/usr/lib/mono/4.5-api/System.Drawing.dll (Location of the symbol related to previous error)
RT_810_200_conf.cs(4123,42): error CS1503: Argument `#3' cannot convert `int' expression to type `System.Drawing.FontStyle'
RT_810_200_conf.cs(4125,17): error CS1502: The best overloaded method match for `System.Drawing.Font.Font(string, float, System.Drawing.FontStyle, System.Drawing.GraphicsUnit)' has some invalid arguments
		/usr/lib/mono/4.5-api/System.Drawing.dll (Location of the symbol related to previous error)
RT_810_200_conf.cs(4125,42): error CS1503: Argument `#3' cannot convert `int' expression to type `System.Drawing.FontStyle'
RT_810_200_conf.Designer.cs(955,174): error CS0266: Cannot implicitly convert type `System.Windows.Forms.HorizontalAlignment' to `System.Windows.Forms.DataGridViewContentAlignment'. An explicit conversion exists (are you missing a cast?)
RT_810_200_conf.Designer.cs(963,67): error CS0266: Cannot implicitly convert type `int' to `System.Windows.Forms.DataGridViewColumnHeadersHeightSizeMode'. An explicit conversion exists (are you missing a cast?)
RT_810_200_conf.Designer.cs(977,174): error CS0266: Cannot implicitly convert type `System.Windows.Forms.HorizontalAlignment' to `System.Windows.Forms.DataGridViewContentAlignment'. An explicit conversion exists (are you missing a cast?)
RT_810_200_conf.Designer.cs(988,174): error CS0266: Cannot implicitly convert type `System.Windows.Forms.HorizontalAlignment' to `System.Windows.Forms.DataGridViewContentAlignment'. An explicit conversion exists (are you missing a cast?)
RT_810_200_conf.Designer.cs(1003,174): error CS0266: Cannot implicitly convert type `System.Windows.Forms.HorizontalAlignment' to `System.Windows.Forms.DataGridViewContentAlignment'. An explicit conversion exists (are you missing a cast?)
RT_810_200_conf.Designer.cs(1011,174): error CS0266: Cannot implicitly convert type `System.Windows.Forms.HorizontalAlignment' to `System.Windows.Forms.DataGridViewContentAlignment'. An explicit conversion exists (are you missing a cast?)
RT_810_200_conf.Designer.cs(1018,174): error CS0266: Cannot implicitly convert type `System.Windows.Forms.HorizontalAlignment' to `System.Windows.Forms.DataGridViewContentAlignment'. An explicit conversion exists (are you missing a cast?)
RT_810_200_conf.Designer.cs(1026,174): error CS0266: Cannot implicitly convert type `System.Windows.Forms.HorizontalAlignment' to `System.Windows.Forms.DataGridViewContentAlignment'. An explicit conversion exists (are you missing a cast?)
RT_810_200_conf.Designer.cs(1033,174): error CS0266: Cannot implicitly convert type `System.Windows.Forms.HorizontalAlignment' to `System.Windows.Forms.DataGridViewContentAlignment'. An explicit conversion exists (are you missing a cast?)
RT_810_200_conf.Designer.cs(1041,175): error CS0266: Cannot implicitly convert type `System.Windows.Forms.HorizontalAlignment' to `System.Windows.Forms.DataGridViewContentAlignment'. An explicit conversion exists (are you missing a cast?)
RT_810_200_conf.Designer.cs(1048,175): error CS0266: Cannot implicitly convert type `System.Windows.Forms.HorizontalAlignment' to `System.Windows.Forms.DataGridViewContentAlignment'. An explicit conversion exists (are you missing a cast?)
RT_810_200_conf.Designer.cs(1056,175): error CS0266: Cannot implicitly convert type `System.Windows.Forms.HorizontalAlignment' to `System.Windows.Forms.DataGridViewContentAlignment'. An explicit conversion exists (are you missing a cast?)
RT_810_200_conf.Designer.cs(1063,175): error CS0266: Cannot implicitly convert type `System.Windows.Forms.HorizontalAlignment' to `System.Windows.Forms.DataGridViewContentAlignment'. An explicit conversion exists (are you missing a cast?)
RT_810_200_conf.Designer.cs(1071,175): error CS0266: Cannot implicitly convert type `System.Windows.Forms.HorizontalAlignment' to `System.Windows.Forms.DataGridViewContentAlignment'. An explicit conversion exists (are you missing a cast?)
RT_810_200_conf.Designer.cs(1618,107): error CS0266: Cannot implicitly convert type `System.Windows.Forms.DataGridViewContentAlignment' to `System.Windows.Forms.HorizontalAlignment'. An explicit conversion exists (are you missing a cast?)
RT_810_conf.cs(2560,5): error CS0165: Use of unassigned local variable `enumerator'
RT_810_conf.cs(2754,67): error CS0266: Cannot implicitly convert type `int' to `System.Windows.Forms.DataGridViewContentAlignment'. An explicit conversion exists (are you missing a cast?)
RT_810_conf.cs(2755,67): error CS0266: Cannot implicitly convert type `int' to `System.Windows.Forms.DataGridViewContentAlignment'. An explicit conversion exists (are you missing a cast?)
RT_810_conf.cs(2756,67): error CS0266: Cannot implicitly convert type `int' to `System.Windows.Forms.DataGridViewContentAlignment'. An explicit conversion exists (are you missing a cast?)
RT_810_conf.cs(2757,67): error CS0266: Cannot implicitly convert type `int' to `System.Windows.Forms.DataGridViewContentAlignment'. An explicit conversion exists (are you missing a cast?)
RT_810_conf.cs(2758,67): error CS0266: Cannot implicitly convert type `int' to `System.Windows.Forms.DataGridViewContentAlignment'. An explicit conversion exists (are you missing a cast?)
RT_810_conf.cs(2759,67): error CS0266: Cannot implicitly convert type `int' to `System.Windows.Forms.DataGridViewContentAlignment'. An explicit conversion exists (are you missing a cast?)
RT_810_conf.cs(2760,67): error CS0266: Cannot implicitly convert type `int' to `System.Windows.Forms.DataGridViewContentAlignment'. An explicit conversion exists (are you missing a cast?)
RT_810_conf.cs(2858,59): error CS0266: Cannot implicitly convert type `int' to `System.Windows.Forms.DataGridViewContentAlignment'. An explicit conversion exists (are you missing a cast?)
RT_810_conf.cs(2859,59): error CS0266: Cannot implicitly convert type `int' to `System.Windows.Forms.DataGridViewContentAlignment'. An explicit conversion exists (are you missing a cast?)
RT_810_conf.cs(2860,59): error CS0266: Cannot implicitly convert type `int' to `System.Windows.Forms.DataGridViewContentAlignment'. An explicit conversion exists (are you missing a cast?)
RT_810_conf.cs(2871,201): error CS0266: Cannot implicitly convert type `System.Windows.Forms.HorizontalAlignment' to `System.Windows.Forms.DataGridViewContentAlignment'. An explicit conversion exists (are you missing a cast?)
RT_810_conf.cs(2945,67): error CS0266: Cannot implicitly convert type `int' to `System.Windows.Forms.DataGridViewContentAlignment'. An explicit conversion exists (are you missing a cast?)
RT_810_conf.cs(2946,67): error CS0266: Cannot implicitly convert type `int' to `System.Windows.Forms.DataGridViewContentAlignment'. An explicit conversion exists (are you missing a cast?)
RT_810_conf.cs(2947,67): error CS0266: Cannot implicitly convert type `int' to `System.Windows.Forms.DataGridViewContentAlignment'. An explicit conversion exists (are you missing a cast?)
RT_810_conf.cs(2948,67): error CS0266: Cannot implicitly convert type `int' to `System.Windows.Forms.DataGridViewContentAlignment'. An explicit conversion exists (are you missing a cast?)
RT_810_conf.cs(2949,67): error CS0266: Cannot implicitly convert type `int' to `System.Windows.Forms.DataGridViewContentAlignment'. An explicit conversion exists (are you missing a cast?)
RT_810_conf.cs(2950,67): error CS0266: Cannot implicitly convert type `int' to `System.Windows.Forms.DataGridViewContentAlignment'. An explicit conversion exists (are you missing a cast?)
RT_810_conf.cs(2951,67): error CS0266: Cannot implicitly convert type `int' to `System.Windows.Forms.DataGridViewContentAlignment'. An explicit conversion exists (are you missing a cast?)
RT_810_conf.cs(2952,67): error CS0266: Cannot implicitly convert type `int' to `System.Windows.Forms.DataGridViewContentAlignment'. An explicit conversion exists (are you missing a cast?)
RT_810_conf.cs(2953,67): error CS0266: Cannot implicitly convert type `int' to `System.Windows.Forms.DataGridViewContentAlignment'. An explicit conversion exists (are you missing a cast?)
RT_810_conf.cs(2954,67): error CS0266: Cannot implicitly convert type `int' to `System.Windows.Forms.DataGridViewContentAlignment'. An explicit conversion exists (are you missing a cast?)
RT_810_conf.cs(2962,200): error CS0266: Cannot implicitly convert type `System.Windows.Forms.HorizontalAlignment' to `System.Windows.Forms.DataGridViewContentAlignment'. An explicit conversion exists (are you missing a cast?)
RT_810_conf.cs(3029,67): error CS0266: Cannot implicitly convert type `int' to `System.Windows.Forms.DataGridViewContentAlignment'. An explicit conversion exists (are you missing a cast?)
RT_810_conf.cs(3030,67): error CS0266: Cannot implicitly convert type `int' to `System.Windows.Forms.DataGridViewContentAlignment'. An explicit conversion exists (are you missing a cast?)
RT_810_conf.cs(3031,67): error CS0266: Cannot implicitly convert type `int' to `System.Windows.Forms.DataGridViewContentAlignment'. An explicit conversion exists (are you missing a cast?)
RT_810_conf.cs(3061,195): error CS0266: Cannot implicitly convert type `System.Windows.Forms.HorizontalAlignment' to `System.Windows.Forms.DataGridViewContentAlignment'. An explicit conversion exists (are you missing a cast?)
RT_810_conf.cs(3122,60): error CS0266: Cannot implicitly convert type `int' to `System.Windows.Forms.DataGridViewContentAlignment'. An explicit conversion exists (are you missing a cast?)
RT_810_conf.cs(3530,9): error CS0165: Use of unassigned local variable `num3'
RT_810_conf.cs(3516,6): warning CS0162: Unreachable code detected
RT_810_conf.cs(3528,5): warning CS0162: Unreachable code detected
RT_810_conf.cs(4069,18): error CS1502: The best overloaded method match for `Microsoft.VisualBasic.Interaction.MsgBox(object, Microsoft.VisualBasic.MsgBoxStyle, object)' has some invalid arguments
		/usr/lib/mono/4.5-api/Microsoft.VisualBasic.dll (Location of the symbol related to previous error)
RT_810_conf.cs(4069,114): error CS1503: Argument `#2' cannot convert `int' expression to type `Microsoft.VisualBasic.MsgBoxStyle'
RT_810_conf.cs(4517,9): error CS0165: Use of unassigned local variable `num10'
RT_810_conf.cs(4517,9): error CS0165: Use of unassigned local variable `num10'
RT_810_conf.cs(4498,6): warning CS0162: Unreachable code detected
RT_810_conf.cs(4515,5): warning CS0162: Unreachable code detected
RT_810_conf.cs(4784,9): error CS0165: Use of unassigned local variable `num11'
RT_810_conf.cs(4765,6): warning CS0162: Unreachable code detected
RT_810_conf.cs(4782,5): warning CS0162: Unreachable code detected
RT_810_conf.cs(5262,17): error CS1502: The best overloaded method match for `System.Drawing.Font.Font(string, float, System.Drawing.FontStyle, System.Drawing.GraphicsUnit)' has some invalid arguments
		/usr/lib/mono/4.5-api/System.Drawing.dll (Location of the symbol related to previous error)
RT_810_conf.cs(5262,42): error CS1503: Argument `#3' cannot convert `int' expression to type `System.Drawing.FontStyle'
RT_810_conf.cs(5264,17): error CS1502: The best overloaded method match for `System.Drawing.Font.Font(string, float, System.Drawing.FontStyle, System.Drawing.GraphicsUnit)' has some invalid arguments
		/usr/lib/mono/4.5-api/System.Drawing.dll (Location of the symbol related to previous error)
RT_810_conf.cs(5264,42): error CS1503: Argument `#3' cannot convert `int' expression to type `System.Drawing.FontStyle'
RT_810_conf.Designer.cs(607,55): error CS0266: Cannot implicitly convert type `int' to `System.Windows.Forms.AutoCompleteMode'. An explicit conversion exists (are you missing a cast?)
RT_810_conf.Designer.cs(608,57): error CS0266: Cannot implicitly convert type `int' to `System.Windows.Forms.AutoCompleteSource'. An explicit conversion exists (are you missing a cast?)
RT_810_conf.Designer.cs(758,173): error CS0266: Cannot implicitly convert type `System.Windows.Forms.HorizontalAlignment' to `System.Windows.Forms.DataGridViewContentAlignment'. An explicit conversion exists (are you missing a cast?)
RT_810_conf.Designer.cs(766,68): error CS0266: Cannot implicitly convert type `int' to `System.Windows.Forms.DataGridViewColumnHeadersHeightSizeMode'. An explicit conversion exists (are you missing a cast?)
RT_810_conf.Designer.cs(767,174): error CS0266: Cannot implicitly convert type `System.Windows.Forms.HorizontalAlignment' to `System.Windows.Forms.DataGridViewContentAlignment'. An explicit conversion exists (are you missing a cast?)
RT_810_conf.Designer.cs(779,174): error CS0266: Cannot implicitly convert type `System.Windows.Forms.HorizontalAlignment' to `System.Windows.Forms.DataGridViewContentAlignment'. An explicit conversion exists (are you missing a cast?)
RT_810_conf.Designer.cs(829,174): error CS0266: Cannot implicitly convert type `System.Windows.Forms.HorizontalAlignment' to `System.Windows.Forms.DataGridViewContentAlignment'. An explicit conversion exists (are you missing a cast?)
RT_810_conf.Designer.cs(837,70): error CS0266: Cannot implicitly convert type `int' to `System.Windows.Forms.DataGridViewColumnHeadersHeightSizeMode'. An explicit conversion exists (are you missing a cast?)
RT_810_conf.Designer.cs(838,174): error CS0266: Cannot implicitly convert type `System.Windows.Forms.HorizontalAlignment' to `System.Windows.Forms.DataGridViewContentAlignment'. An explicit conversion exists (are you missing a cast?)
RT_810_conf.Designer.cs(849,174): error CS0266: Cannot implicitly convert type `System.Windows.Forms.HorizontalAlignment' to `System.Windows.Forms.DataGridViewContentAlignment'. An explicit conversion exists (are you missing a cast?)
RT_810_conf.Designer.cs(975,174): error CS0266: Cannot implicitly convert type `System.Windows.Forms.HorizontalAlignment' to `System.Windows.Forms.DataGridViewContentAlignment'. An explicit conversion exists (are you missing a cast?)
RT_810_conf.Designer.cs(983,61): error CS0266: Cannot implicitly convert type `int' to `System.Windows.Forms.DataGridViewColumnHeadersHeightSizeMode'. An explicit conversion exists (are you missing a cast?)
RT_810_conf.Designer.cs(984,175): error CS0266: Cannot implicitly convert type `System.Windows.Forms.HorizontalAlignment' to `System.Windows.Forms.DataGridViewContentAlignment'. An explicit conversion exists (are you missing a cast?)
RT_810_conf.Designer.cs(995,175): error CS0266: Cannot implicitly convert type `System.Windows.Forms.HorizontalAlignment' to `System.Windows.Forms.DataGridViewContentAlignment'. An explicit conversion exists (are you missing a cast?)
RT_810_conf.Designer.cs(1042,175): error CS0266: Cannot implicitly convert type `System.Windows.Forms.HorizontalAlignment' to `System.Windows.Forms.DataGridViewContentAlignment'. An explicit conversion exists (are you missing a cast?)
RT_810_conf.Designer.cs(1050,66): error CS0266: Cannot implicitly convert type `int' to `System.Windows.Forms.DataGridViewColumnHeadersHeightSizeMode'. An explicit conversion exists (are you missing a cast?)
RT_810_conf.Designer.cs(1051,175): error CS0266: Cannot implicitly convert type `System.Windows.Forms.HorizontalAlignment' to `System.Windows.Forms.DataGridViewContentAlignment'. An explicit conversion exists (are you missing a cast?)
RT_810_conf.Designer.cs(1062,175): error CS0266: Cannot implicitly convert type `System.Windows.Forms.HorizontalAlignment' to `System.Windows.Forms.DataGridViewContentAlignment'. An explicit conversion exists (are you missing a cast?)
RT_810_conf.Designer.cs(1113,175): error CS0266: Cannot implicitly convert type `System.Windows.Forms.HorizontalAlignment' to `System.Windows.Forms.DataGridViewContentAlignment'. An explicit conversion exists (are you missing a cast?)
RT_810_conf.Designer.cs(1121,67): error CS0266: Cannot implicitly convert type `int' to `System.Windows.Forms.DataGridViewColumnHeadersHeightSizeMode'. An explicit conversion exists (are you missing a cast?)
RT_810_conf.Designer.cs(1135,175): error CS0266: Cannot implicitly convert type `System.Windows.Forms.HorizontalAlignment' to `System.Windows.Forms.DataGridViewContentAlignment'. An explicit conversion exists (are you missing a cast?)
RT_810_conf.Designer.cs(1146,175): error CS0266: Cannot implicitly convert type `System.Windows.Forms.HorizontalAlignment' to `System.Windows.Forms.DataGridViewContentAlignment'. An explicit conversion exists (are you missing a cast?)
RT_810_conf.Designer.cs(1161,175): error CS0266: Cannot implicitly convert type `System.Windows.Forms.HorizontalAlignment' to `System.Windows.Forms.DataGridViewContentAlignment'. An explicit conversion exists (are you missing a cast?)
RT_810_conf.Designer.cs(1169,175): error CS0266: Cannot implicitly convert type `System.Windows.Forms.HorizontalAlignment' to `System.Windows.Forms.DataGridViewContentAlignment'. An explicit conversion exists (are you missing a cast?)
RT_810_conf.Designer.cs(1176,175): error CS0266: Cannot implicitly convert type `System.Windows.Forms.HorizontalAlignment' to `System.Windows.Forms.DataGridViewContentAlignment'. An explicit conversion exists (are you missing a cast?)
RT_810_conf.Designer.cs(1184,175): error CS0266: Cannot implicitly convert type `System.Windows.Forms.HorizontalAlignment' to `System.Windows.Forms.DataGridViewContentAlignment'. An explicit conversion exists (are you missing a cast?)
RT_810_conf.Designer.cs(1191,175): error CS0266: Cannot implicitly convert type `System.Windows.Forms.HorizontalAlignment' to `System.Windows.Forms.DataGridViewContentAlignment'. An explicit conversion exists (are you missing a cast?)
RT_810_conf.Designer.cs(1199,175): error CS0266: Cannot implicitly convert type `System.Windows.Forms.HorizontalAlignment' to `System.Windows.Forms.DataGridViewContentAlignment'. An explicit conversion exists (are you missing a cast?)
RT_810_conf.Designer.cs(1206,175): error CS0266: Cannot implicitly convert type `System.Windows.Forms.HorizontalAlignment' to `System.Windows.Forms.DataGridViewContentAlignment'. An explicit conversion exists (are you missing a cast?)
RT_810_conf.Designer.cs(1214,175): error CS0266: Cannot implicitly convert type `System.Windows.Forms.HorizontalAlignment' to `System.Windows.Forms.DataGridViewContentAlignment'. An explicit conversion exists (are you missing a cast?)
RT_810_conf.Designer.cs(1221,175): error CS0266: Cannot implicitly convert type `System.Windows.Forms.HorizontalAlignment' to `System.Windows.Forms.DataGridViewContentAlignment'. An explicit conversion exists (are you missing a cast?)
RT_810_conf.Designer.cs(1229,175): error CS0266: Cannot implicitly convert type `System.Windows.Forms.HorizontalAlignment' to `System.Windows.Forms.DataGridViewContentAlignment'. An explicit conversion exists (are you missing a cast?)
RT_810_conf.Designer.cs(1776,107): error CS0266: Cannot implicitly convert type `System.Windows.Forms.DataGridViewContentAlignment' to `System.Windows.Forms.HorizontalAlignment'. An explicit conversion exists (are you missing a cast?)
RT_820_200_conf.cs(5424,67): error CS0266: Cannot implicitly convert type `int' to `System.Windows.Forms.DataGridViewContentAlignment'. An explicit conversion exists (are you missing a cast?)
RT_820_200_conf.cs(5425,67): error CS0266: Cannot implicitly convert type `int' to `System.Windows.Forms.DataGridViewContentAlignment'. An explicit conversion exists (are you missing a cast?)
RT_820_200_conf.cs(5426,67): error CS0266: Cannot implicitly convert type `int' to `System.Windows.Forms.DataGridViewContentAlignment'. An explicit conversion exists (are you missing a cast?)
RT_820_200_conf.cs(5427,67): error CS0266: Cannot implicitly convert type `int' to `System.Windows.Forms.DataGridViewContentAlignment'. An explicit conversion exists (are you missing a cast?)
RT_820_200_conf.cs(5428,67): error CS0266: Cannot implicitly convert type `int' to `System.Windows.Forms.DataGridViewContentAlignment'. An explicit conversion exists (are you missing a cast?)
RT_820_200_conf.cs(5429,67): error CS0266: Cannot implicitly convert type `int' to `System.Windows.Forms.DataGridViewContentAlignment'. An explicit conversion exists (are you missing a cast?)
RT_820_200_conf.cs(5430,67): error CS0266: Cannot implicitly convert type `int' to `System.Windows.Forms.DataGridViewContentAlignment'. An explicit conversion exists (are you missing a cast?)
RT_820_200_conf.cs(5431,67): error CS0266: Cannot implicitly convert type `int' to `System.Windows.Forms.DataGridViewContentAlignment'. An explicit conversion exists (are you missing a cast?)
RT_820_200_conf.cs(5432,67): error CS0266: Cannot implicitly convert type `int' to `System.Windows.Forms.DataGridViewContentAlignment'. An explicit conversion exists (are you missing a cast?)
RT_820_200_conf.cs(5433,67): error CS0266: Cannot implicitly convert type `int' to `System.Windows.Forms.DataGridViewContentAlignment'. An explicit conversion exists (are you missing a cast?)
RT_820_200_conf.cs(5434,68): error CS0266: Cannot implicitly convert type `int' to `System.Windows.Forms.DataGridViewContentAlignment'. An explicit conversion exists (are you missing a cast?)
RT_820_200_conf.cs(5435,68): error CS0266: Cannot implicitly convert type `int' to `System.Windows.Forms.DataGridViewContentAlignment'. An explicit conversion exists (are you missing a cast?)
RT_820_200_conf.cs(5436,68): error CS0266: Cannot implicitly convert type `int' to `System.Windows.Forms.DataGridViewContentAlignment'. An explicit conversion exists (are you missing a cast?)
RT_820_200_conf.cs(5437,68): error CS0266: Cannot implicitly convert type `int' to `System.Windows.Forms.DataGridViewContentAlignment'. An explicit conversion exists (are you missing a cast?)
RT_820_200_conf.cs(5604,64): error CS0266: Cannot implicitly convert type `int' to `System.Windows.Forms.DataGridViewContentAlignment'. An explicit conversion exists (are you missing a cast?)
RT_820_200_conf.cs(5605,64): error CS0266: Cannot implicitly convert type `int' to `System.Windows.Forms.DataGridViewContentAlignment'. An explicit conversion exists (are you missing a cast?)
RT_820_200_conf.cs(5638,59): error CS0266: Cannot implicitly convert type `int' to `System.Windows.Forms.DataGridViewContentAlignment'. An explicit conversion exists (are you missing a cast?)
RT_820_200_conf.cs(5639,59): error CS0266: Cannot implicitly convert type `int' to `System.Windows.Forms.DataGridViewContentAlignment'. An explicit conversion exists (are you missing a cast?)
RT_820_200_conf.cs(5640,59): error CS0266: Cannot implicitly convert type `int' to `System.Windows.Forms.DataGridViewContentAlignment'. An explicit conversion exists (are you missing a cast?)
RT_820_200_conf.cs(5651,203): error CS0266: Cannot implicitly convert type `System.Windows.Forms.HorizontalAlignment' to `System.Windows.Forms.DataGridViewContentAlignment'. An explicit conversion exists (are you missing a cast?)
RT_820_200_conf.cs(5715,69): error CS0266: Cannot implicitly convert type `int' to `System.Windows.Forms.DataGridViewContentAlignment'. An explicit conversion exists (are you missing a cast?)
RT_820_200_conf.cs(5716,69): error CS0266: Cannot implicitly convert type `int' to `System.Windows.Forms.DataGridViewContentAlignment'. An explicit conversion exists (are you missing a cast?)
RT_820_200_conf.cs(5759,64): error CS0266: Cannot implicitly convert type `int' to `System.Windows.Forms.DataGridViewContentAlignment'. An explicit conversion exists (are you missing a cast?)
RT_820_200_conf.cs(5799,195): error CS0266: Cannot implicitly convert type `System.Windows.Forms.HorizontalAlignment' to `System.Windows.Forms.DataGridViewContentAlignment'. An explicit conversion exists (are you missing a cast?)
RT_820_200_conf.cs(5860,60): error CS0266: Cannot implicitly convert type `int' to `System.Windows.Forms.DataGridViewContentAlignment'. An explicit conversion exists (are you missing a cast?)
RT_820_200_conf.cs(5932,200): error CS0266: Cannot implicitly convert type `System.Windows.Forms.HorizontalAlignment' to `System.Windows.Forms.DataGridViewContentAlignment'. An explicit conversion exists (are you missing a cast?)
RT_820_200_conf.cs(6006,67): error CS0266: Cannot implicitly convert type `int' to `System.Windows.Forms.DataGridViewContentAlignment'. An explicit conversion exists (are you missing a cast?)
RT_820_200_conf.cs(6007,67): error CS0266: Cannot implicitly convert type `int' to `System.Windows.Forms.DataGridViewContentAlignment'. An explicit conversion exists (are you missing a cast?)
RT_820_200_conf.cs(6008,67): error CS0266: Cannot implicitly convert type `int' to `System.Windows.Forms.DataGridViewContentAlignment'. An explicit conversion exists (are you missing a cast?)
RT_820_200_conf.cs(6009,67): error CS0266: Cannot implicitly convert type `int' to `System.Windows.Forms.DataGridViewContentAlignment'. An explicit conversion exists (are you missing a cast?)
RT_820_200_conf.cs(6010,67): error CS0266: Cannot implicitly convert type `int' to `System.Windows.Forms.DataGridViewContentAlignment'. An explicit conversion exists (are you missing a cast?)
RT_820_200_conf.cs(6011,67): error CS0266: Cannot implicitly convert type `int' to `System.Windows.Forms.DataGridViewContentAlignment'. An explicit conversion exists (are you missing a cast?)
RT_820_200_conf.cs(6012,67): error CS0266: Cannot implicitly convert type `int' to `System.Windows.Forms.DataGridViewContentAlignment'. An explicit conversion exists (are you missing a cast?)
RT_820_200_conf.cs(6013,67): error CS0266: Cannot implicitly convert type `int' to `System.Windows.Forms.DataGridViewContentAlignment'. An explicit conversion exists (are you missing a cast?)
RT_820_200_conf.cs(6014,67): error CS0266: Cannot implicitly convert type `int' to `System.Windows.Forms.DataGridViewContentAlignment'. An explicit conversion exists (are you missing a cast?)
RT_820_200_conf.cs(6015,67): error CS0266: Cannot implicitly convert type `int' to `System.Windows.Forms.DataGridViewContentAlignment'. An explicit conversion exists (are you missing a cast?)
RT_820_200_conf.cs(6054,67): error CS0266: Cannot implicitly convert type `int' to `System.Windows.Forms.DataGridViewContentAlignment'. An explicit conversion exists (are you missing a cast?)
RT_820_200_conf.cs(6055,67): error CS0266: Cannot implicitly convert type `int' to `System.Windows.Forms.DataGridViewContentAlignment'. An explicit conversion exists (are you missing a cast?)
RT_820_200_conf.cs(6056,67): error CS0266: Cannot implicitly convert type `int' to `System.Windows.Forms.DataGridViewContentAlignment'. An explicit conversion exists (are you missing a cast?)
RT_820_200_conf.cs(6057,67): error CS0266: Cannot implicitly convert type `int' to `System.Windows.Forms.DataGridViewContentAlignment'. An explicit conversion exists (are you missing a cast?)
RT_820_200_conf.cs(6058,67): error CS0266: Cannot implicitly convert type `int' to `System.Windows.Forms.DataGridViewContentAlignment'. An explicit conversion exists (are you missing a cast?)
RT_820_200_conf.cs(6059,67): error CS0266: Cannot implicitly convert type `int' to `System.Windows.Forms.DataGridViewContentAlignment'. An explicit conversion exists (are you missing a cast?)
RT_820_200_conf.cs(6147,63): error CS0266: Cannot implicitly convert type `int' to `System.Windows.Forms.DataGridViewContentAlignment'. An explicit conversion exists (are you missing a cast?)
RT_820_200_conf.cs(6148,63): error CS0266: Cannot implicitly convert type `int' to `System.Windows.Forms.DataGridViewContentAlignment'. An explicit conversion exists (are you missing a cast?)
RT_820_200_conf.cs(6149,63): error CS0266: Cannot implicitly convert type `int' to `System.Windows.Forms.DataGridViewContentAlignment'. An explicit conversion exists (are you missing a cast?)
RT_820_200_conf.cs(6150,63): error CS0266: Cannot implicitly convert type `int' to `System.Windows.Forms.DataGridViewContentAlignment'. An explicit conversion exists (are you missing a cast?)
RT_820_200_conf.cs(6151,63): error CS0266: Cannot implicitly convert type `int' to `System.Windows.Forms.DataGridViewContentAlignment'. An explicit conversion exists (are you missing a cast?)
RT_820_200_conf.cs(6152,63): error CS0266: Cannot implicitly convert type `int' to `System.Windows.Forms.DataGridViewContentAlignment'. An explicit conversion exists (are you missing a cast?)
RT_820_200_conf.cs(6153,63): error CS0266: Cannot implicitly convert type `int' to `System.Windows.Forms.DataGridViewContentAlignment'. An explicit conversion exists (are you missing a cast?)
RT_820_200_conf.cs(6154,63): error CS0266: Cannot implicitly convert type `int' to `System.Windows.Forms.DataGridViewContentAlignment'. An explicit conversion exists (are you missing a cast?)
RT_820_200_conf.cs(6155,63): error CS0266: Cannot implicitly convert type `int' to `System.Windows.Forms.DataGridViewContentAlignment'. An explicit conversion exists (are you missing a cast?)
RT_820_200_conf.cs(6156,63): error CS0266: Cannot implicitly convert type `int' to `System.Windows.Forms.DataGridViewContentAlignment'. An explicit conversion exists (are you missing a cast?)
RT_820_200_conf.cs(6157,64): error CS0266: Cannot implicitly convert type `int' to `System.Windows.Forms.DataGridViewContentAlignment'. An explicit conversion exists (are you missing a cast?)
RT_820_200_conf.cs(6158,64): error CS0266: Cannot implicitly convert type `int' to `System.Windows.Forms.DataGridViewContentAlignment'. An explicit conversion exists (are you missing a cast?)
RT_820_200_conf.cs(7086,9): error CS0165: Use of unassigned local variable `num7'
RT_820_200_conf.cs(7072,6): warning CS0162: Unreachable code detected
RT_820_200_conf.cs(7084,5): warning CS0162: Unreachable code detected
RT_820_200_conf.cs(8027,9): error CS0165: Use of unassigned local variable `num3'
RT_820_200_conf.cs(8012,6): warning CS0162: Unreachable code detected
RT_820_200_conf.cs(8025,5): warning CS0162: Unreachable code detected
RT_820_200_conf.cs(8265,9): error CS0165: Use of unassigned local variable `num4'
RT_820_200_conf.cs(8250,6): warning CS0162: Unreachable code detected
RT_820_200_conf.cs(8263,5): warning CS0162: Unreachable code detected
RT_820_200_conf.cs(8639,17): error CS1502: The best overloaded method match for `System.Drawing.Font.Font(string, float, System.Drawing.FontStyle, System.Drawing.GraphicsUnit)' has some invalid arguments
		/usr/lib/mono/4.5-api/System.Drawing.dll (Location of the symbol related to previous error)
RT_820_200_conf.cs(8639,42): error CS1503: Argument `#3' cannot convert `int' expression to type `System.Drawing.FontStyle'
RT_820_200_conf.cs(8641,17): error CS1502: The best overloaded method match for `System.Drawing.Font.Font(string, float, System.Drawing.FontStyle, System.Drawing.GraphicsUnit)' has some invalid arguments
		/usr/lib/mono/4.5-api/System.Drawing.dll (Location of the symbol related to previous error)
RT_820_200_conf.cs(8641,42): error CS1503: Argument `#3' cannot convert `int' expression to type `System.Drawing.FontStyle'
RT_820_200_conf.cs(8750,17): error CS1502: The best overloaded method match for `System.Drawing.Font.Font(string, float, System.Drawing.FontStyle, System.Drawing.GraphicsUnit)' has some invalid arguments
		/usr/lib/mono/4.5-api/System.Drawing.dll (Location of the symbol related to previous error)
RT_820_200_conf.cs(8750,42): error CS1503: Argument `#3' cannot convert `int' expression to type `System.Drawing.FontStyle'
RT_820_200_conf.cs(8752,17): error CS1502: The best overloaded method match for `System.Drawing.Font.Font(string, float, System.Drawing.FontStyle, System.Drawing.GraphicsUnit)' has some invalid arguments
		/usr/lib/mono/4.5-api/System.Drawing.dll (Location of the symbol related to previous error)
RT_820_200_conf.cs(8752,42): error CS1503: Argument `#3' cannot convert `int' expression to type `System.Drawing.FontStyle'
RT_820_200_conf.Designer.cs(1275,174): error CS0266: Cannot implicitly convert type `System.Windows.Forms.HorizontalAlignment' to `System.Windows.Forms.DataGridViewContentAlignment'. An explicit conversion exists (are you missing a cast?)
RT_820_200_conf.Designer.cs(1283,61): error CS0266: Cannot implicitly convert type `int' to `System.Windows.Forms.DataGridViewColumnHeadersHeightSizeMode'. An explicit conversion exists (are you missing a cast?)
RT_820_200_conf.Designer.cs(1284,174): error CS0266: Cannot implicitly convert type `System.Windows.Forms.HorizontalAlignment' to `System.Windows.Forms.DataGridViewContentAlignment'. An explicit conversion exists (are you missing a cast?)
RT_820_200_conf.Designer.cs(1295,174): error CS0266: Cannot implicitly convert type `System.Windows.Forms.HorizontalAlignment' to `System.Windows.Forms.DataGridViewContentAlignment'. An explicit conversion exists (are you missing a cast?)
RT_820_200_conf.Designer.cs(2585,174): error CS0266: Cannot implicitly convert type `System.Windows.Forms.HorizontalAlignment' to `System.Windows.Forms.DataGridViewContentAlignment'. An explicit conversion exists (are you missing a cast?)
RT_820_200_conf.Designer.cs(2593,69): error CS0266: Cannot implicitly convert type `int' to `System.Windows.Forms.DataGridViewColumnHeadersHeightSizeMode'. An explicit conversion exists (are you missing a cast?)
RT_820_200_conf.Designer.cs(2594,174): error CS0266: Cannot implicitly convert type `System.Windows.Forms.HorizontalAlignment' to `System.Windows.Forms.DataGridViewContentAlignment'. An explicit conversion exists (are you missing a cast?)
RT_820_200_conf.Designer.cs(2605,174): error CS0266: Cannot implicitly convert type `System.Windows.Forms.HorizontalAlignment' to `System.Windows.Forms.DataGridViewContentAlignment'. An explicit conversion exists (are you missing a cast?)
RT_820_200_conf.Designer.cs(2646,175): error CS0266: Cannot implicitly convert type `System.Windows.Forms.HorizontalAlignment' to `System.Windows.Forms.DataGridViewContentAlignment'. An explicit conversion exists (are you missing a cast?)
RT_820_200_conf.Designer.cs(2654,66): error CS0266: Cannot implicitly convert type `int' to `System.Windows.Forms.DataGridViewColumnHeadersHeightSizeMode'. An explicit conversion exists (are you missing a cast?)
RT_820_200_conf.Designer.cs(2655,175): error CS0266: Cannot implicitly convert type `System.Windows.Forms.HorizontalAlignment' to `System.Windows.Forms.DataGridViewContentAlignment'. An explicit conversion exists (are you missing a cast?)
RT_820_200_conf.Designer.cs(2666,175): error CS0266: Cannot implicitly convert type `System.Windows.Forms.HorizontalAlignment' to `System.Windows.Forms.DataGridViewContentAlignment'. An explicit conversion exists (are you missing a cast?)
RT_820_200_conf.Designer.cs(3217,107): error CS0266: Cannot implicitly convert type `System.Windows.Forms.DataGridViewContentAlignment' to `System.Windows.Forms.HorizontalAlignment'. An explicit conversion exists (are you missing a cast?)
RT_820_360_conf.cs(5264,181): error CS0266: Cannot implicitly convert type `System.Windows.Forms.HorizontalAlignment' to `System.Windows.Forms.DataGridViewContentAlignment'. An explicit conversion exists (are you missing a cast?)
RT_820_360_conf.cs(5797,67): error CS0266: Cannot implicitly convert type `int' to `System.Windows.Forms.DataGridViewContentAlignment'. An explicit conversion exists (are you missing a cast?)
RT_820_360_conf.cs(5798,67): error CS0266: Cannot implicitly convert type `int' to `System.Windows.Forms.DataGridViewContentAlignment'. An explicit conversion exists (are you missing a cast?)
RT_820_360_conf.cs(5799,67): error CS0266: Cannot implicitly convert type `int' to `System.Windows.Forms.DataGridViewContentAlignment'. An explicit conversion exists (are you missing a cast?)
RT_820_360_conf.cs(5800,67): error CS0266: Cannot implicitly convert type `int' to `System.Windows.Forms.DataGridViewContentAlignment'. An explicit conversion exists (are you missing a cast?)
RT_820_360_conf.cs(5801,67): error CS0266: Cannot implicitly convert type `int' to `System.Windows.Forms.DataGridViewContentAlignment'. An explicit conversion exists (are you missing a cast?)
RT_820_360_conf.cs(5802,67): error CS0266: Cannot implicitly convert type `int' to `System.Windows.Forms.DataGridViewContentAlignment'. An explicit conversion exists (are you missing a cast?)
RT_820_360_conf.cs(5803,67): error CS0266: Cannot implicitly convert type `int' to `System.Windows.Forms.DataGridViewContentAlignment'. An explicit conversion exists (are you missing a cast?)
RT_820_360_conf.cs(5804,67): error CS0266: Cannot implicitly convert type `int' to `System.Windows.Forms.DataGridViewContentAlignment'. An explicit conversion exists (are you missing a cast?)
RT_820_360_conf.cs(5805,67): error CS0266: Cannot implicitly convert type `int' to `System.Windows.Forms.DataGridViewContentAlignment'. An explicit conversion exists (are you missing a cast?)
RT_820_360_conf.cs(5806,67): error CS0266: Cannot implicitly convert type `int' to `System.Windows.Forms.DataGridViewContentAlignment'. An explicit conversion exists (are you missing a cast?)
RT_820_360_conf.cs(5807,68): error CS0266: Cannot implicitly convert type `int' to `System.Windows.Forms.DataGridViewContentAlignment'. An explicit conversion exists (are you missing a cast?)
RT_820_360_conf.cs(5808,68): error CS0266: Cannot implicitly convert type `int' to `System.Windows.Forms.DataGridViewContentAlignment'. An explicit conversion exists (are you missing a cast?)
RT_820_360_conf.cs(5809,68): error CS0266: Cannot implicitly convert type `int' to `System.Windows.Forms.DataGridViewContentAlignment'. An explicit conversion exists (are you missing a cast?)
RT_820_360_conf.cs(5810,68): error CS0266: Cannot implicitly convert type `int' to `System.Windows.Forms.DataGridViewContentAlignment'. An explicit conversion exists (are you missing a cast?)
RT_820_360_conf.cs(5811,68): error CS0266: Cannot implicitly convert type `int' to `System.Windows.Forms.DataGridViewContentAlignment'. An explicit conversion exists (are you missing a cast?)
RT_820_360_conf.cs(6081,63): error CS0266: Cannot implicitly convert type `int' to `System.Windows.Forms.DataGridViewContentAlignment'. An explicit conversion exists (are you missing a cast?)
RT_820_360_conf.cs(6082,63): error CS0266: Cannot implicitly convert type `int' to `System.Windows.Forms.DataGridViewContentAlignment'. An explicit conversion exists (are you missing a cast?)
RT_820_360_conf.cs(6083,63): error CS0266: Cannot implicitly convert type `int' to `System.Windows.Forms.DataGridViewContentAlignment'. An explicit conversion exists (are you missing a cast?)
RT_820_360_conf.cs(6169,59): error CS0266: Cannot implicitly convert type `int' to `System.Windows.Forms.DataGridViewContentAlignment'. An explicit conversion exists (are you missing a cast?)
RT_820_360_conf.cs(6170,59): error CS0266: Cannot implicitly convert type `int' to `System.Windows.Forms.DataGridViewContentAlignment'. An explicit conversion exists (are you missing a cast?)
RT_820_360_conf.cs(6171,59): error CS0266: Cannot implicitly convert type `int' to `System.Windows.Forms.DataGridViewContentAlignment'. An explicit conversion exists (are you missing a cast?)
RT_820_360_conf.cs(6182,204): error CS0266: Cannot implicitly convert type `System.Windows.Forms.HorizontalAlignment' to `System.Windows.Forms.DataGridViewContentAlignment'. An explicit conversion exists (are you missing a cast?)
RT_820_360_conf.cs(6232,204): error CS0266: Cannot implicitly convert type `System.Windows.Forms.HorizontalAlignment' to `System.Windows.Forms.DataGridViewContentAlignment'. An explicit conversion exists (are you missing a cast?)
RT_820_360_conf.cs(6285,209): error CS0266: Cannot implicitly convert type `System.Windows.Forms.HorizontalAlignment' to `System.Windows.Forms.DataGridViewContentAlignment'. An explicit conversion exists (are you missing a cast?)
RT_820_360_conf.cs(6367,200): error CS0266: Cannot implicitly convert type `System.Windows.Forms.HorizontalAlignment' to `System.Windows.Forms.DataGridViewContentAlignment'. An explicit conversion exists (are you missing a cast?)
RT_820_360_conf.cs(6460,74): error CS0266: Cannot implicitly convert type `int' to `System.Windows.Forms.DataGridViewContentAlignment'. An explicit conversion exists (are you missing a cast?)
RT_820_360_conf.cs(6461,74): error CS0266: Cannot implicitly convert type `int' to `System.Windows.Forms.DataGridViewContentAlignment'. An explicit conversion exists (are you missing a cast?)
RT_820_360_conf.cs(6518,85): error CS0266: Cannot implicitly convert type `int' to `System.Windows.Forms.DataGridViewContentAlignment'. An explicit conversion exists (are you missing a cast?)
RT_820_360_conf.cs(6519,85): error CS0266: Cannot implicitly convert type `int' to `System.Windows.Forms.DataGridViewContentAlignment'. An explicit conversion exists (are you missing a cast?)
RT_820_360_conf.cs(6520,85): error CS0266: Cannot implicitly convert type `int' to `System.Windows.Forms.DataGridViewContentAlignment'. An explicit conversion exists (are you missing a cast?)
RT_820_360_conf.cs(6521,85): error CS0266: Cannot implicitly convert type `int' to `System.Windows.Forms.DataGridViewContentAlignment'. An explicit conversion exists (are you missing a cast?)
RT_820_360_conf.cs(6522,85): error CS0266: Cannot implicitly convert type `int' to `System.Windows.Forms.DataGridViewContentAlignment'. An explicit conversion exists (are you missing a cast?)
RT_820_360_conf.cs(6523,85): error CS0266: Cannot implicitly convert type `int' to `System.Windows.Forms.DataGridViewContentAlignment'. An explicit conversion exists (are you missing a cast?)
RT_820_360_conf.cs(6524,85): error CS0266: Cannot implicitly convert type `int' to `System.Windows.Forms.DataGridViewContentAlignment'. An explicit conversion exists (are you missing a cast?)
RT_820_360_conf.cs(6525,85): error CS0266: Cannot implicitly convert type `int' to `System.Windows.Forms.DataGridViewContentAlignment'. An explicit conversion exists (are you missing a cast?)
RT_820_360_conf.cs(6526,85): error CS0266: Cannot implicitly convert type `int' to `System.Windows.Forms.DataGridViewContentAlignment'. An explicit conversion exists (are you missing a cast?)
RT_820_360_conf.cs(6527,85): error CS0266: Cannot implicitly convert type `int' to `System.Windows.Forms.DataGridViewContentAlignment'. An explicit conversion exists (are you missing a cast?)
RT_820_360_conf.cs(6565,74): error CS0266: Cannot implicitly convert type `int' to `System.Windows.Forms.DataGridViewContentAlignment'. An explicit conversion exists (are you missing a cast?)
RT_820_360_conf.cs(6566,74): error CS0266: Cannot implicitly convert type `int' to `System.Windows.Forms.DataGridViewContentAlignment'. An explicit conversion exists (are you missing a cast?)
RT_820_360_conf.cs(6629,78): error CS0266: Cannot implicitly convert type `int' to `System.Windows.Forms.DataGridViewContentAlignment'. An explicit conversion exists (are you missing a cast?)
RT_820_360_conf.cs(6630,78): error CS0266: Cannot implicitly convert type `int' to `System.Windows.Forms.DataGridViewContentAlignment'. An explicit conversion exists (are you missing a cast?)
RT_820_360_conf.cs(6631,78): error CS0266: Cannot implicitly convert type `int' to `System.Windows.Forms.DataGridViewContentAlignment'. An explicit conversion exists (are you missing a cast?)
RT_820_360_conf.cs(6632,78): error CS0266: Cannot implicitly convert type `int' to `System.Windows.Forms.DataGridViewContentAlignment'. An explicit conversion exists (are you missing a cast?)
RT_820_360_conf.cs(6633,78): error CS0266: Cannot implicitly convert type `int' to `System.Windows.Forms.DataGridViewContentAlignment'. An explicit conversion exists (are you missing a cast?)
RT_820_360_conf.cs(6634,78): error CS0266: Cannot implicitly convert type `int' to `System.Windows.Forms.DataGridViewContentAlignment'. An explicit conversion exists (are you missing a cast?)
RT_820_360_conf.cs(6635,78): error CS0266: Cannot implicitly convert type `int' to `System.Windows.Forms.DataGridViewContentAlignment'. An explicit conversion exists (are you missing a cast?)
RT_820_360_conf.cs(6775,69): error CS0266: Cannot implicitly convert type `int' to `System.Windows.Forms.DataGridViewContentAlignment'. An explicit conversion exists (are you missing a cast?)
RT_820_360_conf.cs(6833,66): error CS0266: Cannot implicitly convert type `int' to `System.Windows.Forms.DataGridViewContentAlignment'. An explicit conversion exists (are you missing a cast?)
RT_820_360_conf.cs(6834,66): error CS0266: Cannot implicitly convert type `int' to `System.Windows.Forms.DataGridViewContentAlignment'. An explicit conversion exists (are you missing a cast?)
RT_820_360_conf.cs(6835,66): error CS0266: Cannot implicitly convert type `int' to `System.Windows.Forms.DataGridViewContentAlignment'. An explicit conversion exists (are you missing a cast?)
RT_820_360_conf.cs(6836,66): error CS0266: Cannot implicitly convert type `int' to `System.Windows.Forms.DataGridViewContentAlignment'. An explicit conversion exists (are you missing a cast?)
RT_820_360_conf.cs(6837,66): error CS0266: Cannot implicitly convert type `int' to `System.Windows.Forms.DataGridViewContentAlignment'. An explicit conversion exists (are you missing a cast?)
RT_820_360_conf.cs(6838,66): error CS0266: Cannot implicitly convert type `int' to `System.Windows.Forms.DataGridViewContentAlignment'. An explicit conversion exists (are you missing a cast?)
RT_820_360_conf.cs(6839,66): error CS0266: Cannot implicitly convert type `int' to `System.Windows.Forms.DataGridViewContentAlignment'. An explicit conversion exists (are you missing a cast?)
RT_820_360_conf.cs(6840,66): error CS0266: Cannot implicitly convert type `int' to `System.Windows.Forms.DataGridViewContentAlignment'. An explicit conversion exists (are you missing a cast?)
RT_820_360_conf.cs(6841,66): error CS0266: Cannot implicitly convert type `int' to `System.Windows.Forms.DataGridViewContentAlignment'. An explicit conversion exists (are you missing a cast?)
RT_820_360_conf.cs(6842,66): error CS0266: Cannot implicitly convert type `int' to `System.Windows.Forms.DataGridViewContentAlignment'. An explicit conversion exists (are you missing a cast?)
RT_820_360_conf.cs(6843,67): error CS0266: Cannot implicitly convert type `int' to `System.Windows.Forms.DataGridViewContentAlignment'. An explicit conversion exists (are you missing a cast?)
RT_820_360_conf.cs(6844,67): error CS0266: Cannot implicitly convert type `int' to `System.Windows.Forms.DataGridViewContentAlignment'. An explicit conversion exists (are you missing a cast?)
RT_820_360_conf.cs(6845,67): error CS0266: Cannot implicitly convert type `int' to `System.Windows.Forms.DataGridViewContentAlignment'. An explicit conversion exists (are you missing a cast?)
RT_820_360_conf.cs(6929,69): error CS0266: Cannot implicitly convert type `int' to `System.Windows.Forms.DataGridViewContentAlignment'. An explicit conversion exists (are you missing a cast?)
RT_820_360_conf.cs(6987,66): error CS0266: Cannot implicitly convert type `int' to `System.Windows.Forms.DataGridViewContentAlignment'. An explicit conversion exists (are you missing a cast?)
RT_820_360_conf.cs(6988,66): error CS0266: Cannot implicitly convert type `int' to `System.Windows.Forms.DataGridViewContentAlignment'. An explicit conversion exists (are you missing a cast?)
RT_820_360_conf.cs(6989,66): error CS0266: Cannot implicitly convert type `int' to `System.Windows.Forms.DataGridViewContentAlignment'. An explicit conversion exists (are you missing a cast?)
RT_820_360_conf.cs(6990,66): error CS0266: Cannot implicitly convert type `int' to `System.Windows.Forms.DataGridViewContentAlignment'. An explicit conversion exists (are you missing a cast?)
RT_820_360_conf.cs(6991,66): error CS0266: Cannot implicitly convert type `int' to `System.Windows.Forms.DataGridViewContentAlignment'. An explicit conversion exists (are you missing a cast?)
RT_820_360_conf.cs(6992,66): error CS0266: Cannot implicitly convert type `int' to `System.Windows.Forms.DataGridViewContentAlignment'. An explicit conversion exists (are you missing a cast?)
RT_820_360_conf.cs(6993,66): error CS0266: Cannot implicitly convert type `int' to `System.Windows.Forms.DataGridViewContentAlignment'. An explicit conversion exists (are you missing a cast?)
RT_820_360_conf.cs(6994,66): error CS0266: Cannot implicitly convert type `int' to `System.Windows.Forms.DataGridViewContentAlignment'. An explicit conversion exists (are you missing a cast?)
RT_820_360_conf.cs(6995,66): error CS0266: Cannot implicitly convert type `int' to `System.Windows.Forms.DataGridViewContentAlignment'. An explicit conversion exists (are you missing a cast?)
RT_820_360_conf.cs(6996,66): error CS0266: Cannot implicitly convert type `int' to `System.Windows.Forms.DataGridViewContentAlignment'. An explicit conversion exists (are you missing a cast?)
RT_820_360_conf.cs(6997,67): error CS0266: Cannot implicitly convert type `int' to `System.Windows.Forms.DataGridViewContentAlignment'. An explicit conversion exists (are you missing a cast?)
RT_820_360_conf.cs(6998,67): error CS0266: Cannot implicitly convert type `int' to `System.Windows.Forms.DataGridViewContentAlignment'. An explicit conversion exists (are you missing a cast?)
RT_820_360_conf.cs(6999,67): error CS0266: Cannot implicitly convert type `int' to `System.Windows.Forms.DataGridViewContentAlignment'. An explicit conversion exists (are you missing a cast?)
RT_820_360_conf.cs(7083,69): error CS0266: Cannot implicitly convert type `int' to `System.Windows.Forms.DataGridViewContentAlignment'. An explicit conversion exists (are you missing a cast?)
RT_820_360_conf.cs(7141,66): error CS0266: Cannot implicitly convert type `int' to `System.Windows.Forms.DataGridViewContentAlignment'. An explicit conversion exists (are you missing a cast?)
RT_820_360_conf.cs(7142,66): error CS0266: Cannot implicitly convert type `int' to `System.Windows.Forms.DataGridViewContentAlignment'. An explicit conversion exists (are you missing a cast?)
RT_820_360_conf.cs(7143,66): error CS0266: Cannot implicitly convert type `int' to `System.Windows.Forms.DataGridViewContentAlignment'. An explicit conversion exists (are you missing a cast?)
RT_820_360_conf.cs(7144,66): error CS0266: Cannot implicitly convert type `int' to `System.Windows.Forms.DataGridViewContentAlignment'. An explicit conversion exists (are you missing a cast?)
RT_820_360_conf.cs(7145,66): error CS0266: Cannot implicitly convert type `int' to `System.Windows.Forms.DataGridViewContentAlignment'. An explicit conversion exists (are you missing a cast?)
RT_820_360_conf.cs(7146,66): error CS0266: Cannot implicitly convert type `int' to `System.Windows.Forms.DataGridViewContentAlignment'. An explicit conversion exists (are you missing a cast?)
RT_820_360_conf.cs(7147,66): error CS0266: Cannot implicitly convert type `int' to `System.Windows.Forms.DataGridViewContentAlignment'. An explicit conversion exists (are you missing a cast?)
RT_820_360_conf.cs(7148,66): error CS0266: Cannot implicitly convert type `int' to `System.Windows.Forms.DataGridViewContentAlignment'. An explicit conversion exists (are you missing a cast?)
RT_820_360_conf.cs(7149,66): error CS0266: Cannot implicitly convert type `int' to `System.Windows.Forms.DataGridViewContentAlignment'. An explicit conversion exists (are you missing a cast?)
RT_820_360_conf.cs(7150,66): error CS0266: Cannot implicitly convert type `int' to `System.Windows.Forms.DataGridViewContentAlignment'. An explicit conversion exists (are you missing a cast?)
RT_820_360_conf.cs(7151,67): error CS0266: Cannot implicitly convert type `int' to `System.Windows.Forms.DataGridViewContentAlignment'. An explicit conversion exists (are you missing a cast?)
RT_820_360_conf.cs(7152,67): error CS0266: Cannot implicitly convert type `int' to `System.Windows.Forms.DataGridViewContentAlignment'. An explicit conversion exists (are you missing a cast?)
RT_820_360_conf.cs(7153,67): error CS0266: Cannot implicitly convert type `int' to `System.Windows.Forms.DataGridViewContentAlignment'. An explicit conversion exists (are you missing a cast?)
RT_820_360_conf.cs(7237,69): error CS0266: Cannot implicitly convert type `int' to `System.Windows.Forms.DataGridViewContentAlignment'. An explicit conversion exists (are you missing a cast?)
RT_820_360_conf.cs(7295,66): error CS0266: Cannot implicitly convert type `int' to `System.Windows.Forms.DataGridViewContentAlignment'. An explicit conversion exists (are you missing a cast?)
RT_820_360_conf.cs(7296,66): error CS0266: Cannot implicitly convert type `int' to `System.Windows.Forms.DataGridViewContentAlignment'. An explicit conversion exists (are you missing a cast?)
RT_820_360_conf.cs(7297,66): error CS0266: Cannot implicitly convert type `int' to `System.Windows.Forms.DataGridViewContentAlignment'. An explicit conversion exists (are you missing a cast?)
RT_820_360_conf.cs(7298,66): error CS0266: Cannot implicitly convert type `int' to `System.Windows.Forms.DataGridViewContentAlignment'. An explicit conversion exists (are you missing a cast?)
RT_820_360_conf.cs(7299,66): error CS0266: Cannot implicitly convert type `int' to `System.Windows.Forms.DataGridViewContentAlignment'. An explicit conversion exists (are you missing a cast?)
RT_820_360_conf.cs(7300,66): error CS0266: Cannot implicitly convert type `int' to `System.Windows.Forms.DataGridViewContentAlignment'. An explicit conversion exists (are you missing a cast?)
RT_820_360_conf.cs(7301,66): error CS0266: Cannot implicitly convert type `int' to `System.Windows.Forms.DataGridViewContentAlignment'. An explicit conversion exists (are you missing a cast?)
RT_820_360_conf.cs(7302,66): error CS0266: Cannot implicitly convert type `int' to `System.Windows.Forms.DataGridViewContentAlignment'. An explicit conversion exists (are you missing a cast?)
RT_820_360_conf.cs(7303,66): error CS0266: Cannot implicitly convert type `int' to `System.Windows.Forms.DataGridViewContentAlignment'. An explicit conversion exists (are you missing a cast?)
RT_820_360_conf.cs(7304,66): error CS0266: Cannot implicitly convert type `int' to `System.Windows.Forms.DataGridViewContentAlignment'. An explicit conversion exists (are you missing a cast?)
RT_820_360_conf.cs(7305,67): error CS0266: Cannot implicitly convert type `int' to `System.Windows.Forms.DataGridViewContentAlignment'. An explicit conversion exists (are you missing a cast?)
RT_820_360_conf.cs(7306,67): error CS0266: Cannot implicitly convert type `int' to `System.Windows.Forms.DataGridViewContentAlignment'. An explicit conversion exists (are you missing a cast?)
RT_820_360_conf.cs(7307,67): error CS0266: Cannot implicitly convert type `int' to `System.Windows.Forms.DataGridViewContentAlignment'. An explicit conversion exists (are you missing a cast?)
RT_820_360_conf.cs(7356,74): error CS0266: Cannot implicitly convert type `int' to `System.Windows.Forms.DataGridViewContentAlignment'. An explicit conversion exists (are you missing a cast?)
RT_820_360_conf.cs(7357,74): error CS0266: Cannot implicitly convert type `int' to `System.Windows.Forms.DataGridViewContentAlignment'. An explicit conversion exists (are you missing a cast?)
RT_820_360_conf.cs(7358,74): error CS0266: Cannot implicitly convert type `int' to `System.Windows.Forms.DataGridViewContentAlignment'. An explicit conversion exists (are you missing a cast?)
RT_820_360_conf.cs(7359,74): error CS0266: Cannot implicitly convert type `int' to `System.Windows.Forms.DataGridViewContentAlignment'. An explicit conversion exists (are you missing a cast?)
RT_820_360_conf.cs(7360,74): error CS0266: Cannot implicitly convert type `int' to `System.Windows.Forms.DataGridViewContentAlignment'. An explicit conversion exists (are you missing a cast?)
RT_820_360_conf.cs(7361,74): error CS0266: Cannot implicitly convert type `int' to `System.Windows.Forms.DataGridViewContentAlignment'. An explicit conversion exists (are you missing a cast?)
RT_820_360_conf.cs(7362,74): error CS0266: Cannot implicitly convert type `int' to `System.Windows.Forms.DataGridViewContentAlignment'. An explicit conversion exists (are you missing a cast?)
RT_820_360_conf.cs(7363,74): error CS0266: Cannot implicitly convert type `int' to `System.Windows.Forms.DataGridViewContentAlignment'. An explicit conversion exists (are you missing a cast?)
RT_820_360_conf.cs(7364,74): error CS0266: Cannot implicitly convert type `int' to `System.Windows.Forms.DataGridViewContentAlignment'. An explicit conversion exists (are you missing a cast?)
RT_820_360_conf.cs(7365,74): error CS0266: Cannot implicitly convert type `int' to `System.Windows.Forms.DataGridViewContentAlignment'. An explicit conversion exists (are you missing a cast?)
RT_820_360_conf.cs(7366,75): error CS0266: Cannot implicitly convert type `int' to `System.Windows.Forms.DataGridViewContentAlignment'. An explicit conversion exists (are you missing a cast?)
RT_820_360_conf.cs(7367,75): error CS0266: Cannot implicitly convert type `int' to `System.Windows.Forms.DataGridViewContentAlignment'. An explicit conversion exists (are you missing a cast?)
RT_820_360_conf.cs(7368,75): error CS0266: Cannot implicitly convert type `int' to `System.Windows.Forms.DataGridViewContentAlignment'. An explicit conversion exists (are you missing a cast?)
RT_820_360_conf.cs(7369,75): error CS0266: Cannot implicitly convert type `int' to `System.Windows.Forms.DataGridViewContentAlignment'. An explicit conversion exists (are you missing a cast?)
RT_820_360_conf.cs(7428,78): error CS0266: Cannot implicitly convert type `int' to `System.Windows.Forms.DataGridViewContentAlignment'. An explicit conversion exists (are you missing a cast?)
RT_820_360_conf.cs(7497,78): error CS0266: Cannot implicitly convert type `int' to `System.Windows.Forms.DataGridViewContentAlignment'. An explicit conversion exists (are you missing a cast?)
RT_820_360_conf.cs(7566,78): error CS0266: Cannot implicitly convert type `int' to `System.Windows.Forms.DataGridViewContentAlignment'. An explicit conversion exists (are you missing a cast?)
RT_820_360_conf.cs(7635,78): error CS0266: Cannot implicitly convert type `int' to `System.Windows.Forms.DataGridViewContentAlignment'. An explicit conversion exists (are you missing a cast?)
RT_820_360_conf.cs(7698,78): error CS0266: Cannot implicitly convert type `int' to `System.Windows.Forms.DataGridViewContentAlignment'. An explicit conversion exists (are you missing a cast?)
RT_820_360_conf.cs(7761,78): error CS0266: Cannot implicitly convert type `int' to `System.Windows.Forms.DataGridViewContentAlignment'. An explicit conversion exists (are you missing a cast?)
RT_820_360_conf.cs(7824,78): error CS0266: Cannot implicitly convert type `int' to `System.Windows.Forms.DataGridViewContentAlignment'. An explicit conversion exists (are you missing a cast?)
RT_820_360_conf.cs(7838,181): error CS0266: Cannot implicitly convert type `System.Windows.Forms.HorizontalAlignment' to `System.Windows.Forms.DataGridViewContentAlignment'. An explicit conversion exists (are you missing a cast?)
RT_820_360_conf.cs(7920,181): error CS0266: Cannot implicitly convert type `System.Windows.Forms.HorizontalAlignment' to `System.Windows.Forms.DataGridViewContentAlignment'. An explicit conversion exists (are you missing a cast?)
RT_820_360_conf.cs(8003,189): error CS0266: Cannot implicitly convert type `System.Windows.Forms.HorizontalAlignment' to `System.Windows.Forms.DataGridViewContentAlignment'. An explicit conversion exists (are you missing a cast?)
RT_820_360_conf.cs(8087,189): error CS0266: Cannot implicitly convert type `System.Windows.Forms.HorizontalAlignment' to `System.Windows.Forms.DataGridViewContentAlignment'. An explicit conversion exists (are you missing a cast?)
RT_820_360_conf.cs(8168,199): error CS0266: Cannot implicitly convert type `System.Windows.Forms.HorizontalAlignment' to `System.Windows.Forms.DataGridViewContentAlignment'. An explicit conversion exists (are you missing a cast?)
RT_820_360_conf.cs(8224,64): error CS0266: Cannot implicitly convert type `int' to `System.Windows.Forms.DataGridViewContentAlignment'. An explicit conversion exists (are you missing a cast?)
RT_820_360_conf.cs(8392,67): error CS0266: Cannot implicitly convert type `int' to `System.Windows.Forms.DataGridViewContentAlignment'. An explicit conversion exists (are you missing a cast?)
RT_820_360_conf.cs(8437,64): error CS0266: Cannot implicitly convert type `int' to `System.Windows.Forms.DataGridViewContentAlignment'. An explicit conversion exists (are you missing a cast?)
RT_820_360_conf.cs(8438,64): error CS0266: Cannot implicitly convert type `int' to `System.Windows.Forms.DataGridViewContentAlignment'. An explicit conversion exists (are you missing a cast?)
RT_820_360_conf.cs(8447,195): error CS0266: Cannot implicitly convert type `System.Windows.Forms.HorizontalAlignment' to `System.Windows.Forms.DataGridViewContentAlignment'. An explicit conversion exists (are you missing a cast?)
RT_820_360_conf.cs(8515,60): error CS0266: Cannot implicitly convert type `int' to `System.Windows.Forms.DataGridViewContentAlignment'. An explicit conversion exists (are you missing a cast?)
RT_820_360_conf.cs(8535,200): error CS0266: Cannot implicitly convert type `System.Windows.Forms.HorizontalAlignment' to `System.Windows.Forms.DataGridViewContentAlignment'. An explicit conversion exists (are you missing a cast?)
RT_820_360_conf.cs(8609,67): error CS0266: Cannot implicitly convert type `int' to `System.Windows.Forms.DataGridViewContentAlignment'. An explicit conversion exists (are you missing a cast?)
RT_820_360_conf.cs(8610,67): error CS0266: Cannot implicitly convert type `int' to `System.Windows.Forms.DataGridViewContentAlignment'. An explicit conversion exists (are you missing a cast?)
RT_820_360_conf.cs(8611,67): error CS0266: Cannot implicitly convert type `int' to `System.Windows.Forms.DataGridViewContentAlignment'. An explicit conversion exists (are you missing a cast?)
RT_820_360_conf.cs(8612,67): error CS0266: Cannot implicitly convert type `int' to `System.Windows.Forms.DataGridViewContentAlignment'. An explicit conversion exists (are you missing a cast?)
RT_820_360_conf.cs(8613,67): error CS0266: Cannot implicitly convert type `int' to `System.Windows.Forms.DataGridViewContentAlignment'. An explicit conversion exists (are you missing a cast?)
RT_820_360_conf.cs(8614,67): error CS0266: Cannot implicitly convert type `int' to `System.Windows.Forms.DataGridViewContentAlignment'. An explicit conversion exists (are you missing a cast?)
RT_820_360_conf.cs(8615,67): error CS0266: Cannot implicitly convert type `int' to `System.Windows.Forms.DataGridViewContentAlignment'. An explicit conversion exists (are you missing a cast?)
RT_820_360_conf.cs(8616,67): error CS0266: Cannot implicitly convert type `int' to `System.Windows.Forms.DataGridViewContentAlignment'. An explicit conversion exists (are you missing a cast?)
RT_820_360_conf.cs(8617,67): error CS0266: Cannot implicitly convert type `int' to `System.Windows.Forms.DataGridViewContentAlignment'. An explicit conversion exists (are you missing a cast?)
RT_820_360_conf.cs(8618,67): error CS0266: Cannot implicitly convert type `int' to `System.Windows.Forms.DataGridViewContentAlignment'. An explicit conversion exists (are you missing a cast?)
RT_820_360_conf.cs(8626,200): error CS0266: Cannot implicitly convert type `System.Windows.Forms.HorizontalAlignment' to `System.Windows.Forms.DataGridViewContentAlignment'. An explicit conversion exists (are you missing a cast?)
RT_820_360_conf.cs(8704,67): error CS0266: Cannot implicitly convert type `int' to `System.Windows.Forms.DataGridViewContentAlignment'. An explicit conversion exists (are you missing a cast?)
RT_820_360_conf.cs(8705,67): error CS0266: Cannot implicitly convert type `int' to `System.Windows.Forms.DataGridViewContentAlignment'. An explicit conversion exists (are you missing a cast?)
RT_820_360_conf.cs(8706,67): error CS0266: Cannot implicitly convert type `int' to `System.Windows.Forms.DataGridViewContentAlignment'. An explicit conversion exists (are you missing a cast?)
RT_820_360_conf.cs(8707,67): error CS0266: Cannot implicitly convert type `int' to `System.Windows.Forms.DataGridViewContentAlignment'. An explicit conversion exists (are you missing a cast?)
RT_820_360_conf.cs(8708,67): error CS0266: Cannot implicitly convert type `int' to `System.Windows.Forms.DataGridViewContentAlignment'. An explicit conversion exists (are you missing a cast?)
RT_820_360_conf.cs(8709,67): error CS0266: Cannot implicitly convert type `int' to `System.Windows.Forms.DataGridViewContentAlignment'. An explicit conversion exists (are you missing a cast?)
RT_820_360_conf.cs(8752,198): error CS0266: Cannot implicitly convert type `System.Windows.Forms.HorizontalAlignment' to `System.Windows.Forms.DataGridViewContentAlignment'. An explicit conversion exists (are you missing a cast?)
RT_820_360_conf.cs(8846,63): error CS0266: Cannot implicitly convert type `int' to `System.Windows.Forms.DataGridViewContentAlignment'. An explicit conversion exists (are you missing a cast?)
RT_820_360_conf.cs(8847,63): error CS0266: Cannot implicitly convert type `int' to `System.Windows.Forms.DataGridViewContentAlignment'. An explicit conversion exists (are you missing a cast?)
RT_820_360_conf.cs(8848,63): error CS0266: Cannot implicitly convert type `int' to `System.Windows.Forms.DataGridViewContentAlignment'. An explicit conversion exists (are you missing a cast?)
RT_820_360_conf.cs(8849,63): error CS0266: Cannot implicitly convert type `int' to `System.Windows.Forms.DataGridViewContentAlignment'. An explicit conversion exists (are you missing a cast?)
RT_820_360_conf.cs(8850,63): error CS0266: Cannot implicitly convert type `int' to `System.Windows.Forms.DataGridViewContentAlignment'. An explicit conversion exists (are you missing a cast?)
RT_820_360_conf.cs(8851,63): error CS0266: Cannot implicitly convert type `int' to `System.Windows.Forms.DataGridViewContentAlignment'. An explicit conversion exists (are you missing a cast?)
RT_820_360_conf.cs(8852,63): error CS0266: Cannot implicitly convert type `int' to `System.Windows.Forms.DataGridViewContentAlignment'. An explicit conversion exists (are you missing a cast?)
RT_820_360_conf.cs(8853,63): error CS0266: Cannot implicitly convert type `int' to `System.Windows.Forms.DataGridViewContentAlignment'. An explicit conversion exists (are you missing a cast?)
RT_820_360_conf.cs(8854,63): error CS0266: Cannot implicitly convert type `int' to `System.Windows.Forms.DataGridViewContentAlignment'. An explicit conversion exists (are you missing a cast?)
RT_820_360_conf.cs(8855,63): error CS0266: Cannot implicitly convert type `int' to `System.Windows.Forms.DataGridViewContentAlignment'. An explicit conversion exists (are you missing a cast?)
RT_820_360_conf.cs(8856,64): error CS0266: Cannot implicitly convert type `int' to `System.Windows.Forms.DataGridViewContentAlignment'. An explicit conversion exists (are you missing a cast?)
RT_820_360_conf.cs(8857,64): error CS0266: Cannot implicitly convert type `int' to `System.Windows.Forms.DataGridViewContentAlignment'. An explicit conversion exists (are you missing a cast?)
RT_820_360_conf.cs(11202,9): error CS0165: Use of unassigned local variable `num59'
RT_820_360_conf.cs(11188,6): warning CS0162: Unreachable code detected
RT_820_360_conf.cs(11200,5): warning CS0162: Unreachable code detected
RT_820_360_conf.cs(11545,5): error CS0165: Use of unassigned local variable `enumerator'
RT_820_360_conf.cs(13199,9): error CS0165: Use of unassigned local variable `num8'
RT_820_360_conf.cs(13184,6): warning CS0162: Unreachable code detected
RT_820_360_conf.cs(13197,5): warning CS0162: Unreachable code detected
RT_820_360_conf.cs(14458,17): error CS1502: The best overloaded method match for `System.Drawing.Font.Font(string, float, System.Drawing.FontStyle, System.Drawing.GraphicsUnit)' has some invalid arguments
		/usr/lib/mono/4.5-api/System.Drawing.dll (Location of the symbol related to previous error)
RT_820_360_conf.cs(14458,42): error CS1503: Argument `#3' cannot convert `int' expression to type `System.Drawing.FontStyle'
RT_820_360_conf.cs(14460,17): error CS1502: The best overloaded method match for `System.Drawing.Font.Font(string, float, System.Drawing.FontStyle, System.Drawing.GraphicsUnit)' has some invalid arguments
		/usr/lib/mono/4.5-api/System.Drawing.dll (Location of the symbol related to previous error)
RT_820_360_conf.cs(14460,42): error CS1503: Argument `#3' cannot convert `int' expression to type `System.Drawing.FontStyle'
RT_820_360_conf.cs(15174,17): error CS1502: The best overloaded method match for `System.Drawing.Font.Font(string, float, System.Drawing.FontStyle, System.Drawing.GraphicsUnit)' has some invalid arguments
		/usr/lib/mono/4.5-api/System.Drawing.dll (Location of the symbol related to previous error)
RT_820_360_conf.cs(15174,42): error CS1503: Argument `#3' cannot convert `int' expression to type `System.Drawing.FontStyle'
RT_820_360_conf.cs(15176,17): error CS1502: The best overloaded method match for `System.Drawing.Font.Font(string, float, System.Drawing.FontStyle, System.Drawing.GraphicsUnit)' has some invalid arguments
		/usr/lib/mono/4.5-api/System.Drawing.dll (Location of the symbol related to previous error)
RT_820_360_conf.cs(15176,42): error CS1503: Argument `#3' cannot convert `int' expression to type `System.Drawing.FontStyle'
RT_820_360_conf.cs(15265,17): error CS1502: The best overloaded method match for `System.Drawing.Font.Font(string, float, System.Drawing.FontStyle, System.Drawing.GraphicsUnit)' has some invalid arguments
		/usr/lib/mono/4.5-api/System.Drawing.dll (Location of the symbol related to previous error)
RT_820_360_conf.cs(15265,42): error CS1503: Argument `#3' cannot convert `int' expression to type `System.Drawing.FontStyle'
RT_820_360_conf.cs(15267,17): error CS1502: The best overloaded method match for `System.Drawing.Font.Font(string, float, System.Drawing.FontStyle, System.Drawing.GraphicsUnit)' has some invalid arguments
		/usr/lib/mono/4.5-api/System.Drawing.dll (Location of the symbol related to previous error)
RT_820_360_conf.cs(15267,42): error CS1503: Argument `#3' cannot convert `int' expression to type `System.Drawing.FontStyle'
RT_820_360_conf.cs(15520,17): error CS1502: The best overloaded method match for `System.Drawing.Font.Font(string, float, System.Drawing.FontStyle, System.Drawing.GraphicsUnit)' has some invalid arguments
		/usr/lib/mono/4.5-api/System.Drawing.dll (Location of the symbol related to previous error)
RT_820_360_conf.cs(15520,42): error CS1503: Argument `#3' cannot convert `int' expression to type `System.Drawing.FontStyle'
RT_820_360_conf.cs(15522,17): error CS1502: The best overloaded method match for `System.Drawing.Font.Font(string, float, System.Drawing.FontStyle, System.Drawing.GraphicsUnit)' has some invalid arguments
		/usr/lib/mono/4.5-api/System.Drawing.dll (Location of the symbol related to previous error)
RT_820_360_conf.cs(15522,42): error CS1503: Argument `#3' cannot convert `int' expression to type `System.Drawing.FontStyle'
RT_820_360_conf.cs(15669,17): error CS1502: The best overloaded method match for `System.Drawing.Font.Font(string, float, System.Drawing.FontStyle, System.Drawing.GraphicsUnit)' has some invalid arguments
		/usr/lib/mono/4.5-api/System.Drawing.dll (Location of the symbol related to previous error)
RT_820_360_conf.cs(15669,42): error CS1503: Argument `#3' cannot convert `int' expression to type `System.Drawing.FontStyle'
RT_820_360_conf.cs(15671,17): error CS1502: The best overloaded method match for `System.Drawing.Font.Font(string, float, System.Drawing.FontStyle, System.Drawing.GraphicsUnit)' has some invalid arguments
		/usr/lib/mono/4.5-api/System.Drawing.dll (Location of the symbol related to previous error)
RT_820_360_conf.cs(15671,42): error CS1503: Argument `#3' cannot convert `int' expression to type `System.Drawing.FontStyle'
RT_820_360_conf.cs(15756,17): error CS1502: The best overloaded method match for `System.Drawing.Font.Font(string, float, System.Drawing.FontStyle, System.Drawing.GraphicsUnit)' has some invalid arguments
		/usr/lib/mono/4.5-api/System.Drawing.dll (Location of the symbol related to previous error)
RT_820_360_conf.cs(15756,42): error CS1503: Argument `#3' cannot convert `int' expression to type `System.Drawing.FontStyle'
RT_820_360_conf.cs(15758,17): error CS1502: The best overloaded method match for `System.Drawing.Font.Font(string, float, System.Drawing.FontStyle, System.Drawing.GraphicsUnit)' has some invalid arguments
		/usr/lib/mono/4.5-api/System.Drawing.dll (Location of the symbol related to previous error)
RT_820_360_conf.cs(15758,42): error CS1503: Argument `#3' cannot convert `int' expression to type `System.Drawing.FontStyle'
RT_820_360_conf.cs(16081,17): error CS1502: The best overloaded method match for `System.Drawing.Font.Font(string, float, System.Drawing.FontStyle, System.Drawing.GraphicsUnit)' has some invalid arguments
		/usr/lib/mono/4.5-api/System.Drawing.dll (Location of the symbol related to previous error)
RT_820_360_conf.cs(16081,42): error CS1503: Argument `#3' cannot convert `int' expression to type `System.Drawing.FontStyle'
RT_820_360_conf.cs(16083,17): error CS1502: The best overloaded method match for `System.Drawing.Font.Font(string, float, System.Drawing.FontStyle, System.Drawing.GraphicsUnit)' has some invalid arguments
		/usr/lib/mono/4.5-api/System.Drawing.dll (Location of the symbol related to previous error)
RT_820_360_conf.cs(16083,42): error CS1503: Argument `#3' cannot convert `int' expression to type `System.Drawing.FontStyle'
RT_820_360_conf.cs(16216,17): error CS1502: The best overloaded method match for `System.Drawing.Font.Font(string, float, System.Drawing.FontStyle, System.Drawing.GraphicsUnit)' has some invalid arguments
		/usr/lib/mono/4.5-api/System.Drawing.dll (Location of the symbol related to previous error)
RT_820_360_conf.cs(16216,42): error CS1503: Argument `#3' cannot convert `int' expression to type `System.Drawing.FontStyle'
RT_820_360_conf.cs(16218,17): error CS1502: The best overloaded method match for `System.Drawing.Font.Font(string, float, System.Drawing.FontStyle, System.Drawing.GraphicsUnit)' has some invalid arguments
		/usr/lib/mono/4.5-api/System.Drawing.dll (Location of the symbol related to previous error)
RT_820_360_conf.cs(16218,42): error CS1503: Argument `#3' cannot convert `int' expression to type `System.Drawing.FontStyle'
RT_820_360_conf.cs(16395,17): error CS1502: The best overloaded method match for `System.Drawing.Font.Font(string, float, System.Drawing.FontStyle, System.Drawing.GraphicsUnit)' has some invalid arguments
		/usr/lib/mono/4.5-api/System.Drawing.dll (Location of the symbol related to previous error)
RT_820_360_conf.cs(16395,42): error CS1503: Argument `#3' cannot convert `int' expression to type `System.Drawing.FontStyle'
RT_820_360_conf.cs(16397,17): error CS1502: The best overloaded method match for `System.Drawing.Font.Font(string, float, System.Drawing.FontStyle, System.Drawing.GraphicsUnit)' has some invalid arguments
		/usr/lib/mono/4.5-api/System.Drawing.dll (Location of the symbol related to previous error)
RT_820_360_conf.cs(16397,42): error CS1503: Argument `#3' cannot convert `int' expression to type `System.Drawing.FontStyle'
RT_820_360_conf.cs(16712,17): error CS1502: The best overloaded method match for `System.Drawing.Font.Font(string, float, System.Drawing.FontStyle, System.Drawing.GraphicsUnit)' has some invalid arguments
		/usr/lib/mono/4.5-api/System.Drawing.dll (Location of the symbol related to previous error)
RT_820_360_conf.cs(16712,42): error CS1503: Argument `#3' cannot convert `int' expression to type `System.Drawing.FontStyle'
RT_820_360_conf.cs(16714,17): error CS1502: The best overloaded method match for `System.Drawing.Font.Font(string, float, System.Drawing.FontStyle, System.Drawing.GraphicsUnit)' has some invalid arguments
		/usr/lib/mono/4.5-api/System.Drawing.dll (Location of the symbol related to previous error)
RT_820_360_conf.cs(16714,42): error CS1503: Argument `#3' cannot convert `int' expression to type `System.Drawing.FontStyle'
RT_820_360_conf.cs(17130,45): error CS0165: Use of unassigned local variable `flag'
RT_820_360_conf.cs(17348,84): error CS0165: Use of unassigned local variable `valor'
RT_820_360_conf.cs(17349,85): error CS0165: Use of unassigned local variable `num'
RT_820_360_conf.cs(17353,83): error CS0165: Use of unassigned local variable `valor'
RT_820_360_conf.cs(17354,84): error CS0165: Use of unassigned local variable `num'
RT_820_360_conf.cs(17358,83): error CS0165: Use of unassigned local variable `valor'
RT_820_360_conf.cs(17359,84): error CS0165: Use of unassigned local variable `num'
RT_820_360_conf.cs(17363,81): error CS0165: Use of unassigned local variable `valor'
RT_820_360_conf.cs(17364,82): error CS0165: Use of unassigned local variable `num'
RT_820_360_conf.cs(17368,80): error CS0165: Use of unassigned local variable `valor'
RT_820_360_conf.cs(17369,81): error CS0165: Use of unassigned local variable `num'
RT_820_360_conf.cs(17424,71): error CS0165: Use of unassigned local variable `valor'
RT_820_360_conf.cs(17425,72): error CS0165: Use of unassigned local variable `num'
RT_820_360_conf.cs(17429,70): error CS0165: Use of unassigned local variable `valor'
RT_820_360_conf.cs(17430,71): error CS0165: Use of unassigned local variable `num'
RT_820_360_conf.cs(17434,70): error CS0165: Use of unassigned local variable `valor'
RT_820_360_conf.cs(17435,71): error CS0165: Use of unassigned local variable `num'
RT_820_360_conf.cs(17439,73): error CS0165: Use of unassigned local variable `valor'
RT_820_360_conf.cs(17440,74): error CS0165: Use of unassigned local variable `num'
RT_820_360_conf.cs(17444,72): error CS0165: Use of unassigned local variable `valor'
RT_820_360_conf.cs(17445,73): error CS0165: Use of unassigned local variable `num'
RT_820_360_conf.cs(18074,71): error CS0165: Use of unassigned local variable `valor'
RT_820_360_conf.cs(18075,72): error CS0165: Use of unassigned local variable `num'
RT_820_360_conf.cs(18079,70): error CS0165: Use of unassigned local variable `valor'
RT_820_360_conf.cs(18080,71): error CS0165: Use of unassigned local variable `num'
RT_820_360_conf.cs(18084,70): error CS0165: Use of unassigned local variable `valor'
RT_820_360_conf.cs(18085,71): error CS0165: Use of unassigned local variable `num'
RT_820_360_conf.cs(18089,73): error CS0165: Use of unassigned local variable `valor'
RT_820_360_conf.cs(18090,74): error CS0165: Use of unassigned local variable `num'
RT_820_360_conf.cs(18094,72): error CS0165: Use of unassigned local variable `valor'
RT_820_360_conf.cs(18095,73): error CS0165: Use of unassigned local variable `num'
RT_820_360_conf.cs(19178,71): error CS0165: Use of unassigned local variable `valor'
RT_820_360_conf.cs(19179,72): error CS0165: Use of unassigned local variable `num'
RT_820_360_conf.cs(19183,70): error CS0165: Use of unassigned local variable `valor'
RT_820_360_conf.cs(19184,71): error CS0165: Use of unassigned local variable `num'
RT_820_360_conf.cs(19188,70): error CS0165: Use of unassigned local variable `valor'
RT_820_360_conf.cs(19189,71): error CS0165: Use of unassigned local variable `num'
RT_820_360_conf.cs(19193,73): error CS0165: Use of unassigned local variable `valor'
RT_820_360_conf.cs(19194,74): error CS0165: Use of unassigned local variable `num'
RT_820_360_conf.cs(19198,72): error CS0165: Use of unassigned local variable `valor'
RT_820_360_conf.cs(19199,73): error CS0165: Use of unassigned local variable `num'
RT_820_360_conf.cs(19278,71): error CS0165: Use of unassigned local variable `valor'
RT_820_360_conf.cs(19279,72): error CS0165: Use of unassigned local variable `num'
RT_820_360_conf.cs(19283,70): error CS0165: Use of unassigned local variable `valor'
RT_820_360_conf.cs(19284,71): error CS0165: Use of unassigned local variable `num'
RT_820_360_conf.cs(19288,70): error CS0165: Use of unassigned local variable `valor'
RT_820_360_conf.cs(19289,71): error CS0165: Use of unassigned local variable `num'
RT_820_360_conf.cs(19293,73): error CS0165: Use of unassigned local variable `valor'
RT_820_360_conf.cs(19294,74): error CS0165: Use of unassigned local variable `num'
RT_820_360_conf.cs(19298,72): error CS0165: Use of unassigned local variable `valor'
RT_820_360_conf.cs(19299,73): error CS0165: Use of unassigned local variable `num'
RT_820_360_conf.Designer.cs(1292,174): error CS0266: Cannot implicitly convert type `System.Windows.Forms.HorizontalAlignment' to `System.Windows.Forms.DataGridViewContentAlignment'. An explicit conversion exists (are you missing a cast?)
RT_820_360_conf.Designer.cs(1300,63): error CS0266: Cannot implicitly convert type `int' to `System.Windows.Forms.DataGridViewColumnHeadersHeightSizeMode'. An explicit conversion exists (are you missing a cast?)
RT_820_360_conf.Designer.cs(1301,174): error CS0266: Cannot implicitly convert type `System.Windows.Forms.HorizontalAlignment' to `System.Windows.Forms.DataGridViewContentAlignment'. An explicit conversion exists (are you missing a cast?)
RT_820_360_conf.Designer.cs(1313,174): error CS0266: Cannot implicitly convert type `System.Windows.Forms.HorizontalAlignment' to `System.Windows.Forms.DataGridViewContentAlignment'. An explicit conversion exists (are you missing a cast?)
RT_820_360_conf.Designer.cs(1342,174): error CS0266: Cannot implicitly convert type `System.Windows.Forms.HorizontalAlignment' to `System.Windows.Forms.DataGridViewContentAlignment'. An explicit conversion exists (are you missing a cast?)
RT_820_360_conf.Designer.cs(1350,65): error CS0266: Cannot implicitly convert type `int' to `System.Windows.Forms.DataGridViewColumnHeadersHeightSizeMode'. An explicit conversion exists (are you missing a cast?)
RT_820_360_conf.Designer.cs(1351,174): error CS0266: Cannot implicitly convert type `System.Windows.Forms.HorizontalAlignment' to `System.Windows.Forms.DataGridViewContentAlignment'. An explicit conversion exists (are you missing a cast?)
RT_820_360_conf.Designer.cs(1363,174): error CS0266: Cannot implicitly convert type `System.Windows.Forms.HorizontalAlignment' to `System.Windows.Forms.DataGridViewContentAlignment'. An explicit conversion exists (are you missing a cast?)
RT_820_360_conf.Designer.cs(1411,175): error CS0266: Cannot implicitly convert type `System.Windows.Forms.HorizontalAlignment' to `System.Windows.Forms.DataGridViewContentAlignment'. An explicit conversion exists (are you missing a cast?)
RT_820_360_conf.Designer.cs(1419,70): error CS0266: Cannot implicitly convert type `int' to `System.Windows.Forms.DataGridViewColumnHeadersHeightSizeMode'. An explicit conversion exists (are you missing a cast?)
RT_820_360_conf.Designer.cs(1420,175): error CS0266: Cannot implicitly convert type `System.Windows.Forms.HorizontalAlignment' to `System.Windows.Forms.DataGridViewContentAlignment'. An explicit conversion exists (are you missing a cast?)
RT_820_360_conf.Designer.cs(1431,175): error CS0266: Cannot implicitly convert type `System.Windows.Forms.HorizontalAlignment' to `System.Windows.Forms.DataGridViewContentAlignment'. An explicit conversion exists (are you missing a cast?)
RT_820_360_conf.Designer.cs(1716,175): error CS0266: Cannot implicitly convert type `System.Windows.Forms.HorizontalAlignment' to `System.Windows.Forms.DataGridViewContentAlignment'. An explicit conversion exists (are you missing a cast?)
RT_820_360_conf.Designer.cs(1724,61): error CS0266: Cannot implicitly convert type `int' to `System.Windows.Forms.DataGridViewColumnHeadersHeightSizeMode'. An explicit conversion exists (are you missing a cast?)
RT_820_360_conf.Designer.cs(1725,175): error CS0266: Cannot implicitly convert type `System.Windows.Forms.HorizontalAlignment' to `System.Windows.Forms.DataGridViewContentAlignment'. An explicit conversion exists (are you missing a cast?)
RT_820_360_conf.Designer.cs(1736,175): error CS0266: Cannot implicitly convert type `System.Windows.Forms.HorizontalAlignment' to `System.Windows.Forms.DataGridViewContentAlignment'. An explicit conversion exists (are you missing a cast?)
RT_820_360_conf.Designer.cs(1826,47): error CS0266: Cannot implicitly convert type `int' to `System.Windows.Forms.DataGridViewColumnHeadersHeightSizeMode'. An explicit conversion exists (are you missing a cast?)
RT_820_360_conf.Designer.cs(1889,175): error CS0266: Cannot implicitly convert type `System.Windows.Forms.HorizontalAlignment' to `System.Windows.Forms.DataGridViewContentAlignment'. An explicit conversion exists (are you missing a cast?)
RT_820_360_conf.Designer.cs(1897,66): error CS0266: Cannot implicitly convert type `int' to `System.Windows.Forms.DataGridViewColumnHeadersHeightSizeMode'. An explicit conversion exists (are you missing a cast?)
RT_820_360_conf.Designer.cs(1898,175): error CS0266: Cannot implicitly convert type `System.Windows.Forms.HorizontalAlignment' to `System.Windows.Forms.DataGridViewContentAlignment'. An explicit conversion exists (are you missing a cast?)
RT_820_360_conf.Designer.cs(1909,175): error CS0266: Cannot implicitly convert type `System.Windows.Forms.HorizontalAlignment' to `System.Windows.Forms.DataGridViewContentAlignment'. An explicit conversion exists (are you missing a cast?)
RT_820_360_conf.Designer.cs(2465,175): error CS0266: Cannot implicitly convert type `System.Windows.Forms.HorizontalAlignment' to `System.Windows.Forms.DataGridViewContentAlignment'. An explicit conversion exists (are you missing a cast?)
RT_820_360_conf.Designer.cs(2473,65): error CS0266: Cannot implicitly convert type `int' to `System.Windows.Forms.DataGridViewColumnHeadersHeightSizeMode'. An explicit conversion exists (are you missing a cast?)
RT_820_360_conf.Designer.cs(2474,175): error CS0266: Cannot implicitly convert type `System.Windows.Forms.HorizontalAlignment' to `System.Windows.Forms.DataGridViewContentAlignment'. An explicit conversion exists (are you missing a cast?)
RT_820_360_conf.Designer.cs(2485,175): error CS0266: Cannot implicitly convert type `System.Windows.Forms.HorizontalAlignment' to `System.Windows.Forms.DataGridViewContentAlignment'. An explicit conversion exists (are you missing a cast?)
RT_820_360_conf.Designer.cs(2493,61): error CS0266: Cannot implicitly convert type `int' to `System.Windows.Forms.DataGridViewRowHeadersWidthSizeMode'. An explicit conversion exists (are you missing a cast?)
RT_820_360_conf.Designer.cs(2516,175): error CS0266: Cannot implicitly convert type `System.Windows.Forms.HorizontalAlignment' to `System.Windows.Forms.DataGridViewContentAlignment'. An explicit conversion exists (are you missing a cast?)
RT_820_360_conf.Designer.cs(2524,65): error CS0266: Cannot implicitly convert type `int' to `System.Windows.Forms.DataGridViewColumnHeadersHeightSizeMode'. An explicit conversion exists (are you missing a cast?)
RT_820_360_conf.Designer.cs(2525,175): error CS0266: Cannot implicitly convert type `System.Windows.Forms.HorizontalAlignment' to `System.Windows.Forms.DataGridViewContentAlignment'. An explicit conversion exists (are you missing a cast?)
RT_820_360_conf.Designer.cs(2536,175): error CS0266: Cannot implicitly convert type `System.Windows.Forms.HorizontalAlignment' to `System.Windows.Forms.DataGridViewContentAlignment'. An explicit conversion exists (are you missing a cast?)
RT_820_360_conf.Designer.cs(2544,61): error CS0266: Cannot implicitly convert type `int' to `System.Windows.Forms.DataGridViewRowHeadersWidthSizeMode'. An explicit conversion exists (are you missing a cast?)
RT_820_360_conf.Designer.cs(2590,175): error CS0266: Cannot implicitly convert type `System.Windows.Forms.HorizontalAlignment' to `System.Windows.Forms.DataGridViewContentAlignment'. An explicit conversion exists (are you missing a cast?)
RT_820_360_conf.Designer.cs(2598,83): error CS0266: Cannot implicitly convert type `int' to `System.Windows.Forms.DataGridViewColumnHeadersHeightSizeMode'. An explicit conversion exists (are you missing a cast?)
RT_820_360_conf.Designer.cs(2599,175): error CS0266: Cannot implicitly convert type `System.Windows.Forms.HorizontalAlignment' to `System.Windows.Forms.DataGridViewContentAlignment'. An explicit conversion exists (are you missing a cast?)
RT_820_360_conf.Designer.cs(2610,175): error CS0266: Cannot implicitly convert type `System.Windows.Forms.HorizontalAlignment' to `System.Windows.Forms.DataGridViewContentAlignment'. An explicit conversion exists (are you missing a cast?)
RT_820_360_conf.Designer.cs(2639,175): error CS0266: Cannot implicitly convert type `System.Windows.Forms.HorizontalAlignment' to `System.Windows.Forms.DataGridViewContentAlignment'. An explicit conversion exists (are you missing a cast?)
RT_820_360_conf.Designer.cs(2647,70): error CS0266: Cannot implicitly convert type `int' to `System.Windows.Forms.DataGridViewColumnHeadersHeightSizeMode'. An explicit conversion exists (are you missing a cast?)
RT_820_360_conf.Designer.cs(2648,175): error CS0266: Cannot implicitly convert type `System.Windows.Forms.HorizontalAlignment' to `System.Windows.Forms.DataGridViewContentAlignment'. An explicit conversion exists (are you missing a cast?)
RT_820_360_conf.Designer.cs(2659,175): error CS0266: Cannot implicitly convert type `System.Windows.Forms.HorizontalAlignment' to `System.Windows.Forms.DataGridViewContentAlignment'. An explicit conversion exists (are you missing a cast?)
RT_820_360_conf.Designer.cs(2698,71): error CS0266: Cannot implicitly convert type `int' to `System.Windows.Forms.DataGridViewColumnHeadersHeightSizeMode'. An explicit conversion exists (are you missing a cast?)
RT_820_360_conf.Designer.cs(2702,67): error CS0266: Cannot implicitly convert type `int' to `System.Windows.Forms.DataGridViewRowHeadersWidthSizeMode'. An explicit conversion exists (are you missing a cast?)
RT_820_360_conf.Designer.cs(2735,175): error CS0266: Cannot implicitly convert type `System.Windows.Forms.HorizontalAlignment' to `System.Windows.Forms.DataGridViewContentAlignment'. An explicit conversion exists (are you missing a cast?)
RT_820_360_conf.Designer.cs(2743,53): error CS0266: Cannot implicitly convert type `int' to `System.Windows.Forms.DataGridViewColumnHeadersHeightSizeMode'. An explicit conversion exists (are you missing a cast?)
RT_820_360_conf.Designer.cs(2744,175): error CS0266: Cannot implicitly convert type `System.Windows.Forms.HorizontalAlignment' to `System.Windows.Forms.DataGridViewContentAlignment'. An explicit conversion exists (are you missing a cast?)
RT_820_360_conf.Designer.cs(2755,175): error CS0266: Cannot implicitly convert type `System.Windows.Forms.HorizontalAlignment' to `System.Windows.Forms.DataGridViewContentAlignment'. An explicit conversion exists (are you missing a cast?)
RT_820_360_conf.Designer.cs(2774,175): error CS0266: Cannot implicitly convert type `System.Windows.Forms.HorizontalAlignment' to `System.Windows.Forms.DataGridViewContentAlignment'. An explicit conversion exists (are you missing a cast?)
RT_820_360_conf.Designer.cs(2782,70): error CS0266: Cannot implicitly convert type `int' to `System.Windows.Forms.DataGridViewColumnHeadersHeightSizeMode'. An explicit conversion exists (are you missing a cast?)
RT_820_360_conf.Designer.cs(2783,175): error CS0266: Cannot implicitly convert type `System.Windows.Forms.HorizontalAlignment' to `System.Windows.Forms.DataGridViewContentAlignment'. An explicit conversion exists (are you missing a cast?)
RT_820_360_conf.Designer.cs(2794,175): error CS0266: Cannot implicitly convert type `System.Windows.Forms.HorizontalAlignment' to `System.Windows.Forms.DataGridViewContentAlignment'. An explicit conversion exists (are you missing a cast?)
RT_820_360_conf.Designer.cs(2845,62): error CS0266: Cannot implicitly convert type `int' to `System.Windows.Forms.DataGridViewColumnHeadersHeightSizeMode'. An explicit conversion exists (are you missing a cast?)
RT_820_360_conf.Designer.cs(2862,61): error CS0266: Cannot implicitly convert type `int' to `System.Windows.Forms.DataGridViewColumnHeadersHeightSizeMode'. An explicit conversion exists (are you missing a cast?)
RT_820_360_conf.Designer.cs(2866,57): error CS0266: Cannot implicitly convert type `int' to `System.Windows.Forms.DataGridViewRowHeadersWidthSizeMode'. An explicit conversion exists (are you missing a cast?)
RT_820_360_conf.Designer.cs(2885,52): error CS0266: Cannot implicitly convert type `int' to `System.Windows.Forms.DataGridViewColumnHeadersHeightSizeMode'. An explicit conversion exists (are you missing a cast?)
RT_820_360_conf.Designer.cs(2889,48): error CS0266: Cannot implicitly convert type `int' to `System.Windows.Forms.DataGridViewRowHeadersWidthSizeMode'. An explicit conversion exists (are you missing a cast?)
RT_820_360_conf.Designer.cs(2927,62): error CS0266: Cannot implicitly convert type `int' to `System.Windows.Forms.DataGridViewColumnHeadersHeightSizeMode'. An explicit conversion exists (are you missing a cast?)
RT_820_360_conf.Designer.cs(2941,175): error CS0266: Cannot implicitly convert type `System.Windows.Forms.HorizontalAlignment' to `System.Windows.Forms.DataGridViewContentAlignment'. An explicit conversion exists (are you missing a cast?)
RT_820_360_conf.Designer.cs(2949,61): error CS0266: Cannot implicitly convert type `int' to `System.Windows.Forms.DataGridViewColumnHeadersHeightSizeMode'. An explicit conversion exists (are you missing a cast?)
RT_820_360_conf.Designer.cs(2950,175): error CS0266: Cannot implicitly convert type `System.Windows.Forms.HorizontalAlignment' to `System.Windows.Forms.DataGridViewContentAlignment'. An explicit conversion exists (are you missing a cast?)
RT_820_360_conf.Designer.cs(2961,175): error CS0266: Cannot implicitly convert type `System.Windows.Forms.HorizontalAlignment' to `System.Windows.Forms.DataGridViewContentAlignment'. An explicit conversion exists (are you missing a cast?)
RT_820_360_conf.Designer.cs(2969,57): error CS0266: Cannot implicitly convert type `int' to `System.Windows.Forms.DataGridViewRowHeadersWidthSizeMode'. An explicit conversion exists (are you missing a cast?)
RT_820_360_conf.Designer.cs(2979,52): error CS0266: Cannot implicitly convert type `int' to `System.Windows.Forms.DataGridViewColumnHeadersHeightSizeMode'. An explicit conversion exists (are you missing a cast?)
RT_820_360_conf.Designer.cs(2983,48): error CS0266: Cannot implicitly convert type `int' to `System.Windows.Forms.DataGridViewRowHeadersWidthSizeMode'. An explicit conversion exists (are you missing a cast?)
RT_820_360_conf.Designer.cs(3027,62): error CS0266: Cannot implicitly convert type `int' to `System.Windows.Forms.DataGridViewColumnHeadersHeightSizeMode'. An explicit conversion exists (are you missing a cast?)
RT_820_360_conf.Designer.cs(3044,61): error CS0266: Cannot implicitly convert type `int' to `System.Windows.Forms.DataGridViewColumnHeadersHeightSizeMode'. An explicit conversion exists (are you missing a cast?)
RT_820_360_conf.Designer.cs(3048,57): error CS0266: Cannot implicitly convert type `int' to `System.Windows.Forms.DataGridViewRowHeadersWidthSizeMode'. An explicit conversion exists (are you missing a cast?)
RT_820_360_conf.Designer.cs(3067,52): error CS0266: Cannot implicitly convert type `int' to `System.Windows.Forms.DataGridViewColumnHeadersHeightSizeMode'. An explicit conversion exists (are you missing a cast?)
RT_820_360_conf.Designer.cs(3071,48): error CS0266: Cannot implicitly convert type `int' to `System.Windows.Forms.DataGridViewRowHeadersWidthSizeMode'. An explicit conversion exists (are you missing a cast?)
RT_820_360_conf.Designer.cs(3109,62): error CS0266: Cannot implicitly convert type `int' to `System.Windows.Forms.DataGridViewColumnHeadersHeightSizeMode'. An explicit conversion exists (are you missing a cast?)
RT_820_360_conf.Designer.cs(3123,175): error CS0266: Cannot implicitly convert type `System.Windows.Forms.HorizontalAlignment' to `System.Windows.Forms.DataGridViewContentAlignment'. An explicit conversion exists (are you missing a cast?)
RT_820_360_conf.Designer.cs(3131,61): error CS0266: Cannot implicitly convert type `int' to `System.Windows.Forms.DataGridViewColumnHeadersHeightSizeMode'. An explicit conversion exists (are you missing a cast?)
RT_820_360_conf.Designer.cs(3132,175): error CS0266: Cannot implicitly convert type `System.Windows.Forms.HorizontalAlignment' to `System.Windows.Forms.DataGridViewContentAlignment'. An explicit conversion exists (are you missing a cast?)
RT_820_360_conf.Designer.cs(3143,175): error CS0266: Cannot implicitly convert type `System.Windows.Forms.HorizontalAlignment' to `System.Windows.Forms.DataGridViewContentAlignment'. An explicit conversion exists (are you missing a cast?)
RT_820_360_conf.Designer.cs(3151,57): error CS0266: Cannot implicitly convert type `int' to `System.Windows.Forms.DataGridViewRowHeadersWidthSizeMode'. An explicit conversion exists (are you missing a cast?)
RT_820_360_conf.Designer.cs(3161,52): error CS0266: Cannot implicitly convert type `int' to `System.Windows.Forms.DataGridViewColumnHeadersHeightSizeMode'. An explicit conversion exists (are you missing a cast?)
RT_820_360_conf.Designer.cs(3165,48): error CS0266: Cannot implicitly convert type `int' to `System.Windows.Forms.DataGridViewRowHeadersWidthSizeMode'. An explicit conversion exists (are you missing a cast?)
RT_820_360_conf.Designer.cs(3199,175): error CS0266: Cannot implicitly convert type `System.Windows.Forms.HorizontalAlignment' to `System.Windows.Forms.DataGridViewContentAlignment'. An explicit conversion exists (are you missing a cast?)
RT_820_360_conf.Designer.cs(3207,66): error CS0266: Cannot implicitly convert type `int' to `System.Windows.Forms.DataGridViewColumnHeadersHeightSizeMode'. An explicit conversion exists (are you missing a cast?)
RT_820_360_conf.Designer.cs(3208,175): error CS0266: Cannot implicitly convert type `System.Windows.Forms.HorizontalAlignment' to `System.Windows.Forms.DataGridViewContentAlignment'. An explicit conversion exists (are you missing a cast?)
RT_820_360_conf.Designer.cs(3219,175): error CS0266: Cannot implicitly convert type `System.Windows.Forms.HorizontalAlignment' to `System.Windows.Forms.DataGridViewContentAlignment'. An explicit conversion exists (are you missing a cast?)
RT_820_360_conf.Designer.cs(3364,175): error CS0266: Cannot implicitly convert type `System.Windows.Forms.HorizontalAlignment' to `System.Windows.Forms.DataGridViewContentAlignment'. An explicit conversion exists (are you missing a cast?)
RT_820_360_conf.Designer.cs(3372,53): error CS0266: Cannot implicitly convert type `int' to `System.Windows.Forms.DataGridViewColumnHeadersHeightSizeMode'. An explicit conversion exists (are you missing a cast?)
RT_820_360_conf.Designer.cs(3382,175): error CS0266: Cannot implicitly convert type `System.Windows.Forms.HorizontalAlignment' to `System.Windows.Forms.DataGridViewContentAlignment'. An explicit conversion exists (are you missing a cast?)
RT_820_360_conf.Designer.cs(3393,175): error CS0266: Cannot implicitly convert type `System.Windows.Forms.HorizontalAlignment' to `System.Windows.Forms.DataGridViewContentAlignment'. An explicit conversion exists (are you missing a cast?)
RT_820_360_conf.Designer.cs(3408,175): error CS0266: Cannot implicitly convert type `System.Windows.Forms.HorizontalAlignment' to `System.Windows.Forms.DataGridViewContentAlignment'. An explicit conversion exists (are you missing a cast?)
RT_820_360_conf.Designer.cs(3440,175): error CS0266: Cannot implicitly convert type `System.Windows.Forms.HorizontalAlignment' to `System.Windows.Forms.DataGridViewContentAlignment'. An explicit conversion exists (are you missing a cast?)
RT_820_360_conf.Designer.cs(3448,64): error CS0266: Cannot implicitly convert type `int' to `System.Windows.Forms.DataGridViewColumnHeadersHeightSizeMode'. An explicit conversion exists (are you missing a cast?)
RT_820_360_conf.Designer.cs(3449,175): error CS0266: Cannot implicitly convert type `System.Windows.Forms.HorizontalAlignment' to `System.Windows.Forms.DataGridViewContentAlignment'. An explicit conversion exists (are you missing a cast?)
RT_820_360_conf.Designer.cs(3460,175): error CS0266: Cannot implicitly convert type `System.Windows.Forms.HorizontalAlignment' to `System.Windows.Forms.DataGridViewContentAlignment'. An explicit conversion exists (are you missing a cast?)
RT_820_360_conf.Designer.cs(3927,107): error CS0266: Cannot implicitly convert type `System.Windows.Forms.DataGridViewContentAlignment' to `System.Windows.Forms.HorizontalAlignment'. An explicit conversion exists (are you missing a cast?)
RT_820_400_SA_CALIB.cs(528,15): error CS1502: The best overloaded method match for `iS800.Mod_MD.Leitura_pagina(int, int, int)' has some invalid arguments
		Mod_MD.cs(3857,36): (Location of the symbol related to previous error)
RT_820_400_SA_CALIB.cs(528,50): error CS1503: Argument `#3' cannot convert `Microsoft.VisualBasic.OpenMode' expression to type `int'
RT_820_400_SA_CALIB.cs(591,20): error CS1502: The best overloaded method match for `iS800.RT_820_400_SA_CALIB.Leitura_ContanteCalibracao(int, int, int)' has some invalid arguments
		RT_820_400_SA_CALIB.cs(505,15): (Location of the symbol related to previous error)
RT_820_400_SA_CALIB.cs(591,105): error CS1503: Argument `#3' cannot convert `Microsoft.VisualBasic.OpenMode' expression to type `int'
RT_820_400_SA_CALIB.cs(613,17): error CS1502: The best overloaded method match for `iS800.Mod_MD.Escrita_pagina_RT(int, int, int)' has some invalid arguments
		Mod_MD.cs(2630,36): (Location of the symbol related to previous error)
RT_820_400_SA_CALIB.cs(613,67): error CS1503: Argument `#3' cannot convert `Microsoft.VisualBasic.OpenMode' expression to type `int'
RT_820_400_SA_CALIB.cs(627,20): error CS1502: The best overloaded method match for `iS800.RT_820_400_SA_CALIB.Leitura_ContanteCalibracao(int, int, int)' has some invalid arguments
		RT_820_400_SA_CALIB.cs(505,15): (Location of the symbol related to previous error)
RT_820_400_SA_CALIB.cs(627,103): error CS1503: Argument `#3' cannot convert `Microsoft.VisualBasic.OpenMode' expression to type `int'
RT_820_400_SA_CALIB.cs(707,35): error CS0165: Use of unassigned local variable `numero_pagina'
RT_820_conf.cs(3874,181): error CS0266: Cannot implicitly convert type `System.Windows.Forms.HorizontalAlignment' to `System.Windows.Forms.DataGridViewContentAlignment'. An explicit conversion exists (are you missing a cast?)
RT_820_conf.cs(4345,67): error CS0266: Cannot implicitly convert type `int' to `System.Windows.Forms.DataGridViewContentAlignment'. An explicit conversion exists (are you missing a cast?)
RT_820_conf.cs(4346,67): error CS0266: Cannot implicitly convert type `int' to `System.Windows.Forms.DataGridViewContentAlignment'. An explicit conversion exists (are you missing a cast?)
RT_820_conf.cs(4347,67): error CS0266: Cannot implicitly convert type `int' to `System.Windows.Forms.DataGridViewContentAlignment'. An explicit conversion exists (are you missing a cast?)
RT_820_conf.cs(4348,67): error CS0266: Cannot implicitly convert type `int' to `System.Windows.Forms.DataGridViewContentAlignment'. An explicit conversion exists (are you missing a cast?)
RT_820_conf.cs(4349,67): error CS0266: Cannot implicitly convert type `int' to `System.Windows.Forms.DataGridViewContentAlignment'. An explicit conversion exists (are you missing a cast?)
RT_820_conf.cs(4350,67): error CS0266: Cannot implicitly convert type `int' to `System.Windows.Forms.DataGridViewContentAlignment'. An explicit conversion exists (are you missing a cast?)
RT_820_conf.cs(4351,67): error CS0266: Cannot implicitly convert type `int' to `System.Windows.Forms.DataGridViewContentAlignment'. An explicit conversion exists (are you missing a cast?)
RT_820_conf.cs(4352,67): error CS0266: Cannot implicitly convert type `int' to `System.Windows.Forms.DataGridViewContentAlignment'. An explicit conversion exists (are you missing a cast?)
RT_820_conf.cs(4353,67): error CS0266: Cannot implicitly convert type `int' to `System.Windows.Forms.DataGridViewContentAlignment'. An explicit conversion exists (are you missing a cast?)
RT_820_conf.cs(4354,67): error CS0266: Cannot implicitly convert type `int' to `System.Windows.Forms.DataGridViewContentAlignment'. An explicit conversion exists (are you missing a cast?)
RT_820_conf.cs(4355,68): error CS0266: Cannot implicitly convert type `int' to `System.Windows.Forms.DataGridViewContentAlignment'. An explicit conversion exists (are you missing a cast?)
RT_820_conf.cs(4356,68): error CS0266: Cannot implicitly convert type `int' to `System.Windows.Forms.DataGridViewContentAlignment'. An explicit conversion exists (are you missing a cast?)
RT_820_conf.cs(4357,68): error CS0266: Cannot implicitly convert type `int' to `System.Windows.Forms.DataGridViewContentAlignment'. An explicit conversion exists (are you missing a cast?)
RT_820_conf.cs(4358,68): error CS0266: Cannot implicitly convert type `int' to `System.Windows.Forms.DataGridViewContentAlignment'. An explicit conversion exists (are you missing a cast?)
RT_820_conf.cs(4569,64): error CS0266: Cannot implicitly convert type `int' to `System.Windows.Forms.DataGridViewContentAlignment'. An explicit conversion exists (are you missing a cast?)
RT_820_conf.cs(4570,64): error CS0266: Cannot implicitly convert type `int' to `System.Windows.Forms.DataGridViewContentAlignment'. An explicit conversion exists (are you missing a cast?)
RT_820_conf.cs(4647,59): error CS0266: Cannot implicitly convert type `int' to `System.Windows.Forms.DataGridViewContentAlignment'. An explicit conversion exists (are you missing a cast?)
RT_820_conf.cs(4648,59): error CS0266: Cannot implicitly convert type `int' to `System.Windows.Forms.DataGridViewContentAlignment'. An explicit conversion exists (are you missing a cast?)
RT_820_conf.cs(4649,59): error CS0266: Cannot implicitly convert type `int' to `System.Windows.Forms.DataGridViewContentAlignment'. An explicit conversion exists (are you missing a cast?)
RT_820_conf.cs(4660,203): error CS0266: Cannot implicitly convert type `System.Windows.Forms.HorizontalAlignment' to `System.Windows.Forms.DataGridViewContentAlignment'. An explicit conversion exists (are you missing a cast?)
RT_820_conf.cs(4713,200): error CS0266: Cannot implicitly convert type `System.Windows.Forms.HorizontalAlignment' to `System.Windows.Forms.DataGridViewContentAlignment'. An explicit conversion exists (are you missing a cast?)
RT_820_conf.cs(4806,69): error CS0266: Cannot implicitly convert type `int' to `System.Windows.Forms.DataGridViewContentAlignment'. An explicit conversion exists (are you missing a cast?)
RT_820_conf.cs(4807,69): error CS0266: Cannot implicitly convert type `int' to `System.Windows.Forms.DataGridViewContentAlignment'. An explicit conversion exists (are you missing a cast?)
RT_820_conf.cs(4870,78): error CS0266: Cannot implicitly convert type `int' to `System.Windows.Forms.DataGridViewContentAlignment'. An explicit conversion exists (are you missing a cast?)
RT_820_conf.cs(4871,78): error CS0266: Cannot implicitly convert type `int' to `System.Windows.Forms.DataGridViewContentAlignment'. An explicit conversion exists (are you missing a cast?)
RT_820_conf.cs(4872,78): error CS0266: Cannot implicitly convert type `int' to `System.Windows.Forms.DataGridViewContentAlignment'. An explicit conversion exists (are you missing a cast?)
RT_820_conf.cs(4873,78): error CS0266: Cannot implicitly convert type `int' to `System.Windows.Forms.DataGridViewContentAlignment'. An explicit conversion exists (are you missing a cast?)
RT_820_conf.cs(4874,78): error CS0266: Cannot implicitly convert type `int' to `System.Windows.Forms.DataGridViewContentAlignment'. An explicit conversion exists (are you missing a cast?)
RT_820_conf.cs(4875,78): error CS0266: Cannot implicitly convert type `int' to `System.Windows.Forms.DataGridViewContentAlignment'. An explicit conversion exists (are you missing a cast?)
RT_820_conf.cs(4876,78): error CS0266: Cannot implicitly convert type `int' to `System.Windows.Forms.DataGridViewContentAlignment'. An explicit conversion exists (are you missing a cast?)
RT_820_conf.cs(5016,69): error CS0266: Cannot implicitly convert type `int' to `System.Windows.Forms.DataGridViewContentAlignment'. An explicit conversion exists (are you missing a cast?)
RT_820_conf.cs(5074,66): error CS0266: Cannot implicitly convert type `int' to `System.Windows.Forms.DataGridViewContentAlignment'. An explicit conversion exists (are you missing a cast?)
RT_820_conf.cs(5075,66): error CS0266: Cannot implicitly convert type `int' to `System.Windows.Forms.DataGridViewContentAlignment'. An explicit conversion exists (are you missing a cast?)
RT_820_conf.cs(5076,66): error CS0266: Cannot implicitly convert type `int' to `System.Windows.Forms.DataGridViewContentAlignment'. An explicit conversion exists (are you missing a cast?)
RT_820_conf.cs(5077,66): error CS0266: Cannot implicitly convert type `int' to `System.Windows.Forms.DataGridViewContentAlignment'. An explicit conversion exists (are you missing a cast?)
RT_820_conf.cs(5078,66): error CS0266: Cannot implicitly convert type `int' to `System.Windows.Forms.DataGridViewContentAlignment'. An explicit conversion exists (are you missing a cast?)
RT_820_conf.cs(5079,66): error CS0266: Cannot implicitly convert type `int' to `System.Windows.Forms.DataGridViewContentAlignment'. An explicit conversion exists (are you missing a cast?)
RT_820_conf.cs(5080,66): error CS0266: Cannot implicitly convert type `int' to `System.Windows.Forms.DataGridViewContentAlignment'. An explicit conversion exists (are you missing a cast?)
RT_820_conf.cs(5081,66): error CS0266: Cannot implicitly convert type `int' to `System.Windows.Forms.DataGridViewContentAlignment'. An explicit conversion exists (are you missing a cast?)
RT_820_conf.cs(5082,66): error CS0266: Cannot implicitly convert type `int' to `System.Windows.Forms.DataGridViewContentAlignment'. An explicit conversion exists (are you missing a cast?)
RT_820_conf.cs(5083,66): error CS0266: Cannot implicitly convert type `int' to `System.Windows.Forms.DataGridViewContentAlignment'. An explicit conversion exists (are you missing a cast?)
RT_820_conf.cs(5084,67): error CS0266: Cannot implicitly convert type `int' to `System.Windows.Forms.DataGridViewContentAlignment'. An explicit conversion exists (are you missing a cast?)
RT_820_conf.cs(5085,67): error CS0266: Cannot implicitly convert type `int' to `System.Windows.Forms.DataGridViewContentAlignment'. An explicit conversion exists (are you missing a cast?)
RT_820_conf.cs(5086,67): error CS0266: Cannot implicitly convert type `int' to `System.Windows.Forms.DataGridViewContentAlignment'. An explicit conversion exists (are you missing a cast?)
RT_820_conf.cs(5170,69): error CS0266: Cannot implicitly convert type `int' to `System.Windows.Forms.DataGridViewContentAlignment'. An explicit conversion exists (are you missing a cast?)
RT_820_conf.cs(5228,66): error CS0266: Cannot implicitly convert type `int' to `System.Windows.Forms.DataGridViewContentAlignment'. An explicit conversion exists (are you missing a cast?)
RT_820_conf.cs(5229,66): error CS0266: Cannot implicitly convert type `int' to `System.Windows.Forms.DataGridViewContentAlignment'. An explicit conversion exists (are you missing a cast?)
RT_820_conf.cs(5230,66): error CS0266: Cannot implicitly convert type `int' to `System.Windows.Forms.DataGridViewContentAlignment'. An explicit conversion exists (are you missing a cast?)
RT_820_conf.cs(5231,66): error CS0266: Cannot implicitly convert type `int' to `System.Windows.Forms.DataGridViewContentAlignment'. An explicit conversion exists (are you missing a cast?)
RT_820_conf.cs(5232,66): error CS0266: Cannot implicitly convert type `int' to `System.Windows.Forms.DataGridViewContentAlignment'. An explicit conversion exists (are you missing a cast?)
RT_820_conf.cs(5233,66): error CS0266: Cannot implicitly convert type `int' to `System.Windows.Forms.DataGridViewContentAlignment'. An explicit conversion exists (are you missing a cast?)
RT_820_conf.cs(5234,66): error CS0266: Cannot implicitly convert type `int' to `System.Windows.Forms.DataGridViewContentAlignment'. An explicit conversion exists (are you missing a cast?)
RT_820_conf.cs(5235,66): error CS0266: Cannot implicitly convert type `int' to `System.Windows.Forms.DataGridViewContentAlignment'. An explicit conversion exists (are you missing a cast?)
RT_820_conf.cs(5236,66): error CS0266: Cannot implicitly convert type `int' to `System.Windows.Forms.DataGridViewContentAlignment'. An explicit conversion exists (are you missing a cast?)
RT_820_conf.cs(5237,66): error CS0266: Cannot implicitly convert type `int' to `System.Windows.Forms.DataGridViewContentAlignment'. An explicit conversion exists (are you missing a cast?)
RT_820_conf.cs(5238,67): error CS0266: Cannot implicitly convert type `int' to `System.Windows.Forms.DataGridViewContentAlignment'. An explicit conversion exists (are you missing a cast?)
RT_820_conf.cs(5239,67): error CS0266: Cannot implicitly convert type `int' to `System.Windows.Forms.DataGridViewContentAlignment'. An explicit conversion exists (are you missing a cast?)
RT_820_conf.cs(5240,67): error CS0266: Cannot implicitly convert type `int' to `System.Windows.Forms.DataGridViewContentAlignment'. An explicit conversion exists (are you missing a cast?)
RT_820_conf.cs(5324,69): error CS0266: Cannot implicitly convert type `int' to `System.Windows.Forms.DataGridViewContentAlignment'. An explicit conversion exists (are you missing a cast?)
RT_820_conf.cs(5382,66): error CS0266: Cannot implicitly convert type `int' to `System.Windows.Forms.DataGridViewContentAlignment'. An explicit conversion exists (are you missing a cast?)
RT_820_conf.cs(5383,66): error CS0266: Cannot implicitly convert type `int' to `System.Windows.Forms.DataGridViewContentAlignment'. An explicit conversion exists (are you missing a cast?)
RT_820_conf.cs(5384,66): error CS0266: Cannot implicitly convert type `int' to `System.Windows.Forms.DataGridViewContentAlignment'. An explicit conversion exists (are you missing a cast?)
RT_820_conf.cs(5385,66): error CS0266: Cannot implicitly convert type `int' to `System.Windows.Forms.DataGridViewContentAlignment'. An explicit conversion exists (are you missing a cast?)
RT_820_conf.cs(5386,66): error CS0266: Cannot implicitly convert type `int' to `System.Windows.Forms.DataGridViewContentAlignment'. An explicit conversion exists (are you missing a cast?)
RT_820_conf.cs(5387,66): error CS0266: Cannot implicitly convert type `int' to `System.Windows.Forms.DataGridViewContentAlignment'. An explicit conversion exists (are you missing a cast?)
RT_820_conf.cs(5388,66): error CS0266: Cannot implicitly convert type `int' to `System.Windows.Forms.DataGridViewContentAlignment'. An explicit conversion exists (are you missing a cast?)
RT_820_conf.cs(5389,66): error CS0266: Cannot implicitly convert type `int' to `System.Windows.Forms.DataGridViewContentAlignment'. An explicit conversion exists (are you missing a cast?)
RT_820_conf.cs(5390,66): error CS0266: Cannot implicitly convert type `int' to `System.Windows.Forms.DataGridViewContentAlignment'. An explicit conversion exists (are you missing a cast?)
RT_820_conf.cs(5391,66): error CS0266: Cannot implicitly convert type `int' to `System.Windows.Forms.DataGridViewContentAlignment'. An explicit conversion exists (are you missing a cast?)
RT_820_conf.cs(5392,67): error CS0266: Cannot implicitly convert type `int' to `System.Windows.Forms.DataGridViewContentAlignment'. An explicit conversion exists (are you missing a cast?)
RT_820_conf.cs(5393,67): error CS0266: Cannot implicitly convert type `int' to `System.Windows.Forms.DataGridViewContentAlignment'. An explicit conversion exists (are you missing a cast?)
RT_820_conf.cs(5394,67): error CS0266: Cannot implicitly convert type `int' to `System.Windows.Forms.DataGridViewContentAlignment'. An explicit conversion exists (are you missing a cast?)
RT_820_conf.cs(5478,69): error CS0266: Cannot implicitly convert type `int' to `System.Windows.Forms.DataGridViewContentAlignment'. An explicit conversion exists (are you missing a cast?)
RT_820_conf.cs(5536,66): error CS0266: Cannot implicitly convert type `int' to `System.Windows.Forms.DataGridViewContentAlignment'. An explicit conversion exists (are you missing a cast?)
RT_820_conf.cs(5537,66): error CS0266: Cannot implicitly convert type `int' to `System.Windows.Forms.DataGridViewContentAlignment'. An explicit conversion exists (are you missing a cast?)
RT_820_conf.cs(5538,66): error CS0266: Cannot implicitly convert type `int' to `System.Windows.Forms.DataGridViewContentAlignment'. An explicit conversion exists (are you missing a cast?)
RT_820_conf.cs(5539,66): error CS0266: Cannot implicitly convert type `int' to `System.Windows.Forms.DataGridViewContentAlignment'. An explicit conversion exists (are you missing a cast?)
RT_820_conf.cs(5540,66): error CS0266: Cannot implicitly convert type `int' to `System.Windows.Forms.DataGridViewContentAlignment'. An explicit conversion exists (are you missing a cast?)
RT_820_conf.cs(5541,66): error CS0266: Cannot implicitly convert type `int' to `System.Windows.Forms.DataGridViewContentAlignment'. An explicit conversion exists (are you missing a cast?)
RT_820_conf.cs(5542,66): error CS0266: Cannot implicitly convert type `int' to `System.Windows.Forms.DataGridViewContentAlignment'. An explicit conversion exists (are you missing a cast?)
RT_820_conf.cs(5543,66): error CS0266: Cannot implicitly convert type `int' to `System.Windows.Forms.DataGridViewContentAlignment'. An explicit conversion exists (are you missing a cast?)
RT_820_conf.cs(5544,66): error CS0266: Cannot implicitly convert type `int' to `System.Windows.Forms.DataGridViewContentAlignment'. An explicit conversion exists (are you missing a cast?)
RT_820_conf.cs(5545,66): error CS0266: Cannot implicitly convert type `int' to `System.Windows.Forms.DataGridViewContentAlignment'. An explicit conversion exists (are you missing a cast?)
RT_820_conf.cs(5546,67): error CS0266: Cannot implicitly convert type `int' to `System.Windows.Forms.DataGridViewContentAlignment'. An explicit conversion exists (are you missing a cast?)
RT_820_conf.cs(5547,67): error CS0266: Cannot implicitly convert type `int' to `System.Windows.Forms.DataGridViewContentAlignment'. An explicit conversion exists (are you missing a cast?)
RT_820_conf.cs(5548,67): error CS0266: Cannot implicitly convert type `int' to `System.Windows.Forms.DataGridViewContentAlignment'. An explicit conversion exists (are you missing a cast?)
RT_820_conf.cs(5597,74): error CS0266: Cannot implicitly convert type `int' to `System.Windows.Forms.DataGridViewContentAlignment'. An explicit conversion exists (are you missing a cast?)
RT_820_conf.cs(5598,74): error CS0266: Cannot implicitly convert type `int' to `System.Windows.Forms.DataGridViewContentAlignment'. An explicit conversion exists (are you missing a cast?)
RT_820_conf.cs(5599,74): error CS0266: Cannot implicitly convert type `int' to `System.Windows.Forms.DataGridViewContentAlignment'. An explicit conversion exists (are you missing a cast?)
RT_820_conf.cs(5600,74): error CS0266: Cannot implicitly convert type `int' to `System.Windows.Forms.DataGridViewContentAlignment'. An explicit conversion exists (are you missing a cast?)
RT_820_conf.cs(5601,74): error CS0266: Cannot implicitly convert type `int' to `System.Windows.Forms.DataGridViewContentAlignment'. An explicit conversion exists (are you missing a cast?)
RT_820_conf.cs(5602,74): error CS0266: Cannot implicitly convert type `int' to `System.Windows.Forms.DataGridViewContentAlignment'. An explicit conversion exists (are you missing a cast?)
RT_820_conf.cs(5603,74): error CS0266: Cannot implicitly convert type `int' to `System.Windows.Forms.DataGridViewContentAlignment'. An explicit conversion exists (are you missing a cast?)
RT_820_conf.cs(5604,74): error CS0266: Cannot implicitly convert type `int' to `System.Windows.Forms.DataGridViewContentAlignment'. An explicit conversion exists (are you missing a cast?)
RT_820_conf.cs(5605,74): error CS0266: Cannot implicitly convert type `int' to `System.Windows.Forms.DataGridViewContentAlignment'. An explicit conversion exists (are you missing a cast?)
RT_820_conf.cs(5606,74): error CS0266: Cannot implicitly convert type `int' to `System.Windows.Forms.DataGridViewContentAlignment'. An explicit conversion exists (are you missing a cast?)
RT_820_conf.cs(5607,75): error CS0266: Cannot implicitly convert type `int' to `System.Windows.Forms.DataGridViewContentAlignment'. An explicit conversion exists (are you missing a cast?)
RT_820_conf.cs(5608,75): error CS0266: Cannot implicitly convert type `int' to `System.Windows.Forms.DataGridViewContentAlignment'. An explicit conversion exists (are you missing a cast?)
RT_820_conf.cs(5609,75): error CS0266: Cannot implicitly convert type `int' to `System.Windows.Forms.DataGridViewContentAlignment'. An explicit conversion exists (are you missing a cast?)
RT_820_conf.cs(5610,75): error CS0266: Cannot implicitly convert type `int' to `System.Windows.Forms.DataGridViewContentAlignment'. An explicit conversion exists (are you missing a cast?)
RT_820_conf.cs(5669,78): error CS0266: Cannot implicitly convert type `int' to `System.Windows.Forms.DataGridViewContentAlignment'. An explicit conversion exists (are you missing a cast?)
RT_820_conf.cs(5738,78): error CS0266: Cannot implicitly convert type `int' to `System.Windows.Forms.DataGridViewContentAlignment'. An explicit conversion exists (are you missing a cast?)
RT_820_conf.cs(5807,78): error CS0266: Cannot implicitly convert type `int' to `System.Windows.Forms.DataGridViewContentAlignment'. An explicit conversion exists (are you missing a cast?)
RT_820_conf.cs(5876,78): error CS0266: Cannot implicitly convert type `int' to `System.Windows.Forms.DataGridViewContentAlignment'. An explicit conversion exists (are you missing a cast?)
RT_820_conf.cs(5939,78): error CS0266: Cannot implicitly convert type `int' to `System.Windows.Forms.DataGridViewContentAlignment'. An explicit conversion exists (are you missing a cast?)
RT_820_conf.cs(6002,78): error CS0266: Cannot implicitly convert type `int' to `System.Windows.Forms.DataGridViewContentAlignment'. An explicit conversion exists (are you missing a cast?)
RT_820_conf.cs(6065,78): error CS0266: Cannot implicitly convert type `int' to `System.Windows.Forms.DataGridViewContentAlignment'. An explicit conversion exists (are you missing a cast?)
RT_820_conf.cs(6079,181): error CS0266: Cannot implicitly convert type `System.Windows.Forms.HorizontalAlignment' to `System.Windows.Forms.DataGridViewContentAlignment'. An explicit conversion exists (are you missing a cast?)
RT_820_conf.cs(6162,189): error CS0266: Cannot implicitly convert type `System.Windows.Forms.HorizontalAlignment' to `System.Windows.Forms.DataGridViewContentAlignment'. An explicit conversion exists (are you missing a cast?)
RT_820_conf.cs(6246,189): error CS0266: Cannot implicitly convert type `System.Windows.Forms.HorizontalAlignment' to `System.Windows.Forms.DataGridViewContentAlignment'. An explicit conversion exists (are you missing a cast?)
RT_820_conf.cs(6327,199): error CS0266: Cannot implicitly convert type `System.Windows.Forms.HorizontalAlignment' to `System.Windows.Forms.DataGridViewContentAlignment'. An explicit conversion exists (are you missing a cast?)
RT_820_conf.cs(6388,64): error CS0266: Cannot implicitly convert type `int' to `System.Windows.Forms.DataGridViewContentAlignment'. An explicit conversion exists (are you missing a cast?)
RT_820_conf.cs(6428,195): error CS0266: Cannot implicitly convert type `System.Windows.Forms.HorizontalAlignment' to `System.Windows.Forms.DataGridViewContentAlignment'. An explicit conversion exists (are you missing a cast?)
RT_820_conf.cs(6496,60): error CS0266: Cannot implicitly convert type `int' to `System.Windows.Forms.DataGridViewContentAlignment'. An explicit conversion exists (are you missing a cast?)
RT_820_conf.cs(6516,200): error CS0266: Cannot implicitly convert type `System.Windows.Forms.HorizontalAlignment' to `System.Windows.Forms.DataGridViewContentAlignment'. An explicit conversion exists (are you missing a cast?)
RT_820_conf.cs(6590,67): error CS0266: Cannot implicitly convert type `int' to `System.Windows.Forms.DataGridViewContentAlignment'. An explicit conversion exists (are you missing a cast?)
RT_820_conf.cs(6591,67): error CS0266: Cannot implicitly convert type `int' to `System.Windows.Forms.DataGridViewContentAlignment'. An explicit conversion exists (are you missing a cast?)
RT_820_conf.cs(6592,67): error CS0266: Cannot implicitly convert type `int' to `System.Windows.Forms.DataGridViewContentAlignment'. An explicit conversion exists (are you missing a cast?)
RT_820_conf.cs(6593,67): error CS0266: Cannot implicitly convert type `int' to `System.Windows.Forms.DataGridViewContentAlignment'. An explicit conversion exists (are you missing a cast?)
RT_820_conf.cs(6594,67): error CS0266: Cannot implicitly convert type `int' to `System.Windows.Forms.DataGridViewContentAlignment'. An explicit conversion exists (are you missing a cast?)
RT_820_conf.cs(6595,67): error CS0266: Cannot implicitly convert type `int' to `System.Windows.Forms.DataGridViewContentAlignment'. An explicit conversion exists (are you missing a cast?)
RT_820_conf.cs(6596,67): error CS0266: Cannot implicitly convert type `int' to `System.Windows.Forms.DataGridViewContentAlignment'. An explicit conversion exists (are you missing a cast?)
RT_820_conf.cs(6597,67): error CS0266: Cannot implicitly convert type `int' to `System.Windows.Forms.DataGridViewContentAlignment'. An explicit conversion exists (are you missing a cast?)
RT_820_conf.cs(6598,67): error CS0266: Cannot implicitly convert type `int' to `System.Windows.Forms.DataGridViewContentAlignment'. An explicit conversion exists (are you missing a cast?)
RT_820_conf.cs(6599,67): error CS0266: Cannot implicitly convert type `int' to `System.Windows.Forms.DataGridViewContentAlignment'. An explicit conversion exists (are you missing a cast?)
RT_820_conf.cs(6607,200): error CS0266: Cannot implicitly convert type `System.Windows.Forms.HorizontalAlignment' to `System.Windows.Forms.DataGridViewContentAlignment'. An explicit conversion exists (are you missing a cast?)
RT_820_conf.cs(6685,67): error CS0266: Cannot implicitly convert type `int' to `System.Windows.Forms.DataGridViewContentAlignment'. An explicit conversion exists (are you missing a cast?)
RT_820_conf.cs(6686,67): error CS0266: Cannot implicitly convert type `int' to `System.Windows.Forms.DataGridViewContentAlignment'. An explicit conversion exists (are you missing a cast?)
RT_820_conf.cs(6687,67): error CS0266: Cannot implicitly convert type `int' to `System.Windows.Forms.DataGridViewContentAlignment'. An explicit conversion exists (are you missing a cast?)
RT_820_conf.cs(6688,67): error CS0266: Cannot implicitly convert type `int' to `System.Windows.Forms.DataGridViewContentAlignment'. An explicit conversion exists (are you missing a cast?)
RT_820_conf.cs(6689,67): error CS0266: Cannot implicitly convert type `int' to `System.Windows.Forms.DataGridViewContentAlignment'. An explicit conversion exists (are you missing a cast?)
RT_820_conf.cs(6690,67): error CS0266: Cannot implicitly convert type `int' to `System.Windows.Forms.DataGridViewContentAlignment'. An explicit conversion exists (are you missing a cast?)
RT_820_conf.cs(6733,198): error CS0266: Cannot implicitly convert type `System.Windows.Forms.HorizontalAlignment' to `System.Windows.Forms.DataGridViewContentAlignment'. An explicit conversion exists (are you missing a cast?)
RT_820_conf.cs(6827,63): error CS0266: Cannot implicitly convert type `int' to `System.Windows.Forms.DataGridViewContentAlignment'. An explicit conversion exists (are you missing a cast?)
RT_820_conf.cs(6828,63): error CS0266: Cannot implicitly convert type `int' to `System.Windows.Forms.DataGridViewContentAlignment'. An explicit conversion exists (are you missing a cast?)
RT_820_conf.cs(6829,63): error CS0266: Cannot implicitly convert type `int' to `System.Windows.Forms.DataGridViewContentAlignment'. An explicit conversion exists (are you missing a cast?)
RT_820_conf.cs(6830,63): error CS0266: Cannot implicitly convert type `int' to `System.Windows.Forms.DataGridViewContentAlignment'. An explicit conversion exists (are you missing a cast?)
RT_820_conf.cs(6831,63): error CS0266: Cannot implicitly convert type `int' to `System.Windows.Forms.DataGridViewContentAlignment'. An explicit conversion exists (are you missing a cast?)
RT_820_conf.cs(6832,63): error CS0266: Cannot implicitly convert type `int' to `System.Windows.Forms.DataGridViewContentAlignment'. An explicit conversion exists (are you missing a cast?)
RT_820_conf.cs(6833,63): error CS0266: Cannot implicitly convert type `int' to `System.Windows.Forms.DataGridViewContentAlignment'. An explicit conversion exists (are you missing a cast?)
RT_820_conf.cs(6834,63): error CS0266: Cannot implicitly convert type `int' to `System.Windows.Forms.DataGridViewContentAlignment'. An explicit conversion exists (are you missing a cast?)
RT_820_conf.cs(6835,63): error CS0266: Cannot implicitly convert type `int' to `System.Windows.Forms.DataGridViewContentAlignment'. An explicit conversion exists (are you missing a cast?)
RT_820_conf.cs(6836,63): error CS0266: Cannot implicitly convert type `int' to `System.Windows.Forms.DataGridViewContentAlignment'. An explicit conversion exists (are you missing a cast?)
RT_820_conf.cs(6837,64): error CS0266: Cannot implicitly convert type `int' to `System.Windows.Forms.DataGridViewContentAlignment'. An explicit conversion exists (are you missing a cast?)
RT_820_conf.cs(6838,64): error CS0266: Cannot implicitly convert type `int' to `System.Windows.Forms.DataGridViewContentAlignment'. An explicit conversion exists (are you missing a cast?)
RT_820_conf.cs(8952,9): error CS0165: Use of unassigned local variable `num59'
RT_820_conf.cs(8938,6): warning CS0162: Unreachable code detected
RT_820_conf.cs(8950,5): warning CS0162: Unreachable code detected
RT_820_conf.cs(9280,5): error CS0165: Use of unassigned local variable `enumerator'
RT_820_conf.cs(10828,9): error CS0165: Use of unassigned local variable `num6'
RT_820_conf.cs(10813,6): warning CS0162: Unreachable code detected
RT_820_conf.cs(10826,5): warning CS0162: Unreachable code detected
RT_820_conf.cs(11696,16): error CS1502: The best overloaded method match for `System.Windows.Forms.MessageBox.Show(string, string, System.Windows.Forms.MessageBoxButtons, System.Windows.Forms.MessageBoxIcon)' has some invalid arguments
		/usr/lib/mono/4.5-api/System.Windows.Forms.dll (Location of the symbol related to previous error)
RT_820_conf.cs(11696,43): error CS1503: Argument `#4' cannot convert `int' expression to type `System.Windows.Forms.MessageBoxIcon'
RT_820_conf.cs(12017,17): error CS1502: The best overloaded method match for `System.Drawing.Font.Font(string, float, System.Drawing.FontStyle, System.Drawing.GraphicsUnit)' has some invalid arguments
		/usr/lib/mono/4.5-api/System.Drawing.dll (Location of the symbol related to previous error)
RT_820_conf.cs(12017,42): error CS1503: Argument `#3' cannot convert `int' expression to type `System.Drawing.FontStyle'
RT_820_conf.cs(12019,17): error CS1502: The best overloaded method match for `System.Drawing.Font.Font(string, float, System.Drawing.FontStyle, System.Drawing.GraphicsUnit)' has some invalid arguments
		/usr/lib/mono/4.5-api/System.Drawing.dll (Location of the symbol related to previous error)
RT_820_conf.cs(12019,42): error CS1503: Argument `#3' cannot convert `int' expression to type `System.Drawing.FontStyle'
RT_820_conf.cs(12636,17): error CS1502: The best overloaded method match for `System.Drawing.Font.Font(string, float, System.Drawing.FontStyle, System.Drawing.GraphicsUnit)' has some invalid arguments
		/usr/lib/mono/4.5-api/System.Drawing.dll (Location of the symbol related to previous error)
RT_820_conf.cs(12636,42): error CS1503: Argument `#3' cannot convert `int' expression to type `System.Drawing.FontStyle'
RT_820_conf.cs(12638,17): error CS1502: The best overloaded method match for `System.Drawing.Font.Font(string, float, System.Drawing.FontStyle, System.Drawing.GraphicsUnit)' has some invalid arguments
		/usr/lib/mono/4.5-api/System.Drawing.dll (Location of the symbol related to previous error)
RT_820_conf.cs(12638,42): error CS1503: Argument `#3' cannot convert `int' expression to type `System.Drawing.FontStyle'
RT_820_conf.cs(12720,17): error CS1502: The best overloaded method match for `System.Drawing.Font.Font(string, float, System.Drawing.FontStyle, System.Drawing.GraphicsUnit)' has some invalid arguments
		/usr/lib/mono/4.5-api/System.Drawing.dll (Location of the symbol related to previous error)
RT_820_conf.cs(12720,42): error CS1503: Argument `#3' cannot convert `int' expression to type `System.Drawing.FontStyle'
RT_820_conf.cs(12722,17): error CS1502: The best overloaded method match for `System.Drawing.Font.Font(string, float, System.Drawing.FontStyle, System.Drawing.GraphicsUnit)' has some invalid arguments
		/usr/lib/mono/4.5-api/System.Drawing.dll (Location of the symbol related to previous error)
RT_820_conf.cs(12722,42): error CS1503: Argument `#3' cannot convert `int' expression to type `System.Drawing.FontStyle'
RT_820_conf.cs(12952,17): error CS1502: The best overloaded method match for `System.Drawing.Font.Font(string, float, System.Drawing.FontStyle, System.Drawing.GraphicsUnit)' has some invalid arguments
		/usr/lib/mono/4.5-api/System.Drawing.dll (Location of the symbol related to previous error)
RT_820_conf.cs(12952,42): error CS1503: Argument `#3' cannot convert `int' expression to type `System.Drawing.FontStyle'
RT_820_conf.cs(12954,17): error CS1502: The best overloaded method match for `System.Drawing.Font.Font(string, float, System.Drawing.FontStyle, System.Drawing.GraphicsUnit)' has some invalid arguments
		/usr/lib/mono/4.5-api/System.Drawing.dll (Location of the symbol related to previous error)
RT_820_conf.cs(12954,42): error CS1503: Argument `#3' cannot convert `int' expression to type `System.Drawing.FontStyle'
RT_820_conf.cs(13243,17): error CS1502: The best overloaded method match for `System.Drawing.Font.Font(string, float, System.Drawing.FontStyle, System.Drawing.GraphicsUnit)' has some invalid arguments
		/usr/lib/mono/4.5-api/System.Drawing.dll (Location of the symbol related to previous error)
RT_820_conf.cs(13243,42): error CS1503: Argument `#3' cannot convert `int' expression to type `System.Drawing.FontStyle'
RT_820_conf.cs(13245,17): error CS1502: The best overloaded method match for `System.Drawing.Font.Font(string, float, System.Drawing.FontStyle, System.Drawing.GraphicsUnit)' has some invalid arguments
		/usr/lib/mono/4.5-api/System.Drawing.dll (Location of the symbol related to previous error)
RT_820_conf.cs(13245,42): error CS1503: Argument `#3' cannot convert `int' expression to type `System.Drawing.FontStyle'
RT_820_conf.cs(13427,17): error CS1502: The best overloaded method match for `System.Drawing.Font.Font(string, float, System.Drawing.FontStyle, System.Drawing.GraphicsUnit)' has some invalid arguments
		/usr/lib/mono/4.5-api/System.Drawing.dll (Location of the symbol related to previous error)
RT_820_conf.cs(13427,42): error CS1503: Argument `#3' cannot convert `int' expression to type `System.Drawing.FontStyle'
RT_820_conf.cs(13429,17): error CS1502: The best overloaded method match for `System.Drawing.Font.Font(string, float, System.Drawing.FontStyle, System.Drawing.GraphicsUnit)' has some invalid arguments
		/usr/lib/mono/4.5-api/System.Drawing.dll (Location of the symbol related to previous error)
RT_820_conf.cs(13429,42): error CS1503: Argument `#3' cannot convert `int' expression to type `System.Drawing.FontStyle'
RT_820_conf.cs(13745,17): error CS1502: The best overloaded method match for `System.Drawing.Font.Font(string, float, System.Drawing.FontStyle, System.Drawing.GraphicsUnit)' has some invalid arguments
		/usr/lib/mono/4.5-api/System.Drawing.dll (Location of the symbol related to previous error)
RT_820_conf.cs(13745,42): error CS1503: Argument `#3' cannot convert `int' expression to type `System.Drawing.FontStyle'
RT_820_conf.cs(13747,17): error CS1502: The best overloaded method match for `System.Drawing.Font.Font(string, float, System.Drawing.FontStyle, System.Drawing.GraphicsUnit)' has some invalid arguments
		/usr/lib/mono/4.5-api/System.Drawing.dll (Location of the symbol related to previous error)
RT_820_conf.cs(13747,42): error CS1503: Argument `#3' cannot convert `int' expression to type `System.Drawing.FontStyle'
RT_820_conf.cs(14180,45): error CS0165: Use of unassigned local variable `flag'
RT_820_conf.cs(14398,80): error CS0165: Use of unassigned local variable `valor'
RT_820_conf.cs(14399,81): error CS0165: Use of unassigned local variable `num'
RT_820_conf.cs(14403,79): error CS0165: Use of unassigned local variable `valor'
RT_820_conf.cs(14404,80): error CS0165: Use of unassigned local variable `num'
RT_820_conf.cs(14408,79): error CS0165: Use of unassigned local variable `valor'
RT_820_conf.cs(14409,80): error CS0165: Use of unassigned local variable `num'
RT_820_conf.cs(14413,77): error CS0165: Use of unassigned local variable `valor'
RT_820_conf.cs(14414,78): error CS0165: Use of unassigned local variable `num'
RT_820_conf.cs(14418,76): error CS0165: Use of unassigned local variable `valor'
RT_820_conf.cs(14419,77): error CS0165: Use of unassigned local variable `num'
RT_820_conf.cs(14474,67): error CS0165: Use of unassigned local variable `valor'
RT_820_conf.cs(14475,68): error CS0165: Use of unassigned local variable `num'
RT_820_conf.cs(14479,66): error CS0165: Use of unassigned local variable `valor'
RT_820_conf.cs(14480,67): error CS0165: Use of unassigned local variable `num'
RT_820_conf.cs(14484,66): error CS0165: Use of unassigned local variable `valor'
RT_820_conf.cs(14485,67): error CS0165: Use of unassigned local variable `num'
RT_820_conf.cs(14489,69): error CS0165: Use of unassigned local variable `valor'
RT_820_conf.cs(14490,70): error CS0165: Use of unassigned local variable `num'
RT_820_conf.cs(14494,68): error CS0165: Use of unassigned local variable `valor'
RT_820_conf.cs(14495,69): error CS0165: Use of unassigned local variable `num'
RT_820_conf.cs(15124,67): error CS0165: Use of unassigned local variable `valor'
RT_820_conf.cs(15125,68): error CS0165: Use of unassigned local variable `num'
RT_820_conf.cs(15129,66): error CS0165: Use of unassigned local variable `valor'
RT_820_conf.cs(15130,67): error CS0165: Use of unassigned local variable `num'
RT_820_conf.cs(15134,66): error CS0165: Use of unassigned local variable `valor'
RT_820_conf.cs(15135,67): error CS0165: Use of unassigned local variable `num'
RT_820_conf.cs(15139,69): error CS0165: Use of unassigned local variable `valor'
RT_820_conf.cs(15140,70): error CS0165: Use of unassigned local variable `num'
RT_820_conf.cs(15144,68): error CS0165: Use of unassigned local variable `valor'
RT_820_conf.cs(15145,69): error CS0165: Use of unassigned local variable `num'
RT_820_conf.cs(16228,67): error CS0165: Use of unassigned local variable `valor'
RT_820_conf.cs(16229,68): error CS0165: Use of unassigned local variable `num'
RT_820_conf.cs(16233,66): error CS0165: Use of unassigned local variable `valor'
RT_820_conf.cs(16234,67): error CS0165: Use of unassigned local variable `num'
RT_820_conf.cs(16238,66): error CS0165: Use of unassigned local variable `valor'
RT_820_conf.cs(16239,67): error CS0165: Use of unassigned local variable `num'
RT_820_conf.cs(16243,69): error CS0165: Use of unassigned local variable `valor'
RT_820_conf.cs(16244,70): error CS0165: Use of unassigned local variable `num'
RT_820_conf.cs(16248,68): error CS0165: Use of unassigned local variable `valor'
RT_820_conf.cs(16249,69): error CS0165: Use of unassigned local variable `num'
RT_820_conf.cs(16328,67): error CS0165: Use of unassigned local variable `valor'
RT_820_conf.cs(16329,68): error CS0165: Use of unassigned local variable `num'
RT_820_conf.cs(16333,66): error CS0165: Use of unassigned local variable `valor'
RT_820_conf.cs(16334,67): error CS0165: Use of unassigned local variable `num'
RT_820_conf.cs(16338,66): error CS0165: Use of unassigned local variable `valor'
RT_820_conf.cs(16339,67): error CS0165: Use of unassigned local variable `num'
RT_820_conf.cs(16343,69): error CS0165: Use of unassigned local variable `valor'
RT_820_conf.cs(16344,70): error CS0165: Use of unassigned local variable `num'
RT_820_conf.cs(16348,68): error CS0165: Use of unassigned local variable `valor'
RT_820_conf.cs(16349,69): error CS0165: Use of unassigned local variable `num'
RT_820_conf.Designer.cs(1119,174): error CS0266: Cannot implicitly convert type `System.Windows.Forms.HorizontalAlignment' to `System.Windows.Forms.DataGridViewContentAlignment'. An explicit conversion exists (are you missing a cast?)
RT_820_conf.Designer.cs(1127,63): error CS0266: Cannot implicitly convert type `int' to `System.Windows.Forms.DataGridViewColumnHeadersHeightSizeMode'. An explicit conversion exists (are you missing a cast?)
RT_820_conf.Designer.cs(1128,174): error CS0266: Cannot implicitly convert type `System.Windows.Forms.HorizontalAlignment' to `System.Windows.Forms.DataGridViewContentAlignment'. An explicit conversion exists (are you missing a cast?)
RT_820_conf.Designer.cs(1140,174): error CS0266: Cannot implicitly convert type `System.Windows.Forms.HorizontalAlignment' to `System.Windows.Forms.DataGridViewContentAlignment'. An explicit conversion exists (are you missing a cast?)
RT_820_conf.Designer.cs(1169,174): error CS0266: Cannot implicitly convert type `System.Windows.Forms.HorizontalAlignment' to `System.Windows.Forms.DataGridViewContentAlignment'. An explicit conversion exists (are you missing a cast?)
RT_820_conf.Designer.cs(1177,65): error CS0266: Cannot implicitly convert type `int' to `System.Windows.Forms.DataGridViewColumnHeadersHeightSizeMode'. An explicit conversion exists (are you missing a cast?)
RT_820_conf.Designer.cs(1178,174): error CS0266: Cannot implicitly convert type `System.Windows.Forms.HorizontalAlignment' to `System.Windows.Forms.DataGridViewContentAlignment'. An explicit conversion exists (are you missing a cast?)
RT_820_conf.Designer.cs(1190,174): error CS0266: Cannot implicitly convert type `System.Windows.Forms.HorizontalAlignment' to `System.Windows.Forms.DataGridViewContentAlignment'. An explicit conversion exists (are you missing a cast?)
RT_820_conf.Designer.cs(1238,175): error CS0266: Cannot implicitly convert type `System.Windows.Forms.HorizontalAlignment' to `System.Windows.Forms.DataGridViewContentAlignment'. An explicit conversion exists (are you missing a cast?)
RT_820_conf.Designer.cs(1246,70): error CS0266: Cannot implicitly convert type `int' to `System.Windows.Forms.DataGridViewColumnHeadersHeightSizeMode'. An explicit conversion exists (are you missing a cast?)
RT_820_conf.Designer.cs(1247,175): error CS0266: Cannot implicitly convert type `System.Windows.Forms.HorizontalAlignment' to `System.Windows.Forms.DataGridViewContentAlignment'. An explicit conversion exists (are you missing a cast?)
RT_820_conf.Designer.cs(1258,175): error CS0266: Cannot implicitly convert type `System.Windows.Forms.HorizontalAlignment' to `System.Windows.Forms.DataGridViewContentAlignment'. An explicit conversion exists (are you missing a cast?)
RT_820_conf.Designer.cs(1381,175): error CS0266: Cannot implicitly convert type `System.Windows.Forms.HorizontalAlignment' to `System.Windows.Forms.DataGridViewContentAlignment'. An explicit conversion exists (are you missing a cast?)
RT_820_conf.Designer.cs(1389,61): error CS0266: Cannot implicitly convert type `int' to `System.Windows.Forms.DataGridViewColumnHeadersHeightSizeMode'. An explicit conversion exists (are you missing a cast?)
RT_820_conf.Designer.cs(1390,175): error CS0266: Cannot implicitly convert type `System.Windows.Forms.HorizontalAlignment' to `System.Windows.Forms.DataGridViewContentAlignment'. An explicit conversion exists (are you missing a cast?)
RT_820_conf.Designer.cs(1401,175): error CS0266: Cannot implicitly convert type `System.Windows.Forms.HorizontalAlignment' to `System.Windows.Forms.DataGridViewContentAlignment'. An explicit conversion exists (are you missing a cast?)
RT_820_conf.Designer.cs(1471,47): error CS0266: Cannot implicitly convert type `int' to `System.Windows.Forms.DataGridViewColumnHeadersHeightSizeMode'. An explicit conversion exists (are you missing a cast?)
RT_820_conf.Designer.cs(1534,175): error CS0266: Cannot implicitly convert type `System.Windows.Forms.HorizontalAlignment' to `System.Windows.Forms.DataGridViewContentAlignment'. An explicit conversion exists (are you missing a cast?)
RT_820_conf.Designer.cs(1542,66): error CS0266: Cannot implicitly convert type `int' to `System.Windows.Forms.DataGridViewColumnHeadersHeightSizeMode'. An explicit conversion exists (are you missing a cast?)
RT_820_conf.Designer.cs(1543,175): error CS0266: Cannot implicitly convert type `System.Windows.Forms.HorizontalAlignment' to `System.Windows.Forms.DataGridViewContentAlignment'. An explicit conversion exists (are you missing a cast?)
RT_820_conf.Designer.cs(1554,175): error CS0266: Cannot implicitly convert type `System.Windows.Forms.HorizontalAlignment' to `System.Windows.Forms.DataGridViewContentAlignment'. An explicit conversion exists (are you missing a cast?)
RT_820_conf.Designer.cs(1616,71): error CS0266: Cannot implicitly convert type `int' to `System.Windows.Forms.DataGridViewColumnHeadersHeightSizeMode'. An explicit conversion exists (are you missing a cast?)
RT_820_conf.Designer.cs(1620,67): error CS0266: Cannot implicitly convert type `int' to `System.Windows.Forms.DataGridViewRowHeadersWidthSizeMode'. An explicit conversion exists (are you missing a cast?)
RT_820_conf.Designer.cs(1642,175): error CS0266: Cannot implicitly convert type `System.Windows.Forms.HorizontalAlignment' to `System.Windows.Forms.DataGridViewContentAlignment'. An explicit conversion exists (are you missing a cast?)
RT_820_conf.Designer.cs(1650,69): error CS0266: Cannot implicitly convert type `int' to `System.Windows.Forms.DataGridViewColumnHeadersHeightSizeMode'. An explicit conversion exists (are you missing a cast?)
RT_820_conf.Designer.cs(1651,175): error CS0266: Cannot implicitly convert type `System.Windows.Forms.HorizontalAlignment' to `System.Windows.Forms.DataGridViewContentAlignment'. An explicit conversion exists (are you missing a cast?)
RT_820_conf.Designer.cs(1662,175): error CS0266: Cannot implicitly convert type `System.Windows.Forms.HorizontalAlignment' to `System.Windows.Forms.DataGridViewContentAlignment'. An explicit conversion exists (are you missing a cast?)
RT_820_conf.Designer.cs(1692,175): error CS0266: Cannot implicitly convert type `System.Windows.Forms.HorizontalAlignment' to `System.Windows.Forms.DataGridViewContentAlignment'. An explicit conversion exists (are you missing a cast?)
RT_820_conf.Designer.cs(1700,65): error CS0266: Cannot implicitly convert type `int' to `System.Windows.Forms.DataGridViewColumnHeadersHeightSizeMode'. An explicit conversion exists (are you missing a cast?)
RT_820_conf.Designer.cs(1701,175): error CS0266: Cannot implicitly convert type `System.Windows.Forms.HorizontalAlignment' to `System.Windows.Forms.DataGridViewContentAlignment'. An explicit conversion exists (are you missing a cast?)
RT_820_conf.Designer.cs(1712,175): error CS0266: Cannot implicitly convert type `System.Windows.Forms.HorizontalAlignment' to `System.Windows.Forms.DataGridViewContentAlignment'. An explicit conversion exists (are you missing a cast?)
RT_820_conf.Designer.cs(1720,61): error CS0266: Cannot implicitly convert type `int' to `System.Windows.Forms.DataGridViewRowHeadersWidthSizeMode'. An explicit conversion exists (are you missing a cast?)
RT_820_conf.Designer.cs(1771,62): error CS0266: Cannot implicitly convert type `int' to `System.Windows.Forms.DataGridViewColumnHeadersHeightSizeMode'. An explicit conversion exists (are you missing a cast?)
RT_820_conf.Designer.cs(1788,61): error CS0266: Cannot implicitly convert type `int' to `System.Windows.Forms.DataGridViewColumnHeadersHeightSizeMode'. An explicit conversion exists (are you missing a cast?)
RT_820_conf.Designer.cs(1792,57): error CS0266: Cannot implicitly convert type `int' to `System.Windows.Forms.DataGridViewRowHeadersWidthSizeMode'. An explicit conversion exists (are you missing a cast?)
RT_820_conf.Designer.cs(1811,52): error CS0266: Cannot implicitly convert type `int' to `System.Windows.Forms.DataGridViewColumnHeadersHeightSizeMode'. An explicit conversion exists (are you missing a cast?)
RT_820_conf.Designer.cs(1815,48): error CS0266: Cannot implicitly convert type `int' to `System.Windows.Forms.DataGridViewRowHeadersWidthSizeMode'. An explicit conversion exists (are you missing a cast?)
RT_820_conf.Designer.cs(1853,62): error CS0266: Cannot implicitly convert type `int' to `System.Windows.Forms.DataGridViewColumnHeadersHeightSizeMode'. An explicit conversion exists (are you missing a cast?)
RT_820_conf.Designer.cs(1867,175): error CS0266: Cannot implicitly convert type `System.Windows.Forms.HorizontalAlignment' to `System.Windows.Forms.DataGridViewContentAlignment'. An explicit conversion exists (are you missing a cast?)
RT_820_conf.Designer.cs(1875,61): error CS0266: Cannot implicitly convert type `int' to `System.Windows.Forms.DataGridViewColumnHeadersHeightSizeMode'. An explicit conversion exists (are you missing a cast?)
RT_820_conf.Designer.cs(1876,175): error CS0266: Cannot implicitly convert type `System.Windows.Forms.HorizontalAlignment' to `System.Windows.Forms.DataGridViewContentAlignment'. An explicit conversion exists (are you missing a cast?)
RT_820_conf.Designer.cs(1887,175): error CS0266: Cannot implicitly convert type `System.Windows.Forms.HorizontalAlignment' to `System.Windows.Forms.DataGridViewContentAlignment'. An explicit conversion exists (are you missing a cast?)
RT_820_conf.Designer.cs(1895,57): error CS0266: Cannot implicitly convert type `int' to `System.Windows.Forms.DataGridViewRowHeadersWidthSizeMode'. An explicit conversion exists (are you missing a cast?)
RT_820_conf.Designer.cs(1905,52): error CS0266: Cannot implicitly convert type `int' to `System.Windows.Forms.DataGridViewColumnHeadersHeightSizeMode'. An explicit conversion exists (are you missing a cast?)
RT_820_conf.Designer.cs(1909,48): error CS0266: Cannot implicitly convert type `int' to `System.Windows.Forms.DataGridViewRowHeadersWidthSizeMode'. An explicit conversion exists (are you missing a cast?)
RT_820_conf.Designer.cs(1953,62): error CS0266: Cannot implicitly convert type `int' to `System.Windows.Forms.DataGridViewColumnHeadersHeightSizeMode'. An explicit conversion exists (are you missing a cast?)
RT_820_conf.Designer.cs(1970,61): error CS0266: Cannot implicitly convert type `int' to `System.Windows.Forms.DataGridViewColumnHeadersHeightSizeMode'. An explicit conversion exists (are you missing a cast?)
RT_820_conf.Designer.cs(1974,57): error CS0266: Cannot implicitly convert type `int' to `System.Windows.Forms.DataGridViewRowHeadersWidthSizeMode'. An explicit conversion exists (are you missing a cast?)
RT_820_conf.Designer.cs(1993,52): error CS0266: Cannot implicitly convert type `int' to `System.Windows.Forms.DataGridViewColumnHeadersHeightSizeMode'. An explicit conversion exists (are you missing a cast?)
RT_820_conf.Designer.cs(1997,48): error CS0266: Cannot implicitly convert type `int' to `System.Windows.Forms.DataGridViewRowHeadersWidthSizeMode'. An explicit conversion exists (are you missing a cast?)
RT_820_conf.Designer.cs(2035,62): error CS0266: Cannot implicitly convert type `int' to `System.Windows.Forms.DataGridViewColumnHeadersHeightSizeMode'. An explicit conversion exists (are you missing a cast?)
RT_820_conf.Designer.cs(2049,175): error CS0266: Cannot implicitly convert type `System.Windows.Forms.HorizontalAlignment' to `System.Windows.Forms.DataGridViewContentAlignment'. An explicit conversion exists (are you missing a cast?)
RT_820_conf.Designer.cs(2057,61): error CS0266: Cannot implicitly convert type `int' to `System.Windows.Forms.DataGridViewColumnHeadersHeightSizeMode'. An explicit conversion exists (are you missing a cast?)
RT_820_conf.Designer.cs(2058,175): error CS0266: Cannot implicitly convert type `System.Windows.Forms.HorizontalAlignment' to `System.Windows.Forms.DataGridViewContentAlignment'. An explicit conversion exists (are you missing a cast?)
RT_820_conf.Designer.cs(2069,175): error CS0266: Cannot implicitly convert type `System.Windows.Forms.HorizontalAlignment' to `System.Windows.Forms.DataGridViewContentAlignment'. An explicit conversion exists (are you missing a cast?)
RT_820_conf.Designer.cs(2077,57): error CS0266: Cannot implicitly convert type `int' to `System.Windows.Forms.DataGridViewRowHeadersWidthSizeMode'. An explicit conversion exists (are you missing a cast?)
RT_820_conf.Designer.cs(2087,52): error CS0266: Cannot implicitly convert type `int' to `System.Windows.Forms.DataGridViewColumnHeadersHeightSizeMode'. An explicit conversion exists (are you missing a cast?)
RT_820_conf.Designer.cs(2091,48): error CS0266: Cannot implicitly convert type `int' to `System.Windows.Forms.DataGridViewRowHeadersWidthSizeMode'. An explicit conversion exists (are you missing a cast?)
RT_820_conf.Designer.cs(2125,175): error CS0266: Cannot implicitly convert type `System.Windows.Forms.HorizontalAlignment' to `System.Windows.Forms.DataGridViewContentAlignment'. An explicit conversion exists (are you missing a cast?)
RT_820_conf.Designer.cs(2133,66): error CS0266: Cannot implicitly convert type `int' to `System.Windows.Forms.DataGridViewColumnHeadersHeightSizeMode'. An explicit conversion exists (are you missing a cast?)
RT_820_conf.Designer.cs(2134,175): error CS0266: Cannot implicitly convert type `System.Windows.Forms.HorizontalAlignment' to `System.Windows.Forms.DataGridViewContentAlignment'. An explicit conversion exists (are you missing a cast?)
RT_820_conf.Designer.cs(2145,175): error CS0266: Cannot implicitly convert type `System.Windows.Forms.HorizontalAlignment' to `System.Windows.Forms.DataGridViewContentAlignment'. An explicit conversion exists (are you missing a cast?)
RT_820_conf.Designer.cs(2290,175): error CS0266: Cannot implicitly convert type `System.Windows.Forms.HorizontalAlignment' to `System.Windows.Forms.DataGridViewContentAlignment'. An explicit conversion exists (are you missing a cast?)
RT_820_conf.Designer.cs(2298,53): error CS0266: Cannot implicitly convert type `int' to `System.Windows.Forms.DataGridViewColumnHeadersHeightSizeMode'. An explicit conversion exists (are you missing a cast?)
RT_820_conf.Designer.cs(2308,175): error CS0266: Cannot implicitly convert type `System.Windows.Forms.HorizontalAlignment' to `System.Windows.Forms.DataGridViewContentAlignment'. An explicit conversion exists (are you missing a cast?)
RT_820_conf.Designer.cs(2319,175): error CS0266: Cannot implicitly convert type `System.Windows.Forms.HorizontalAlignment' to `System.Windows.Forms.DataGridViewContentAlignment'. An explicit conversion exists (are you missing a cast?)
RT_820_conf.Designer.cs(2334,175): error CS0266: Cannot implicitly convert type `System.Windows.Forms.HorizontalAlignment' to `System.Windows.Forms.DataGridViewContentAlignment'. An explicit conversion exists (are you missing a cast?)
RT_820_conf.Designer.cs(2366,175): error CS0266: Cannot implicitly convert type `System.Windows.Forms.HorizontalAlignment' to `System.Windows.Forms.DataGridViewContentAlignment'. An explicit conversion exists (are you missing a cast?)
RT_820_conf.Designer.cs(2374,64): error CS0266: Cannot implicitly convert type `int' to `System.Windows.Forms.DataGridViewColumnHeadersHeightSizeMode'. An explicit conversion exists (are you missing a cast?)
RT_820_conf.Designer.cs(2375,175): error CS0266: Cannot implicitly convert type `System.Windows.Forms.HorizontalAlignment' to `System.Windows.Forms.DataGridViewContentAlignment'. An explicit conversion exists (are you missing a cast?)
RT_820_conf.Designer.cs(2386,175): error CS0266: Cannot implicitly convert type `System.Windows.Forms.HorizontalAlignment' to `System.Windows.Forms.DataGridViewContentAlignment'. An explicit conversion exists (are you missing a cast?)
RT_820_conf.Designer.cs(2852,107): error CS0266: Cannot implicitly convert type `System.Windows.Forms.DataGridViewContentAlignment' to `System.Windows.Forms.HorizontalAlignment'. An explicit conversion exists (are you missing a cast?)
RT_821_200_conf.cs(2977,67): error CS0266: Cannot implicitly convert type `int' to `System.Windows.Forms.DataGridViewContentAlignment'. An explicit conversion exists (are you missing a cast?)
RT_821_200_conf.cs(2978,67): error CS0266: Cannot implicitly convert type `int' to `System.Windows.Forms.DataGridViewContentAlignment'. An explicit conversion exists (are you missing a cast?)
RT_821_200_conf.cs(2979,67): error CS0266: Cannot implicitly convert type `int' to `System.Windows.Forms.DataGridViewContentAlignment'. An explicit conversion exists (are you missing a cast?)
RT_821_200_conf.cs(2980,67): error CS0266: Cannot implicitly convert type `int' to `System.Windows.Forms.DataGridViewContentAlignment'. An explicit conversion exists (are you missing a cast?)
RT_821_200_conf.cs(2981,67): error CS0266: Cannot implicitly convert type `int' to `System.Windows.Forms.DataGridViewContentAlignment'. An explicit conversion exists (are you missing a cast?)
RT_821_200_conf.cs(2982,67): error CS0266: Cannot implicitly convert type `int' to `System.Windows.Forms.DataGridViewContentAlignment'. An explicit conversion exists (are you missing a cast?)
RT_821_200_conf.cs(2983,67): error CS0266: Cannot implicitly convert type `int' to `System.Windows.Forms.DataGridViewContentAlignment'. An explicit conversion exists (are you missing a cast?)
RT_821_200_conf.cs(2984,67): error CS0266: Cannot implicitly convert type `int' to `System.Windows.Forms.DataGridViewContentAlignment'. An explicit conversion exists (are you missing a cast?)
RT_821_200_conf.cs(2985,67): error CS0266: Cannot implicitly convert type `int' to `System.Windows.Forms.DataGridViewContentAlignment'. An explicit conversion exists (are you missing a cast?)
RT_821_200_conf.cs(2986,67): error CS0266: Cannot implicitly convert type `int' to `System.Windows.Forms.DataGridViewContentAlignment'. An explicit conversion exists (are you missing a cast?)
RT_821_200_conf.cs(2987,68): error CS0266: Cannot implicitly convert type `int' to `System.Windows.Forms.DataGridViewContentAlignment'. An explicit conversion exists (are you missing a cast?)
RT_821_200_conf.cs(2988,68): error CS0266: Cannot implicitly convert type `int' to `System.Windows.Forms.DataGridViewContentAlignment'. An explicit conversion exists (are you missing a cast?)
RT_821_200_conf.cs(2989,68): error CS0266: Cannot implicitly convert type `int' to `System.Windows.Forms.DataGridViewContentAlignment'. An explicit conversion exists (are you missing a cast?)
RT_821_200_conf.cs(2990,68): error CS0266: Cannot implicitly convert type `int' to `System.Windows.Forms.DataGridViewContentAlignment'. An explicit conversion exists (are you missing a cast?)
RT_821_200_conf.cs(3157,64): error CS0266: Cannot implicitly convert type `int' to `System.Windows.Forms.DataGridViewContentAlignment'. An explicit conversion exists (are you missing a cast?)
RT_821_200_conf.cs(3158,64): error CS0266: Cannot implicitly convert type `int' to `System.Windows.Forms.DataGridViewContentAlignment'. An explicit conversion exists (are you missing a cast?)
RT_821_200_conf.cs(3191,59): error CS0266: Cannot implicitly convert type `int' to `System.Windows.Forms.DataGridViewContentAlignment'. An explicit conversion exists (are you missing a cast?)
RT_821_200_conf.cs(3192,59): error CS0266: Cannot implicitly convert type `int' to `System.Windows.Forms.DataGridViewContentAlignment'. An explicit conversion exists (are you missing a cast?)
RT_821_200_conf.cs(3193,59): error CS0266: Cannot implicitly convert type `int' to `System.Windows.Forms.DataGridViewContentAlignment'. An explicit conversion exists (are you missing a cast?)
RT_821_200_conf.cs(3223,69): error CS0266: Cannot implicitly convert type `int' to `System.Windows.Forms.DataGridViewContentAlignment'. An explicit conversion exists (are you missing a cast?)
RT_821_200_conf.cs(3224,69): error CS0266: Cannot implicitly convert type `int' to `System.Windows.Forms.DataGridViewContentAlignment'. An explicit conversion exists (are you missing a cast?)
RT_821_200_conf.cs(3275,64): error CS0266: Cannot implicitly convert type `int' to `System.Windows.Forms.DataGridViewContentAlignment'. An explicit conversion exists (are you missing a cast?)
RT_821_200_conf.cs(3315,195): error CS0266: Cannot implicitly convert type `System.Windows.Forms.HorizontalAlignment' to `System.Windows.Forms.DataGridViewContentAlignment'. An explicit conversion exists (are you missing a cast?)
RT_821_200_conf.cs(3376,60): error CS0266: Cannot implicitly convert type `int' to `System.Windows.Forms.DataGridViewContentAlignment'. An explicit conversion exists (are you missing a cast?)
RT_821_200_conf.cs(3410,200): error CS0266: Cannot implicitly convert type `System.Windows.Forms.HorizontalAlignment' to `System.Windows.Forms.DataGridViewContentAlignment'. An explicit conversion exists (are you missing a cast?)
RT_821_200_conf.cs(3484,67): error CS0266: Cannot implicitly convert type `int' to `System.Windows.Forms.DataGridViewContentAlignment'. An explicit conversion exists (are you missing a cast?)
RT_821_200_conf.cs(3485,67): error CS0266: Cannot implicitly convert type `int' to `System.Windows.Forms.DataGridViewContentAlignment'. An explicit conversion exists (are you missing a cast?)
RT_821_200_conf.cs(3486,67): error CS0266: Cannot implicitly convert type `int' to `System.Windows.Forms.DataGridViewContentAlignment'. An explicit conversion exists (are you missing a cast?)
RT_821_200_conf.cs(3487,67): error CS0266: Cannot implicitly convert type `int' to `System.Windows.Forms.DataGridViewContentAlignment'. An explicit conversion exists (are you missing a cast?)
RT_821_200_conf.cs(3488,67): error CS0266: Cannot implicitly convert type `int' to `System.Windows.Forms.DataGridViewContentAlignment'. An explicit conversion exists (are you missing a cast?)
RT_821_200_conf.cs(3489,67): error CS0266: Cannot implicitly convert type `int' to `System.Windows.Forms.DataGridViewContentAlignment'. An explicit conversion exists (are you missing a cast?)
RT_821_200_conf.cs(3490,67): error CS0266: Cannot implicitly convert type `int' to `System.Windows.Forms.DataGridViewContentAlignment'. An explicit conversion exists (are you missing a cast?)
RT_821_200_conf.cs(3491,67): error CS0266: Cannot implicitly convert type `int' to `System.Windows.Forms.DataGridViewContentAlignment'. An explicit conversion exists (are you missing a cast?)
RT_821_200_conf.cs(3492,67): error CS0266: Cannot implicitly convert type `int' to `System.Windows.Forms.DataGridViewContentAlignment'. An explicit conversion exists (are you missing a cast?)
RT_821_200_conf.cs(3493,67): error CS0266: Cannot implicitly convert type `int' to `System.Windows.Forms.DataGridViewContentAlignment'. An explicit conversion exists (are you missing a cast?)
RT_821_200_conf.cs(3532,67): error CS0266: Cannot implicitly convert type `int' to `System.Windows.Forms.DataGridViewContentAlignment'. An explicit conversion exists (are you missing a cast?)
RT_821_200_conf.cs(3533,67): error CS0266: Cannot implicitly convert type `int' to `System.Windows.Forms.DataGridViewContentAlignment'. An explicit conversion exists (are you missing a cast?)
RT_821_200_conf.cs(3534,67): error CS0266: Cannot implicitly convert type `int' to `System.Windows.Forms.DataGridViewContentAlignment'. An explicit conversion exists (are you missing a cast?)
RT_821_200_conf.cs(3535,67): error CS0266: Cannot implicitly convert type `int' to `System.Windows.Forms.DataGridViewContentAlignment'. An explicit conversion exists (are you missing a cast?)
RT_821_200_conf.cs(3536,67): error CS0266: Cannot implicitly convert type `int' to `System.Windows.Forms.DataGridViewContentAlignment'. An explicit conversion exists (are you missing a cast?)
RT_821_200_conf.cs(3537,67): error CS0266: Cannot implicitly convert type `int' to `System.Windows.Forms.DataGridViewContentAlignment'. An explicit conversion exists (are you missing a cast?)
RT_821_200_conf.cs(3625,63): error CS0266: Cannot implicitly convert type `int' to `System.Windows.Forms.DataGridViewContentAlignment'. An explicit conversion exists (are you missing a cast?)
RT_821_200_conf.cs(3626,63): error CS0266: Cannot implicitly convert type `int' to `System.Windows.Forms.DataGridViewContentAlignment'. An explicit conversion exists (are you missing a cast?)
RT_821_200_conf.cs(3627,63): error CS0266: Cannot implicitly convert type `int' to `System.Windows.Forms.DataGridViewContentAlignment'. An explicit conversion exists (are you missing a cast?)
RT_821_200_conf.cs(3628,63): error CS0266: Cannot implicitly convert type `int' to `System.Windows.Forms.DataGridViewContentAlignment'. An explicit conversion exists (are you missing a cast?)
RT_821_200_conf.cs(3629,63): error CS0266: Cannot implicitly convert type `int' to `System.Windows.Forms.DataGridViewContentAlignment'. An explicit conversion exists (are you missing a cast?)
RT_821_200_conf.cs(3630,63): error CS0266: Cannot implicitly convert type `int' to `System.Windows.Forms.DataGridViewContentAlignment'. An explicit conversion exists (are you missing a cast?)
RT_821_200_conf.cs(3631,63): error CS0266: Cannot implicitly convert type `int' to `System.Windows.Forms.DataGridViewContentAlignment'. An explicit conversion exists (are you missing a cast?)
RT_821_200_conf.cs(3632,63): error CS0266: Cannot implicitly convert type `int' to `System.Windows.Forms.DataGridViewContentAlignment'. An explicit conversion exists (are you missing a cast?)
RT_821_200_conf.cs(3633,63): error CS0266: Cannot implicitly convert type `int' to `System.Windows.Forms.DataGridViewContentAlignment'. An explicit conversion exists (are you missing a cast?)
RT_821_200_conf.cs(3634,63): error CS0266: Cannot implicitly convert type `int' to `System.Windows.Forms.DataGridViewContentAlignment'. An explicit conversion exists (are you missing a cast?)
RT_821_200_conf.cs(3635,64): error CS0266: Cannot implicitly convert type `int' to `System.Windows.Forms.DataGridViewContentAlignment'. An explicit conversion exists (are you missing a cast?)
RT_821_200_conf.cs(3636,64): error CS0266: Cannot implicitly convert type `int' to `System.Windows.Forms.DataGridViewContentAlignment'. An explicit conversion exists (are you missing a cast?)
RT_821_200_conf.cs(3954,9): error CS0165: Use of unassigned local variable `num3'
RT_821_200_conf.cs(3940,6): warning CS0162: Unreachable code detected
RT_821_200_conf.cs(3952,5): warning CS0162: Unreachable code detected
RT_821_200_conf.cs(4782,9): error CS0165: Use of unassigned local variable `num3'
RT_821_200_conf.cs(4767,6): warning CS0162: Unreachable code detected
RT_821_200_conf.cs(4780,5): warning CS0162: Unreachable code detected
RT_821_200_conf.cs(4939,9): error CS0165: Use of unassigned local variable `num4'
RT_821_200_conf.cs(4924,6): warning CS0162: Unreachable code detected
RT_821_200_conf.cs(4937,5): warning CS0162: Unreachable code detected
RT_821_200_conf.cs(5237,17): error CS1502: The best overloaded method match for `System.Drawing.Font.Font(string, float, System.Drawing.FontStyle, System.Drawing.GraphicsUnit)' has some invalid arguments
		/usr/lib/mono/4.5-api/System.Drawing.dll (Location of the symbol related to previous error)
RT_821_200_conf.cs(5237,42): error CS1503: Argument `#3' cannot convert `int' expression to type `System.Drawing.FontStyle'
RT_821_200_conf.cs(5239,17): error CS1502: The best overloaded method match for `System.Drawing.Font.Font(string, float, System.Drawing.FontStyle, System.Drawing.GraphicsUnit)' has some invalid arguments
		/usr/lib/mono/4.5-api/System.Drawing.dll (Location of the symbol related to previous error)
RT_821_200_conf.cs(5239,42): error CS1503: Argument `#3' cannot convert `int' expression to type `System.Drawing.FontStyle'
RT_821_200_conf.Designer.cs(909,174): error CS0266: Cannot implicitly convert type `System.Windows.Forms.HorizontalAlignment' to `System.Windows.Forms.DataGridViewContentAlignment'. An explicit conversion exists (are you missing a cast?)
RT_821_200_conf.Designer.cs(917,61): error CS0266: Cannot implicitly convert type `int' to `System.Windows.Forms.DataGridViewColumnHeadersHeightSizeMode'. An explicit conversion exists (are you missing a cast?)
RT_821_200_conf.Designer.cs(918,174): error CS0266: Cannot implicitly convert type `System.Windows.Forms.HorizontalAlignment' to `System.Windows.Forms.DataGridViewContentAlignment'. An explicit conversion exists (are you missing a cast?)
RT_821_200_conf.Designer.cs(929,174): error CS0266: Cannot implicitly convert type `System.Windows.Forms.HorizontalAlignment' to `System.Windows.Forms.DataGridViewContentAlignment'. An explicit conversion exists (are you missing a cast?)
RT_821_200_conf.Designer.cs(1308,174): error CS0266: Cannot implicitly convert type `System.Windows.Forms.HorizontalAlignment' to `System.Windows.Forms.DataGridViewContentAlignment'. An explicit conversion exists (are you missing a cast?)
RT_821_200_conf.Designer.cs(1316,66): error CS0266: Cannot implicitly convert type `int' to `System.Windows.Forms.DataGridViewColumnHeadersHeightSizeMode'. An explicit conversion exists (are you missing a cast?)
RT_821_200_conf.Designer.cs(1317,174): error CS0266: Cannot implicitly convert type `System.Windows.Forms.HorizontalAlignment' to `System.Windows.Forms.DataGridViewContentAlignment'. An explicit conversion exists (are you missing a cast?)
RT_821_200_conf.Designer.cs(1328,174): error CS0266: Cannot implicitly convert type `System.Windows.Forms.HorizontalAlignment' to `System.Windows.Forms.DataGridViewContentAlignment'. An explicit conversion exists (are you missing a cast?)
RT_821_200_conf.Designer.cs(1878,107): error CS0266: Cannot implicitly convert type `System.Windows.Forms.DataGridViewContentAlignment' to `System.Windows.Forms.HorizontalAlignment'. An explicit conversion exists (are you missing a cast?)
RT_821_Conf.cs(2863,67): error CS0266: Cannot implicitly convert type `int' to `System.Windows.Forms.DataGridViewContentAlignment'. An explicit conversion exists (are you missing a cast?)
RT_821_Conf.cs(2864,67): error CS0266: Cannot implicitly convert type `int' to `System.Windows.Forms.DataGridViewContentAlignment'. An explicit conversion exists (are you missing a cast?)
RT_821_Conf.cs(2865,67): error CS0266: Cannot implicitly convert type `int' to `System.Windows.Forms.DataGridViewContentAlignment'. An explicit conversion exists (are you missing a cast?)
RT_821_Conf.cs(2866,67): error CS0266: Cannot implicitly convert type `int' to `System.Windows.Forms.DataGridViewContentAlignment'. An explicit conversion exists (are you missing a cast?)
RT_821_Conf.cs(2867,67): error CS0266: Cannot implicitly convert type `int' to `System.Windows.Forms.DataGridViewContentAlignment'. An explicit conversion exists (are you missing a cast?)
RT_821_Conf.cs(2868,67): error CS0266: Cannot implicitly convert type `int' to `System.Windows.Forms.DataGridViewContentAlignment'. An explicit conversion exists (are you missing a cast?)
RT_821_Conf.cs(2869,67): error CS0266: Cannot implicitly convert type `int' to `System.Windows.Forms.DataGridViewContentAlignment'. An explicit conversion exists (are you missing a cast?)
RT_821_Conf.cs(2960,72): error CS0266: Cannot implicitly convert type `int' to `System.Windows.Forms.DataGridViewContentAlignment'. An explicit conversion exists (are you missing a cast?)
RT_821_Conf.cs(2961,72): error CS0266: Cannot implicitly convert type `int' to `System.Windows.Forms.DataGridViewContentAlignment'. An explicit conversion exists (are you missing a cast?)
RT_821_Conf.cs(3034,59): error CS0266: Cannot implicitly convert type `int' to `System.Windows.Forms.DataGridViewContentAlignment'. An explicit conversion exists (are you missing a cast?)
RT_821_Conf.cs(3035,59): error CS0266: Cannot implicitly convert type `int' to `System.Windows.Forms.DataGridViewContentAlignment'. An explicit conversion exists (are you missing a cast?)
RT_821_Conf.cs(3036,59): error CS0266: Cannot implicitly convert type `int' to `System.Windows.Forms.DataGridViewContentAlignment'. An explicit conversion exists (are you missing a cast?)
RT_821_Conf.cs(3047,200): error CS0266: Cannot implicitly convert type `System.Windows.Forms.HorizontalAlignment' to `System.Windows.Forms.DataGridViewContentAlignment'. An explicit conversion exists (are you missing a cast?)
RT_821_Conf.cs(3119,67): error CS0266: Cannot implicitly convert type `int' to `System.Windows.Forms.DataGridViewContentAlignment'. An explicit conversion exists (are you missing a cast?)
RT_821_Conf.cs(3120,67): error CS0266: Cannot implicitly convert type `int' to `System.Windows.Forms.DataGridViewContentAlignment'. An explicit conversion exists (are you missing a cast?)
RT_821_Conf.cs(3121,67): error CS0266: Cannot implicitly convert type `int' to `System.Windows.Forms.DataGridViewContentAlignment'. An explicit conversion exists (are you missing a cast?)
RT_821_Conf.cs(3122,67): error CS0266: Cannot implicitly convert type `int' to `System.Windows.Forms.DataGridViewContentAlignment'. An explicit conversion exists (are you missing a cast?)
RT_821_Conf.cs(3123,67): error CS0266: Cannot implicitly convert type `int' to `System.Windows.Forms.DataGridViewContentAlignment'. An explicit conversion exists (are you missing a cast?)
RT_821_Conf.cs(3124,67): error CS0266: Cannot implicitly convert type `int' to `System.Windows.Forms.DataGridViewContentAlignment'. An explicit conversion exists (are you missing a cast?)
RT_821_Conf.cs(3125,67): error CS0266: Cannot implicitly convert type `int' to `System.Windows.Forms.DataGridViewContentAlignment'. An explicit conversion exists (are you missing a cast?)
RT_821_Conf.cs(3126,67): error CS0266: Cannot implicitly convert type `int' to `System.Windows.Forms.DataGridViewContentAlignment'. An explicit conversion exists (are you missing a cast?)
RT_821_Conf.cs(3127,67): error CS0266: Cannot implicitly convert type `int' to `System.Windows.Forms.DataGridViewContentAlignment'. An explicit conversion exists (are you missing a cast?)
RT_821_Conf.cs(3128,67): error CS0266: Cannot implicitly convert type `int' to `System.Windows.Forms.DataGridViewContentAlignment'. An explicit conversion exists (are you missing a cast?)
RT_821_Conf.cs(3136,202): error CS0266: Cannot implicitly convert type `System.Windows.Forms.HorizontalAlignment' to `System.Windows.Forms.DataGridViewContentAlignment'. An explicit conversion exists (are you missing a cast?)
RT_821_Conf.cs(3203,67): error CS0266: Cannot implicitly convert type `int' to `System.Windows.Forms.DataGridViewContentAlignment'. An explicit conversion exists (are you missing a cast?)
RT_821_Conf.cs(3204,67): error CS0266: Cannot implicitly convert type `int' to `System.Windows.Forms.DataGridViewContentAlignment'. An explicit conversion exists (are you missing a cast?)
RT_821_Conf.cs(3205,67): error CS0266: Cannot implicitly convert type `int' to `System.Windows.Forms.DataGridViewContentAlignment'. An explicit conversion exists (are you missing a cast?)
RT_821_Conf.cs(3229,195): error CS0266: Cannot implicitly convert type `System.Windows.Forms.HorizontalAlignment' to `System.Windows.Forms.DataGridViewContentAlignment'. An explicit conversion exists (are you missing a cast?)
RT_821_Conf.cs(3290,60): error CS0266: Cannot implicitly convert type `int' to `System.Windows.Forms.DataGridViewContentAlignment'. An explicit conversion exists (are you missing a cast?)
RT_821_Conf.cs(3314,199): error CS0266: Cannot implicitly convert type `System.Windows.Forms.HorizontalAlignment' to `System.Windows.Forms.DataGridViewContentAlignment'. An explicit conversion exists (are you missing a cast?)
RT_821_Conf.cs(3388,62): error CS0266: Cannot implicitly convert type `int' to `System.Windows.Forms.DataGridViewContentAlignment'. An explicit conversion exists (are you missing a cast?)
RT_821_Conf.cs(3389,62): error CS0266: Cannot implicitly convert type `int' to `System.Windows.Forms.DataGridViewContentAlignment'. An explicit conversion exists (are you missing a cast?)
RT_821_Conf.cs(3390,62): error CS0266: Cannot implicitly convert type `int' to `System.Windows.Forms.DataGridViewContentAlignment'. An explicit conversion exists (are you missing a cast?)
RT_821_Conf.cs(3391,62): error CS0266: Cannot implicitly convert type `int' to `System.Windows.Forms.DataGridViewContentAlignment'. An explicit conversion exists (are you missing a cast?)
RT_821_Conf.cs(3523,6): warning CS0164: This label has not been referenced
RT_821_Conf.cs(3536,9): error CS0165: Use of unassigned local variable `num3'
RT_821_Conf.cs(3525,6): warning CS0162: Unreachable code detected
RT_821_Conf.cs(3534,5): warning CS0162: Unreachable code detected
RT_821_Conf.cs(4536,9): error CS0165: Use of unassigned local variable `num3'
RT_821_Conf.cs(4521,6): warning CS0162: Unreachable code detected
RT_821_Conf.cs(4534,5): warning CS0162: Unreachable code detected
RT_821_Conf.cs(4877,9): error CS0165: Use of unassigned local variable `num12'
RT_821_Conf.cs(4862,6): warning CS0162: Unreachable code detected
RT_821_Conf.cs(4875,5): warning CS0162: Unreachable code detected
RT_821_Conf.cs(5210,17): error CS1502: The best overloaded method match for `System.Drawing.Font.Font(string, float, System.Drawing.FontStyle, System.Drawing.GraphicsUnit)' has some invalid arguments
		/usr/lib/mono/4.5-api/System.Drawing.dll (Location of the symbol related to previous error)
RT_821_Conf.cs(5210,42): error CS1503: Argument `#3' cannot convert `int' expression to type `System.Drawing.FontStyle'
RT_821_Conf.cs(5212,17): error CS1502: The best overloaded method match for `System.Drawing.Font.Font(string, float, System.Drawing.FontStyle, System.Drawing.GraphicsUnit)' has some invalid arguments
		/usr/lib/mono/4.5-api/System.Drawing.dll (Location of the symbol related to previous error)
RT_821_Conf.cs(5212,42): error CS1503: Argument `#3' cannot convert `int' expression to type `System.Drawing.FontStyle'
RT_821_Conf.cs(5447,17): error CS1502: The best overloaded method match for `System.Drawing.Font.Font(string, float, System.Drawing.FontStyle, System.Drawing.GraphicsUnit)' has some invalid arguments
		/usr/lib/mono/4.5-api/System.Drawing.dll (Location of the symbol related to previous error)
RT_821_Conf.cs(5447,42): error CS1503: Argument `#3' cannot convert `int' expression to type `System.Drawing.FontStyle'
RT_821_Conf.cs(5449,17): error CS1502: The best overloaded method match for `System.Drawing.Font.Font(string, float, System.Drawing.FontStyle, System.Drawing.GraphicsUnit)' has some invalid arguments
		/usr/lib/mono/4.5-api/System.Drawing.dll (Location of the symbol related to previous error)
RT_821_Conf.cs(5449,42): error CS1503: Argument `#3' cannot convert `int' expression to type `System.Drawing.FontStyle'
RT_821_Conf.cs(5807,47): error CS0165: Use of unassigned local variable `flag'
RT_821_Conf.Designer.cs(716,174): error CS0266: Cannot implicitly convert type `System.Windows.Forms.HorizontalAlignment' to `System.Windows.Forms.DataGridViewContentAlignment'. An explicit conversion exists (are you missing a cast?)
RT_821_Conf.Designer.cs(724,78): error CS0266: Cannot implicitly convert type `int' to `System.Windows.Forms.DataGridViewColumnHeadersHeightSizeMode'. An explicit conversion exists (are you missing a cast?)
RT_821_Conf.Designer.cs(725,174): error CS0266: Cannot implicitly convert type `System.Windows.Forms.HorizontalAlignment' to `System.Windows.Forms.DataGridViewContentAlignment'. An explicit conversion exists (are you missing a cast?)
RT_821_Conf.Designer.cs(737,174): error CS0266: Cannot implicitly convert type `System.Windows.Forms.HorizontalAlignment' to `System.Windows.Forms.DataGridViewContentAlignment'. An explicit conversion exists (are you missing a cast?)
RT_821_Conf.Designer.cs(767,174): error CS0266: Cannot implicitly convert type `System.Windows.Forms.HorizontalAlignment' to `System.Windows.Forms.DataGridViewContentAlignment'. An explicit conversion exists (are you missing a cast?)
RT_821_Conf.Designer.cs(775,67): error CS0266: Cannot implicitly convert type `int' to `System.Windows.Forms.DataGridViewColumnHeadersHeightSizeMode'. An explicit conversion exists (are you missing a cast?)
RT_821_Conf.Designer.cs(776,174): error CS0266: Cannot implicitly convert type `System.Windows.Forms.HorizontalAlignment' to `System.Windows.Forms.DataGridViewContentAlignment'. An explicit conversion exists (are you missing a cast?)
RT_821_Conf.Designer.cs(788,174): error CS0266: Cannot implicitly convert type `System.Windows.Forms.HorizontalAlignment' to `System.Windows.Forms.DataGridViewContentAlignment'. An explicit conversion exists (are you missing a cast?)
RT_821_Conf.Designer.cs(836,175): error CS0266: Cannot implicitly convert type `System.Windows.Forms.HorizontalAlignment' to `System.Windows.Forms.DataGridViewContentAlignment'. An explicit conversion exists (are you missing a cast?)
RT_821_Conf.Designer.cs(844,72): error CS0266: Cannot implicitly convert type `int' to `System.Windows.Forms.DataGridViewColumnHeadersHeightSizeMode'. An explicit conversion exists (are you missing a cast?)
RT_821_Conf.Designer.cs(845,175): error CS0266: Cannot implicitly convert type `System.Windows.Forms.HorizontalAlignment' to `System.Windows.Forms.DataGridViewContentAlignment'. An explicit conversion exists (are you missing a cast?)
RT_821_Conf.Designer.cs(856,175): error CS0266: Cannot implicitly convert type `System.Windows.Forms.HorizontalAlignment' to `System.Windows.Forms.DataGridViewContentAlignment'. An explicit conversion exists (are you missing a cast?)
RT_821_Conf.Designer.cs(979,175): error CS0266: Cannot implicitly convert type `System.Windows.Forms.HorizontalAlignment' to `System.Windows.Forms.DataGridViewContentAlignment'. An explicit conversion exists (are you missing a cast?)
RT_821_Conf.Designer.cs(987,61): error CS0266: Cannot implicitly convert type `int' to `System.Windows.Forms.DataGridViewColumnHeadersHeightSizeMode'. An explicit conversion exists (are you missing a cast?)
RT_821_Conf.Designer.cs(988,175): error CS0266: Cannot implicitly convert type `System.Windows.Forms.HorizontalAlignment' to `System.Windows.Forms.DataGridViewContentAlignment'. An explicit conversion exists (are you missing a cast?)
RT_821_Conf.Designer.cs(999,175): error CS0266: Cannot implicitly convert type `System.Windows.Forms.HorizontalAlignment' to `System.Windows.Forms.DataGridViewContentAlignment'. An explicit conversion exists (are you missing a cast?)
RT_821_Conf.Designer.cs(1046,175): error CS0266: Cannot implicitly convert type `System.Windows.Forms.HorizontalAlignment' to `System.Windows.Forms.DataGridViewContentAlignment'. An explicit conversion exists (are you missing a cast?)
RT_821_Conf.Designer.cs(1054,68): error CS0266: Cannot implicitly convert type `int' to `System.Windows.Forms.DataGridViewColumnHeadersHeightSizeMode'. An explicit conversion exists (are you missing a cast?)
RT_821_Conf.Designer.cs(1055,175): error CS0266: Cannot implicitly convert type `System.Windows.Forms.HorizontalAlignment' to `System.Windows.Forms.DataGridViewContentAlignment'. An explicit conversion exists (are you missing a cast?)
RT_821_Conf.Designer.cs(1066,175): error CS0266: Cannot implicitly convert type `System.Windows.Forms.HorizontalAlignment' to `System.Windows.Forms.DataGridViewContentAlignment'. An explicit conversion exists (are you missing a cast?)
RT_821_Conf.Designer.cs(1110,175): error CS0266: Cannot implicitly convert type `System.Windows.Forms.HorizontalAlignment' to `System.Windows.Forms.DataGridViewContentAlignment'. An explicit conversion exists (are you missing a cast?)
RT_821_Conf.Designer.cs(1118,66): error CS0266: Cannot implicitly convert type `int' to `System.Windows.Forms.DataGridViewColumnHeadersHeightSizeMode'. An explicit conversion exists (are you missing a cast?)
RT_821_Conf.Designer.cs(1119,175): error CS0266: Cannot implicitly convert type `System.Windows.Forms.HorizontalAlignment' to `System.Windows.Forms.DataGridViewContentAlignment'. An explicit conversion exists (are you missing a cast?)
RT_821_Conf.Designer.cs(1130,175): error CS0266: Cannot implicitly convert type `System.Windows.Forms.HorizontalAlignment' to `System.Windows.Forms.DataGridViewContentAlignment'. An explicit conversion exists (are you missing a cast?)
RT_821_Conf.Designer.cs(1265,175): error CS0266: Cannot implicitly convert type `System.Windows.Forms.HorizontalAlignment' to `System.Windows.Forms.DataGridViewContentAlignment'. An explicit conversion exists (are you missing a cast?)
RT_821_Conf.Designer.cs(1273,65): error CS0266: Cannot implicitly convert type `int' to `System.Windows.Forms.DataGridViewColumnHeadersHeightSizeMode'. An explicit conversion exists (are you missing a cast?)
RT_821_Conf.Designer.cs(1274,175): error CS0266: Cannot implicitly convert type `System.Windows.Forms.HorizontalAlignment' to `System.Windows.Forms.DataGridViewContentAlignment'. An explicit conversion exists (are you missing a cast?)
RT_821_Conf.Designer.cs(1285,175): error CS0266: Cannot implicitly convert type `System.Windows.Forms.HorizontalAlignment' to `System.Windows.Forms.DataGridViewContentAlignment'. An explicit conversion exists (are you missing a cast?)
RT_821_Conf.Designer.cs(1753,106): error CS0266: Cannot implicitly convert type `System.Windows.Forms.DataGridViewContentAlignment' to `System.Windows.Forms.HorizontalAlignment'. An explicit conversion exists (are you missing a cast?)
RT_830_200_configurador.cs(4740,8): error CS0165: Use of unassigned local variable `num2'
RT_830_200_configurador.cs(4726,5): warning CS0162: Unreachable code detected
RT_830_200_configurador.cs(4738,4): warning CS0162: Unreachable code detected
RT_830_200_configurador.cs(4881,5): warning CS0164: This label has not been referenced
RT_830_200_configurador.cs(4894,8): error CS0165: Use of unassigned local variable `num2'
RT_830_200_configurador.cs(4883,5): warning CS0162: Unreachable code detected
RT_830_200_configurador.cs(4892,4): warning CS0162: Unreachable code detected
RT_830_200_configurador.cs(5605,8): error CS0165: Use of unassigned local variable `num2'
RT_830_200_configurador.cs(5590,5): warning CS0162: Unreachable code detected
RT_830_200_configurador.cs(5603,4): warning CS0162: Unreachable code detected
RT_830_200_configurador.cs(5729,8): error CS0165: Use of unassigned local variable `num2'
RT_830_200_configurador.cs(5714,5): warning CS0162: Unreachable code detected
RT_830_200_configurador.cs(5727,4): warning CS0162: Unreachable code detected
RT_830_200_configurador.cs(6107,5): warning CS0164: This label has not been referenced
RT_830_200_configurador.cs(6120,8): error CS0165: Use of unassigned local variable `num2'
RT_830_200_configurador.cs(6109,5): warning CS0162: Unreachable code detected
RT_830_200_configurador.cs(6118,4): warning CS0162: Unreachable code detected
RT_830_200_configurador.Designer.cs(240,4): error CS0119: Expression denotes a `type', where a `variable' or `value' was expected
RT_830_200_configurador.Designer.cs(375,106): error CS0266: Cannot implicitly convert type `System.Windows.Forms.DataGridViewContentAlignment' to `System.Windows.Forms.HorizontalAlignment'. An explicit conversion exists (are you missing a cast?)
RT_830_200_configurador.Designer.cs(1126,66): error CS0266: Cannot implicitly convert type `int' to `System.Windows.Forms.DataGridViewColumnHeadersHeightSizeMode'. An explicit conversion exists (are you missing a cast?)
RT_830_200_configurador.Designer.cs(1202,174): error CS0266: Cannot implicitly convert type `System.Windows.Forms.HorizontalAlignment' to `System.Windows.Forms.DataGridViewContentAlignment'. An explicit conversion exists (are you missing a cast?)
RT_830_200_configurador.Designer.cs(1210,62): error CS0266: Cannot implicitly convert type `int' to `System.Windows.Forms.DataGridViewColumnHeadersHeightSizeMode'. An explicit conversion exists (are you missing a cast?)
RT_830_200_configurador.Designer.cs(1430,66): error CS0266: Cannot implicitly convert type `int' to `System.Windows.Forms.DataGridViewColumnHeadersHeightSizeMode'. An explicit conversion exists (are you missing a cast?)
RT_830_200_configurador.Designer.cs(1455,68): error CS0266: Cannot implicitly convert type `int' to `System.Windows.Forms.DataGridViewColumnHeadersHeightSizeMode'. An explicit conversion exists (are you missing a cast?)
RT_830_200_configurador.Designer.cs(1483,62): error CS0266: Cannot implicitly convert type `int' to `System.Windows.Forms.DataGridViewColumnHeadersHeightSizeMode'. An explicit conversion exists (are you missing a cast?)
RT_830_200_impressao_X.cs(50,11): error CS0165: Use of unassigned local variable `result'
RT_830_200_impressao_X.cs(58,17): error CS1502: The best overloaded method match for `System.Drawing.Font.Font(string, float, System.Drawing.FontStyle, System.Drawing.GraphicsUnit)' has some invalid arguments
		/usr/lib/mono/4.5-api/System.Drawing.dll (Location of the symbol related to previous error)
RT_830_200_impressao_X.cs(58,42): error CS1503: Argument `#3' cannot convert `int' expression to type `System.Drawing.FontStyle'
RT_830_200_impressao_X.cs(60,17): error CS1502: The best overloaded method match for `System.Drawing.Font.Font(string, float, System.Drawing.FontStyle, System.Drawing.GraphicsUnit)' has some invalid arguments
		/usr/lib/mono/4.5-api/System.Drawing.dll (Location of the symbol related to previous error)
RT_830_200_impressao_X.cs(60,42): error CS1503: Argument `#3' cannot convert `int' expression to type `System.Drawing.FontStyle'
RT_830_200_impressao_X.cs(172,17): error CS1502: The best overloaded method match for `System.Drawing.Font.Font(string, float, System.Drawing.FontStyle, System.Drawing.GraphicsUnit)' has some invalid arguments
		/usr/lib/mono/4.5-api/System.Drawing.dll (Location of the symbol related to previous error)
RT_830_200_impressao_X.cs(172,42): error CS1503: Argument `#3' cannot convert `int' expression to type `System.Drawing.FontStyle'
RT_830_200_impressao_X.cs(174,17): error CS1502: The best overloaded method match for `System.Drawing.Font.Font(string, float, System.Drawing.FontStyle, System.Drawing.GraphicsUnit)' has some invalid arguments
		/usr/lib/mono/4.5-api/System.Drawing.dll (Location of the symbol related to previous error)
RT_830_200_impressao_X.cs(174,42): error CS1503: Argument `#3' cannot convert `int' expression to type `System.Drawing.FontStyle'
RT_830_200_impressao_X.cs(262,17): error CS1502: The best overloaded method match for `System.Drawing.Font.Font(string, float, System.Drawing.FontStyle, System.Drawing.GraphicsUnit)' has some invalid arguments
		/usr/lib/mono/4.5-api/System.Drawing.dll (Location of the symbol related to previous error)
RT_830_200_impressao_X.cs(262,42): error CS1503: Argument `#3' cannot convert `int' expression to type `System.Drawing.FontStyle'
RT_830_200_impressao_X.cs(264,17): error CS1502: The best overloaded method match for `System.Drawing.Font.Font(string, float, System.Drawing.FontStyle, System.Drawing.GraphicsUnit)' has some invalid arguments
		/usr/lib/mono/4.5-api/System.Drawing.dll (Location of the symbol related to previous error)
RT_830_200_impressao_X.cs(264,42): error CS1503: Argument `#3' cannot convert `int' expression to type `System.Drawing.FontStyle'
RT_830_200_impressao_X.cs(369,17): error CS1502: The best overloaded method match for `System.Drawing.Font.Font(string, float, System.Drawing.FontStyle, System.Drawing.GraphicsUnit)' has some invalid arguments
		/usr/lib/mono/4.5-api/System.Drawing.dll (Location of the symbol related to previous error)
RT_830_200_impressao_X.cs(369,42): error CS1503: Argument `#3' cannot convert `int' expression to type `System.Drawing.FontStyle'
RT_830_200_impressao_X.cs(371,17): error CS1502: The best overloaded method match for `System.Drawing.Font.Font(string, float, System.Drawing.FontStyle, System.Drawing.GraphicsUnit)' has some invalid arguments
		/usr/lib/mono/4.5-api/System.Drawing.dll (Location of the symbol related to previous error)
RT_830_200_impressao_X.cs(371,42): error CS1503: Argument `#3' cannot convert `int' expression to type `System.Drawing.FontStyle'
RT_830_200_impressao_X.cs(488,17): error CS1502: The best overloaded method match for `System.Drawing.Font.Font(string, float, System.Drawing.FontStyle, System.Drawing.GraphicsUnit)' has some invalid arguments
		/usr/lib/mono/4.5-api/System.Drawing.dll (Location of the symbol related to previous error)
RT_830_200_impressao_X.cs(488,42): error CS1503: Argument `#3' cannot convert `int' expression to type `System.Drawing.FontStyle'
RT_830_200_impressao_X.cs(490,17): error CS1502: The best overloaded method match for `System.Drawing.Font.Font(string, float, System.Drawing.FontStyle, System.Drawing.GraphicsUnit)' has some invalid arguments
		/usr/lib/mono/4.5-api/System.Drawing.dll (Location of the symbol related to previous error)
RT_830_200_impressao_X.cs(490,42): error CS1503: Argument `#3' cannot convert `int' expression to type `System.Drawing.FontStyle'
RT_831_200_configurador.cs(3633,8): error CS0165: Use of unassigned local variable `num2'
RT_831_200_configurador.cs(3619,5): warning CS0162: Unreachable code detected
RT_831_200_configurador.cs(3631,4): warning CS0162: Unreachable code detected
RT_831_200_configurador.cs(3774,5): warning CS0164: This label has not been referenced
RT_831_200_configurador.cs(3787,8): error CS0165: Use of unassigned local variable `num2'
RT_831_200_configurador.cs(3776,5): warning CS0162: Unreachable code detected
RT_831_200_configurador.cs(3785,4): warning CS0162: Unreachable code detected
RT_831_200_configurador.cs(4487,8): error CS0165: Use of unassigned local variable `num2'
RT_831_200_configurador.cs(4472,5): warning CS0162: Unreachable code detected
RT_831_200_configurador.cs(4485,4): warning CS0162: Unreachable code detected
RT_831_200_configurador.cs(4599,8): error CS0165: Use of unassigned local variable `num2'
RT_831_200_configurador.cs(4584,5): warning CS0162: Unreachable code detected
RT_831_200_configurador.cs(4597,4): warning CS0162: Unreachable code detected
RT_831_200_configurador.cs(4847,10): error CS0165: Use of unassigned local variable `num4'
RT_831_200_configurador.cs(4851,24): error CS0165: Use of unassigned local variable `num3'
RT_831_200_configurador.cs(4974,5): warning CS0164: This label has not been referenced
RT_831_200_configurador.cs(4987,8): error CS0165: Use of unassigned local variable `num2'
RT_831_200_configurador.cs(4976,5): warning CS0162: Unreachable code detected
RT_831_200_configurador.cs(4985,4): warning CS0162: Unreachable code detected
RT_831_200_configurador.Designer.cs(181,4): error CS0119: Expression denotes a `type', where a `variable' or `value' was expected
RT_831_200_configurador.Designer.cs(316,106): error CS0266: Cannot implicitly convert type `System.Windows.Forms.DataGridViewContentAlignment' to `System.Windows.Forms.HorizontalAlignment'. An explicit conversion exists (are you missing a cast?)
RT_831_200_configurador.Designer.cs(878,66): error CS0266: Cannot implicitly convert type `int' to `System.Windows.Forms.DataGridViewColumnHeadersHeightSizeMode'. An explicit conversion exists (are you missing a cast?)
RT_831_200_configurador.Designer.cs(938,62): error CS0266: Cannot implicitly convert type `int' to `System.Windows.Forms.DataGridViewColumnHeadersHeightSizeMode'. An explicit conversion exists (are you missing a cast?)
RT_831_200_impressao_X.cs(42,11): error CS0165: Use of unassigned local variable `result'
RT_831_200_impressao_X.cs(49,17): error CS1502: The best overloaded method match for `System.Drawing.Font.Font(string, float, System.Drawing.FontStyle, System.Drawing.GraphicsUnit)' has some invalid arguments
		/usr/lib/mono/4.5-api/System.Drawing.dll (Location of the symbol related to previous error)
RT_831_200_impressao_X.cs(49,42): error CS1503: Argument `#3' cannot convert `int' expression to type `System.Drawing.FontStyle'
RT_831_200_impressao_X.cs(51,17): error CS1502: The best overloaded method match for `System.Drawing.Font.Font(string, float, System.Drawing.FontStyle, System.Drawing.GraphicsUnit)' has some invalid arguments
		/usr/lib/mono/4.5-api/System.Drawing.dll (Location of the symbol related to previous error)
RT_831_200_impressao_X.cs(51,42): error CS1503: Argument `#3' cannot convert `int' expression to type `System.Drawing.FontStyle'
RT_831_200_impressao_X.cs(122,17): error CS1502: The best overloaded method match for `System.Drawing.Font.Font(string, float, System.Drawing.FontStyle, System.Drawing.GraphicsUnit)' has some invalid arguments
		/usr/lib/mono/4.5-api/System.Drawing.dll (Location of the symbol related to previous error)
RT_831_200_impressao_X.cs(122,42): error CS1503: Argument `#3' cannot convert `int' expression to type `System.Drawing.FontStyle'
RT_831_200_impressao_X.cs(124,17): error CS1502: The best overloaded method match for `System.Drawing.Font.Font(string, float, System.Drawing.FontStyle, System.Drawing.GraphicsUnit)' has some invalid arguments
		/usr/lib/mono/4.5-api/System.Drawing.dll (Location of the symbol related to previous error)
RT_831_200_impressao_X.cs(124,42): error CS1503: Argument `#3' cannot convert `int' expression to type `System.Drawing.FontStyle'
RT_831_200_impressao_X.cs(197,17): error CS1502: The best overloaded method match for `System.Drawing.Font.Font(string, float, System.Drawing.FontStyle, System.Drawing.GraphicsUnit)' has some invalid arguments
		/usr/lib/mono/4.5-api/System.Drawing.dll (Location of the symbol related to previous error)
RT_831_200_impressao_X.cs(197,42): error CS1503: Argument `#3' cannot convert `int' expression to type `System.Drawing.FontStyle'
RT_831_200_impressao_X.cs(199,17): error CS1502: The best overloaded method match for `System.Drawing.Font.Font(string, float, System.Drawing.FontStyle, System.Drawing.GraphicsUnit)' has some invalid arguments
		/usr/lib/mono/4.5-api/System.Drawing.dll (Location of the symbol related to previous error)
RT_831_200_impressao_X.cs(199,42): error CS1503: Argument `#3' cannot convert `int' expression to type `System.Drawing.FontStyle'
RT_831_200_impressao_X.cs(293,17): error CS1502: The best overloaded method match for `System.Drawing.Font.Font(string, float, System.Drawing.FontStyle, System.Drawing.GraphicsUnit)' has some invalid arguments
		/usr/lib/mono/4.5-api/System.Drawing.dll (Location of the symbol related to previous error)
RT_831_200_impressao_X.cs(293,42): error CS1503: Argument `#3' cannot convert `int' expression to type `System.Drawing.FontStyle'
RT_831_200_impressao_X.cs(295,17): error CS1502: The best overloaded method match for `System.Drawing.Font.Font(string, float, System.Drawing.FontStyle, System.Drawing.GraphicsUnit)' has some invalid arguments
		/usr/lib/mono/4.5-api/System.Drawing.dll (Location of the symbol related to previous error)
RT_831_200_impressao_X.cs(295,42): error CS1503: Argument `#3' cannot convert `int' expression to type `System.Drawing.FontStyle'
RT_850_conf.cs(3889,178): error CS0266: Cannot implicitly convert type `System.Windows.Forms.HorizontalAlignment' to `System.Windows.Forms.DataGridViewContentAlignment'. An explicit conversion exists (are you missing a cast?)
RT_850_conf.cs(4057,180): error CS0266: Cannot implicitly convert type `System.Windows.Forms.HorizontalAlignment' to `System.Windows.Forms.DataGridViewContentAlignment'. An explicit conversion exists (are you missing a cast?)
RT_850_conf.cs(4247,51): error CS0266: Cannot implicitly convert type `int' to `System.Windows.Forms.DataGridViewRowHeadersWidthSizeMode'. An explicit conversion exists (are you missing a cast?)
RT_850_conf.cs(4336,177): error CS0266: Cannot implicitly convert type `System.Windows.Forms.HorizontalAlignment' to `System.Windows.Forms.DataGridViewContentAlignment'. An explicit conversion exists (are you missing a cast?)
RT_850_conf.cs(4706,177): error CS0266: Cannot implicitly convert type `System.Windows.Forms.HorizontalAlignment' to `System.Windows.Forms.DataGridViewContentAlignment'. An explicit conversion exists (are you missing a cast?)
RT_850_conf.cs(4942,7): error CS0165: Use of unassigned local variable `enumerator'
RT_850_conf.cs(5224,6): warning CS0164: This label has not been referenced
RT_850_conf.cs(5226,6): warning CS0162: Unreachable code detected
RT_850_conf.cs(5235,5): warning CS0162: Unreachable code detected
RT_850_conf.cs(5254,177): error CS0266: Cannot implicitly convert type `System.Windows.Forms.HorizontalAlignment' to `System.Windows.Forms.DataGridViewContentAlignment'. An explicit conversion exists (are you missing a cast?)
RT_850_conf.cs(5550,7): error CS0165: Use of unassigned local variable `enumerator'
RT_850_conf.cs(5997,187): error CS0266: Cannot implicitly convert type `System.Windows.Forms.HorizontalAlignment' to `System.Windows.Forms.DataGridViewContentAlignment'. An explicit conversion exists (are you missing a cast?)
RT_850_conf.cs(6111,190): error CS0266: Cannot implicitly convert type `System.Windows.Forms.HorizontalAlignment' to `System.Windows.Forms.DataGridViewContentAlignment'. An explicit conversion exists (are you missing a cast?)
RT_850_conf.cs(7028,5): warning CS0162: Unreachable code detected
RT_850_conf.cs(7040,4): warning CS0162: Unreachable code detected
RT_850_conf.cs(7166,5): error CS0165: Use of unassigned local variable `enumerator'
RT_850_conf.cs(7378,5): warning CS0164: This label has not been referenced
RT_850_conf.cs(7380,5): warning CS0162: Unreachable code detected
RT_850_conf.cs(7389,4): warning CS0162: Unreachable code detected
RT_850_conf.cs(7441,53): error CS0165: Use of unassigned local variable `integer_ictel'
RT_850_conf.cs(7453,53): error CS0165: Use of unassigned local variable `integer_ictel'
RT_850_conf.cs(9692,5): warning CS0162: Unreachable code detected
RT_850_conf.cs(9705,4): warning CS0162: Unreachable code detected
RT_850_conf.cs(10632,5): warning CS0162: Unreachable code detected
RT_850_conf.cs(10645,4): warning CS0162: Unreachable code detected
RT_850_conf.cs(11264,5): warning CS0164: This label has not been referenced
RT_850_conf.cs(11266,5): warning CS0162: Unreachable code detected
RT_850_conf.cs(11275,4): warning CS0162: Unreachable code detected
RT_850_conf.cs(13444,18): error CS0165: Use of unassigned local variable `num8'
RT_850_conf.cs(13516,11): error CS0165: Use of unassigned local variable `result'
RT_850_conf.Designer.cs(312,4): error CS0119: Expression denotes a `type', where a `variable' or `value' was expected
RT_850_conf.Designer.cs(1577,174): error CS0266: Cannot implicitly convert type `System.Windows.Forms.HorizontalAlignment' to `System.Windows.Forms.DataGridViewContentAlignment'. An explicit conversion exists (are you missing a cast?)
RT_850_conf.Designer.cs(1586,174): error CS0266: Cannot implicitly convert type `System.Windows.Forms.HorizontalAlignment' to `System.Windows.Forms.DataGridViewContentAlignment'. An explicit conversion exists (are you missing a cast?)
RT_850_conf.Designer.cs(1598,174): error CS0266: Cannot implicitly convert type `System.Windows.Forms.HorizontalAlignment' to `System.Windows.Forms.DataGridViewContentAlignment'. An explicit conversion exists (are you missing a cast?)
RT_850_conf.Designer.cs(1607,64): error CS0266: Cannot implicitly convert type `int' to `System.Windows.Forms.DataGridViewRowHeadersWidthSizeMode'. An explicit conversion exists (are you missing a cast?)
RT_850_conf.Designer.cs(1694,174): error CS0266: Cannot implicitly convert type `System.Windows.Forms.HorizontalAlignment' to `System.Windows.Forms.DataGridViewContentAlignment'. An explicit conversion exists (are you missing a cast?)
RT_850_conf.Designer.cs(1703,174): error CS0266: Cannot implicitly convert type `System.Windows.Forms.HorizontalAlignment' to `System.Windows.Forms.DataGridViewContentAlignment'. An explicit conversion exists (are you missing a cast?)
RT_850_conf.Designer.cs(1714,174): error CS0266: Cannot implicitly convert type `System.Windows.Forms.HorizontalAlignment' to `System.Windows.Forms.DataGridViewContentAlignment'. An explicit conversion exists (are you missing a cast?)
RT_850_conf.Designer.cs(1758,175): error CS0266: Cannot implicitly convert type `System.Windows.Forms.HorizontalAlignment' to `System.Windows.Forms.DataGridViewContentAlignment'. An explicit conversion exists (are you missing a cast?)
RT_850_conf.Designer.cs(1767,175): error CS0266: Cannot implicitly convert type `System.Windows.Forms.HorizontalAlignment' to `System.Windows.Forms.DataGridViewContentAlignment'. An explicit conversion exists (are you missing a cast?)
RT_850_conf.Designer.cs(1778,175): error CS0266: Cannot implicitly convert type `System.Windows.Forms.HorizontalAlignment' to `System.Windows.Forms.DataGridViewContentAlignment'. An explicit conversion exists (are you missing a cast?)
RT_850_conf.Designer.cs(1822,175): error CS0266: Cannot implicitly convert type `System.Windows.Forms.HorizontalAlignment' to `System.Windows.Forms.DataGridViewContentAlignment'. An explicit conversion exists (are you missing a cast?)
RT_850_conf.Designer.cs(1831,175): error CS0266: Cannot implicitly convert type `System.Windows.Forms.HorizontalAlignment' to `System.Windows.Forms.DataGridViewContentAlignment'. An explicit conversion exists (are you missing a cast?)
RT_850_conf.Designer.cs(1842,175): error CS0266: Cannot implicitly convert type `System.Windows.Forms.HorizontalAlignment' to `System.Windows.Forms.DataGridViewContentAlignment'. An explicit conversion exists (are you missing a cast?)
RT_850_conf.Designer.cs(1898,175): error CS0266: Cannot implicitly convert type `System.Windows.Forms.HorizontalAlignment' to `System.Windows.Forms.DataGridViewContentAlignment'. An explicit conversion exists (are you missing a cast?)
RT_850_conf.Designer.cs(1907,175): error CS0266: Cannot implicitly convert type `System.Windows.Forms.HorizontalAlignment' to `System.Windows.Forms.DataGridViewContentAlignment'. An explicit conversion exists (are you missing a cast?)
RT_850_conf.Designer.cs(1918,175): error CS0266: Cannot implicitly convert type `System.Windows.Forms.HorizontalAlignment' to `System.Windows.Forms.DataGridViewContentAlignment'. An explicit conversion exists (are you missing a cast?)
RT_850_conf.Designer.cs(1944,175): error CS0266: Cannot implicitly convert type `System.Windows.Forms.HorizontalAlignment' to `System.Windows.Forms.DataGridViewContentAlignment'. An explicit conversion exists (are you missing a cast?)
RT_850_conf.Designer.cs(1953,175): error CS0266: Cannot implicitly convert type `System.Windows.Forms.HorizontalAlignment' to `System.Windows.Forms.DataGridViewContentAlignment'. An explicit conversion exists (are you missing a cast?)
RT_850_conf.Designer.cs(1964,175): error CS0266: Cannot implicitly convert type `System.Windows.Forms.HorizontalAlignment' to `System.Windows.Forms.DataGridViewContentAlignment'. An explicit conversion exists (are you missing a cast?)
	Task "Csc" execution -- FAILED
	Done building target "CoreCompile" in project "/home/carlos/Desktop/tet/dec/iS800/iS800.csproj".-- FAILED
Done building project "/home/carlos/Desktop/tet/dec/iS800/iS800.csproj".-- FAILED

Build FAILED.

Warnings:

/home/carlos/Desktop/tet/dec/iS800/iS800.csproj (default targets) ->
/usr/lib/mono/xbuild/14.0/bin/Microsoft.CSharp.targets (CoreCompile target) ->

	My/MyProject.cs(1205,18): warning CS0108: `iS800.My.MyProject.MyForms.GetType()' hides inherited member `object.GetType()'. Use the new keyword if hiding was intended
	My/MyProject.cs(1375,18): warning CS0108: `iS800.My.MyProject.MyWebServices.GetType()' hides inherited member `object.GetType()'. Use the new keyword if hiding was intended
	Cabecalho.cs(15,17): warning CS0219: The variable `stringFormat' is assigned but its value is never used
	Diretorios.cs(128,21): warning CS0168: The variable `ex' is declared but never used
	Discover.cs(242,10): warning CS0219: The variable `font2' is assigned but its value is never used
	Equip_202_conf.cs(4258,6): warning CS0162: Unreachable code detected
	Equip_202_conf.cs(4272,5): warning CS0162: Unreachable code detected
	Equip_302_conf.cs(2722,5): warning CS0164: This label has not been referenced
	Equip_302_conf.cs(2724,5): warning CS0162: Unreachable code detected
	Equip_302_conf.cs(2733,4): warning CS0162: Unreachable code detected
	Equip_302_conf.cs(2899,6): warning CS0164: This label has not been referenced
	Equip_302_conf.cs(2901,6): warning CS0162: Unreachable code detected
	Equip_302_conf.cs(2910,5): warning CS0162: Unreachable code detected
	Equip_302_conf.cs(3084,6): warning CS0164: This label has not been referenced
	Equip_302_conf.cs(3086,6): warning CS0162: Unreachable code detected
	Equip_302_conf.cs(3095,5): warning CS0162: Unreachable code detected
	GC_82x_conf.cs(1387,5): warning CS0162: Unreachable code detected
	GC_82x_conf.cs(1399,4): warning CS0162: Unreachable code detected
	GC_82x_conf.cs(1867,5): warning CS0162: Unreachable code detected
	GC_82x_conf.cs(1884,4): warning CS0162: Unreachable code detected
	GC_82x_conf.cs(1959,5): warning CS0162: Unreachable code detected
	GC_82x_conf.cs(1976,4): warning CS0162: Unreachable code detected
	IEC_855_conf.cs(1519,6): warning CS0162: Unreachable code detected
	IEC_855_conf.cs(1531,5): warning CS0162: Unreachable code detected
	IEC_855_conf.cs(2226,6): warning CS0162: Unreachable code detected
	IEC_855_conf.cs(2243,5): warning CS0162: Unreachable code detected
	IEC_855_conf.cs(2313,5): warning CS0162: Unreachable code detected
	IEC_855_conf.cs(2330,4): warning CS0162: Unreachable code detected
	IER_856_conf.cs(1385,5): warning CS0162: Unreachable code detected
	IER_856_conf.cs(1397,4): warning CS0162: Unreachable code detected
	IER_856_conf.cs(1974,6): warning CS0162: Unreachable code detected
	IER_856_conf.cs(1991,5): warning CS0162: Unreachable code detected
	IER_856_conf.cs(2061,5): warning CS0162: Unreachable code detected
	IER_856_conf.cs(2078,4): warning CS0162: Unreachable code detected
	My/MyProject.cs(1169,6): warning CS0162: Unreachable code detected
	Plataforma.cs(2802,6): warning CS0164: This label has not been referenced
	Plataforma.cs(2804,6): warning CS0162: Unreachable code detected
	Plataforma.cs(2813,5): warning CS0162: Unreachable code detected
	RT_810_200_conf.cs(2927,6): warning CS0162: Unreachable code detected
	RT_810_200_conf.cs(2939,5): warning CS0162: Unreachable code detected
	RT_810_200_conf.cs(3754,6): warning CS0162: Unreachable code detected
	RT_810_200_conf.cs(3767,5): warning CS0162: Unreachable code detected
	RT_810_200_conf.cs(3891,6): warning CS0162: Unreachable code detected
	RT_810_200_conf.cs(3908,5): warning CS0162: Unreachable code detected
	RT_810_conf.cs(3516,6): warning CS0162: Unreachable code detected
	RT_810_conf.cs(3528,5): warning CS0162: Unreachable code detected
	RT_810_conf.cs(4498,6): warning CS0162: Unreachable code detected
	RT_810_conf.cs(4515,5): warning CS0162: Unreachable code detected
	RT_810_conf.cs(4765,6): warning CS0162: Unreachable code detected
	RT_810_conf.cs(4782,5): warning CS0162: Unreachable code detected
	RT_820_200_conf.cs(7072,6): warning CS0162: Unreachable code detected
	RT_820_200_conf.cs(7084,5): warning CS0162: Unreachable code detected
	RT_820_200_conf.cs(8012,6): warning CS0162: Unreachable code detected
	RT_820_200_conf.cs(8025,5): warning CS0162: Unreachable code detected
	RT_820_200_conf.cs(8250,6): warning CS0162: Unreachable code detected
	RT_820_200_conf.cs(8263,5): warning CS0162: Unreachable code detected
	RT_820_360_conf.cs(11188,6): warning CS0162: Unreachable code detected
	RT_820_360_conf.cs(11200,5): warning CS0162: Unreachable code detected
	RT_820_360_conf.cs(13184,6): warning CS0162: Unreachable code detected
	RT_820_360_conf.cs(13197,5): warning CS0162: Unreachable code detected
	RT_820_conf.cs(8938,6): warning CS0162: Unreachable code detected
	RT_820_conf.cs(8950,5): warning CS0162: Unreachable code detected
	RT_820_conf.cs(10813,6): warning CS0162: Unreachable code detected
	RT_820_conf.cs(10826,5): warning CS0162: Unreachable code detected
	RT_821_200_conf.cs(3940,6): warning CS0162: Unreachable code detected
	RT_821_200_conf.cs(3952,5): warning CS0162: Unreachable code detected
	RT_821_200_conf.cs(4767,6): warning CS0162: Unreachable code detected
	RT_821_200_conf.cs(4780,5): warning CS0162: Unreachable code detected
	RT_821_200_conf.cs(4924,6): warning CS0162: Unreachable code detected
	RT_821_200_conf.cs(4937,5): warning CS0162: Unreachable code detected
	RT_821_Conf.cs(3523,6): warning CS0164: This label has not been referenced
	RT_821_Conf.cs(3525,6): warning CS0162: Unreachable code detected
	RT_821_Conf.cs(3534,5): warning CS0162: Unreachable code detected
	RT_821_Conf.cs(4521,6): warning CS0162: Unreachable code detected
	RT_821_Conf.cs(4534,5): warning CS0162: Unreachable code detected
	RT_821_Conf.cs(4862,6): warning CS0162: Unreachable code detected
	RT_821_Conf.cs(4875,5): warning CS0162: Unreachable code detected
	RT_830_200_configurador.cs(4726,5): warning CS0162: Unreachable code detected
	RT_830_200_configurador.cs(4738,4): warning CS0162: Unreachable code detected
	RT_830_200_configurador.cs(4881,5): warning CS0164: This label has not been referenced
	RT_830_200_configurador.cs(4883,5): warning CS0162: Unreachable code detected
	RT_830_200_configurador.cs(4892,4): warning CS0162: Unreachable code detected
	RT_830_200_configurador.cs(5590,5): warning CS0162: Unreachable code detected
	RT_830_200_configurador.cs(5603,4): warning CS0162: Unreachable code detected
	RT_830_200_configurador.cs(5714,5): warning CS0162: Unreachable code detected
	RT_830_200_configurador.cs(5727,4): warning CS0162: Unreachable code detected
	RT_830_200_configurador.cs(6107,5): warning CS0164: This label has not been referenced
	RT_830_200_configurador.cs(6109,5): warning CS0162: Unreachable code detected
	RT_830_200_configurador.cs(6118,4): warning CS0162: Unreachable code detected
	RT_831_200_configurador.cs(3619,5): warning CS0162: Unreachable code detected
	RT_831_200_configurador.cs(3631,4): warning CS0162: Unreachable code detected
	RT_831_200_configurador.cs(3774,5): warning CS0164: This label has not been referenced
	RT_831_200_configurador.cs(3776,5): warning CS0162: Unreachable code detected
	RT_831_200_configurador.cs(3785,4): warning CS0162: Unreachable code detected
	RT_831_200_configurador.cs(4472,5): warning CS0162: Unreachable code detected
	RT_831_200_configurador.cs(4485,4): warning CS0162: Unreachable code detected
	RT_831_200_configurador.cs(4584,5): warning CS0162: Unreachable code detected
	RT_831_200_configurador.cs(4597,4): warning CS0162: Unreachable code detected
	RT_831_200_configurador.cs(4974,5): warning CS0164: This label has not been referenced
	RT_831_200_configurador.cs(4976,5): warning CS0162: Unreachable code detected
	RT_831_200_configurador.cs(4985,4): warning CS0162: Unreachable code detected
	RT_850_conf.cs(5224,6): warning CS0164: This label has not been referenced
	RT_850_conf.cs(5226,6): warning CS0162: Unreachable code detected
	RT_850_conf.cs(5235,5): warning CS0162: Unreachable code detected
	RT_850_conf.cs(7028,5): warning CS0162: Unreachable code detected
	RT_850_conf.cs(7040,4): warning CS0162: Unreachable code detected
	RT_850_conf.cs(7378,5): warning CS0164: This label has not been referenced
	RT_850_conf.cs(7380,5): warning CS0162: Unreachable code detected
	RT_850_conf.cs(7389,4): warning CS0162: Unreachable code detected
	RT_850_conf.cs(9692,5): warning CS0162: Unreachable code detected
	RT_850_conf.cs(9705,4): warning CS0162: Unreachable code detected
	RT_850_conf.cs(10632,5): warning CS0162: Unreachable code detected
	RT_850_conf.cs(10645,4): warning CS0162: Unreachable code detected
	RT_850_conf.cs(11264,5): warning CS0164: This label has not been referenced
	RT_850_conf.cs(11266,5): warning CS0162: Unreachable code detected
	RT_850_conf.cs(11275,4): warning CS0162: Unreachable code detected

Errors:

/home/carlos/Desktop/tet/dec/iS800/iS800.csproj (default targets) ->
/usr/lib/mono/xbuild/14.0/bin/Microsoft.CSharp.targets (CoreCompile target) ->

	Equip_201_conf.cs(2599,94): error CS0165: Use of unassigned local variable `dados_EQUIP_MD_201_CONFIG'
	Equip_201_mon.cs(2107,154): error CS0029: Cannot implicitly convert type `long' to `bool'
	Equip_202_conf.cs(4274,9): error CS0165: Use of unassigned local variable `num2'
	Equip_202_conf.cs(4829,94): error CS0165: Use of unassigned local variable `dados_EQUIP_MD_202_CONFIG'
	Equip_302_conf.cs(2735,8): error CS0165: Use of unassigned local variable `num2'
	Equip_302_conf.cs(2912,9): error CS0165: Use of unassigned local variable `num8'
	Equip_302_conf.cs(3097,9): error CS0165: Use of unassigned local variable `num2'
	Equip_302_conf.cs(3418,113): error CS0165: Use of unassigned local variable `dados_EQUIP_MD_302_CONFIG_GERAL'
	Equip_302_conf.Designer.cs(437,34): error CS0266: Cannot implicitly convert type `int' to `System.Windows.Forms.TabAppearance'. An explicit conversion exists (are you missing a cast?)
	Equip_302_conf.Designer.cs(450,114): error CS0266: Cannot implicitly convert type `System.Windows.Forms.PictureBoxSizeMode' to `System.Windows.Forms.TabSizeMode'. An explicit conversion exists (are you missing a cast?)
	Equip_302_conf.Designer.cs(470,53): error CS0266: Cannot implicitly convert type `int' to `System.Windows.Forms.DataGridViewColumnHeadersHeightSizeMode'. An explicit conversion exists (are you missing a cast?)
	Equip_302_conf.Designer.cs(479,173): error CS0266: Cannot implicitly convert type `System.Windows.Forms.HorizontalAlignment' to `System.Windows.Forms.DataGridViewContentAlignment'. An explicit conversion exists (are you missing a cast?)
	Equip_302_conf.Designer.cs(490,174): error CS0266: Cannot implicitly convert type `System.Windows.Forms.HorizontalAlignment' to `System.Windows.Forms.DataGridViewContentAlignment'. An explicit conversion exists (are you missing a cast?)
	Equip_302_conf.Designer.cs(519,55): error CS0266: Cannot implicitly convert type `int' to `System.Windows.Forms.DataGridViewColumnHeadersHeightSizeMode'. An explicit conversion exists (are you missing a cast?)
	Equip_302_conf.Designer.cs(554,174): error CS0266: Cannot implicitly convert type `System.Windows.Forms.HorizontalAlignment' to `System.Windows.Forms.DataGridViewContentAlignment'. An explicit conversion exists (are you missing a cast?)
	Equip_302_conf.Designer.cs(565,174): error CS0266: Cannot implicitly convert type `System.Windows.Forms.HorizontalAlignment' to `System.Windows.Forms.DataGridViewContentAlignment'. An explicit conversion exists (are you missing a cast?)
	Equip_302_conf.Designer.cs(595,63): error CS0266: Cannot implicitly convert type `int' to `System.Windows.Forms.DataGridViewColumnHeadersHeightSizeMode'. An explicit conversion exists (are you missing a cast?)
	Equip_302_conf.Designer.cs(620,64): error CS0266: Cannot implicitly convert type `int' to `System.Windows.Forms.DataGridViewColumnHeadersHeightSizeMode'. An explicit conversion exists (are you missing a cast?)
	Equip_302_conf.Designer.cs(663,66): error CS0266: Cannot implicitly convert type `int' to `System.Windows.Forms.DataGridViewColumnHeadersHeightSizeMode'. An explicit conversion exists (are you missing a cast?)
	Equip_302_conf.Designer.cs(1120,131): error CS0266: Cannot implicitly convert type `System.Windows.Forms.ToolStripItemDisplayStyle' to `System.Windows.Forms.DataGridViewComboBoxDisplayStyle'. An explicit conversion exists (are you missing a cast?)
	Equip_302_conf.Designer.cs(1160,32): error CS0266: Cannot implicitly convert type `int' to `System.Windows.Forms.DataGridViewColumnSortMode'. An explicit conversion exists (are you missing a cast?)
	Equip_302_conf.Designer.cs(1166,32): error CS0266: Cannot implicitly convert type `int' to `System.Windows.Forms.DataGridViewColumnSortMode'. An explicit conversion exists (are you missing a cast?)
	Equip_302_conf.Designer.cs(1172,33): error CS0266: Cannot implicitly convert type `int' to `System.Windows.Forms.DataGridViewColumnSortMode'. An explicit conversion exists (are you missing a cast?)
	Equip_302_conf.Designer.cs(1178,33): error CS0266: Cannot implicitly convert type `int' to `System.Windows.Forms.DataGridViewColumnSortMode'. An explicit conversion exists (are you missing a cast?)
	Equip_302_conf.Designer.cs(1192,128): error CS0266: Cannot implicitly convert type `System.Windows.Forms.ToolStripItemDisplayStyle' to `System.Windows.Forms.DataGridViewComboBoxDisplayStyle'. An explicit conversion exists (are you missing a cast?)
	Equip_303_conf.cs(1808,24): error CS1502: The best overloaded method match for `Microsoft.VisualBasic.Strings.InStr(int, string, string, Microsoft.VisualBasic.CompareMethod)' has some invalid arguments
	Equip_303_conf.cs(1808,69): error CS1503: Argument `#4' cannot convert `int' expression to type `Microsoft.VisualBasic.CompareMethod'
	Equip_303_conf.cs(1863,24): error CS1502: The best overloaded method match for `Microsoft.VisualBasic.Strings.InStr(int, string, string, Microsoft.VisualBasic.CompareMethod)' has some invalid arguments
	Equip_303_conf.cs(1863,69): error CS1503: Argument `#4' cannot convert `int' expression to type `Microsoft.VisualBasic.CompareMethod'
	Equip_303_conf.Designer.cs(307,37): error CS0266: Cannot implicitly convert type `int' to `System.Windows.Forms.TabAppearance'. An explicit conversion exists (are you missing a cast?)
	Equip_303_conf.Designer.cs(319,117): error CS0266: Cannot implicitly convert type `System.Windows.Forms.PictureBoxSizeMode' to `System.Windows.Forms.TabSizeMode'. An explicit conversion exists (are you missing a cast?)
	Equip_303_conf.Designer.cs(339,59): error CS0266: Cannot implicitly convert type `int' to `System.Windows.Forms.DataGridViewColumnHeadersHeightSizeMode'. An explicit conversion exists (are you missing a cast?)
	Equip_303_conf.Designer.cs(345,173): error CS0266: Cannot implicitly convert type `System.Windows.Forms.HorizontalAlignment' to `System.Windows.Forms.DataGridViewContentAlignment'. An explicit conversion exists (are you missing a cast?)
	Equip_303_conf.Designer.cs(356,174): error CS0266: Cannot implicitly convert type `System.Windows.Forms.HorizontalAlignment' to `System.Windows.Forms.DataGridViewContentAlignment'. An explicit conversion exists (are you missing a cast?)
	Equip_303_conf.Designer.cs(401,59): error CS0266: Cannot implicitly convert type `int' to `System.Windows.Forms.DataGridViewColumnHeadersHeightSizeMode'. An explicit conversion exists (are you missing a cast?)
	Equip_303_conf.Designer.cs(425,174): error CS0266: Cannot implicitly convert type `System.Windows.Forms.HorizontalAlignment' to `System.Windows.Forms.DataGridViewContentAlignment'. An explicit conversion exists (are you missing a cast?)
	Equip_303_conf.Designer.cs(436,174): error CS0266: Cannot implicitly convert type `System.Windows.Forms.HorizontalAlignment' to `System.Windows.Forms.DataGridViewContentAlignment'. An explicit conversion exists (are you missing a cast?)
	Equip_303_conf.Designer.cs(469,131): error CS0266: Cannot implicitly convert type `System.Windows.Forms.ToolStripItemDisplayStyle' to `System.Windows.Forms.DataGridViewComboBoxDisplayStyle'. An explicit conversion exists (are you missing a cast?)
	Equip_303_conf.Designer.cs(481,128): error CS0266: Cannot implicitly convert type `System.Windows.Forms.ToolStripItemDisplayStyle' to `System.Windows.Forms.DataGridViewComboBoxDisplayStyle'. An explicit conversion exists (are you missing a cast?)
	Equip_590_conf.cs(1794,12): error CS0165: Use of unassigned local variable `result'
	Equip_590_conf.cs(2594,64): error CS0266: Cannot implicitly convert type `System.IO.Ports.Parity' to `int'. An explicit conversion exists (are you missing a cast?)
	Equip_590_conf.cs(2598,64): error CS0266: Cannot implicitly convert type `System.IO.Ports.Parity' to `int'. An explicit conversion exists (are you missing a cast?)
	Equip_810_mon.cs(1587,55): error CS0266: Cannot implicitly convert type `int' to `System.Windows.Forms.DataGridViewContentAlignment'. An explicit conversion exists (are you missing a cast?)
	Equip_810_mon.cs(2298,20): error CS0266: Cannot implicitly convert type `int' to `byte'. An explicit conversion exists (are you missing a cast?)
	Equip_810_mon.Designer.cs(636,52): error CS0266: Cannot implicitly convert type `int' to `System.Windows.Forms.DataGridViewColumnHeadersHeightSizeMode'. An explicit conversion exists (are you missing a cast?)
	Equip_810_mon.Designer.cs(741,46): error CS0266: Cannot implicitly convert type `int' to `System.Windows.Forms.DataGridViewColumnHeadersHeightSizeMode'. An explicit conversion exists (are you missing a cast?)
	Equip_810_mon.Designer.cs(788,55): error CS0266: Cannot implicitly convert type `int' to `System.Windows.Forms.DataGridViewColumnHeadersHeightSizeMode'. An explicit conversion exists (are you missing a cast?)
	Equip_820_mon.cs(1760,55): error CS0266: Cannot implicitly convert type `int' to `System.Windows.Forms.DataGridViewContentAlignment'. An explicit conversion exists (are you missing a cast?)
	Equip_820_mon.cs(1770,47): error CS0266: Cannot implicitly convert type `int' to `System.Windows.Forms.DataGridViewContentAlignment'. An explicit conversion exists (are you missing a cast?)
	Equip_820_mon.cs(2727,20): error CS0266: Cannot implicitly convert type `int' to `byte'. An explicit conversion exists (are you missing a cast?)
	Equip_820_mon.Designer.cs(648,52): error CS0266: Cannot implicitly convert type `int' to `System.Windows.Forms.DataGridViewColumnHeadersHeightSizeMode'. An explicit conversion exists (are you missing a cast?)
	Equip_820_mon.Designer.cs(753,46): error CS0266: Cannot implicitly convert type `int' to `System.Windows.Forms.DataGridViewColumnHeadersHeightSizeMode'. An explicit conversion exists (are you missing a cast?)
	Equip_820_mon.Designer.cs(811,55): error CS0266: Cannot implicitly convert type `int' to `System.Windows.Forms.DataGridViewColumnHeadersHeightSizeMode'. An explicit conversion exists (are you missing a cast?)
	Equip_820_mon.Designer.cs(1077,46): error CS0266: Cannot implicitly convert type `int' to `System.Windows.Forms.DataGridViewColumnHeadersHeightSizeMode'. An explicit conversion exists (are you missing a cast?)
	Equip_821_mon.cs(1587,55): error CS0266: Cannot implicitly convert type `int' to `System.Windows.Forms.DataGridViewContentAlignment'. An explicit conversion exists (are you missing a cast?)
	Equip_821_mon.cs(2305,20): error CS0266: Cannot implicitly convert type `int' to `byte'. An explicit conversion exists (are you missing a cast?)
	Equip_821_mon.Designer.cs(636,52): error CS0266: Cannot implicitly convert type `int' to `System.Windows.Forms.DataGridViewColumnHeadersHeightSizeMode'. An explicit conversion exists (are you missing a cast?)
	Equip_821_mon.Designer.cs(742,46): error CS0266: Cannot implicitly convert type `int' to `System.Windows.Forms.DataGridViewColumnHeadersHeightSizeMode'. An explicit conversion exists (are you missing a cast?)
	Equip_821_mon.Designer.cs(789,55): error CS0266: Cannot implicitly convert type `int' to `System.Windows.Forms.DataGridViewColumnHeadersHeightSizeMode'. An explicit conversion exists (are you missing a cast?)
	Equip_VA220_ope.cs(3392,20): error CS1502: The best overloaded method match for `Microsoft.VisualBasic.Strings.FormatDateTime(System.DateTime, Microsoft.VisualBasic.DateFormat)' has some invalid arguments
	Equip_VA220_ope.cs(3392,70): error CS1503: Argument `#2' cannot convert `Microsoft.VisualBasic.OpenMode' expression to type `Microsoft.VisualBasic.DateFormat'
	Equip_VA220_ope.Designer.cs(200,41): error CS0266: Cannot implicitly convert type `int' to `System.Windows.Forms.CheckState'. An explicit conversion exists (are you missing a cast?)
	GC_82x_conf.cs(978,5): error CS0165: Use of unassigned local variable `enumerator'
	GC_82x_conf.cs(1072,67): error CS0266: Cannot implicitly convert type `int' to `System.Windows.Forms.DataGridViewContentAlignment'. An explicit conversion exists (are you missing a cast?)
	GC_82x_conf.cs(1073,67): error CS0266: Cannot implicitly convert type `int' to `System.Windows.Forms.DataGridViewContentAlignment'. An explicit conversion exists (are you missing a cast?)
	GC_82x_conf.cs(1074,67): error CS0266: Cannot implicitly convert type `int' to `System.Windows.Forms.DataGridViewContentAlignment'. An explicit conversion exists (are you missing a cast?)
	GC_82x_conf.cs(1075,67): error CS0266: Cannot implicitly convert type `int' to `System.Windows.Forms.DataGridViewContentAlignment'. An explicit conversion exists (are you missing a cast?)
	GC_82x_conf.cs(1076,67): error CS0266: Cannot implicitly convert type `int' to `System.Windows.Forms.DataGridViewContentAlignment'. An explicit conversion exists (are you missing a cast?)
	GC_82x_conf.cs(1077,67): error CS0266: Cannot implicitly convert type `int' to `System.Windows.Forms.DataGridViewContentAlignment'. An explicit conversion exists (are you missing a cast?)
	GC_82x_conf.cs(1078,67): error CS0266: Cannot implicitly convert type `int' to `System.Windows.Forms.DataGridViewContentAlignment'. An explicit conversion exists (are you missing a cast?)
	GC_82x_conf.cs(1132,59): error CS0266: Cannot implicitly convert type `int' to `System.Windows.Forms.DataGridViewContentAlignment'. An explicit conversion exists (are you missing a cast?)
	GC_82x_conf.cs(1133,59): error CS0266: Cannot implicitly convert type `int' to `System.Windows.Forms.DataGridViewContentAlignment'. An explicit conversion exists (are you missing a cast?)
	GC_82x_conf.cs(1134,59): error CS0266: Cannot implicitly convert type `int' to `System.Windows.Forms.DataGridViewContentAlignment'. An explicit conversion exists (are you missing a cast?)
	GC_82x_conf.cs(1178,67): error CS0266: Cannot implicitly convert type `int' to `System.Windows.Forms.DataGridViewContentAlignment'. An explicit conversion exists (are you missing a cast?)
	GC_82x_conf.cs(1179,67): error CS0266: Cannot implicitly convert type `int' to `System.Windows.Forms.DataGridViewContentAlignment'. An explicit conversion exists (are you missing a cast?)
	GC_82x_conf.cs(1180,67): error CS0266: Cannot implicitly convert type `int' to `System.Windows.Forms.DataGridViewContentAlignment'. An explicit conversion exists (are you missing a cast?)
	GC_82x_conf.cs(1181,67): error CS0266: Cannot implicitly convert type `int' to `System.Windows.Forms.DataGridViewContentAlignment'. An explicit conversion exists (are you missing a cast?)
	GC_82x_conf.cs(1182,67): error CS0266: Cannot implicitly convert type `int' to `System.Windows.Forms.DataGridViewContentAlignment'. An explicit conversion exists (are you missing a cast?)
	GC_82x_conf.cs(1183,67): error CS0266: Cannot implicitly convert type `int' to `System.Windows.Forms.DataGridViewContentAlignment'. An explicit conversion exists (are you missing a cast?)
	GC_82x_conf.cs(1184,67): error CS0266: Cannot implicitly convert type `int' to `System.Windows.Forms.DataGridViewContentAlignment'. An explicit conversion exists (are you missing a cast?)
	GC_82x_conf.cs(1185,67): error CS0266: Cannot implicitly convert type `int' to `System.Windows.Forms.DataGridViewContentAlignment'. An explicit conversion exists (are you missing a cast?)
	GC_82x_conf.cs(1186,67): error CS0266: Cannot implicitly convert type `int' to `System.Windows.Forms.DataGridViewContentAlignment'. An explicit conversion exists (are you missing a cast?)
	GC_82x_conf.cs(1187,67): error CS0266: Cannot implicitly convert type `int' to `System.Windows.Forms.DataGridViewContentAlignment'. An explicit conversion exists (are you missing a cast?)
	GC_82x_conf.cs(1217,67): error CS0266: Cannot implicitly convert type `int' to `System.Windows.Forms.DataGridViewContentAlignment'. An explicit conversion exists (are you missing a cast?)
	GC_82x_conf.cs(1218,67): error CS0266: Cannot implicitly convert type `int' to `System.Windows.Forms.DataGridViewContentAlignment'. An explicit conversion exists (are you missing a cast?)
	GC_82x_conf.cs(1219,67): error CS0266: Cannot implicitly convert type `int' to `System.Windows.Forms.DataGridViewContentAlignment'. An explicit conversion exists (are you missing a cast?)
	GC_82x_conf.cs(1265,60): error CS0266: Cannot implicitly convert type `int' to `System.Windows.Forms.DataGridViewContentAlignment'. An explicit conversion exists (are you missing a cast?)
	GC_82x_conf.cs(1401,8): error CS0165: Use of unassigned local variable `num2'
	GC_82x_conf.cs(1671,18): error CS1502: The best overloaded method match for `Microsoft.VisualBasic.Interaction.MsgBox(object, Microsoft.VisualBasic.MsgBoxStyle, object)' has some invalid arguments
	GC_82x_conf.cs(1671,114): error CS1503: Argument `#2' cannot convert `int' expression to type `Microsoft.VisualBasic.MsgBoxStyle'
	GC_82x_conf.cs(1886,8): error CS0165: Use of unassigned local variable `num2'
	GC_82x_conf.cs(1886,8): error CS0165: Use of unassigned local variable `num2'
	GC_82x_conf.cs(1978,8): error CS0165: Use of unassigned local variable `num2'
	GC_82x_conf.cs(2075,17): error CS1502: The best overloaded method match for `System.Drawing.Font.Font(string, float, System.Drawing.FontStyle, System.Drawing.GraphicsUnit)' has some invalid arguments
	GC_82x_conf.cs(2075,42): error CS1503: Argument `#3' cannot convert `int' expression to type `System.Drawing.FontStyle'
	GC_82x_conf.cs(2077,17): error CS1502: The best overloaded method match for `System.Drawing.Font.Font(string, float, System.Drawing.FontStyle, System.Drawing.GraphicsUnit)' has some invalid arguments
	GC_82x_conf.cs(2077,42): error CS1503: Argument `#3' cannot convert `int' expression to type `System.Drawing.FontStyle'
	GC_82x_conf.Designer.cs(100,4): error CS0119: Expression denotes a `type', where a `variable' or `value' was expected
	GC_82x_conf.Designer.cs(236,107): error CS0266: Cannot implicitly convert type `System.Windows.Forms.DataGridViewContentAlignment' to `System.Windows.Forms.HorizontalAlignment'. An explicit conversion exists (are you missing a cast?)
	Geral.cs(15,36): error CS0266: Cannot implicitly convert type `int' to `System.Runtime.InteropServices.CharSet'. An explicit conversion exists (are you missing a cast?)
	Geral.cs(19,36): error CS0266: Cannot implicitly convert type `int' to `System.Runtime.InteropServices.CharSet'. An explicit conversion exists (are you missing a cast?)
	IEC_855_conf.cs(1296,5): error CS0165: Use of unassigned local variable `enumerator'
	IEC_855_conf.cs(1533,9): error CS0165: Use of unassigned local variable `num3'
	IEC_855_conf.cs(1800,11): error CS0165: Use of unassigned local variable `result'
	IEC_855_conf.cs(1813,11): error CS0165: Use of unassigned local variable `result'
	IEC_855_conf.cs(2245,9): error CS0165: Use of unassigned local variable `num3'
	IEC_855_conf.cs(2245,9): error CS0165: Use of unassigned local variable `num3'
	IEC_855_conf.cs(2332,8): error CS0165: Use of unassigned local variable `num2'
	IEC_855_conf.cs(2460,17): error CS1502: The best overloaded method match for `System.Drawing.Font.Font(string, float, System.Drawing.FontStyle, System.Drawing.GraphicsUnit)' has some invalid arguments
	IEC_855_conf.cs(2460,42): error CS1503: Argument `#3' cannot convert `int' expression to type `System.Drawing.FontStyle'
	IEC_855_conf.cs(2462,17): error CS1502: The best overloaded method match for `System.Drawing.Font.Font(string, float, System.Drawing.FontStyle, System.Drawing.GraphicsUnit)' has some invalid arguments
	IEC_855_conf.cs(2462,42): error CS1503: Argument `#3' cannot convert `int' expression to type `System.Drawing.FontStyle'
	IEC_855_conf.cs(2820,11): error CS0165: Use of unassigned local variable `result'
	IEC_855_conf.cs(2872,11): error CS0165: Use of unassigned local variable `result'
	IEC_855_conf.Designer.cs(555,174): error CS0266: Cannot implicitly convert type `System.Windows.Forms.HorizontalAlignment' to `System.Windows.Forms.DataGridViewContentAlignment'. An explicit conversion exists (are you missing a cast?)
	IEC_855_conf.Designer.cs(563,61): error CS0266: Cannot implicitly convert type `int' to `System.Windows.Forms.DataGridViewColumnHeadersHeightSizeMode'. An explicit conversion exists (are you missing a cast?)
	IEC_855_conf.Designer.cs(568,174): error CS0266: Cannot implicitly convert type `System.Windows.Forms.HorizontalAlignment' to `System.Windows.Forms.DataGridViewContentAlignment'. An explicit conversion exists (are you missing a cast?)
	IEC_855_conf.Designer.cs(579,174): error CS0266: Cannot implicitly convert type `System.Windows.Forms.HorizontalAlignment' to `System.Windows.Forms.DataGridViewContentAlignment'. An explicit conversion exists (are you missing a cast?)
	IEC_855_conf.Designer.cs(736,107): error CS0266: Cannot implicitly convert type `System.Windows.Forms.DataGridViewContentAlignment' to `System.Windows.Forms.HorizontalAlignment'. An explicit conversion exists (are you missing a cast?)
	IER_856_conf.cs(1200,5): error CS0165: Use of unassigned local variable `enumerator'
	IER_856_conf.cs(1399,8): error CS0165: Use of unassigned local variable `num2'
	IER_856_conf.cs(1662,11): error CS0165: Use of unassigned local variable `result'
	IER_856_conf.cs(1675,11): error CS0165: Use of unassigned local variable `result'
	IER_856_conf.cs(1993,9): error CS0165: Use of unassigned local variable `num3'
	IER_856_conf.cs(1993,9): error CS0165: Use of unassigned local variable `num3'
	IER_856_conf.cs(2080,8): error CS0165: Use of unassigned local variable `num2'
	IER_856_conf.cs(2177,17): error CS1502: The best overloaded method match for `System.Drawing.Font.Font(string, float, System.Drawing.FontStyle, System.Drawing.GraphicsUnit)' has some invalid arguments
	IER_856_conf.cs(2177,42): error CS1503: Argument `#3' cannot convert `int' expression to type `System.Drawing.FontStyle'
	IER_856_conf.cs(2179,17): error CS1502: The best overloaded method match for `System.Drawing.Font.Font(string, float, System.Drawing.FontStyle, System.Drawing.GraphicsUnit)' has some invalid arguments
	IER_856_conf.cs(2179,42): error CS1503: Argument `#3' cannot convert `int' expression to type `System.Drawing.FontStyle'
	IER_856_conf.cs(2537,11): error CS0165: Use of unassigned local variable `result'
	IER_856_conf.cs(2589,11): error CS0165: Use of unassigned local variable `result'
	IER_856_conf.Designer.cs(650,107): error CS0266: Cannot implicitly convert type `System.Windows.Forms.DataGridViewContentAlignment' to `System.Windows.Forms.HorizontalAlignment'. An explicit conversion exists (are you missing a cast?)
	IniFile.cs(17,40): error CS0266: Cannot implicitly convert type `int' to `System.Runtime.InteropServices.CharSet'. An explicit conversion exists (are you missing a cast?)
	IniFile.cs(21,40): error CS0266: Cannot implicitly convert type `int' to `System.Runtime.InteropServices.CharSet'. An explicit conversion exists (are you missing a cast?)
	Linha_RT.cs(91,45): error CS0165: Use of unassigned local variable `num2'
	Linha_RT.cs(94,45): error CS0165: Use of unassigned local variable `num2'
	Linha_RT.cs(819,18): error CS1502: The best overloaded method match for `System.Windows.Forms.MessageBox.Show(string, string, System.Windows.Forms.MessageBoxButtons, System.Windows.Forms.MessageBoxIcon)' has some invalid arguments
	Linha_RT.cs(819,45): error CS1503: Argument `#4' cannot convert `int' expression to type `System.Windows.Forms.MessageBoxIcon'
	Linha_RT.cs(842,18): error CS1502: The best overloaded method match for `System.Windows.Forms.MessageBox.Show(string, string, System.Windows.Forms.MessageBoxButtons, System.Windows.Forms.MessageBoxIcon)' has some invalid arguments
	Linha_RT.cs(842,45): error CS1503: Argument `#4' cannot convert `int' expression to type `System.Windows.Forms.MessageBoxIcon'
	Linha_RT.cs(862,18): error CS1502: The best overloaded method match for `System.Windows.Forms.MessageBox.Show(string, string, System.Windows.Forms.MessageBoxButtons, System.Windows.Forms.MessageBoxIcon)' has some invalid arguments
	Linha_RT.cs(862,45): error CS1503: Argument `#4' cannot convert `int' expression to type `System.Windows.Forms.MessageBoxIcon'
	Linha_RT.cs(893,22): error CS1502: The best overloaded method match for `System.Windows.Forms.MessageBox.Show(string, string, System.Windows.Forms.MessageBoxButtons, System.Windows.Forms.MessageBoxIcon)' has some invalid arguments
	Linha_RT.cs(893,46): error CS1503: Argument `#3' cannot convert `int' expression to type `System.Windows.Forms.MessageBoxButtons'
	Linha_RT.cs(911,18): error CS1502: The best overloaded method match for `System.Windows.Forms.MessageBox.Show(string, string, System.Windows.Forms.MessageBoxButtons, System.Windows.Forms.MessageBoxIcon)' has some invalid arguments
	Linha_RT.cs(911,45): error CS1503: Argument `#4' cannot convert `int' expression to type `System.Windows.Forms.MessageBoxIcon'
	Linha_RT.cs(1134,20): error CS0165: Use of unassigned local variable `num'
	Linha_RT.cs(1136,21): error CS0165: Use of unassigned local variable `num2'
	Linha_RT.cs(1261,20): error CS0165: Use of unassigned local variable `num'
	Linha_RT.cs(1263,21): error CS0165: Use of unassigned local variable `num2'
	Linha_RT.cs(1321,20): error CS0165: Use of unassigned local variable `num'
	Linha_RT.cs(1323,21): error CS0165: Use of unassigned local variable `num2'
	Linha_RT.cs(1489,20): error CS0165: Use of unassigned local variable `num'
	Linha_RT.cs(1491,21): error CS0165: Use of unassigned local variable `num2'
	Linha_RT.cs(1547,20): error CS0165: Use of unassigned local variable `num'
	Linha_RT.cs(1549,21): error CS0165: Use of unassigned local variable `num2'
	Linha_RT.cs(2012,20): error CS0165: Use of unassigned local variable `num'
	Linha_RT.cs(2014,21): error CS0165: Use of unassigned local variable `num2'
	Linha_RT.cs(2276,20): error CS0165: Use of unassigned local variable `num'
	Linha_RT.cs(2278,21): error CS0165: Use of unassigned local variable `num2'
	Linha_RT.cs(2664,12): error CS0165: Use of unassigned local variable `result'
	Linha_RT.cs(2701,12): error CS0165: Use of unassigned local variable `result'
	Linha_RT.cs(2729,12): error CS0165: Use of unassigned local variable `result'
	Linha_RT.cs(2799,12): error CS0165: Use of unassigned local variable `result'
	Linha_RT.cs(2835,12): error CS0165: Use of unassigned local variable `result'
	Linha_RT.cs(3139,11): error CS0165: Use of unassigned local variable `result'
	Linha_RT.cs(7261,5): error CS0165: Use of unassigned local variable `num3'
	Linha_RT.cs(8553,17): error CS0165: Use of unassigned local variable `num6'
	Linha_RT.cs(8609,18): error CS0165: Use of unassigned local variable `num6'
	Linha_RT.cs(8617,62): error CS0165: Use of unassigned local variable `num5'
	Linha_RT.cs(8687,17): error CS0165: Use of unassigned local variable `num6'
	Linha_RT.cs(8717,92): error CS0165: Use of unassigned local variable `j'
	Linha_RT.cs(8737,20): error CS0165: Use of unassigned local variable `num'
	Linha_RT.cs(8739,21): error CS0165: Use of unassigned local variable `num2'
	Linha_RT.cs(8887,16): error CS0165: Use of unassigned local variable `num3'
	Linha_RT.cs(8888,16): error CS0165: Use of unassigned local variable `num4'
	Linha_RT.cs(8893,21): error CS0165: Use of unassigned local variable `num8'
	Linha_RT.cs(8895,22): error CS0165: Use of unassigned local variable `num9'
	Linha_RT.cs(8982,16): error CS0165: Use of unassigned local variable `num'
	Linha_RT.cs(8997,21): error CS0165: Use of unassigned local variable `num6'
	Linha_RT.cs(8999,22): error CS0165: Use of unassigned local variable `num7'
	Linha_RT.cs(9338,40): error CS0165: Use of unassigned local variable `num3'
	Linha_RT.cs(9342,32): error CS0165: Use of unassigned local variable `num'
	Linha_RT.cs(9343,16): error CS0165: Use of unassigned local variable `num2'
	Linha_RT.cs(9348,21): error CS0165: Use of unassigned local variable `num7'
	Linha_RT.cs(9350,22): error CS0165: Use of unassigned local variable `num8'
	Linha_RT.cs(9452,20): error CS0165: Use of unassigned local variable `num'
	Linha_RT.cs(9454,21): error CS0165: Use of unassigned local variable `num2'
	Linha_RT.cs(9530,21): error CS0165: Use of unassigned local variable `num4'
	Linha_RT.cs(9532,22): error CS0165: Use of unassigned local variable `num5'
	Linha_RT.cs(9589,16): error CS0165: Use of unassigned local variable `num'
	Linha_RT.cs(9604,21): error CS0165: Use of unassigned local variable `num6'
	Linha_RT.cs(9606,22): error CS0165: Use of unassigned local variable `num7'
	Linha_RT.cs(9820,20): error CS0165: Use of unassigned local variable `num2'
	Linha_RT.cs(9822,21): error CS0165: Use of unassigned local variable `num3'
	Linha_RT.cs(10373,156): error CS0266: Cannot implicitly convert type `System.Windows.Forms.HorizontalAlignment' to `System.Windows.Forms.DataGridViewContentAlignment'. An explicit conversion exists (are you missing a cast?)
	Linha_RT.cs(10402,155): error CS0266: Cannot implicitly convert type `System.Windows.Forms.HorizontalAlignment' to `System.Windows.Forms.DataGridViewContentAlignment'. An explicit conversion exists (are you missing a cast?)
	Linha_RT.cs(10415,179): error CS0266: Cannot implicitly convert type `System.Windows.Forms.HorizontalAlignment' to `System.Windows.Forms.DataGridViewContentAlignment'. An explicit conversion exists (are you missing a cast?)
	LogComunicacao.cs(402,11): error CS0165: Use of unassigned local variable `num4'
	LogComunicacao.cs(459,37): error CS0165: Use of unassigned local variable `ini'
	Mod_MD.cs(805,31): error CS0266: Cannot implicitly convert type `int' to `byte'. An explicit conversion exists (are you missing a cast?)
	Mod_MD.cs(814,32): error CS0266: Cannot implicitly convert type `int' to `byte'. An explicit conversion exists (are you missing a cast?)
	Mod_MD.cs(823,32): error CS0266: Cannot implicitly convert type `int' to `byte'. An explicit conversion exists (are you missing a cast?)
	Mod_MD.cs(832,32): error CS0266: Cannot implicitly convert type `int' to `byte'. An explicit conversion exists (are you missing a cast?)
	Mod_MD.cs(995,40): error CS0165: Use of unassigned local variable `num'
	Mod_MD.cs(998,39): error CS0165: Use of unassigned local variable `num2'
	Mod_MD.cs(1005,77): error CS0165: Use of unassigned local variable `num3'
	Mod_MD.cs(1104,40): error CS0165: Use of unassigned local variable `num'
	Mod_MD.cs(1107,39): error CS0165: Use of unassigned local variable `num2'
	Mod_MD.cs(1110,16): error CS0165: Use of unassigned local variable `num4'
	Mod_MD.cs(1116,73): error CS0165: Use of unassigned local variable `num3'
	Mod_MD.cs(1225,40): error CS0165: Use of unassigned local variable `num'
	Mod_MD.cs(1228,39): error CS0165: Use of unassigned local variable `num2'
	Mod_MD.cs(1231,16): error CS0165: Use of unassigned local variable `num4'
	Mod_MD.cs(1237,79): error CS0165: Use of unassigned local variable `num3'
	Mod_MD.cs(1412,40): error CS0165: Use of unassigned local variable `num'
	Mod_MD.cs(1415,39): error CS0165: Use of unassigned local variable `num2'
	Mod_MD.cs(1418,16): error CS0165: Use of unassigned local variable `num4'
	Mod_MD.cs(1424,73): error CS0165: Use of unassigned local variable `num3'
	Mod_MD.cs(1491,40): error CS0165: Use of unassigned local variable `num'
	Mod_MD.cs(1494,39): error CS0165: Use of unassigned local variable `num2'
	Mod_MD.cs(1660,12): error CS0165: Use of unassigned local variable `stream'
	Mod_MD.cs(1696,8): error CS0165: Use of unassigned local variable `stream'
	Mod_MD.cs(2373,41): error CS0165: Use of unassigned local variable `stream'
	Mod_MD.cs(2381,41): error CS0165: Use of unassigned local variable `stream'
	Mod_MD.cs(2389,41): error CS0165: Use of unassigned local variable `stream'
	Mod_MD.cs(2395,40): error CS0165: Use of unassigned local variable `stream'
	Mod_MD.cs(2539,12): error CS0165: Use of unassigned local variable `stream'
	Mod_MD.cs(2575,8): error CS0165: Use of unassigned local variable `stream'
	Mod_MD.cs(3049,41): error CS0165: Use of unassigned local variable `stream'
	Mod_MD.cs(3056,41): error CS0165: Use of unassigned local variable `stream'
	Mod_MD.cs(3063,41): error CS0165: Use of unassigned local variable `stream'
	Mod_MD.cs(3070,41): error CS0165: Use of unassigned local variable `stream'
	Mod_MD.cs(3083,41): error CS0165: Use of unassigned local variable `stream'
	Mod_MD.cs(3089,41): error CS0165: Use of unassigned local variable `stream'
	Mod_MD.cs(3099,41): error CS0165: Use of unassigned local variable `stream'
	Mod_MD.cs(3110,41): error CS0165: Use of unassigned local variable `stream'
	Mod_MD.cs(3116,41): error CS0165: Use of unassigned local variable `stream'
	Mod_MD.cs(3122,41): error CS0165: Use of unassigned local variable `stream'
	Mod_MD.cs(3128,41): error CS0165: Use of unassigned local variable `stream'
	Mod_MD.cs(3139,41): error CS0165: Use of unassigned local variable `stream'
	Mod_MD.cs(3150,41): error CS0165: Use of unassigned local variable `stream'
	Mod_MD.cs(3156,41): error CS0165: Use of unassigned local variable `stream'
	Mod_MD.cs(3162,41): error CS0165: Use of unassigned local variable `stream'
	Mod_MD.cs(3175,41): error CS0165: Use of unassigned local variable `stream'
	Mod_MD.cs(3181,41): error CS0165: Use of unassigned local variable `stream'
	Mod_MD.cs(3187,41): error CS0165: Use of unassigned local variable `stream'
	Mod_MD.cs(3200,41): error CS0165: Use of unassigned local variable `stream'
	Mod_MD.cs(3206,41): error CS0165: Use of unassigned local variable `stream'
	Mod_MD.cs(3212,41): error CS0165: Use of unassigned local variable `stream'
	Mod_MD.cs(3223,41): error CS0165: Use of unassigned local variable `stream'
	Mod_MD.cs(3235,41): error CS0165: Use of unassigned local variable `stream'
	Mod_MD.cs(3241,41): error CS0165: Use of unassigned local variable `stream'
	Mod_MD.cs(3247,41): error CS0165: Use of unassigned local variable `stream'
	Mod_MD.cs(3257,41): error CS0165: Use of unassigned local variable `stream'
	Mod_MD.cs(3268,41): error CS0165: Use of unassigned local variable `stream'
	Mod_MD.cs(3274,41): error CS0165: Use of unassigned local variable `stream'
	Mod_MD.cs(3280,41): error CS0165: Use of unassigned local variable `stream'
	Mod_MD.cs(3293,41): error CS0165: Use of unassigned local variable `stream'
	Mod_MD.cs(3299,41): error CS0165: Use of unassigned local variable `stream'
	Mod_MD.cs(3305,41): error CS0165: Use of unassigned local variable `stream'
	Mod_MD.cs(3318,41): error CS0165: Use of unassigned local variable `stream'
	Mod_MD.cs(3324,41): error CS0165: Use of unassigned local variable `stream'
	Mod_MD.cs(3337,41): error CS0165: Use of unassigned local variable `stream'
	Mod_MD.cs(3343,41): error CS0165: Use of unassigned local variable `stream'
	Mod_MD.cs(3356,41): error CS0165: Use of unassigned local variable `stream'
	Mod_MD.cs(3362,41): error CS0165: Use of unassigned local variable `stream'
	Mod_MD.cs(3375,41): error CS0165: Use of unassigned local variable `stream'
	Mod_MD.cs(3381,41): error CS0165: Use of unassigned local variable `stream'
	Mod_MD.cs(3394,41): error CS0165: Use of unassigned local variable `stream'
	Mod_MD.cs(3400,41): error CS0165: Use of unassigned local variable `stream'
	Mod_MD.cs(3464,12): error CS0165: Use of unassigned local variable `stream'
	Mod_MD.cs(3500,8): error CS0165: Use of unassigned local variable `stream'
	Mod_MD.cs(3627,12): error CS0165: Use of unassigned local variable `stream'
	Mod_MD.cs(3649,8): error CS0165: Use of unassigned local variable `stream'
	Mod_MD.cs(3763,12): error CS0165: Use of unassigned local variable `stream'
	Mod_MD.cs(3799,8): error CS0165: Use of unassigned local variable `stream'
	Mod_MD.cs(4028,11): error CS0165: Use of unassigned local variable `result'
	Mod_MD.cs(4099,11): error CS0165: Use of unassigned local variable `result'
	Mod_MD.cs(4129,11): error CS0165: Use of unassigned local variable `result'
	Mod_VA.cs(519,27): error CS1502: The best overloaded method match for `Microsoft.VisualBasic.DateAndTime.Weekday(System.DateTime, Microsoft.VisualBasic.FirstDayOfWeek)' has some invalid arguments
	Mod_VA.cs(519,66): error CS1503: Argument `#2' cannot convert `int' expression to type `Microsoft.VisualBasic.FirstDayOfWeek'
	My/MyApplication.cs(13,3): error CS1502: The best overloaded method match for `System.ComponentModel.EditorBrowsableAttribute.EditorBrowsableAttribute(System.ComponentModel.EditorBrowsableState)' has some invalid arguments
	My/MyApplication.cs(13,19): error CS1503: Argument `#1' cannot convert `int' expression to type `System.ComponentModel.EditorBrowsableState'
	My/MyApplication.cs(18,4): error CS1502: The best overloaded method match for `System.ComponentModel.EditorBrowsableAttribute.EditorBrowsableAttribute(System.ComponentModel.EditorBrowsableState)' has some invalid arguments
	My/MyApplication.cs(18,20): error CS1503: Argument `#1' cannot convert `int' expression to type `System.ComponentModel.EditorBrowsableState'
	My/MyComputer.cs(11,3): error CS1502: The best overloaded method match for `System.ComponentModel.EditorBrowsableAttribute.EditorBrowsableAttribute(System.ComponentModel.EditorBrowsableState)' has some invalid arguments
	My/MyComputer.cs(11,19): error CS1503: Argument `#1' cannot convert `int' expression to type `System.ComponentModel.EditorBrowsableState'
	My/MyComputer.cs(15,4): error CS1502: The best overloaded method match for `System.ComponentModel.EditorBrowsableAttribute.EditorBrowsableAttribute(System.ComponentModel.EditorBrowsableState)' has some invalid arguments
	My/MyComputer.cs(15,20): error CS1503: Argument `#1' cannot convert `int' expression to type `System.ComponentModel.EditorBrowsableState'
	My/MyProject.cs(99,4): error CS1502: The best overloaded method match for `System.ComponentModel.EditorBrowsableAttribute.EditorBrowsableAttribute(System.ComponentModel.EditorBrowsableState)' has some invalid arguments
	My/MyProject.cs(99,20): error CS1503: Argument `#1' cannot convert `int' expression to type `System.ComponentModel.EditorBrowsableState'
	My/MyProject.cs(1183,5): error CS1502: The best overloaded method match for `System.ComponentModel.EditorBrowsableAttribute.EditorBrowsableAttribute(System.ComponentModel.EditorBrowsableState)' has some invalid arguments
	My/MyProject.cs(1183,21): error CS1503: Argument `#1' cannot convert `int' expression to type `System.ComponentModel.EditorBrowsableState'
	My/MyProject.cs(1190,5): error CS1502: The best overloaded method match for `System.ComponentModel.EditorBrowsableAttribute.EditorBrowsableAttribute(System.ComponentModel.EditorBrowsableState)' has some invalid arguments
	My/MyProject.cs(1190,21): error CS1503: Argument `#1' cannot convert `int' expression to type `System.ComponentModel.EditorBrowsableState'
	My/MyProject.cs(1197,5): error CS1502: The best overloaded method match for `System.ComponentModel.EditorBrowsableAttribute.EditorBrowsableAttribute(System.ComponentModel.EditorBrowsableState)' has some invalid arguments
	My/MyProject.cs(1197,21): error CS1503: Argument `#1' cannot convert `int' expression to type `System.ComponentModel.EditorBrowsableState'
	My/MyProject.cs(1204,5): error CS1502: The best overloaded method match for `System.ComponentModel.EditorBrowsableAttribute.EditorBrowsableAttribute(System.ComponentModel.EditorBrowsableState)' has some invalid arguments
	My/MyProject.cs(1204,21): error CS1503: Argument `#1' cannot convert `int' expression to type `System.ComponentModel.EditorBrowsableState'
	My/MyProject.cs(1211,5): error CS1502: The best overloaded method match for `System.ComponentModel.EditorBrowsableAttribute.EditorBrowsableAttribute(System.ComponentModel.EditorBrowsableState)' has some invalid arguments
	My/MyProject.cs(1211,21): error CS1503: Argument `#1' cannot convert `int' expression to type `System.ComponentModel.EditorBrowsableState'
	My/MyProject.cs(1353,4): error CS1502: The best overloaded method match for `System.ComponentModel.EditorBrowsableAttribute.EditorBrowsableAttribute(System.ComponentModel.EditorBrowsableState)' has some invalid arguments
	My/MyProject.cs(1353,20): error CS1503: Argument `#1' cannot convert `int' expression to type `System.ComponentModel.EditorBrowsableState'
	My/MyProject.cs(1357,5): error CS1502: The best overloaded method match for `System.ComponentModel.EditorBrowsableAttribute.EditorBrowsableAttribute(System.ComponentModel.EditorBrowsableState)' has some invalid arguments
	My/MyProject.cs(1357,21): error CS1503: Argument `#1' cannot convert `int' expression to type `System.ComponentModel.EditorBrowsableState'
	My/MyProject.cs(1366,5): error CS1502: The best overloaded method match for `System.ComponentModel.EditorBrowsableAttribute.EditorBrowsableAttribute(System.ComponentModel.EditorBrowsableState)' has some invalid arguments
	My/MyProject.cs(1366,21): error CS1503: Argument `#1' cannot convert `int' expression to type `System.ComponentModel.EditorBrowsableState'
	My/MyProject.cs(1374,5): error CS1502: The best overloaded method match for `System.ComponentModel.EditorBrowsableAttribute.EditorBrowsableAttribute(System.ComponentModel.EditorBrowsableState)' has some invalid arguments
	My/MyProject.cs(1374,21): error CS1503: Argument `#1' cannot convert `int' expression to type `System.ComponentModel.EditorBrowsableState'
	My/MyProject.cs(1382,5): error CS1502: The best overloaded method match for `System.ComponentModel.EditorBrowsableAttribute.EditorBrowsableAttribute(System.ComponentModel.EditorBrowsableState)' has some invalid arguments
	My/MyProject.cs(1382,21): error CS1503: Argument `#1' cannot convert `int' expression to type `System.ComponentModel.EditorBrowsableState'
	My/MyProject.cs(1408,5): error CS1502: The best overloaded method match for `System.ComponentModel.EditorBrowsableAttribute.EditorBrowsableAttribute(System.ComponentModel.EditorBrowsableState)' has some invalid arguments
	My/MyProject.cs(1408,21): error CS1503: Argument `#1' cannot convert `int' expression to type `System.ComponentModel.EditorBrowsableState'
	My/MyProject.cs(1415,4): error CS1502: The best overloaded method match for `System.ComponentModel.EditorBrowsableAttribute.EditorBrowsableAttribute(System.ComponentModel.EditorBrowsableState)' has some invalid arguments
	My/MyProject.cs(1415,20): error CS1503: Argument `#1' cannot convert `int' expression to type `System.ComponentModel.EditorBrowsableState'
	My/MyProject.cs(1435,5): error CS1502: The best overloaded method match for `System.ComponentModel.EditorBrowsableAttribute.EditorBrowsableAttribute(System.ComponentModel.EditorBrowsableState)' has some invalid arguments
	My/MyProject.cs(1435,21): error CS1503: Argument `#1' cannot convert `int' expression to type `System.ComponentModel.EditorBrowsableState'
	My/MySettings.Designer.cs(15,3): error CS1502: The best overloaded method match for `System.ComponentModel.EditorBrowsableAttribute.EditorBrowsableAttribute(System.ComponentModel.EditorBrowsableState)' has some invalid arguments
	My/MySettings.Designer.cs(15,19): error CS1503: Argument `#1' cannot convert `int' expression to type `System.ComponentModel.EditorBrowsableState'
	My/MySettings.Designer.cs(19,4): error CS1502: The best overloaded method match for `System.ComponentModel.EditorBrowsableAttribute.EditorBrowsableAttribute(System.ComponentModel.EditorBrowsableState)' has some invalid arguments
	My/MySettings.Designer.cs(19,20): error CS1503: Argument `#1' cannot convert `int' expression to type `System.ComponentModel.EditorBrowsableState'
	My/Resources/Resources.cs(24,4): error CS1502: The best overloaded method match for `System.ComponentModel.EditorBrowsableAttribute.EditorBrowsableAttribute(System.ComponentModel.EditorBrowsableState)' has some invalid arguments
	My/Resources/Resources.cs(24,20): error CS1503: Argument `#1' cannot convert `int' expression to type `System.ComponentModel.EditorBrowsableState'
	My/Resources/Resources.cs(41,4): error CS1502: The best overloaded method match for `System.ComponentModel.EditorBrowsableAttribute.EditorBrowsableAttribute(System.ComponentModel.EditorBrowsableState)' has some invalid arguments
	My/Resources/Resources.cs(41,20): error CS1503: Argument `#1' cannot convert `int' expression to type `System.ComponentModel.EditorBrowsableState'
	perifericos.cs(260,15): error CS0165: Use of unassigned local variable `num3'
	perifericos.cs(412,18): error CS1061: Type `iS800.perifericos.Periferico' does not contain a definition for `_nome' and no extension method `_nome' of type `iS800.perifericos.Periferico' could be found. Are you missing an assembly reference?
	perifericos.cs(416,11): error CS1061: Type `iS800.perifericos.Periferico' does not contain a definition for `_nome' and no extension method `_nome' of type `iS800.perifericos.Periferico' could be found. Are you missing an assembly reference?
	perifericos.cs(427,18): error CS1061: Type `iS800.perifericos.Periferico' does not contain a definition for `_nome_impressao' and no extension method `_nome_impressao' of type `iS800.perifericos.Periferico' could be found. Are you missing an assembly reference?
	perifericos.cs(431,11): error CS1061: Type `iS800.perifericos.Periferico' does not contain a definition for `_nome_impressao' and no extension method `_nome_impressao' of type `iS800.perifericos.Periferico' could be found. Are you missing an assembly reference?
	perifericos.cs(453,18): error CS1061: Type `iS800.perifericos.Valores_ComboBox' does not contain a definition for `_nome' and no extension method `_nome' of type `iS800.perifericos.Valores_ComboBox' could be found. Are you missing an assembly reference?
	perifericos.cs(457,11): error CS1061: Type `iS800.perifericos.Valores_ComboBox' does not contain a definition for `_nome' and no extension method `_nome' of type `iS800.perifericos.Valores_ComboBox' could be found. Are you missing an assembly reference?
	perifericos.cs(468,18): error CS1061: Type `iS800.perifericos.Valores_ComboBox' does not contain a definition for `_nome_impressao' and no extension method `_nome_impressao' of type `iS800.perifericos.Valores_ComboBox' could be found. Are you missing an assembly reference?
	perifericos.cs(472,11): error CS1061: Type `iS800.perifericos.Valores_ComboBox' does not contain a definition for `_nome_impressao' and no extension method `_nome_impressao' of type `iS800.perifericos.Valores_ComboBox' could be found. Are you missing an assembly reference?
	perifericos.cs(483,18): error CS1061: Type `iS800.perifericos.Valores_ComboBox' does not contain a definition for `_valor' and no extension method `_valor' of type `iS800.perifericos.Valores_ComboBox' could be found. Are you missing an assembly reference?
	perifericos.cs(487,11): error CS1061: Type `iS800.perifericos.Valores_ComboBox' does not contain a definition for `_valor' and no extension method `_valor' of type `iS800.perifericos.Valores_ComboBox' could be found. Are you missing an assembly reference?
	perifericos.cs(498,18): error CS1061: Type `iS800.perifericos.Valores_ComboBox' does not contain a definition for `_is_default' and no extension method `_is_default' of type `iS800.perifericos.Valores_ComboBox' could be found. Are you missing an assembly reference?
	perifericos.cs(502,11): error CS1061: Type `iS800.perifericos.Valores_ComboBox' does not contain a definition for `_is_default' and no extension method `_is_default' of type `iS800.perifericos.Valores_ComboBox' could be found. Are you missing an assembly reference?
	Plataforma.cs(2152,33): error CS0266: Cannot implicitly convert type `int' to `System.Runtime.InteropServices.CharSet'. An explicit conversion exists (are you missing a cast?)
	Plataforma.cs(2503,111): error CS0266: Cannot implicitly convert type `System.IO.Ports.StopBits' to `int'. An explicit conversion exists (are you missing a cast?)
	Plataforma.cs(2504,103): error CS0266: Cannot implicitly convert type `System.IO.Ports.Parity' to `int'. An explicit conversion exists (are you missing a cast?)
	Plataforma.cs(2522,110): error CS0266: Cannot implicitly convert type `System.IO.Ports.StopBits' to `int'. An explicit conversion exists (are you missing a cast?)
	Plataforma.cs(2523,104): error CS0266: Cannot implicitly convert type `System.IO.Ports.Parity' to `int'. An explicit conversion exists (are you missing a cast?)
	Plataforma.cs(2815,9): error CS0165: Use of unassigned local variable `num2'
	Plataforma.cs(2898,45): error CS0165: Use of unassigned local variable `tipo'
	Plataforma.cs(2967,23): error CS0266: Cannot implicitly convert type `int' to `System.Windows.Forms.FormStartPosition'. An explicit conversion exists (are you missing a cast?)
	Plataforma.cs(2991,23): error CS0266: Cannot implicitly convert type `int' to `System.Windows.Forms.FormStartPosition'. An explicit conversion exists (are you missing a cast?)
	Plataforma.cs(3015,23): error CS0266: Cannot implicitly convert type `int' to `System.Windows.Forms.FormStartPosition'. An explicit conversion exists (are you missing a cast?)
	Plataforma.cs(3039,23): error CS0266: Cannot implicitly convert type `int' to `System.Windows.Forms.FormStartPosition'. An explicit conversion exists (are you missing a cast?)
	Plataforma.cs(3063,23): error CS0266: Cannot implicitly convert type `int' to `System.Windows.Forms.FormStartPosition'. An explicit conversion exists (are you missing a cast?)
	Plataforma.cs(3088,23): error CS0266: Cannot implicitly convert type `int' to `System.Windows.Forms.FormStartPosition'. An explicit conversion exists (are you missing a cast?)
	Plataforma.cs(3113,23): error CS0266: Cannot implicitly convert type `int' to `System.Windows.Forms.FormStartPosition'. An explicit conversion exists (are you missing a cast?)
	Plataforma.cs(3133,23): error CS0266: Cannot implicitly convert type `int' to `System.Windows.Forms.FormStartPosition'. An explicit conversion exists (are you missing a cast?)
	Plataforma.cs(3157,23): error CS0266: Cannot implicitly convert type `int' to `System.Windows.Forms.FormStartPosition'. An explicit conversion exists (are you missing a cast?)
	Plataforma.cs(3181,23): error CS0266: Cannot implicitly convert type `int' to `System.Windows.Forms.FormStartPosition'. An explicit conversion exists (are you missing a cast?)
	Plataforma.cs(3205,23): error CS0266: Cannot implicitly convert type `int' to `System.Windows.Forms.FormStartPosition'. An explicit conversion exists (are you missing a cast?)
	Plataforma.cs(3229,23): error CS0266: Cannot implicitly convert type `int' to `System.Windows.Forms.FormStartPosition'. An explicit conversion exists (are you missing a cast?)
	Plataforma.cs(3253,23): error CS0266: Cannot implicitly convert type `int' to `System.Windows.Forms.FormStartPosition'. An explicit conversion exists (are you missing a cast?)
	Plataforma.cs(3277,23): error CS0266: Cannot implicitly convert type `int' to `System.Windows.Forms.FormStartPosition'. An explicit conversion exists (are you missing a cast?)
	Plataforma.cs(3301,23): error CS0266: Cannot implicitly convert type `int' to `System.Windows.Forms.FormStartPosition'. An explicit conversion exists (are you missing a cast?)
	Plataforma.cs(3326,23): error CS0266: Cannot implicitly convert type `int' to `System.Windows.Forms.FormStartPosition'. An explicit conversion exists (are you missing a cast?)
	Plataforma.cs(3350,23): error CS0266: Cannot implicitly convert type `int' to `System.Windows.Forms.FormStartPosition'. An explicit conversion exists (are you missing a cast?)
	Plataforma.cs(3374,23): error CS0266: Cannot implicitly convert type `int' to `System.Windows.Forms.FormStartPosition'. An explicit conversion exists (are you missing a cast?)
	Plataforma.cs(3976,45): error CS0165: Use of unassigned local variable `bloco'
	Plataforma.cs(4503,21): error CS0266: Cannot implicitly convert type `int' to `System.Windows.Forms.FormStartPosition'. An explicit conversion exists (are you missing a cast?)
	Plataforma.cs(4688,21): error CS0266: Cannot implicitly convert type `int' to `System.Windows.Forms.FormStartPosition'. An explicit conversion exists (are you missing a cast?)
	Plataforma.Designer.cs(704,31): error CS0266: Cannot implicitly convert type `int' to `System.Windows.Forms.AnchorStyles'. An explicit conversion exists (are you missing a cast?)
	Plataforma.Designer.cs(727,49): error CS0266: Cannot implicitly convert type `int' to `System.Windows.Forms.ImageLayout'. An explicit conversion exists (are you missing a cast?)
	RT_810_200_conf.cs(2469,67): error CS0266: Cannot implicitly convert type `int' to `System.Windows.Forms.DataGridViewContentAlignment'. An explicit conversion exists (are you missing a cast?)
	RT_810_200_conf.cs(2470,67): error CS0266: Cannot implicitly convert type `int' to `System.Windows.Forms.DataGridViewContentAlignment'. An explicit conversion exists (are you missing a cast?)
	RT_810_200_conf.cs(2471,67): error CS0266: Cannot implicitly convert type `int' to `System.Windows.Forms.DataGridViewContentAlignment'. An explicit conversion exists (are you missing a cast?)
	RT_810_200_conf.cs(2472,67): error CS0266: Cannot implicitly convert type `int' to `System.Windows.Forms.DataGridViewContentAlignment'. An explicit conversion exists (are you missing a cast?)
	RT_810_200_conf.cs(2473,67): error CS0266: Cannot implicitly convert type `int' to `System.Windows.Forms.DataGridViewContentAlignment'. An explicit conversion exists (are you missing a cast?)
	RT_810_200_conf.cs(2474,67): error CS0266: Cannot implicitly convert type `int' to `System.Windows.Forms.DataGridViewContentAlignment'. An explicit conversion exists (are you missing a cast?)
	RT_810_200_conf.cs(2475,67): error CS0266: Cannot implicitly convert type `int' to `System.Windows.Forms.DataGridViewContentAlignment'. An explicit conversion exists (are you missing a cast?)
	RT_810_200_conf.cs(2529,63): error CS0266: Cannot implicitly convert type `int' to `System.Windows.Forms.DataGridViewContentAlignment'. An explicit conversion exists (are you missing a cast?)
	RT_810_200_conf.cs(2530,63): error CS0266: Cannot implicitly convert type `int' to `System.Windows.Forms.DataGridViewContentAlignment'. An explicit conversion exists (are you missing a cast?)
	RT_810_200_conf.cs(2531,63): error CS0266: Cannot implicitly convert type `int' to `System.Windows.Forms.DataGridViewContentAlignment'. An explicit conversion exists (are you missing a cast?)
	RT_810_200_conf.cs(2542,201): error CS0266: Cannot implicitly convert type `System.Windows.Forms.HorizontalAlignment' to `System.Windows.Forms.DataGridViewContentAlignment'. An explicit conversion exists (are you missing a cast?)
	RT_810_200_conf.cs(2616,67): error CS0266: Cannot implicitly convert type `int' to `System.Windows.Forms.DataGridViewContentAlignment'. An explicit conversion exists (are you missing a cast?)
	RT_810_200_conf.cs(2617,67): error CS0266: Cannot implicitly convert type `int' to `System.Windows.Forms.DataGridViewContentAlignment'. An explicit conversion exists (are you missing a cast?)
	RT_810_200_conf.cs(2618,67): error CS0266: Cannot implicitly convert type `int' to `System.Windows.Forms.DataGridViewContentAlignment'. An explicit conversion exists (are you missing a cast?)
	RT_810_200_conf.cs(2619,67): error CS0266: Cannot implicitly convert type `int' to `System.Windows.Forms.DataGridViewContentAlignment'. An explicit conversion exists (are you missing a cast?)
	RT_810_200_conf.cs(2620,67): error CS0266: Cannot implicitly convert type `int' to `System.Windows.Forms.DataGridViewContentAlignment'. An explicit conversion exists (are you missing a cast?)
	RT_810_200_conf.cs(2621,67): error CS0266: Cannot implicitly convert type `int' to `System.Windows.Forms.DataGridViewContentAlignment'. An explicit conversion exists (are you missing a cast?)
	RT_810_200_conf.cs(2622,67): error CS0266: Cannot implicitly convert type `int' to `System.Windows.Forms.DataGridViewContentAlignment'. An explicit conversion exists (are you missing a cast?)
	RT_810_200_conf.cs(2623,67): error CS0266: Cannot implicitly convert type `int' to `System.Windows.Forms.DataGridViewContentAlignment'. An explicit conversion exists (are you missing a cast?)
	RT_810_200_conf.cs(2624,67): error CS0266: Cannot implicitly convert type `int' to `System.Windows.Forms.DataGridViewContentAlignment'. An explicit conversion exists (are you missing a cast?)
	RT_810_200_conf.cs(2625,67): error CS0266: Cannot implicitly convert type `int' to `System.Windows.Forms.DataGridViewContentAlignment'. An explicit conversion exists (are you missing a cast?)
	RT_810_200_conf.cs(2655,67): error CS0266: Cannot implicitly convert type `int' to `System.Windows.Forms.DataGridViewContentAlignment'. An explicit conversion exists (are you missing a cast?)
	RT_810_200_conf.cs(2656,67): error CS0266: Cannot implicitly convert type `int' to `System.Windows.Forms.DataGridViewContentAlignment'. An explicit conversion exists (are you missing a cast?)
	RT_810_200_conf.cs(2657,67): error CS0266: Cannot implicitly convert type `int' to `System.Windows.Forms.DataGridViewContentAlignment'. An explicit conversion exists (are you missing a cast?)
	RT_810_200_conf.cs(2703,60): error CS0266: Cannot implicitly convert type `int' to `System.Windows.Forms.DataGridViewContentAlignment'. An explicit conversion exists (are you missing a cast?)
	RT_810_200_conf.cs(2941,9): error CS0165: Use of unassigned local variable `num3'
	RT_810_200_conf.cs(3419,18): error CS1502: The best overloaded method match for `Microsoft.VisualBasic.Interaction.MsgBox(object, Microsoft.VisualBasic.MsgBoxStyle, object)' has some invalid arguments
	RT_810_200_conf.cs(3419,114): error CS1503: Argument `#2' cannot convert `int' expression to type `Microsoft.VisualBasic.MsgBoxStyle'
	RT_810_200_conf.cs(3769,9): error CS0165: Use of unassigned local variable `num4'
	RT_810_200_conf.cs(3769,9): error CS0165: Use of unassigned local variable `num4'
	RT_810_200_conf.cs(3910,9): error CS0165: Use of unassigned local variable `num5'
	RT_810_200_conf.cs(4123,17): error CS1502: The best overloaded method match for `System.Drawing.Font.Font(string, float, System.Drawing.FontStyle, System.Drawing.GraphicsUnit)' has some invalid arguments
	RT_810_200_conf.cs(4123,42): error CS1503: Argument `#3' cannot convert `int' expression to type `System.Drawing.FontStyle'
	RT_810_200_conf.cs(4125,17): error CS1502: The best overloaded method match for `System.Drawing.Font.Font(string, float, System.Drawing.FontStyle, System.Drawing.GraphicsUnit)' has some invalid arguments
	RT_810_200_conf.cs(4125,42): error CS1503: Argument `#3' cannot convert `int' expression to type `System.Drawing.FontStyle'
	RT_810_200_conf.Designer.cs(955,174): error CS0266: Cannot implicitly convert type `System.Windows.Forms.HorizontalAlignment' to `System.Windows.Forms.DataGridViewContentAlignment'. An explicit conversion exists (are you missing a cast?)
	RT_810_200_conf.Designer.cs(963,67): error CS0266: Cannot implicitly convert type `int' to `System.Windows.Forms.DataGridViewColumnHeadersHeightSizeMode'. An explicit conversion exists (are you missing a cast?)
	RT_810_200_conf.Designer.cs(977,174): error CS0266: Cannot implicitly convert type `System.Windows.Forms.HorizontalAlignment' to `System.Windows.Forms.DataGridViewContentAlignment'. An explicit conversion exists (are you missing a cast?)
	RT_810_200_conf.Designer.cs(988,174): error CS0266: Cannot implicitly convert type `System.Windows.Forms.HorizontalAlignment' to `System.Windows.Forms.DataGridViewContentAlignment'. An explicit conversion exists (are you missing a cast?)
	RT_810_200_conf.Designer.cs(1003,174): error CS0266: Cannot implicitly convert type `System.Windows.Forms.HorizontalAlignment' to `System.Windows.Forms.DataGridViewContentAlignment'. An explicit conversion exists (are you missing a cast?)
	RT_810_200_conf.Designer.cs(1011,174): error CS0266: Cannot implicitly convert type `System.Windows.Forms.HorizontalAlignment' to `System.Windows.Forms.DataGridViewContentAlignment'. An explicit conversion exists (are you missing a cast?)
	RT_810_200_conf.Designer.cs(1018,174): error CS0266: Cannot implicitly convert type `System.Windows.Forms.HorizontalAlignment' to `System.Windows.Forms.DataGridViewContentAlignment'. An explicit conversion exists (are you missing a cast?)
	RT_810_200_conf.Designer.cs(1026,174): error CS0266: Cannot implicitly convert type `System.Windows.Forms.HorizontalAlignment' to `System.Windows.Forms.DataGridViewContentAlignment'. An explicit conversion exists (are you missing a cast?)
	RT_810_200_conf.Designer.cs(1033,174): error CS0266: Cannot implicitly convert type `System.Windows.Forms.HorizontalAlignment' to `System.Windows.Forms.DataGridViewContentAlignment'. An explicit conversion exists (are you missing a cast?)
	RT_810_200_conf.Designer.cs(1041,175): error CS0266: Cannot implicitly convert type `System.Windows.Forms.HorizontalAlignment' to `System.Windows.Forms.DataGridViewContentAlignment'. An explicit conversion exists (are you missing a cast?)
	RT_810_200_conf.Designer.cs(1048,175): error CS0266: Cannot implicitly convert type `System.Windows.Forms.HorizontalAlignment' to `System.Windows.Forms.DataGridViewContentAlignment'. An explicit conversion exists (are you missing a cast?)
	RT_810_200_conf.Designer.cs(1056,175): error CS0266: Cannot implicitly convert type `System.Windows.Forms.HorizontalAlignment' to `System.Windows.Forms.DataGridViewContentAlignment'. An explicit conversion exists (are you missing a cast?)
	RT_810_200_conf.Designer.cs(1063,175): error CS0266: Cannot implicitly convert type `System.Windows.Forms.HorizontalAlignment' to `System.Windows.Forms.DataGridViewContentAlignment'. An explicit conversion exists (are you missing a cast?)
	RT_810_200_conf.Designer.cs(1071,175): error CS0266: Cannot implicitly convert type `System.Windows.Forms.HorizontalAlignment' to `System.Windows.Forms.DataGridViewContentAlignment'. An explicit conversion exists (are you missing a cast?)
	RT_810_200_conf.Designer.cs(1618,107): error CS0266: Cannot implicitly convert type `System.Windows.Forms.DataGridViewContentAlignment' to `System.Windows.Forms.HorizontalAlignment'. An explicit conversion exists (are you missing a cast?)
	RT_810_conf.cs(2560,5): error CS0165: Use of unassigned local variable `enumerator'
	RT_810_conf.cs(2754,67): error CS0266: Cannot implicitly convert type `int' to `System.Windows.Forms.DataGridViewContentAlignment'. An explicit conversion exists (are you missing a cast?)
	RT_810_conf.cs(2755,67): error CS0266: Cannot implicitly convert type `int' to `System.Windows.Forms.DataGridViewContentAlignment'. An explicit conversion exists (are you missing a cast?)
	RT_810_conf.cs(2756,67): error CS0266: Cannot implicitly convert type `int' to `System.Windows.Forms.DataGridViewContentAlignment'. An explicit conversion exists (are you missing a cast?)
	RT_810_conf.cs(2757,67): error CS0266: Cannot implicitly convert type `int' to `System.Windows.Forms.DataGridViewContentAlignment'. An explicit conversion exists (are you missing a cast?)
	RT_810_conf.cs(2758,67): error CS0266: Cannot implicitly convert type `int' to `System.Windows.Forms.DataGridViewContentAlignment'. An explicit conversion exists (are you missing a cast?)
	RT_810_conf.cs(2759,67): error CS0266: Cannot implicitly convert type `int' to `System.Windows.Forms.DataGridViewContentAlignment'. An explicit conversion exists (are you missing a cast?)
	RT_810_conf.cs(2760,67): error CS0266: Cannot implicitly convert type `int' to `System.Windows.Forms.DataGridViewContentAlignment'. An explicit conversion exists (are you missing a cast?)
	RT_810_conf.cs(2858,59): error CS0266: Cannot implicitly convert type `int' to `System.Windows.Forms.DataGridViewContentAlignment'. An explicit conversion exists (are you missing a cast?)
	RT_810_conf.cs(2859,59): error CS0266: Cannot implicitly convert type `int' to `System.Windows.Forms.DataGridViewContentAlignment'. An explicit conversion exists (are you missing a cast?)
	RT_810_conf.cs(2860,59): error CS0266: Cannot implicitly convert type `int' to `System.Windows.Forms.DataGridViewContentAlignment'. An explicit conversion exists (are you missing a cast?)
	RT_810_conf.cs(2871,201): error CS0266: Cannot implicitly convert type `System.Windows.Forms.HorizontalAlignment' to `System.Windows.Forms.DataGridViewContentAlignment'. An explicit conversion exists (are you missing a cast?)
	RT_810_conf.cs(2945,67): error CS0266: Cannot implicitly convert type `int' to `System.Windows.Forms.DataGridViewContentAlignment'. An explicit conversion exists (are you missing a cast?)
	RT_810_conf.cs(2946,67): error CS0266: Cannot implicitly convert type `int' to `System.Windows.Forms.DataGridViewContentAlignment'. An explicit conversion exists (are you missing a cast?)
	RT_810_conf.cs(2947,67): error CS0266: Cannot implicitly convert type `int' to `System.Windows.Forms.DataGridViewContentAlignment'. An explicit conversion exists (are you missing a cast?)
	RT_810_conf.cs(2948,67): error CS0266: Cannot implicitly convert type `int' to `System.Windows.Forms.DataGridViewContentAlignment'. An explicit conversion exists (are you missing a cast?)
	RT_810_conf.cs(2949,67): error CS0266: Cannot implicitly convert type `int' to `System.Windows.Forms.DataGridViewContentAlignment'. An explicit conversion exists (are you missing a cast?)
	RT_810_conf.cs(2950,67): error CS0266: Cannot implicitly convert type `int' to `System.Windows.Forms.DataGridViewContentAlignment'. An explicit conversion exists (are you missing a cast?)
	RT_810_conf.cs(2951,67): error CS0266: Cannot implicitly convert type `int' to `System.Windows.Forms.DataGridViewContentAlignment'. An explicit conversion exists (are you missing a cast?)
	RT_810_conf.cs(2952,67): error CS0266: Cannot implicitly convert type `int' to `System.Windows.Forms.DataGridViewContentAlignment'. An explicit conversion exists (are you missing a cast?)
	RT_810_conf.cs(2953,67): error CS0266: Cannot implicitly convert type `int' to `System.Windows.Forms.DataGridViewContentAlignment'. An explicit conversion exists (are you missing a cast?)
	RT_810_conf.cs(2954,67): error CS0266: Cannot implicitly convert type `int' to `System.Windows.Forms.DataGridViewContentAlignment'. An explicit conversion exists (are you missing a cast?)
	RT_810_conf.cs(2962,200): error CS0266: Cannot implicitly convert type `System.Windows.Forms.HorizontalAlignment' to `System.Windows.Forms.DataGridViewContentAlignment'. An explicit conversion exists (are you missing a cast?)
	RT_810_conf.cs(3029,67): error CS0266: Cannot implicitly convert type `int' to `System.Windows.Forms.DataGridViewContentAlignment'. An explicit conversion exists (are you missing a cast?)
	RT_810_conf.cs(3030,67): error CS0266: Cannot implicitly convert type `int' to `System.Windows.Forms.DataGridViewContentAlignment'. An explicit conversion exists (are you missing a cast?)
	RT_810_conf.cs(3031,67): error CS0266: Cannot implicitly convert type `int' to `System.Windows.Forms.DataGridViewContentAlignment'. An explicit conversion exists (are you missing a cast?)
	RT_810_conf.cs(3061,195): error CS0266: Cannot implicitly convert type `System.Windows.Forms.HorizontalAlignment' to `System.Windows.Forms.DataGridViewContentAlignment'. An explicit conversion exists (are you missing a cast?)
	RT_810_conf.cs(3122,60): error CS0266: Cannot implicitly convert type `int' to `System.Windows.Forms.DataGridViewContentAlignment'. An explicit conversion exists (are you missing a cast?)
	RT_810_conf.cs(3530,9): error CS0165: Use of unassigned local variable `num3'
	RT_810_conf.cs(4069,18): error CS1502: The best overloaded method match for `Microsoft.VisualBasic.Interaction.MsgBox(object, Microsoft.VisualBasic.MsgBoxStyle, object)' has some invalid arguments
	RT_810_conf.cs(4069,114): error CS1503: Argument `#2' cannot convert `int' expression to type `Microsoft.VisualBasic.MsgBoxStyle'
	RT_810_conf.cs(4517,9): error CS0165: Use of unassigned local variable `num10'
	RT_810_conf.cs(4517,9): error CS0165: Use of unassigned local variable `num10'
	RT_810_conf.cs(4784,9): error CS0165: Use of unassigned local variable `num11'
	RT_810_conf.cs(5262,17): error CS1502: The best overloaded method match for `System.Drawing.Font.Font(string, float, System.Drawing.FontStyle, System.Drawing.GraphicsUnit)' has some invalid arguments
	RT_810_conf.cs(5262,42): error CS1503: Argument `#3' cannot convert `int' expression to type `System.Drawing.FontStyle'
	RT_810_conf.cs(5264,17): error CS1502: The best overloaded method match for `System.Drawing.Font.Font(string, float, System.Drawing.FontStyle, System.Drawing.GraphicsUnit)' has some invalid arguments
	RT_810_conf.cs(5264,42): error CS1503: Argument `#3' cannot convert `int' expression to type `System.Drawing.FontStyle'
	RT_810_conf.Designer.cs(607,55): error CS0266: Cannot implicitly convert type `int' to `System.Windows.Forms.AutoCompleteMode'. An explicit conversion exists (are you missing a cast?)
	RT_810_conf.Designer.cs(608,57): error CS0266: Cannot implicitly convert type `int' to `System.Windows.Forms.AutoCompleteSource'. An explicit conversion exists (are you missing a cast?)
	RT_810_conf.Designer.cs(758,173): error CS0266: Cannot implicitly convert type `System.Windows.Forms.HorizontalAlignment' to `System.Windows.Forms.DataGridViewContentAlignment'. An explicit conversion exists (are you missing a cast?)
	RT_810_conf.Designer.cs(766,68): error CS0266: Cannot implicitly convert type `int' to `System.Windows.Forms.DataGridViewColumnHeadersHeightSizeMode'. An explicit conversion exists (are you missing a cast?)
	RT_810_conf.Designer.cs(767,174): error CS0266: Cannot implicitly convert type `System.Windows.Forms.HorizontalAlignment' to `System.Windows.Forms.DataGridViewContentAlignment'. An explicit conversion exists (are you missing a cast?)
	RT_810_conf.Designer.cs(779,174): error CS0266: Cannot implicitly convert type `System.Windows.Forms.HorizontalAlignment' to `System.Windows.Forms.DataGridViewContentAlignment'. An explicit conversion exists (are you missing a cast?)
	RT_810_conf.Designer.cs(829,174): error CS0266: Cannot implicitly convert type `System.Windows.Forms.HorizontalAlignment' to `System.Windows.Forms.DataGridViewContentAlignment'. An explicit conversion exists (are you missing a cast?)
	RT_810_conf.Designer.cs(837,70): error CS0266: Cannot implicitly convert type `int' to `System.Windows.Forms.DataGridViewColumnHeadersHeightSizeMode'. An explicit conversion exists (are you missing a cast?)
	RT_810_conf.Designer.cs(838,174): error CS0266: Cannot implicitly convert type `System.Windows.Forms.HorizontalAlignment' to `System.Windows.Forms.DataGridViewContentAlignment'. An explicit conversion exists (are you missing a cast?)
	RT_810_conf.Designer.cs(849,174): error CS0266: Cannot implicitly convert type `System.Windows.Forms.HorizontalAlignment' to `System.Windows.Forms.DataGridViewContentAlignment'. An explicit conversion exists (are you missing a cast?)
	RT_810_conf.Designer.cs(975,174): error CS0266: Cannot implicitly convert type `System.Windows.Forms.HorizontalAlignment' to `System.Windows.Forms.DataGridViewContentAlignment'. An explicit conversion exists (are you missing a cast?)
	RT_810_conf.Designer.cs(983,61): error CS0266: Cannot implicitly convert type `int' to `System.Windows.Forms.DataGridViewColumnHeadersHeightSizeMode'. An explicit conversion exists (are you missing a cast?)
	RT_810_conf.Designer.cs(984,175): error CS0266: Cannot implicitly convert type `System.Windows.Forms.HorizontalAlignment' to `System.Windows.Forms.DataGridViewContentAlignment'. An explicit conversion exists (are you missing a cast?)
	RT_810_conf.Designer.cs(995,175): error CS0266: Cannot implicitly convert type `System.Windows.Forms.HorizontalAlignment' to `System.Windows.Forms.DataGridViewContentAlignment'. An explicit conversion exists (are you missing a cast?)
	RT_810_conf.Designer.cs(1042,175): error CS0266: Cannot implicitly convert type `System.Windows.Forms.HorizontalAlignment' to `System.Windows.Forms.DataGridViewContentAlignment'. An explicit conversion exists (are you missing a cast?)
	RT_810_conf.Designer.cs(1050,66): error CS0266: Cannot implicitly convert type `int' to `System.Windows.Forms.DataGridViewColumnHeadersHeightSizeMode'. An explicit conversion exists (are you missing a cast?)
	RT_810_conf.Designer.cs(1051,175): error CS0266: Cannot implicitly convert type `System.Windows.Forms.HorizontalAlignment' to `System.Windows.Forms.DataGridViewContentAlignment'. An explicit conversion exists (are you missing a cast?)
	RT_810_conf.Designer.cs(1062,175): error CS0266: Cannot implicitly convert type `System.Windows.Forms.HorizontalAlignment' to `System.Windows.Forms.DataGridViewContentAlignment'. An explicit conversion exists (are you missing a cast?)
	RT_810_conf.Designer.cs(1113,175): error CS0266: Cannot implicitly convert type `System.Windows.Forms.HorizontalAlignment' to `System.Windows.Forms.DataGridViewContentAlignment'. An explicit conversion exists (are you missing a cast?)
	RT_810_conf.Designer.cs(1121,67): error CS0266: Cannot implicitly convert type `int' to `System.Windows.Forms.DataGridViewColumnHeadersHeightSizeMode'. An explicit conversion exists (are you missing a cast?)
	RT_810_conf.Designer.cs(1135,175): error CS0266: Cannot implicitly convert type `System.Windows.Forms.HorizontalAlignment' to `System.Windows.Forms.DataGridViewContentAlignment'. An explicit conversion exists (are you missing a cast?)
	RT_810_conf.Designer.cs(1146,175): error CS0266: Cannot implicitly convert type `System.Windows.Forms.HorizontalAlignment' to `System.Windows.Forms.DataGridViewContentAlignment'. An explicit conversion exists (are you missing a cast?)
	RT_810_conf.Designer.cs(1161,175): error CS0266: Cannot implicitly convert type `System.Windows.Forms.HorizontalAlignment' to `System.Windows.Forms.DataGridViewContentAlignment'. An explicit conversion exists (are you missing a cast?)
	RT_810_conf.Designer.cs(1169,175): error CS0266: Cannot implicitly convert type `System.Windows.Forms.HorizontalAlignment' to `System.Windows.Forms.DataGridViewContentAlignment'. An explicit conversion exists (are you missing a cast?)
	RT_810_conf.Designer.cs(1176,175): error CS0266: Cannot implicitly convert type `System.Windows.Forms.HorizontalAlignment' to `System.Windows.Forms.DataGridViewContentAlignment'. An explicit conversion exists (are you missing a cast?)
	RT_810_conf.Designer.cs(1184,175): error CS0266: Cannot implicitly convert type `System.Windows.Forms.HorizontalAlignment' to `System.Windows.Forms.DataGridViewContentAlignment'. An explicit conversion exists (are you missing a cast?)
	RT_810_conf.Designer.cs(1191,175): error CS0266: Cannot implicitly convert type `System.Windows.Forms.HorizontalAlignment' to `System.Windows.Forms.DataGridViewContentAlignment'. An explicit conversion exists (are you missing a cast?)
	RT_810_conf.Designer.cs(1199,175): error CS0266: Cannot implicitly convert type `System.Windows.Forms.HorizontalAlignment' to `System.Windows.Forms.DataGridViewContentAlignment'. An explicit conversion exists (are you missing a cast?)
	RT_810_conf.Designer.cs(1206,175): error CS0266: Cannot implicitly convert type `System.Windows.Forms.HorizontalAlignment' to `System.Windows.Forms.DataGridViewContentAlignment'. An explicit conversion exists (are you missing a cast?)
	RT_810_conf.Designer.cs(1214,175): error CS0266: Cannot implicitly convert type `System.Windows.Forms.HorizontalAlignment' to `System.Windows.Forms.DataGridViewContentAlignment'. An explicit conversion exists (are you missing a cast?)
	RT_810_conf.Designer.cs(1221,175): error CS0266: Cannot implicitly convert type `System.Windows.Forms.HorizontalAlignment' to `System.Windows.Forms.DataGridViewContentAlignment'. An explicit conversion exists (are you missing a cast?)
	RT_810_conf.Designer.cs(1229,175): error CS0266: Cannot implicitly convert type `System.Windows.Forms.HorizontalAlignment' to `System.Windows.Forms.DataGridViewContentAlignment'. An explicit conversion exists (are you missing a cast?)
	RT_810_conf.Designer.cs(1776,107): error CS0266: Cannot implicitly convert type `System.Windows.Forms.DataGridViewContentAlignment' to `System.Windows.Forms.HorizontalAlignment'. An explicit conversion exists (are you missing a cast?)
	RT_820_200_conf.cs(5424,67): error CS0266: Cannot implicitly convert type `int' to `System.Windows.Forms.DataGridViewContentAlignment'. An explicit conversion exists (are you missing a cast?)
	RT_820_200_conf.cs(5425,67): error CS0266: Cannot implicitly convert type `int' to `System.Windows.Forms.DataGridViewContentAlignment'. An explicit conversion exists (are you missing a cast?)
	RT_820_200_conf.cs(5426,67): error CS0266: Cannot implicitly convert type `int' to `System.Windows.Forms.DataGridViewContentAlignment'. An explicit conversion exists (are you missing a cast?)
	RT_820_200_conf.cs(5427,67): error CS0266: Cannot implicitly convert type `int' to `System.Windows.Forms.DataGridViewContentAlignment'. An explicit conversion exists (are you missing a cast?)
	RT_820_200_conf.cs(5428,67): error CS0266: Cannot implicitly convert type `int' to `System.Windows.Forms.DataGridViewContentAlignment'. An explicit conversion exists (are you missing a cast?)
	RT_820_200_conf.cs(5429,67): error CS0266: Cannot implicitly convert type `int' to `System.Windows.Forms.DataGridViewContentAlignment'. An explicit conversion exists (are you missing a cast?)
	RT_820_200_conf.cs(5430,67): error CS0266: Cannot implicitly convert type `int' to `System.Windows.Forms.DataGridViewContentAlignment'. An explicit conversion exists (are you missing a cast?)
	RT_820_200_conf.cs(5431,67): error CS0266: Cannot implicitly convert type `int' to `System.Windows.Forms.DataGridViewContentAlignment'. An explicit conversion exists (are you missing a cast?)
	RT_820_200_conf.cs(5432,67): error CS0266: Cannot implicitly convert type `int' to `System.Windows.Forms.DataGridViewContentAlignment'. An explicit conversion exists (are you missing a cast?)
	RT_820_200_conf.cs(5433,67): error CS0266: Cannot implicitly convert type `int' to `System.Windows.Forms.DataGridViewContentAlignment'. An explicit conversion exists (are you missing a cast?)
	RT_820_200_conf.cs(5434,68): error CS0266: Cannot implicitly convert type `int' to `System.Windows.Forms.DataGridViewContentAlignment'. An explicit conversion exists (are you missing a cast?)
	RT_820_200_conf.cs(5435,68): error CS0266: Cannot implicitly convert type `int' to `System.Windows.Forms.DataGridViewContentAlignment'. An explicit conversion exists (are you missing a cast?)
	RT_820_200_conf.cs(5436,68): error CS0266: Cannot implicitly convert type `int' to `System.Windows.Forms.DataGridViewContentAlignment'. An explicit conversion exists (are you missing a cast?)
	RT_820_200_conf.cs(5437,68): error CS0266: Cannot implicitly convert type `int' to `System.Windows.Forms.DataGridViewContentAlignment'. An explicit conversion exists (are you missing a cast?)
	RT_820_200_conf.cs(5604,64): error CS0266: Cannot implicitly convert type `int' to `System.Windows.Forms.DataGridViewContentAlignment'. An explicit conversion exists (are you missing a cast?)
	RT_820_200_conf.cs(5605,64): error CS0266: Cannot implicitly convert type `int' to `System.Windows.Forms.DataGridViewContentAlignment'. An explicit conversion exists (are you missing a cast?)
	RT_820_200_conf.cs(5638,59): error CS0266: Cannot implicitly convert type `int' to `System.Windows.Forms.DataGridViewContentAlignment'. An explicit conversion exists (are you missing a cast?)
	RT_820_200_conf.cs(5639,59): error CS0266: Cannot implicitly convert type `int' to `System.Windows.Forms.DataGridViewContentAlignment'. An explicit conversion exists (are you missing a cast?)
	RT_820_200_conf.cs(5640,59): error CS0266: Cannot implicitly convert type `int' to `System.Windows.Forms.DataGridViewContentAlignment'. An explicit conversion exists (are you missing a cast?)
	RT_820_200_conf.cs(5651,203): error CS0266: Cannot implicitly convert type `System.Windows.Forms.HorizontalAlignment' to `System.Windows.Forms.DataGridViewContentAlignment'. An explicit conversion exists (are you missing a cast?)
	RT_820_200_conf.cs(5715,69): error CS0266: Cannot implicitly convert type `int' to `System.Windows.Forms.DataGridViewContentAlignment'. An explicit conversion exists (are you missing a cast?)
	RT_820_200_conf.cs(5716,69): error CS0266: Cannot implicitly convert type `int' to `System.Windows.Forms.DataGridViewContentAlignment'. An explicit conversion exists (are you missing a cast?)
	RT_820_200_conf.cs(5759,64): error CS0266: Cannot implicitly convert type `int' to `System.Windows.Forms.DataGridViewContentAlignment'. An explicit conversion exists (are you missing a cast?)
	RT_820_200_conf.cs(5799,195): error CS0266: Cannot implicitly convert type `System.Windows.Forms.HorizontalAlignment' to `System.Windows.Forms.DataGridViewContentAlignment'. An explicit conversion exists (are you missing a cast?)
	RT_820_200_conf.cs(5860,60): error CS0266: Cannot implicitly convert type `int' to `System.Windows.Forms.DataGridViewContentAlignment'. An explicit conversion exists (are you missing a cast?)
	RT_820_200_conf.cs(5932,200): error CS0266: Cannot implicitly convert type `System.Windows.Forms.HorizontalAlignment' to `System.Windows.Forms.DataGridViewContentAlignment'. An explicit conversion exists (are you missing a cast?)
	RT_820_200_conf.cs(6006,67): error CS0266: Cannot implicitly convert type `int' to `System.Windows.Forms.DataGridViewContentAlignment'. An explicit conversion exists (are you missing a cast?)
	RT_820_200_conf.cs(6007,67): error CS0266: Cannot implicitly convert type `int' to `System.Windows.Forms.DataGridViewContentAlignment'. An explicit conversion exists (are you missing a cast?)
	RT_820_200_conf.cs(6008,67): error CS0266: Cannot implicitly convert type `int' to `System.Windows.Forms.DataGridViewContentAlignment'. An explicit conversion exists (are you missing a cast?)
	RT_820_200_conf.cs(6009,67): error CS0266: Cannot implicitly convert type `int' to `System.Windows.Forms.DataGridViewContentAlignment'. An explicit conversion exists (are you missing a cast?)
	RT_820_200_conf.cs(6010,67): error CS0266: Cannot implicitly convert type `int' to `System.Windows.Forms.DataGridViewContentAlignment'. An explicit conversion exists (are you missing a cast?)
	RT_820_200_conf.cs(6011,67): error CS0266: Cannot implicitly convert type `int' to `System.Windows.Forms.DataGridViewContentAlignment'. An explicit conversion exists (are you missing a cast?)
	RT_820_200_conf.cs(6012,67): error CS0266: Cannot implicitly convert type `int' to `System.Windows.Forms.DataGridViewContentAlignment'. An explicit conversion exists (are you missing a cast?)
	RT_820_200_conf.cs(6013,67): error CS0266: Cannot implicitly convert type `int' to `System.Windows.Forms.DataGridViewContentAlignment'. An explicit conversion exists (are you missing a cast?)
	RT_820_200_conf.cs(6014,67): error CS0266: Cannot implicitly convert type `int' to `System.Windows.Forms.DataGridViewContentAlignment'. An explicit conversion exists (are you missing a cast?)
	RT_820_200_conf.cs(6015,67): error CS0266: Cannot implicitly convert type `int' to `System.Windows.Forms.DataGridViewContentAlignment'. An explicit conversion exists (are you missing a cast?)
	RT_820_200_conf.cs(6054,67): error CS0266: Cannot implicitly convert type `int' to `System.Windows.Forms.DataGridViewContentAlignment'. An explicit conversion exists (are you missing a cast?)
	RT_820_200_conf.cs(6055,67): error CS0266: Cannot implicitly convert type `int' to `System.Windows.Forms.DataGridViewContentAlignment'. An explicit conversion exists (are you missing a cast?)
	RT_820_200_conf.cs(6056,67): error CS0266: Cannot implicitly convert type `int' to `System.Windows.Forms.DataGridViewContentAlignment'. An explicit conversion exists (are you missing a cast?)
	RT_820_200_conf.cs(6057,67): error CS0266: Cannot implicitly convert type `int' to `System.Windows.Forms.DataGridViewContentAlignment'. An explicit conversion exists (are you missing a cast?)
	RT_820_200_conf.cs(6058,67): error CS0266: Cannot implicitly convert type `int' to `System.Windows.Forms.DataGridViewContentAlignment'. An explicit conversion exists (are you missing a cast?)
	RT_820_200_conf.cs(6059,67): error CS0266: Cannot implicitly convert type `int' to `System.Windows.Forms.DataGridViewContentAlignment'. An explicit conversion exists (are you missing a cast?)
	RT_820_200_conf.cs(6147,63): error CS0266: Cannot implicitly convert type `int' to `System.Windows.Forms.DataGridViewContentAlignment'. An explicit conversion exists (are you missing a cast?)
	RT_820_200_conf.cs(6148,63): error CS0266: Cannot implicitly convert type `int' to `System.Windows.Forms.DataGridViewContentAlignment'. An explicit conversion exists (are you missing a cast?)
	RT_820_200_conf.cs(6149,63): error CS0266: Cannot implicitly convert type `int' to `System.Windows.Forms.DataGridViewContentAlignment'. An explicit conversion exists (are you missing a cast?)
	RT_820_200_conf.cs(6150,63): error CS0266: Cannot implicitly convert type `int' to `System.Windows.Forms.DataGridViewContentAlignment'. An explicit conversion exists (are you missing a cast?)
	RT_820_200_conf.cs(6151,63): error CS0266: Cannot implicitly convert type `int' to `System.Windows.Forms.DataGridViewContentAlignment'. An explicit conversion exists (are you missing a cast?)
	RT_820_200_conf.cs(6152,63): error CS0266: Cannot implicitly convert type `int' to `System.Windows.Forms.DataGridViewContentAlignment'. An explicit conversion exists (are you missing a cast?)
	RT_820_200_conf.cs(6153,63): error CS0266: Cannot implicitly convert type `int' to `System.Windows.Forms.DataGridViewContentAlignment'. An explicit conversion exists (are you missing a cast?)
	RT_820_200_conf.cs(6154,63): error CS0266: Cannot implicitly convert type `int' to `System.Windows.Forms.DataGridViewContentAlignment'. An explicit conversion exists (are you missing a cast?)
	RT_820_200_conf.cs(6155,63): error CS0266: Cannot implicitly convert type `int' to `System.Windows.Forms.DataGridViewContentAlignment'. An explicit conversion exists (are you missing a cast?)
	RT_820_200_conf.cs(6156,63): error CS0266: Cannot implicitly convert type `int' to `System.Windows.Forms.DataGridViewContentAlignment'. An explicit conversion exists (are you missing a cast?)
	RT_820_200_conf.cs(6157,64): error CS0266: Cannot implicitly convert type `int' to `System.Windows.Forms.DataGridViewContentAlignment'. An explicit conversion exists (are you missing a cast?)
	RT_820_200_conf.cs(6158,64): error CS0266: Cannot implicitly convert type `int' to `System.Windows.Forms.DataGridViewContentAlignment'. An explicit conversion exists (are you missing a cast?)
	RT_820_200_conf.cs(7086,9): error CS0165: Use of unassigned local variable `num7'
	RT_820_200_conf.cs(8027,9): error CS0165: Use of unassigned local variable `num3'
	RT_820_200_conf.cs(8265,9): error CS0165: Use of unassigned local variable `num4'
	RT_820_200_conf.cs(8639,17): error CS1502: The best overloaded method match for `System.Drawing.Font.Font(string, float, System.Drawing.FontStyle, System.Drawing.GraphicsUnit)' has some invalid arguments
	RT_820_200_conf.cs(8639,42): error CS1503: Argument `#3' cannot convert `int' expression to type `System.Drawing.FontStyle'
	RT_820_200_conf.cs(8641,17): error CS1502: The best overloaded method match for `System.Drawing.Font.Font(string, float, System.Drawing.FontStyle, System.Drawing.GraphicsUnit)' has some invalid arguments
	RT_820_200_conf.cs(8641,42): error CS1503: Argument `#3' cannot convert `int' expression to type `System.Drawing.FontStyle'
	RT_820_200_conf.cs(8750,17): error CS1502: The best overloaded method match for `System.Drawing.Font.Font(string, float, System.Drawing.FontStyle, System.Drawing.GraphicsUnit)' has some invalid arguments
	RT_820_200_conf.cs(8750,42): error CS1503: Argument `#3' cannot convert `int' expression to type `System.Drawing.FontStyle'
	RT_820_200_conf.cs(8752,17): error CS1502: The best overloaded method match for `System.Drawing.Font.Font(string, float, System.Drawing.FontStyle, System.Drawing.GraphicsUnit)' has some invalid arguments
	RT_820_200_conf.cs(8752,42): error CS1503: Argument `#3' cannot convert `int' expression to type `System.Drawing.FontStyle'
	RT_820_200_conf.Designer.cs(1275,174): error CS0266: Cannot implicitly convert type `System.Windows.Forms.HorizontalAlignment' to `System.Windows.Forms.DataGridViewContentAlignment'. An explicit conversion exists (are you missing a cast?)
	RT_820_200_conf.Designer.cs(1283,61): error CS0266: Cannot implicitly convert type `int' to `System.Windows.Forms.DataGridViewColumnHeadersHeightSizeMode'. An explicit conversion exists (are you missing a cast?)
	RT_820_200_conf.Designer.cs(1284,174): error CS0266: Cannot implicitly convert type `System.Windows.Forms.HorizontalAlignment' to `System.Windows.Forms.DataGridViewContentAlignment'. An explicit conversion exists (are you missing a cast?)
	RT_820_200_conf.Designer.cs(1295,174): error CS0266: Cannot implicitly convert type `System.Windows.Forms.HorizontalAlignment' to `System.Windows.Forms.DataGridViewContentAlignment'. An explicit conversion exists (are you missing a cast?)
	RT_820_200_conf.Designer.cs(2585,174): error CS0266: Cannot implicitly convert type `System.Windows.Forms.HorizontalAlignment' to `System.Windows.Forms.DataGridViewContentAlignment'. An explicit conversion exists (are you missing a cast?)
	RT_820_200_conf.Designer.cs(2593,69): error CS0266: Cannot implicitly convert type `int' to `System.Windows.Forms.DataGridViewColumnHeadersHeightSizeMode'. An explicit conversion exists (are you missing a cast?)
	RT_820_200_conf.Designer.cs(2594,174): error CS0266: Cannot implicitly convert type `System.Windows.Forms.HorizontalAlignment' to `System.Windows.Forms.DataGridViewContentAlignment'. An explicit conversion exists (are you missing a cast?)
	RT_820_200_conf.Designer.cs(2605,174): error CS0266: Cannot implicitly convert type `System.Windows.Forms.HorizontalAlignment' to `System.Windows.Forms.DataGridViewContentAlignment'. An explicit conversion exists (are you missing a cast?)
	RT_820_200_conf.Designer.cs(2646,175): error CS0266: Cannot implicitly convert type `System.Windows.Forms.HorizontalAlignment' to `System.Windows.Forms.DataGridViewContentAlignment'. An explicit conversion exists (are you missing a cast?)
	RT_820_200_conf.Designer.cs(2654,66): error CS0266: Cannot implicitly convert type `int' to `System.Windows.Forms.DataGridViewColumnHeadersHeightSizeMode'. An explicit conversion exists (are you missing a cast?)
	RT_820_200_conf.Designer.cs(2655,175): error CS0266: Cannot implicitly convert type `System.Windows.Forms.HorizontalAlignment' to `System.Windows.Forms.DataGridViewContentAlignment'. An explicit conversion exists (are you missing a cast?)
	RT_820_200_conf.Designer.cs(2666,175): error CS0266: Cannot implicitly convert type `System.Windows.Forms.HorizontalAlignment' to `System.Windows.Forms.DataGridViewContentAlignment'. An explicit conversion exists (are you missing a cast?)
	RT_820_200_conf.Designer.cs(3217,107): error CS0266: Cannot implicitly convert type `System.Windows.Forms.DataGridViewContentAlignment' to `System.Windows.Forms.HorizontalAlignment'. An explicit conversion exists (are you missing a cast?)
	RT_820_360_conf.cs(5264,181): error CS0266: Cannot implicitly convert type `System.Windows.Forms.HorizontalAlignment' to `System.Windows.Forms.DataGridViewContentAlignment'. An explicit conversion exists (are you missing a cast?)
	RT_820_360_conf.cs(5797,67): error CS0266: Cannot implicitly convert type `int' to `System.Windows.Forms.DataGridViewContentAlignment'. An explicit conversion exists (are you missing a cast?)
	RT_820_360_conf.cs(5798,67): error CS0266: Cannot implicitly convert type `int' to `System.Windows.Forms.DataGridViewContentAlignment'. An explicit conversion exists (are you missing a cast?)
	RT_820_360_conf.cs(5799,67): error CS0266: Cannot implicitly convert type `int' to `System.Windows.Forms.DataGridViewContentAlignment'. An explicit conversion exists (are you missing a cast?)
	RT_820_360_conf.cs(5800,67): error CS0266: Cannot implicitly convert type `int' to `System.Windows.Forms.DataGridViewContentAlignment'. An explicit conversion exists (are you missing a cast?)
	RT_820_360_conf.cs(5801,67): error CS0266: Cannot implicitly convert type `int' to `System.Windows.Forms.DataGridViewContentAlignment'. An explicit conversion exists (are you missing a cast?)
	RT_820_360_conf.cs(5802,67): error CS0266: Cannot implicitly convert type `int' to `System.Windows.Forms.DataGridViewContentAlignment'. An explicit conversion exists (are you missing a cast?)
	RT_820_360_conf.cs(5803,67): error CS0266: Cannot implicitly convert type `int' to `System.Windows.Forms.DataGridViewContentAlignment'. An explicit conversion exists (are you missing a cast?)
	RT_820_360_conf.cs(5804,67): error CS0266: Cannot implicitly convert type `int' to `System.Windows.Forms.DataGridViewContentAlignment'. An explicit conversion exists (are you missing a cast?)
	RT_820_360_conf.cs(5805,67): error CS0266: Cannot implicitly convert type `int' to `System.Windows.Forms.DataGridViewContentAlignment'. An explicit conversion exists (are you missing a cast?)
	RT_820_360_conf.cs(5806,67): error CS0266: Cannot implicitly convert type `int' to `System.Windows.Forms.DataGridViewContentAlignment'. An explicit conversion exists (are you missing a cast?)
	RT_820_360_conf.cs(5807,68): error CS0266: Cannot implicitly convert type `int' to `System.Windows.Forms.DataGridViewContentAlignment'. An explicit conversion exists (are you missing a cast?)
	RT_820_360_conf.cs(5808,68): error CS0266: Cannot implicitly convert type `int' to `System.Windows.Forms.DataGridViewContentAlignment'. An explicit conversion exists (are you missing a cast?)
	RT_820_360_conf.cs(5809,68): error CS0266: Cannot implicitly convert type `int' to `System.Windows.Forms.DataGridViewContentAlignment'. An explicit conversion exists (are you missing a cast?)
	RT_820_360_conf.cs(5810,68): error CS0266: Cannot implicitly convert type `int' to `System.Windows.Forms.DataGridViewContentAlignment'. An explicit conversion exists (are you missing a cast?)
	RT_820_360_conf.cs(5811,68): error CS0266: Cannot implicitly convert type `int' to `System.Windows.Forms.DataGridViewContentAlignment'. An explicit conversion exists (are you missing a cast?)
	RT_820_360_conf.cs(6081,63): error CS0266: Cannot implicitly convert type `int' to `System.Windows.Forms.DataGridViewContentAlignment'. An explicit conversion exists (are you missing a cast?)
	RT_820_360_conf.cs(6082,63): error CS0266: Cannot implicitly convert type `int' to `System.Windows.Forms.DataGridViewContentAlignment'. An explicit conversion exists (are you missing a cast?)
	RT_820_360_conf.cs(6083,63): error CS0266: Cannot implicitly convert type `int' to `System.Windows.Forms.DataGridViewContentAlignment'. An explicit conversion exists (are you missing a cast?)
	RT_820_360_conf.cs(6169,59): error CS0266: Cannot implicitly convert type `int' to `System.Windows.Forms.DataGridViewContentAlignment'. An explicit conversion exists (are you missing a cast?)
	RT_820_360_conf.cs(6170,59): error CS0266: Cannot implicitly convert type `int' to `System.Windows.Forms.DataGridViewContentAlignment'. An explicit conversion exists (are you missing a cast?)
	RT_820_360_conf.cs(6171,59): error CS0266: Cannot implicitly convert type `int' to `System.Windows.Forms.DataGridViewContentAlignment'. An explicit conversion exists (are you missing a cast?)
	RT_820_360_conf.cs(6182,204): error CS0266: Cannot implicitly convert type `System.Windows.Forms.HorizontalAlignment' to `System.Windows.Forms.DataGridViewContentAlignment'. An explicit conversion exists (are you missing a cast?)
	RT_820_360_conf.cs(6232,204): error CS0266: Cannot implicitly convert type `System.Windows.Forms.HorizontalAlignment' to `System.Windows.Forms.DataGridViewContentAlignment'. An explicit conversion exists (are you missing a cast?)
	RT_820_360_conf.cs(6285,209): error CS0266: Cannot implicitly convert type `System.Windows.Forms.HorizontalAlignment' to `System.Windows.Forms.DataGridViewContentAlignment'. An explicit conversion exists (are you missing a cast?)
	RT_820_360_conf.cs(6367,200): error CS0266: Cannot implicitly convert type `System.Windows.Forms.HorizontalAlignment' to `System.Windows.Forms.DataGridViewContentAlignment'. An explicit conversion exists (are you missing a cast?)
	RT_820_360_conf.cs(6460,74): error CS0266: Cannot implicitly convert type `int' to `System.Windows.Forms.DataGridViewContentAlignment'. An explicit conversion exists (are you missing a cast?)
	RT_820_360_conf.cs(6461,74): error CS0266: Cannot implicitly convert type `int' to `System.Windows.Forms.DataGridViewContentAlignment'. An explicit conversion exists (are you missing a cast?)
	RT_820_360_conf.cs(6518,85): error CS0266: Cannot implicitly convert type `int' to `System.Windows.Forms.DataGridViewContentAlignment'. An explicit conversion exists (are you missing a cast?)
	RT_820_360_conf.cs(6519,85): error CS0266: Cannot implicitly convert type `int' to `System.Windows.Forms.DataGridViewContentAlignment'. An explicit conversion exists (are you missing a cast?)
	RT_820_360_conf.cs(6520,85): error CS0266: Cannot implicitly convert type `int' to `System.Windows.Forms.DataGridViewContentAlignment'. An explicit conversion exists (are you missing a cast?)
	RT_820_360_conf.cs(6521,85): error CS0266: Cannot implicitly convert type `int' to `System.Windows.Forms.DataGridViewContentAlignment'. An explicit conversion exists (are you missing a cast?)
	RT_820_360_conf.cs(6522,85): error CS0266: Cannot implicitly convert type `int' to `System.Windows.Forms.DataGridViewContentAlignment'. An explicit conversion exists (are you missing a cast?)
	RT_820_360_conf.cs(6523,85): error CS0266: Cannot implicitly convert type `int' to `System.Windows.Forms.DataGridViewContentAlignment'. An explicit conversion exists (are you missing a cast?)
	RT_820_360_conf.cs(6524,85): error CS0266: Cannot implicitly convert type `int' to `System.Windows.Forms.DataGridViewContentAlignment'. An explicit conversion exists (are you missing a cast?)
	RT_820_360_conf.cs(6525,85): error CS0266: Cannot implicitly convert type `int' to `System.Windows.Forms.DataGridViewContentAlignment'. An explicit conversion exists (are you missing a cast?)
	RT_820_360_conf.cs(6526,85): error CS0266: Cannot implicitly convert type `int' to `System.Windows.Forms.DataGridViewContentAlignment'. An explicit conversion exists (are you missing a cast?)
	RT_820_360_conf.cs(6527,85): error CS0266: Cannot implicitly convert type `int' to `System.Windows.Forms.DataGridViewContentAlignment'. An explicit conversion exists (are you missing a cast?)
	RT_820_360_conf.cs(6565,74): error CS0266: Cannot implicitly convert type `int' to `System.Windows.Forms.DataGridViewContentAlignment'. An explicit conversion exists (are you missing a cast?)
	RT_820_360_conf.cs(6566,74): error CS0266: Cannot implicitly convert type `int' to `System.Windows.Forms.DataGridViewContentAlignment'. An explicit conversion exists (are you missing a cast?)
	RT_820_360_conf.cs(6629,78): error CS0266: Cannot implicitly convert type `int' to `System.Windows.Forms.DataGridViewContentAlignment'. An explicit conversion exists (are you missing a cast?)
	RT_820_360_conf.cs(6630,78): error CS0266: Cannot implicitly convert type `int' to `System.Windows.Forms.DataGridViewContentAlignment'. An explicit conversion exists (are you missing a cast?)
	RT_820_360_conf.cs(6631,78): error CS0266: Cannot implicitly convert type `int' to `System.Windows.Forms.DataGridViewContentAlignment'. An explicit conversion exists (are you missing a cast?)
	RT_820_360_conf.cs(6632,78): error CS0266: Cannot implicitly convert type `int' to `System.Windows.Forms.DataGridViewContentAlignment'. An explicit conversion exists (are you missing a cast?)
	RT_820_360_conf.cs(6633,78): error CS0266: Cannot implicitly convert type `int' to `System.Windows.Forms.DataGridViewContentAlignment'. An explicit conversion exists (are you missing a cast?)
	RT_820_360_conf.cs(6634,78): error CS0266: Cannot implicitly convert type `int' to `System.Windows.Forms.DataGridViewContentAlignment'. An explicit conversion exists (are you missing a cast?)
	RT_820_360_conf.cs(6635,78): error CS0266: Cannot implicitly convert type `int' to `System.Windows.Forms.DataGridViewContentAlignment'. An explicit conversion exists (are you missing a cast?)
	RT_820_360_conf.cs(6775,69): error CS0266: Cannot implicitly convert type `int' to `System.Windows.Forms.DataGridViewContentAlignment'. An explicit conversion exists (are you missing a cast?)
	RT_820_360_conf.cs(6833,66): error CS0266: Cannot implicitly convert type `int' to `System.Windows.Forms.DataGridViewContentAlignment'. An explicit conversion exists (are you missing a cast?)
	RT_820_360_conf.cs(6834,66): error CS0266: Cannot implicitly convert type `int' to `System.Windows.Forms.DataGridViewContentAlignment'. An explicit conversion exists (are you missing a cast?)
	RT_820_360_conf.cs(6835,66): error CS0266: Cannot implicitly convert type `int' to `System.Windows.Forms.DataGridViewContentAlignment'. An explicit conversion exists (are you missing a cast?)
	RT_820_360_conf.cs(6836,66): error CS0266: Cannot implicitly convert type `int' to `System.Windows.Forms.DataGridViewContentAlignment'. An explicit conversion exists (are you missing a cast?)
	RT_820_360_conf.cs(6837,66): error CS0266: Cannot implicitly convert type `int' to `System.Windows.Forms.DataGridViewContentAlignment'. An explicit conversion exists (are you missing a cast?)
	RT_820_360_conf.cs(6838,66): error CS0266: Cannot implicitly convert type `int' to `System.Windows.Forms.DataGridViewContentAlignment'. An explicit conversion exists (are you missing a cast?)
	RT_820_360_conf.cs(6839,66): error CS0266: Cannot implicitly convert type `int' to `System.Windows.Forms.DataGridViewContentAlignment'. An explicit conversion exists (are you missing a cast?)
	RT_820_360_conf.cs(6840,66): error CS0266: Cannot implicitly convert type `int' to `System.Windows.Forms.DataGridViewContentAlignment'. An explicit conversion exists (are you missing a cast?)
	RT_820_360_conf.cs(6841,66): error CS0266: Cannot implicitly convert type `int' to `System.Windows.Forms.DataGridViewContentAlignment'. An explicit conversion exists (are you missing a cast?)
	RT_820_360_conf.cs(6842,66): error CS0266: Cannot implicitly convert type `int' to `System.Windows.Forms.DataGridViewContentAlignment'. An explicit conversion exists (are you missing a cast?)
	RT_820_360_conf.cs(6843,67): error CS0266: Cannot implicitly convert type `int' to `System.Windows.Forms.DataGridViewContentAlignment'. An explicit conversion exists (are you missing a cast?)
	RT_820_360_conf.cs(6844,67): error CS0266: Cannot implicitly convert type `int' to `System.Windows.Forms.DataGridViewContentAlignment'. An explicit conversion exists (are you missing a cast?)
	RT_820_360_conf.cs(6845,67): error CS0266: Cannot implicitly convert type `int' to `System.Windows.Forms.DataGridViewContentAlignment'. An explicit conversion exists (are you missing a cast?)
	RT_820_360_conf.cs(6929,69): error CS0266: Cannot implicitly convert type `int' to `System.Windows.Forms.DataGridViewContentAlignment'. An explicit conversion exists (are you missing a cast?)
	RT_820_360_conf.cs(6987,66): error CS0266: Cannot implicitly convert type `int' to `System.Windows.Forms.DataGridViewContentAlignment'. An explicit conversion exists (are you missing a cast?)
	RT_820_360_conf.cs(6988,66): error CS0266: Cannot implicitly convert type `int' to `System.Windows.Forms.DataGridViewContentAlignment'. An explicit conversion exists (are you missing a cast?)
	RT_820_360_conf.cs(6989,66): error CS0266: Cannot implicitly convert type `int' to `System.Windows.Forms.DataGridViewContentAlignment'. An explicit conversion exists (are you missing a cast?)
	RT_820_360_conf.cs(6990,66): error CS0266: Cannot implicitly convert type `int' to `System.Windows.Forms.DataGridViewContentAlignment'. An explicit conversion exists (are you missing a cast?)
	RT_820_360_conf.cs(6991,66): error CS0266: Cannot implicitly convert type `int' to `System.Windows.Forms.DataGridViewContentAlignment'. An explicit conversion exists (are you missing a cast?)
	RT_820_360_conf.cs(6992,66): error CS0266: Cannot implicitly convert type `int' to `System.Windows.Forms.DataGridViewContentAlignment'. An explicit conversion exists (are you missing a cast?)
	RT_820_360_conf.cs(6993,66): error CS0266: Cannot implicitly convert type `int' to `System.Windows.Forms.DataGridViewContentAlignment'. An explicit conversion exists (are you missing a cast?)
	RT_820_360_conf.cs(6994,66): error CS0266: Cannot implicitly convert type `int' to `System.Windows.Forms.DataGridViewContentAlignment'. An explicit conversion exists (are you missing a cast?)
	RT_820_360_conf.cs(6995,66): error CS0266: Cannot implicitly convert type `int' to `System.Windows.Forms.DataGridViewContentAlignment'. An explicit conversion exists (are you missing a cast?)
	RT_820_360_conf.cs(6996,66): error CS0266: Cannot implicitly convert type `int' to `System.Windows.Forms.DataGridViewContentAlignment'. An explicit conversion exists (are you missing a cast?)
	RT_820_360_conf.cs(6997,67): error CS0266: Cannot implicitly convert type `int' to `System.Windows.Forms.DataGridViewContentAlignment'. An explicit conversion exists (are you missing a cast?)
	RT_820_360_conf.cs(6998,67): error CS0266: Cannot implicitly convert type `int' to `System.Windows.Forms.DataGridViewContentAlignment'. An explicit conversion exists (are you missing a cast?)
	RT_820_360_conf.cs(6999,67): error CS0266: Cannot implicitly convert type `int' to `System.Windows.Forms.DataGridViewContentAlignment'. An explicit conversion exists (are you missing a cast?)
	RT_820_360_conf.cs(7083,69): error CS0266: Cannot implicitly convert type `int' to `System.Windows.Forms.DataGridViewContentAlignment'. An explicit conversion exists (are you missing a cast?)
	RT_820_360_conf.cs(7141,66): error CS0266: Cannot implicitly convert type `int' to `System.Windows.Forms.DataGridViewContentAlignment'. An explicit conversion exists (are you missing a cast?)
	RT_820_360_conf.cs(7142,66): error CS0266: Cannot implicitly convert type `int' to `System.Windows.Forms.DataGridViewContentAlignment'. An explicit conversion exists (are you missing a cast?)
	RT_820_360_conf.cs(7143,66): error CS0266: Cannot implicitly convert type `int' to `System.Windows.Forms.DataGridViewContentAlignment'. An explicit conversion exists (are you missing a cast?)
	RT_820_360_conf.cs(7144,66): error CS0266: Cannot implicitly convert type `int' to `System.Windows.Forms.DataGridViewContentAlignment'. An explicit conversion exists (are you missing a cast?)
	RT_820_360_conf.cs(7145,66): error CS0266: Cannot implicitly convert type `int' to `System.Windows.Forms.DataGridViewContentAlignment'. An explicit conversion exists (are you missing a cast?)
	RT_820_360_conf.cs(7146,66): error CS0266: Cannot implicitly convert type `int' to `System.Windows.Forms.DataGridViewContentAlignment'. An explicit conversion exists (are you missing a cast?)
	RT_820_360_conf.cs(7147,66): error CS0266: Cannot implicitly convert type `int' to `System.Windows.Forms.DataGridViewContentAlignment'. An explicit conversion exists (are you missing a cast?)
	RT_820_360_conf.cs(7148,66): error CS0266: Cannot implicitly convert type `int' to `System.Windows.Forms.DataGridViewContentAlignment'. An explicit conversion exists (are you missing a cast?)
	RT_820_360_conf.cs(7149,66): error CS0266: Cannot implicitly convert type `int' to `System.Windows.Forms.DataGridViewContentAlignment'. An explicit conversion exists (are you missing a cast?)
	RT_820_360_conf.cs(7150,66): error CS0266: Cannot implicitly convert type `int' to `System.Windows.Forms.DataGridViewContentAlignment'. An explicit conversion exists (are you missing a cast?)
	RT_820_360_conf.cs(7151,67): error CS0266: Cannot implicitly convert type `int' to `System.Windows.Forms.DataGridViewContentAlignment'. An explicit conversion exists (are you missing a cast?)
	RT_820_360_conf.cs(7152,67): error CS0266: Cannot implicitly convert type `int' to `System.Windows.Forms.DataGridViewContentAlignment'. An explicit conversion exists (are you missing a cast?)
	RT_820_360_conf.cs(7153,67): error CS0266: Cannot implicitly convert type `int' to `System.Windows.Forms.DataGridViewContentAlignment'. An explicit conversion exists (are you missing a cast?)
	RT_820_360_conf.cs(7237,69): error CS0266: Cannot implicitly convert type `int' to `System.Windows.Forms.DataGridViewContentAlignment'. An explicit conversion exists (are you missing a cast?)
	RT_820_360_conf.cs(7295,66): error CS0266: Cannot implicitly convert type `int' to `System.Windows.Forms.DataGridViewContentAlignment'. An explicit conversion exists (are you missing a cast?)
	RT_820_360_conf.cs(7296,66): error CS0266: Cannot implicitly convert type `int' to `System.Windows.Forms.DataGridViewContentAlignment'. An explicit conversion exists (are you missing a cast?)
	RT_820_360_conf.cs(7297,66): error CS0266: Cannot implicitly convert type `int' to `System.Windows.Forms.DataGridViewContentAlignment'. An explicit conversion exists (are you missing a cast?)
	RT_820_360_conf.cs(7298,66): error CS0266: Cannot implicitly convert type `int' to `System.Windows.Forms.DataGridViewContentAlignment'. An explicit conversion exists (are you missing a cast?)
	RT_820_360_conf.cs(7299,66): error CS0266: Cannot implicitly convert type `int' to `System.Windows.Forms.DataGridViewContentAlignment'. An explicit conversion exists (are you missing a cast?)
	RT_820_360_conf.cs(7300,66): error CS0266: Cannot implicitly convert type `int' to `System.Windows.Forms.DataGridViewContentAlignment'. An explicit conversion exists (are you missing a cast?)
	RT_820_360_conf.cs(7301,66): error CS0266: Cannot implicitly convert type `int' to `System.Windows.Forms.DataGridViewContentAlignment'. An explicit conversion exists (are you missing a cast?)
	RT_820_360_conf.cs(7302,66): error CS0266: Cannot implicitly convert type `int' to `System.Windows.Forms.DataGridViewContentAlignment'. An explicit conversion exists (are you missing a cast?)
	RT_820_360_conf.cs(7303,66): error CS0266: Cannot implicitly convert type `int' to `System.Windows.Forms.DataGridViewContentAlignment'. An explicit conversion exists (are you missing a cast?)
	RT_820_360_conf.cs(7304,66): error CS0266: Cannot implicitly convert type `int' to `System.Windows.Forms.DataGridViewContentAlignment'. An explicit conversion exists (are you missing a cast?)
	RT_820_360_conf.cs(7305,67): error CS0266: Cannot implicitly convert type `int' to `System.Windows.Forms.DataGridViewContentAlignment'. An explicit conversion exists (are you missing a cast?)
	RT_820_360_conf.cs(7306,67): error CS0266: Cannot implicitly convert type `int' to `System.Windows.Forms.DataGridViewContentAlignment'. An explicit conversion exists (are you missing a cast?)
	RT_820_360_conf.cs(7307,67): error CS0266: Cannot implicitly convert type `int' to `System.Windows.Forms.DataGridViewContentAlignment'. An explicit conversion exists (are you missing a cast?)
	RT_820_360_conf.cs(7356,74): error CS0266: Cannot implicitly convert type `int' to `System.Windows.Forms.DataGridViewContentAlignment'. An explicit conversion exists (are you missing a cast?)
	RT_820_360_conf.cs(7357,74): error CS0266: Cannot implicitly convert type `int' to `System.Windows.Forms.DataGridViewContentAlignment'. An explicit conversion exists (are you missing a cast?)
	RT_820_360_conf.cs(7358,74): error CS0266: Cannot implicitly convert type `int' to `System.Windows.Forms.DataGridViewContentAlignment'. An explicit conversion exists (are you missing a cast?)
	RT_820_360_conf.cs(7359,74): error CS0266: Cannot implicitly convert type `int' to `System.Windows.Forms.DataGridViewContentAlignment'. An explicit conversion exists (are you missing a cast?)
	RT_820_360_conf.cs(7360,74): error CS0266: Cannot implicitly convert type `int' to `System.Windows.Forms.DataGridViewContentAlignment'. An explicit conversion exists (are you missing a cast?)
	RT_820_360_conf.cs(7361,74): error CS0266: Cannot implicitly convert type `int' to `System.Windows.Forms.DataGridViewContentAlignment'. An explicit conversion exists (are you missing a cast?)
	RT_820_360_conf.cs(7362,74): error CS0266: Cannot implicitly convert type `int' to `System.Windows.Forms.DataGridViewContentAlignment'. An explicit conversion exists (are you missing a cast?)
	RT_820_360_conf.cs(7363,74): error CS0266: Cannot implicitly convert type `int' to `System.Windows.Forms.DataGridViewContentAlignment'. An explicit conversion exists (are you missing a cast?)
	RT_820_360_conf.cs(7364,74): error CS0266: Cannot implicitly convert type `int' to `System.Windows.Forms.DataGridViewContentAlignment'. An explicit conversion exists (are you missing a cast?)
	RT_820_360_conf.cs(7365,74): error CS0266: Cannot implicitly convert type `int' to `System.Windows.Forms.DataGridViewContentAlignment'. An explicit conversion exists (are you missing a cast?)
	RT_820_360_conf.cs(7366,75): error CS0266: Cannot implicitly convert type `int' to `System.Windows.Forms.DataGridViewContentAlignment'. An explicit conversion exists (are you missing a cast?)
	RT_820_360_conf.cs(7367,75): error CS0266: Cannot implicitly convert type `int' to `System.Windows.Forms.DataGridViewContentAlignment'. An explicit conversion exists (are you missing a cast?)
	RT_820_360_conf.cs(7368,75): error CS0266: Cannot implicitly convert type `int' to `System.Windows.Forms.DataGridViewContentAlignment'. An explicit conversion exists (are you missing a cast?)
	RT_820_360_conf.cs(7369,75): error CS0266: Cannot implicitly convert type `int' to `System.Windows.Forms.DataGridViewContentAlignment'. An explicit conversion exists (are you missing a cast?)
	RT_820_360_conf.cs(7428,78): error CS0266: Cannot implicitly convert type `int' to `System.Windows.Forms.DataGridViewContentAlignment'. An explicit conversion exists (are you missing a cast?)
	RT_820_360_conf.cs(7497,78): error CS0266: Cannot implicitly convert type `int' to `System.Windows.Forms.DataGridViewContentAlignment'. An explicit conversion exists (are you missing a cast?)
	RT_820_360_conf.cs(7566,78): error CS0266: Cannot implicitly convert type `int' to `System.Windows.Forms.DataGridViewContentAlignment'. An explicit conversion exists (are you missing a cast?)
	RT_820_360_conf.cs(7635,78): error CS0266: Cannot implicitly convert type `int' to `System.Windows.Forms.DataGridViewContentAlignment'. An explicit conversion exists (are you missing a cast?)
	RT_820_360_conf.cs(7698,78): error CS0266: Cannot implicitly convert type `int' to `System.Windows.Forms.DataGridViewContentAlignment'. An explicit conversion exists (are you missing a cast?)
	RT_820_360_conf.cs(7761,78): error CS0266: Cannot implicitly convert type `int' to `System.Windows.Forms.DataGridViewContentAlignment'. An explicit conversion exists (are you missing a cast?)
	RT_820_360_conf.cs(7824,78): error CS0266: Cannot implicitly convert type `int' to `System.Windows.Forms.DataGridViewContentAlignment'. An explicit conversion exists (are you missing a cast?)
	RT_820_360_conf.cs(7838,181): error CS0266: Cannot implicitly convert type `System.Windows.Forms.HorizontalAlignment' to `System.Windows.Forms.DataGridViewContentAlignment'. An explicit conversion exists (are you missing a cast?)
	RT_820_360_conf.cs(7920,181): error CS0266: Cannot implicitly convert type `System.Windows.Forms.HorizontalAlignment' to `System.Windows.Forms.DataGridViewContentAlignment'. An explicit conversion exists (are you missing a cast?)
	RT_820_360_conf.cs(8003,189): error CS0266: Cannot implicitly convert type `System.Windows.Forms.HorizontalAlignment' to `System.Windows.Forms.DataGridViewContentAlignment'. An explicit conversion exists (are you missing a cast?)
	RT_820_360_conf.cs(8087,189): error CS0266: Cannot implicitly convert type `System.Windows.Forms.HorizontalAlignment' to `System.Windows.Forms.DataGridViewContentAlignment'. An explicit conversion exists (are you missing a cast?)
	RT_820_360_conf.cs(8168,199): error CS0266: Cannot implicitly convert type `System.Windows.Forms.HorizontalAlignment' to `System.Windows.Forms.DataGridViewContentAlignment'. An explicit conversion exists (are you missing a cast?)
	RT_820_360_conf.cs(8224,64): error CS0266: Cannot implicitly convert type `int' to `System.Windows.Forms.DataGridViewContentAlignment'. An explicit conversion exists (are you missing a cast?)
	RT_820_360_conf.cs(8392,67): error CS0266: Cannot implicitly convert type `int' to `System.Windows.Forms.DataGridViewContentAlignment'. An explicit conversion exists (are you missing a cast?)
	RT_820_360_conf.cs(8437,64): error CS0266: Cannot implicitly convert type `int' to `System.Windows.Forms.DataGridViewContentAlignment'. An explicit conversion exists (are you missing a cast?)
	RT_820_360_conf.cs(8438,64): error CS0266: Cannot implicitly convert type `int' to `System.Windows.Forms.DataGridViewContentAlignment'. An explicit conversion exists (are you missing a cast?)
	RT_820_360_conf.cs(8447,195): error CS0266: Cannot implicitly convert type `System.Windows.Forms.HorizontalAlignment' to `System.Windows.Forms.DataGridViewContentAlignment'. An explicit conversion exists (are you missing a cast?)
	RT_820_360_conf.cs(8515,60): error CS0266: Cannot implicitly convert type `int' to `System.Windows.Forms.DataGridViewContentAlignment'. An explicit conversion exists (are you missing a cast?)
	RT_820_360_conf.cs(8535,200): error CS0266: Cannot implicitly convert type `System.Windows.Forms.HorizontalAlignment' to `System.Windows.Forms.DataGridViewContentAlignment'. An explicit conversion exists (are you missing a cast?)
	RT_820_360_conf.cs(8609,67): error CS0266: Cannot implicitly convert type `int' to `System.Windows.Forms.DataGridViewContentAlignment'. An explicit conversion exists (are you missing a cast?)
	RT_820_360_conf.cs(8610,67): error CS0266: Cannot implicitly convert type `int' to `System.Windows.Forms.DataGridViewContentAlignment'. An explicit conversion exists (are you missing a cast?)
	RT_820_360_conf.cs(8611,67): error CS0266: Cannot implicitly convert type `int' to `System.Windows.Forms.DataGridViewContentAlignment'. An explicit conversion exists (are you missing a cast?)
	RT_820_360_conf.cs(8612,67): error CS0266: Cannot implicitly convert type `int' to `System.Windows.Forms.DataGridViewContentAlignment'. An explicit conversion exists (are you missing a cast?)
	RT_820_360_conf.cs(8613,67): error CS0266: Cannot implicitly convert type `int' to `System.Windows.Forms.DataGridViewContentAlignment'. An explicit conversion exists (are you missing a cast?)
	RT_820_360_conf.cs(8614,67): error CS0266: Cannot implicitly convert type `int' to `System.Windows.Forms.DataGridViewContentAlignment'. An explicit conversion exists (are you missing a cast?)
	RT_820_360_conf.cs(8615,67): error CS0266: Cannot implicitly convert type `int' to `System.Windows.Forms.DataGridViewContentAlignment'. An explicit conversion exists (are you missing a cast?)
	RT_820_360_conf.cs(8616,67): error CS0266: Cannot implicitly convert type `int' to `System.Windows.Forms.DataGridViewContentAlignment'. An explicit conversion exists (are you missing a cast?)
	RT_820_360_conf.cs(8617,67): error CS0266: Cannot implicitly convert type `int' to `System.Windows.Forms.DataGridViewContentAlignment'. An explicit conversion exists (are you missing a cast?)
	RT_820_360_conf.cs(8618,67): error CS0266: Cannot implicitly convert type `int' to `System.Windows.Forms.DataGridViewContentAlignment'. An explicit conversion exists (are you missing a cast?)
	RT_820_360_conf.cs(8626,200): error CS0266: Cannot implicitly convert type `System.Windows.Forms.HorizontalAlignment' to `System.Windows.Forms.DataGridViewContentAlignment'. An explicit conversion exists (are you missing a cast?)
	RT_820_360_conf.cs(8704,67): error CS0266: Cannot implicitly convert type `int' to `System.Windows.Forms.DataGridViewContentAlignment'. An explicit conversion exists (are you missing a cast?)
	RT_820_360_conf.cs(8705,67): error CS0266: Cannot implicitly convert type `int' to `System.Windows.Forms.DataGridViewContentAlignment'. An explicit conversion exists (are you missing a cast?)
	RT_820_360_conf.cs(8706,67): error CS0266: Cannot implicitly convert type `int' to `System.Windows.Forms.DataGridViewContentAlignment'. An explicit conversion exists (are you missing a cast?)
	RT_820_360_conf.cs(8707,67): error CS0266: Cannot implicitly convert type `int' to `System.Windows.Forms.DataGridViewContentAlignment'. An explicit conversion exists (are you missing a cast?)
	RT_820_360_conf.cs(8708,67): error CS0266: Cannot implicitly convert type `int' to `System.Windows.Forms.DataGridViewContentAlignment'. An explicit conversion exists (are you missing a cast?)
	RT_820_360_conf.cs(8709,67): error CS0266: Cannot implicitly convert type `int' to `System.Windows.Forms.DataGridViewContentAlignment'. An explicit conversion exists (are you missing a cast?)
	RT_820_360_conf.cs(8752,198): error CS0266: Cannot implicitly convert type `System.Windows.Forms.HorizontalAlignment' to `System.Windows.Forms.DataGridViewContentAlignment'. An explicit conversion exists (are you missing a cast?)
	RT_820_360_conf.cs(8846,63): error CS0266: Cannot implicitly convert type `int' to `System.Windows.Forms.DataGridViewContentAlignment'. An explicit conversion exists (are you missing a cast?)
	RT_820_360_conf.cs(8847,63): error CS0266: Cannot implicitly convert type `int' to `System.Windows.Forms.DataGridViewContentAlignment'. An explicit conversion exists (are you missing a cast?)
	RT_820_360_conf.cs(8848,63): error CS0266: Cannot implicitly convert type `int' to `System.Windows.Forms.DataGridViewContentAlignment'. An explicit conversion exists (are you missing a cast?)
	RT_820_360_conf.cs(8849,63): error CS0266: Cannot implicitly convert type `int' to `System.Windows.Forms.DataGridViewContentAlignment'. An explicit conversion exists (are you missing a cast?)
	RT_820_360_conf.cs(8850,63): error CS0266: Cannot implicitly convert type `int' to `System.Windows.Forms.DataGridViewContentAlignment'. An explicit conversion exists (are you missing a cast?)
	RT_820_360_conf.cs(8851,63): error CS0266: Cannot implicitly convert type `int' to `System.Windows.Forms.DataGridViewContentAlignment'. An explicit conversion exists (are you missing a cast?)
	RT_820_360_conf.cs(8852,63): error CS0266: Cannot implicitly convert type `int' to `System.Windows.Forms.DataGridViewContentAlignment'. An explicit conversion exists (are you missing a cast?)
	RT_820_360_conf.cs(8853,63): error CS0266: Cannot implicitly convert type `int' to `System.Windows.Forms.DataGridViewContentAlignment'. An explicit conversion exists (are you missing a cast?)
	RT_820_360_conf.cs(8854,63): error CS0266: Cannot implicitly convert type `int' to `System.Windows.Forms.DataGridViewContentAlignment'. An explicit conversion exists (are you missing a cast?)
	RT_820_360_conf.cs(8855,63): error CS0266: Cannot implicitly convert type `int' to `System.Windows.Forms.DataGridViewContentAlignment'. An explicit conversion exists (are you missing a cast?)
	RT_820_360_conf.cs(8856,64): error CS0266: Cannot implicitly convert type `int' to `System.Windows.Forms.DataGridViewContentAlignment'. An explicit conversion exists (are you missing a cast?)
	RT_820_360_conf.cs(8857,64): error CS0266: Cannot implicitly convert type `int' to `System.Windows.Forms.DataGridViewContentAlignment'. An explicit conversion exists (are you missing a cast?)
	RT_820_360_conf.cs(11202,9): error CS0165: Use of unassigned local variable `num59'
	RT_820_360_conf.cs(11545,5): error CS0165: Use of unassigned local variable `enumerator'
	RT_820_360_conf.cs(13199,9): error CS0165: Use of unassigned local variable `num8'
	RT_820_360_conf.cs(14458,17): error CS1502: The best overloaded method match for `System.Drawing.Font.Font(string, float, System.Drawing.FontStyle, System.Drawing.GraphicsUnit)' has some invalid arguments
	RT_820_360_conf.cs(14458,42): error CS1503: Argument `#3' cannot convert `int' expression to type `System.Drawing.FontStyle'
	RT_820_360_conf.cs(14460,17): error CS1502: The best overloaded method match for `System.Drawing.Font.Font(string, float, System.Drawing.FontStyle, System.Drawing.GraphicsUnit)' has some invalid arguments
	RT_820_360_conf.cs(14460,42): error CS1503: Argument `#3' cannot convert `int' expression to type `System.Drawing.FontStyle'
	RT_820_360_conf.cs(15174,17): error CS1502: The best overloaded method match for `System.Drawing.Font.Font(string, float, System.Drawing.FontStyle, System.Drawing.GraphicsUnit)' has some invalid arguments
	RT_820_360_conf.cs(15174,42): error CS1503: Argument `#3' cannot convert `int' expression to type `System.Drawing.FontStyle'
	RT_820_360_conf.cs(15176,17): error CS1502: The best overloaded method match for `System.Drawing.Font.Font(string, float, System.Drawing.FontStyle, System.Drawing.GraphicsUnit)' has some invalid arguments
	RT_820_360_conf.cs(15176,42): error CS1503: Argument `#3' cannot convert `int' expression to type `System.Drawing.FontStyle'
	RT_820_360_conf.cs(15265,17): error CS1502: The best overloaded method match for `System.Drawing.Font.Font(string, float, System.Drawing.FontStyle, System.Drawing.GraphicsUnit)' has some invalid arguments
	RT_820_360_conf.cs(15265,42): error CS1503: Argument `#3' cannot convert `int' expression to type `System.Drawing.FontStyle'
	RT_820_360_conf.cs(15267,17): error CS1502: The best overloaded method match for `System.Drawing.Font.Font(string, float, System.Drawing.FontStyle, System.Drawing.GraphicsUnit)' has some invalid arguments
	RT_820_360_conf.cs(15267,42): error CS1503: Argument `#3' cannot convert `int' expression to type `System.Drawing.FontStyle'
	RT_820_360_conf.cs(15520,17): error CS1502: The best overloaded method match for `System.Drawing.Font.Font(string, float, System.Drawing.FontStyle, System.Drawing.GraphicsUnit)' has some invalid arguments
	RT_820_360_conf.cs(15520,42): error CS1503: Argument `#3' cannot convert `int' expression to type `System.Drawing.FontStyle'
	RT_820_360_conf.cs(15522,17): error CS1502: The best overloaded method match for `System.Drawing.Font.Font(string, float, System.Drawing.FontStyle, System.Drawing.GraphicsUnit)' has some invalid arguments
	RT_820_360_conf.cs(15522,42): error CS1503: Argument `#3' cannot convert `int' expression to type `System.Drawing.FontStyle'
	RT_820_360_conf.cs(15669,17): error CS1502: The best overloaded method match for `System.Drawing.Font.Font(string, float, System.Drawing.FontStyle, System.Drawing.GraphicsUnit)' has some invalid arguments
	RT_820_360_conf.cs(15669,42): error CS1503: Argument `#3' cannot convert `int' expression to type `System.Drawing.FontStyle'
	RT_820_360_conf.cs(15671,17): error CS1502: The best overloaded method match for `System.Drawing.Font.Font(string, float, System.Drawing.FontStyle, System.Drawing.GraphicsUnit)' has some invalid arguments
	RT_820_360_conf.cs(15671,42): error CS1503: Argument `#3' cannot convert `int' expression to type `System.Drawing.FontStyle'
	RT_820_360_conf.cs(15756,17): error CS1502: The best overloaded method match for `System.Drawing.Font.Font(string, float, System.Drawing.FontStyle, System.Drawing.GraphicsUnit)' has some invalid arguments
	RT_820_360_conf.cs(15756,42): error CS1503: Argument `#3' cannot convert `int' expression to type `System.Drawing.FontStyle'
	RT_820_360_conf.cs(15758,17): error CS1502: The best overloaded method match for `System.Drawing.Font.Font(string, float, System.Drawing.FontStyle, System.Drawing.GraphicsUnit)' has some invalid arguments
	RT_820_360_conf.cs(15758,42): error CS1503: Argument `#3' cannot convert `int' expression to type `System.Drawing.FontStyle'
	RT_820_360_conf.cs(16081,17): error CS1502: The best overloaded method match for `System.Drawing.Font.Font(string, float, System.Drawing.FontStyle, System.Drawing.GraphicsUnit)' has some invalid arguments
	RT_820_360_conf.cs(16081,42): error CS1503: Argument `#3' cannot convert `int' expression to type `System.Drawing.FontStyle'
	RT_820_360_conf.cs(16083,17): error CS1502: The best overloaded method match for `System.Drawing.Font.Font(string, float, System.Drawing.FontStyle, System.Drawing.GraphicsUnit)' has some invalid arguments
	RT_820_360_conf.cs(16083,42): error CS1503: Argument `#3' cannot convert `int' expression to type `System.Drawing.FontStyle'
	RT_820_360_conf.cs(16216,17): error CS1502: The best overloaded method match for `System.Drawing.Font.Font(string, float, System.Drawing.FontStyle, System.Drawing.GraphicsUnit)' has some invalid arguments
	RT_820_360_conf.cs(16216,42): error CS1503: Argument `#3' cannot convert `int' expression to type `System.Drawing.FontStyle'
	RT_820_360_conf.cs(16218,17): error CS1502: The best overloaded method match for `System.Drawing.Font.Font(string, float, System.Drawing.FontStyle, System.Drawing.GraphicsUnit)' has some invalid arguments
	RT_820_360_conf.cs(16218,42): error CS1503: Argument `#3' cannot convert `int' expression to type `System.Drawing.FontStyle'
	RT_820_360_conf.cs(16395,17): error CS1502: The best overloaded method match for `System.Drawing.Font.Font(string, float, System.Drawing.FontStyle, System.Drawing.GraphicsUnit)' has some invalid arguments
	RT_820_360_conf.cs(16395,42): error CS1503: Argument `#3' cannot convert `int' expression to type `System.Drawing.FontStyle'
	RT_820_360_conf.cs(16397,17): error CS1502: The best overloaded method match for `System.Drawing.Font.Font(string, float, System.Drawing.FontStyle, System.Drawing.GraphicsUnit)' has some invalid arguments
	RT_820_360_conf.cs(16397,42): error CS1503: Argument `#3' cannot convert `int' expression to type `System.Drawing.FontStyle'
	RT_820_360_conf.cs(16712,17): error CS1502: The best overloaded method match for `System.Drawing.Font.Font(string, float, System.Drawing.FontStyle, System.Drawing.GraphicsUnit)' has some invalid arguments
	RT_820_360_conf.cs(16712,42): error CS1503: Argument `#3' cannot convert `int' expression to type `System.Drawing.FontStyle'
	RT_820_360_conf.cs(16714,17): error CS1502: The best overloaded method match for `System.Drawing.Font.Font(string, float, System.Drawing.FontStyle, System.Drawing.GraphicsUnit)' has some invalid arguments
	RT_820_360_conf.cs(16714,42): error CS1503: Argument `#3' cannot convert `int' expression to type `System.Drawing.FontStyle'
	RT_820_360_conf.cs(17130,45): error CS0165: Use of unassigned local variable `flag'
	RT_820_360_conf.cs(17348,84): error CS0165: Use of unassigned local variable `valor'
	RT_820_360_conf.cs(17349,85): error CS0165: Use of unassigned local variable `num'
	RT_820_360_conf.cs(17353,83): error CS0165: Use of unassigned local variable `valor'
	RT_820_360_conf.cs(17354,84): error CS0165: Use of unassigned local variable `num'
	RT_820_360_conf.cs(17358,83): error CS0165: Use of unassigned local variable `valor'
	RT_820_360_conf.cs(17359,84): error CS0165: Use of unassigned local variable `num'
	RT_820_360_conf.cs(17363,81): error CS0165: Use of unassigned local variable `valor'
	RT_820_360_conf.cs(17364,82): error CS0165: Use of unassigned local variable `num'
	RT_820_360_conf.cs(17368,80): error CS0165: Use of unassigned local variable `valor'
	RT_820_360_conf.cs(17369,81): error CS0165: Use of unassigned local variable `num'
	RT_820_360_conf.cs(17424,71): error CS0165: Use of unassigned local variable `valor'
	RT_820_360_conf.cs(17425,72): error CS0165: Use of unassigned local variable `num'
	RT_820_360_conf.cs(17429,70): error CS0165: Use of unassigned local variable `valor'
	RT_820_360_conf.cs(17430,71): error CS0165: Use of unassigned local variable `num'
	RT_820_360_conf.cs(17434,70): error CS0165: Use of unassigned local variable `valor'
	RT_820_360_conf.cs(17435,71): error CS0165: Use of unassigned local variable `num'
	RT_820_360_conf.cs(17439,73): error CS0165: Use of unassigned local variable `valor'
	RT_820_360_conf.cs(17440,74): error CS0165: Use of unassigned local variable `num'
	RT_820_360_conf.cs(17444,72): error CS0165: Use of unassigned local variable `valor'
	RT_820_360_conf.cs(17445,73): error CS0165: Use of unassigned local variable `num'
	RT_820_360_conf.cs(18074,71): error CS0165: Use of unassigned local variable `valor'
	RT_820_360_conf.cs(18075,72): error CS0165: Use of unassigned local variable `num'
	RT_820_360_conf.cs(18079,70): error CS0165: Use of unassigned local variable `valor'
	RT_820_360_conf.cs(18080,71): error CS0165: Use of unassigned local variable `num'
	RT_820_360_conf.cs(18084,70): error CS0165: Use of unassigned local variable `valor'
	RT_820_360_conf.cs(18085,71): error CS0165: Use of unassigned local variable `num'
	RT_820_360_conf.cs(18089,73): error CS0165: Use of unassigned local variable `valor'
	RT_820_360_conf.cs(18090,74): error CS0165: Use of unassigned local variable `num'
	RT_820_360_conf.cs(18094,72): error CS0165: Use of unassigned local variable `valor'
	RT_820_360_conf.cs(18095,73): error CS0165: Use of unassigned local variable `num'
	RT_820_360_conf.cs(19178,71): error CS0165: Use of unassigned local variable `valor'
	RT_820_360_conf.cs(19179,72): error CS0165: Use of unassigned local variable `num'
	RT_820_360_conf.cs(19183,70): error CS0165: Use of unassigned local variable `valor'
	RT_820_360_conf.cs(19184,71): error CS0165: Use of unassigned local variable `num'
	RT_820_360_conf.cs(19188,70): error CS0165: Use of unassigned local variable `valor'
	RT_820_360_conf.cs(19189,71): error CS0165: Use of unassigned local variable `num'
	RT_820_360_conf.cs(19193,73): error CS0165: Use of unassigned local variable `valor'
	RT_820_360_conf.cs(19194,74): error CS0165: Use of unassigned local variable `num'
	RT_820_360_conf.cs(19198,72): error CS0165: Use of unassigned local variable `valor'
	RT_820_360_conf.cs(19199,73): error CS0165: Use of unassigned local variable `num'
	RT_820_360_conf.cs(19278,71): error CS0165: Use of unassigned local variable `valor'
	RT_820_360_conf.cs(19279,72): error CS0165: Use of unassigned local variable `num'
	RT_820_360_conf.cs(19283,70): error CS0165: Use of unassigned local variable `valor'
	RT_820_360_conf.cs(19284,71): error CS0165: Use of unassigned local variable `num'
	RT_820_360_conf.cs(19288,70): error CS0165: Use of unassigned local variable `valor'
	RT_820_360_conf.cs(19289,71): error CS0165: Use of unassigned local variable `num'
	RT_820_360_conf.cs(19293,73): error CS0165: Use of unassigned local variable `valor'
	RT_820_360_conf.cs(19294,74): error CS0165: Use of unassigned local variable `num'
	RT_820_360_conf.cs(19298,72): error CS0165: Use of unassigned local variable `valor'
	RT_820_360_conf.cs(19299,73): error CS0165: Use of unassigned local variable `num'
	RT_820_360_conf.Designer.cs(1292,174): error CS0266: Cannot implicitly convert type `System.Windows.Forms.HorizontalAlignment' to `System.Windows.Forms.DataGridViewContentAlignment'. An explicit conversion exists (are you missing a cast?)
	RT_820_360_conf.Designer.cs(1300,63): error CS0266: Cannot implicitly convert type `int' to `System.Windows.Forms.DataGridViewColumnHeadersHeightSizeMode'. An explicit conversion exists (are you missing a cast?)
	RT_820_360_conf.Designer.cs(1301,174): error CS0266: Cannot implicitly convert type `System.Windows.Forms.HorizontalAlignment' to `System.Windows.Forms.DataGridViewContentAlignment'. An explicit conversion exists (are you missing a cast?)
	RT_820_360_conf.Designer.cs(1313,174): error CS0266: Cannot implicitly convert type `System.Windows.Forms.HorizontalAlignment' to `System.Windows.Forms.DataGridViewContentAlignment'. An explicit conversion exists (are you missing a cast?)
	RT_820_360_conf.Designer.cs(1342,174): error CS0266: Cannot implicitly convert type `System.Windows.Forms.HorizontalAlignment' to `System.Windows.Forms.DataGridViewContentAlignment'. An explicit conversion exists (are you missing a cast?)
	RT_820_360_conf.Designer.cs(1350,65): error CS0266: Cannot implicitly convert type `int' to `System.Windows.Forms.DataGridViewColumnHeadersHeightSizeMode'. An explicit conversion exists (are you missing a cast?)
	RT_820_360_conf.Designer.cs(1351,174): error CS0266: Cannot implicitly convert type `System.Windows.Forms.HorizontalAlignment' to `System.Windows.Forms.DataGridViewContentAlignment'. An explicit conversion exists (are you missing a cast?)
	RT_820_360_conf.Designer.cs(1363,174): error CS0266: Cannot implicitly convert type `System.Windows.Forms.HorizontalAlignment' to `System.Windows.Forms.DataGridViewContentAlignment'. An explicit conversion exists (are you missing a cast?)
	RT_820_360_conf.Designer.cs(1411,175): error CS0266: Cannot implicitly convert type `System.Windows.Forms.HorizontalAlignment' to `System.Windows.Forms.DataGridViewContentAlignment'. An explicit conversion exists (are you missing a cast?)
	RT_820_360_conf.Designer.cs(1419,70): error CS0266: Cannot implicitly convert type `int' to `System.Windows.Forms.DataGridViewColumnHeadersHeightSizeMode'. An explicit conversion exists (are you missing a cast?)
	RT_820_360_conf.Designer.cs(1420,175): error CS0266: Cannot implicitly convert type `System.Windows.Forms.HorizontalAlignment' to `System.Windows.Forms.DataGridViewContentAlignment'. An explicit conversion exists (are you missing a cast?)
	RT_820_360_conf.Designer.cs(1431,175): error CS0266: Cannot implicitly convert type `System.Windows.Forms.HorizontalAlignment' to `System.Windows.Forms.DataGridViewContentAlignment'. An explicit conversion exists (are you missing a cast?)
	RT_820_360_conf.Designer.cs(1716,175): error CS0266: Cannot implicitly convert type `System.Windows.Forms.HorizontalAlignment' to `System.Windows.Forms.DataGridViewContentAlignment'. An explicit conversion exists (are you missing a cast?)
	RT_820_360_conf.Designer.cs(1724,61): error CS0266: Cannot implicitly convert type `int' to `System.Windows.Forms.DataGridViewColumnHeadersHeightSizeMode'. An explicit conversion exists (are you missing a cast?)
	RT_820_360_conf.Designer.cs(1725,175): error CS0266: Cannot implicitly convert type `System.Windows.Forms.HorizontalAlignment' to `System.Windows.Forms.DataGridViewContentAlignment'. An explicit conversion exists (are you missing a cast?)
	RT_820_360_conf.Designer.cs(1736,175): error CS0266: Cannot implicitly convert type `System.Windows.Forms.HorizontalAlignment' to `System.Windows.Forms.DataGridViewContentAlignment'. An explicit conversion exists (are you missing a cast?)
	RT_820_360_conf.Designer.cs(1826,47): error CS0266: Cannot implicitly convert type `int' to `System.Windows.Forms.DataGridViewColumnHeadersHeightSizeMode'. An explicit conversion exists (are you missing a cast?)
	RT_820_360_conf.Designer.cs(1889,175): error CS0266: Cannot implicitly convert type `System.Windows.Forms.HorizontalAlignment' to `System.Windows.Forms.DataGridViewContentAlignment'. An explicit conversion exists (are you missing a cast?)
	RT_820_360_conf.Designer.cs(1897,66): error CS0266: Cannot implicitly convert type `int' to `System.Windows.Forms.DataGridViewColumnHeadersHeightSizeMode'. An explicit conversion exists (are you missing a cast?)
	RT_820_360_conf.Designer.cs(1898,175): error CS0266: Cannot implicitly convert type `System.Windows.Forms.HorizontalAlignment' to `System.Windows.Forms.DataGridViewContentAlignment'. An explicit conversion exists (are you missing a cast?)
	RT_820_360_conf.Designer.cs(1909,175): error CS0266: Cannot implicitly convert type `System.Windows.Forms.HorizontalAlignment' to `System.Windows.Forms.DataGridViewContentAlignment'. An explicit conversion exists (are you missing a cast?)
	RT_820_360_conf.Designer.cs(2465,175): error CS0266: Cannot implicitly convert type `System.Windows.Forms.HorizontalAlignment' to `System.Windows.Forms.DataGridViewContentAlignment'. An explicit conversion exists (are you missing a cast?)
	RT_820_360_conf.Designer.cs(2473,65): error CS0266: Cannot implicitly convert type `int' to `System.Windows.Forms.DataGridViewColumnHeadersHeightSizeMode'. An explicit conversion exists (are you missing a cast?)
	RT_820_360_conf.Designer.cs(2474,175): error CS0266: Cannot implicitly convert type `System.Windows.Forms.HorizontalAlignment' to `System.Windows.Forms.DataGridViewContentAlignment'. An explicit conversion exists (are you missing a cast?)
	RT_820_360_conf.Designer.cs(2485,175): error CS0266: Cannot implicitly convert type `System.Windows.Forms.HorizontalAlignment' to `System.Windows.Forms.DataGridViewContentAlignment'. An explicit conversion exists (are you missing a cast?)
	RT_820_360_conf.Designer.cs(2493,61): error CS0266: Cannot implicitly convert type `int' to `System.Windows.Forms.DataGridViewRowHeadersWidthSizeMode'. An explicit conversion exists (are you missing a cast?)
	RT_820_360_conf.Designer.cs(2516,175): error CS0266: Cannot implicitly convert type `System.Windows.Forms.HorizontalAlignment' to `System.Windows.Forms.DataGridViewContentAlignment'. An explicit conversion exists (are you missing a cast?)
	RT_820_360_conf.Designer.cs(2524,65): error CS0266: Cannot implicitly convert type `int' to `System.Windows.Forms.DataGridViewColumnHeadersHeightSizeMode'. An explicit conversion exists (are you missing a cast?)
	RT_820_360_conf.Designer.cs(2525,175): error CS0266: Cannot implicitly convert type `System.Windows.Forms.HorizontalAlignment' to `System.Windows.Forms.DataGridViewContentAlignment'. An explicit conversion exists (are you missing a cast?)
	RT_820_360_conf.Designer.cs(2536,175): error CS0266: Cannot implicitly convert type `System.Windows.Forms.HorizontalAlignment' to `System.Windows.Forms.DataGridViewContentAlignment'. An explicit conversion exists (are you missing a cast?)
	RT_820_360_conf.Designer.cs(2544,61): error CS0266: Cannot implicitly convert type `int' to `System.Windows.Forms.DataGridViewRowHeadersWidthSizeMode'. An explicit conversion exists (are you missing a cast?)
	RT_820_360_conf.Designer.cs(2590,175): error CS0266: Cannot implicitly convert type `System.Windows.Forms.HorizontalAlignment' to `System.Windows.Forms.DataGridViewContentAlignment'. An explicit conversion exists (are you missing a cast?)
	RT_820_360_conf.Designer.cs(2598,83): error CS0266: Cannot implicitly convert type `int' to `System.Windows.Forms.DataGridViewColumnHeadersHeightSizeMode'. An explicit conversion exists (are you missing a cast?)
	RT_820_360_conf.Designer.cs(2599,175): error CS0266: Cannot implicitly convert type `System.Windows.Forms.HorizontalAlignment' to `System.Windows.Forms.DataGridViewContentAlignment'. An explicit conversion exists (are you missing a cast?)
	RT_820_360_conf.Designer.cs(2610,175): error CS0266: Cannot implicitly convert type `System.Windows.Forms.HorizontalAlignment' to `System.Windows.Forms.DataGridViewContentAlignment'. An explicit conversion exists (are you missing a cast?)
	RT_820_360_conf.Designer.cs(2639,175): error CS0266: Cannot implicitly convert type `System.Windows.Forms.HorizontalAlignment' to `System.Windows.Forms.DataGridViewContentAlignment'. An explicit conversion exists (are you missing a cast?)
	RT_820_360_conf.Designer.cs(2647,70): error CS0266: Cannot implicitly convert type `int' to `System.Windows.Forms.DataGridViewColumnHeadersHeightSizeMode'. An explicit conversion exists (are you missing a cast?)
	RT_820_360_conf.Designer.cs(2648,175): error CS0266: Cannot implicitly convert type `System.Windows.Forms.HorizontalAlignment' to `System.Windows.Forms.DataGridViewContentAlignment'. An explicit conversion exists (are you missing a cast?)
	RT_820_360_conf.Designer.cs(2659,175): error CS0266: Cannot implicitly convert type `System.Windows.Forms.HorizontalAlignment' to `System.Windows.Forms.DataGridViewContentAlignment'. An explicit conversion exists (are you missing a cast?)
	RT_820_360_conf.Designer.cs(2698,71): error CS0266: Cannot implicitly convert type `int' to `System.Windows.Forms.DataGridViewColumnHeadersHeightSizeMode'. An explicit conversion exists (are you missing a cast?)
	RT_820_360_conf.Designer.cs(2702,67): error CS0266: Cannot implicitly convert type `int' to `System.Windows.Forms.DataGridViewRowHeadersWidthSizeMode'. An explicit conversion exists (are you missing a cast?)
	RT_820_360_conf.Designer.cs(2735,175): error CS0266: Cannot implicitly convert type `System.Windows.Forms.HorizontalAlignment' to `System.Windows.Forms.DataGridViewContentAlignment'. An explicit conversion exists (are you missing a cast?)
	RT_820_360_conf.Designer.cs(2743,53): error CS0266: Cannot implicitly convert type `int' to `System.Windows.Forms.DataGridViewColumnHeadersHeightSizeMode'. An explicit conversion exists (are you missing a cast?)
	RT_820_360_conf.Designer.cs(2744,175): error CS0266: Cannot implicitly convert type `System.Windows.Forms.HorizontalAlignment' to `System.Windows.Forms.DataGridViewContentAlignment'. An explicit conversion exists (are you missing a cast?)
	RT_820_360_conf.Designer.cs(2755,175): error CS0266: Cannot implicitly convert type `System.Windows.Forms.HorizontalAlignment' to `System.Windows.Forms.DataGridViewContentAlignment'. An explicit conversion exists (are you missing a cast?)
	RT_820_360_conf.Designer.cs(2774,175): error CS0266: Cannot implicitly convert type `System.Windows.Forms.HorizontalAlignment' to `System.Windows.Forms.DataGridViewContentAlignment'. An explicit conversion exists (are you missing a cast?)
	RT_820_360_conf.Designer.cs(2782,70): error CS0266: Cannot implicitly convert type `int' to `System.Windows.Forms.DataGridViewColumnHeadersHeightSizeMode'. An explicit conversion exists (are you missing a cast?)
	RT_820_360_conf.Designer.cs(2783,175): error CS0266: Cannot implicitly convert type `System.Windows.Forms.HorizontalAlignment' to `System.Windows.Forms.DataGridViewContentAlignment'. An explicit conversion exists (are you missing a cast?)
	RT_820_360_conf.Designer.cs(2794,175): error CS0266: Cannot implicitly convert type `System.Windows.Forms.HorizontalAlignment' to `System.Windows.Forms.DataGridViewContentAlignment'. An explicit conversion exists (are you missing a cast?)
	RT_820_360_conf.Designer.cs(2845,62): error CS0266: Cannot implicitly convert type `int' to `System.Windows.Forms.DataGridViewColumnHeadersHeightSizeMode'. An explicit conversion exists (are you missing a cast?)
	RT_820_360_conf.Designer.cs(2862,61): error CS0266: Cannot implicitly convert type `int' to `System.Windows.Forms.DataGridViewColumnHeadersHeightSizeMode'. An explicit conversion exists (are you missing a cast?)
	RT_820_360_conf.Designer.cs(2866,57): error CS0266: Cannot implicitly convert type `int' to `System.Windows.Forms.DataGridViewRowHeadersWidthSizeMode'. An explicit conversion exists (are you missing a cast?)
	RT_820_360_conf.Designer.cs(2885,52): error CS0266: Cannot implicitly convert type `int' to `System.Windows.Forms.DataGridViewColumnHeadersHeightSizeMode'. An explicit conversion exists (are you missing a cast?)
	RT_820_360_conf.Designer.cs(2889,48): error CS0266: Cannot implicitly convert type `int' to `System.Windows.Forms.DataGridViewRowHeadersWidthSizeMode'. An explicit conversion exists (are you missing a cast?)
	RT_820_360_conf.Designer.cs(2927,62): error CS0266: Cannot implicitly convert type `int' to `System.Windows.Forms.DataGridViewColumnHeadersHeightSizeMode'. An explicit conversion exists (are you missing a cast?)
	RT_820_360_conf.Designer.cs(2941,175): error CS0266: Cannot implicitly convert type `System.Windows.Forms.HorizontalAlignment' to `System.Windows.Forms.DataGridViewContentAlignment'. An explicit conversion exists (are you missing a cast?)
	RT_820_360_conf.Designer.cs(2949,61): error CS0266: Cannot implicitly convert type `int' to `System.Windows.Forms.DataGridViewColumnHeadersHeightSizeMode'. An explicit conversion exists (are you missing a cast?)
	RT_820_360_conf.Designer.cs(2950,175): error CS0266: Cannot implicitly convert type `System.Windows.Forms.HorizontalAlignment' to `System.Windows.Forms.DataGridViewContentAlignment'. An explicit conversion exists (are you missing a cast?)
	RT_820_360_conf.Designer.cs(2961,175): error CS0266: Cannot implicitly convert type `System.Windows.Forms.HorizontalAlignment' to `System.Windows.Forms.DataGridViewContentAlignment'. An explicit conversion exists (are you missing a cast?)
	RT_820_360_conf.Designer.cs(2969,57): error CS0266: Cannot implicitly convert type `int' to `System.Windows.Forms.DataGridViewRowHeadersWidthSizeMode'. An explicit conversion exists (are you missing a cast?)
	RT_820_360_conf.Designer.cs(2979,52): error CS0266: Cannot implicitly convert type `int' to `System.Windows.Forms.DataGridViewColumnHeadersHeightSizeMode'. An explicit conversion exists (are you missing a cast?)
	RT_820_360_conf.Designer.cs(2983,48): error CS0266: Cannot implicitly convert type `int' to `System.Windows.Forms.DataGridViewRowHeadersWidthSizeMode'. An explicit conversion exists (are you missing a cast?)
	RT_820_360_conf.Designer.cs(3027,62): error CS0266: Cannot implicitly convert type `int' to `System.Windows.Forms.DataGridViewColumnHeadersHeightSizeMode'. An explicit conversion exists (are you missing a cast?)
	RT_820_360_conf.Designer.cs(3044,61): error CS0266: Cannot implicitly convert type `int' to `System.Windows.Forms.DataGridViewColumnHeadersHeightSizeMode'. An explicit conversion exists (are you missing a cast?)
	RT_820_360_conf.Designer.cs(3048,57): error CS0266: Cannot implicitly convert type `int' to `System.Windows.Forms.DataGridViewRowHeadersWidthSizeMode'. An explicit conversion exists (are you missing a cast?)
	RT_820_360_conf.Designer.cs(3067,52): error CS0266: Cannot implicitly convert type `int' to `System.Windows.Forms.DataGridViewColumnHeadersHeightSizeMode'. An explicit conversion exists (are you missing a cast?)
	RT_820_360_conf.Designer.cs(3071,48): error CS0266: Cannot implicitly convert type `int' to `System.Windows.Forms.DataGridViewRowHeadersWidthSizeMode'. An explicit conversion exists (are you missing a cast?)
	RT_820_360_conf.Designer.cs(3109,62): error CS0266: Cannot implicitly convert type `int' to `System.Windows.Forms.DataGridViewColumnHeadersHeightSizeMode'. An explicit conversion exists (are you missing a cast?)
	RT_820_360_conf.Designer.cs(3123,175): error CS0266: Cannot implicitly convert type `System.Windows.Forms.HorizontalAlignment' to `System.Windows.Forms.DataGridViewContentAlignment'. An explicit conversion exists (are you missing a cast?)
	RT_820_360_conf.Designer.cs(3131,61): error CS0266: Cannot implicitly convert type `int' to `System.Windows.Forms.DataGridViewColumnHeadersHeightSizeMode'. An explicit conversion exists (are you missing a cast?)
	RT_820_360_conf.Designer.cs(3132,175): error CS0266: Cannot implicitly convert type `System.Windows.Forms.HorizontalAlignment' to `System.Windows.Forms.DataGridViewContentAlignment'. An explicit conversion exists (are you missing a cast?)
	RT_820_360_conf.Designer.cs(3143,175): error CS0266: Cannot implicitly convert type `System.Windows.Forms.HorizontalAlignment' to `System.Windows.Forms.DataGridViewContentAlignment'. An explicit conversion exists (are you missing a cast?)
	RT_820_360_conf.Designer.cs(3151,57): error CS0266: Cannot implicitly convert type `int' to `System.Windows.Forms.DataGridViewRowHeadersWidthSizeMode'. An explicit conversion exists (are you missing a cast?)
	RT_820_360_conf.Designer.cs(3161,52): error CS0266: Cannot implicitly convert type `int' to `System.Windows.Forms.DataGridViewColumnHeadersHeightSizeMode'. An explicit conversion exists (are you missing a cast?)
	RT_820_360_conf.Designer.cs(3165,48): error CS0266: Cannot implicitly convert type `int' to `System.Windows.Forms.DataGridViewRowHeadersWidthSizeMode'. An explicit conversion exists (are you missing a cast?)
	RT_820_360_conf.Designer.cs(3199,175): error CS0266: Cannot implicitly convert type `System.Windows.Forms.HorizontalAlignment' to `System.Windows.Forms.DataGridViewContentAlignment'. An explicit conversion exists (are you missing a cast?)
	RT_820_360_conf.Designer.cs(3207,66): error CS0266: Cannot implicitly convert type `int' to `System.Windows.Forms.DataGridViewColumnHeadersHeightSizeMode'. An explicit conversion exists (are you missing a cast?)
	RT_820_360_conf.Designer.cs(3208,175): error CS0266: Cannot implicitly convert type `System.Windows.Forms.HorizontalAlignment' to `System.Windows.Forms.DataGridViewContentAlignment'. An explicit conversion exists (are you missing a cast?)
	RT_820_360_conf.Designer.cs(3219,175): error CS0266: Cannot implicitly convert type `System.Windows.Forms.HorizontalAlignment' to `System.Windows.Forms.DataGridViewContentAlignment'. An explicit conversion exists (are you missing a cast?)
	RT_820_360_conf.Designer.cs(3364,175): error CS0266: Cannot implicitly convert type `System.Windows.Forms.HorizontalAlignment' to `System.Windows.Forms.DataGridViewContentAlignment'. An explicit conversion exists (are you missing a cast?)
	RT_820_360_conf.Designer.cs(3372,53): error CS0266: Cannot implicitly convert type `int' to `System.Windows.Forms.DataGridViewColumnHeadersHeightSizeMode'. An explicit conversion exists (are you missing a cast?)
	RT_820_360_conf.Designer.cs(3382,175): error CS0266: Cannot implicitly convert type `System.Windows.Forms.HorizontalAlignment' to `System.Windows.Forms.DataGridViewContentAlignment'. An explicit conversion exists (are you missing a cast?)
	RT_820_360_conf.Designer.cs(3393,175): error CS0266: Cannot implicitly convert type `System.Windows.Forms.HorizontalAlignment' to `System.Windows.Forms.DataGridViewContentAlignment'. An explicit conversion exists (are you missing a cast?)
	RT_820_360_conf.Designer.cs(3408,175): error CS0266: Cannot implicitly convert type `System.Windows.Forms.HorizontalAlignment' to `System.Windows.Forms.DataGridViewContentAlignment'. An explicit conversion exists (are you missing a cast?)
	RT_820_360_conf.Designer.cs(3440,175): error CS0266: Cannot implicitly convert type `System.Windows.Forms.HorizontalAlignment' to `System.Windows.Forms.DataGridViewContentAlignment'. An explicit conversion exists (are you missing a cast?)
	RT_820_360_conf.Designer.cs(3448,64): error CS0266: Cannot implicitly convert type `int' to `System.Windows.Forms.DataGridViewColumnHeadersHeightSizeMode'. An explicit conversion exists (are you missing a cast?)
	RT_820_360_conf.Designer.cs(3449,175): error CS0266: Cannot implicitly convert type `System.Windows.Forms.HorizontalAlignment' to `System.Windows.Forms.DataGridViewContentAlignment'. An explicit conversion exists (are you missing a cast?)
	RT_820_360_conf.Designer.cs(3460,175): error CS0266: Cannot implicitly convert type `System.Windows.Forms.HorizontalAlignment' to `System.Windows.Forms.DataGridViewContentAlignment'. An explicit conversion exists (are you missing a cast?)
	RT_820_360_conf.Designer.cs(3927,107): error CS0266: Cannot implicitly convert type `System.Windows.Forms.DataGridViewContentAlignment' to `System.Windows.Forms.HorizontalAlignment'. An explicit conversion exists (are you missing a cast?)
	RT_820_400_SA_CALIB.cs(528,15): error CS1502: The best overloaded method match for `iS800.Mod_MD.Leitura_pagina(int, int, int)' has some invalid arguments
	RT_820_400_SA_CALIB.cs(528,50): error CS1503: Argument `#3' cannot convert `Microsoft.VisualBasic.OpenMode' expression to type `int'
	RT_820_400_SA_CALIB.cs(591,20): error CS1502: The best overloaded method match for `iS800.RT_820_400_SA_CALIB.Leitura_ContanteCalibracao(int, int, int)' has some invalid arguments
	RT_820_400_SA_CALIB.cs(591,105): error CS1503: Argument `#3' cannot convert `Microsoft.VisualBasic.OpenMode' expression to type `int'
	RT_820_400_SA_CALIB.cs(613,17): error CS1502: The best overloaded method match for `iS800.Mod_MD.Escrita_pagina_RT(int, int, int)' has some invalid arguments
	RT_820_400_SA_CALIB.cs(613,67): error CS1503: Argument `#3' cannot convert `Microsoft.VisualBasic.OpenMode' expression to type `int'
	RT_820_400_SA_CALIB.cs(627,20): error CS1502: The best overloaded method match for `iS800.RT_820_400_SA_CALIB.Leitura_ContanteCalibracao(int, int, int)' has some invalid arguments
	RT_820_400_SA_CALIB.cs(627,103): error CS1503: Argument `#3' cannot convert `Microsoft.VisualBasic.OpenMode' expression to type `int'
	RT_820_400_SA_CALIB.cs(707,35): error CS0165: Use of unassigned local variable `numero_pagina'
	RT_820_conf.cs(3874,181): error CS0266: Cannot implicitly convert type `System.Windows.Forms.HorizontalAlignment' to `System.Windows.Forms.DataGridViewContentAlignment'. An explicit conversion exists (are you missing a cast?)
	RT_820_conf.cs(4345,67): error CS0266: Cannot implicitly convert type `int' to `System.Windows.Forms.DataGridViewContentAlignment'. An explicit conversion exists (are you missing a cast?)
	RT_820_conf.cs(4346,67): error CS0266: Cannot implicitly convert type `int' to `System.Windows.Forms.DataGridViewContentAlignment'. An explicit conversion exists (are you missing a cast?)
	RT_820_conf.cs(4347,67): error CS0266: Cannot implicitly convert type `int' to `System.Windows.Forms.DataGridViewContentAlignment'. An explicit conversion exists (are you missing a cast?)
	RT_820_conf.cs(4348,67): error CS0266: Cannot implicitly convert type `int' to `System.Windows.Forms.DataGridViewContentAlignment'. An explicit conversion exists (are you missing a cast?)
	RT_820_conf.cs(4349,67): error CS0266: Cannot implicitly convert type `int' to `System.Windows.Forms.DataGridViewContentAlignment'. An explicit conversion exists (are you missing a cast?)
	RT_820_conf.cs(4350,67): error CS0266: Cannot implicitly convert type `int' to `System.Windows.Forms.DataGridViewContentAlignment'. An explicit conversion exists (are you missing a cast?)
	RT_820_conf.cs(4351,67): error CS0266: Cannot implicitly convert type `int' to `System.Windows.Forms.DataGridViewContentAlignment'. An explicit conversion exists (are you missing a cast?)
	RT_820_conf.cs(4352,67): error CS0266: Cannot implicitly convert type `int' to `System.Windows.Forms.DataGridViewContentAlignment'. An explicit conversion exists (are you missing a cast?)
	RT_820_conf.cs(4353,67): error CS0266: Cannot implicitly convert type `int' to `System.Windows.Forms.DataGridViewContentAlignment'. An explicit conversion exists (are you missing a cast?)
	RT_820_conf.cs(4354,67): error CS0266: Cannot implicitly convert type `int' to `System.Windows.Forms.DataGridViewContentAlignment'. An explicit conversion exists (are you missing a cast?)
	RT_820_conf.cs(4355,68): error CS0266: Cannot implicitly convert type `int' to `System.Windows.Forms.DataGridViewContentAlignment'. An explicit conversion exists (are you missing a cast?)
	RT_820_conf.cs(4356,68): error CS0266: Cannot implicitly convert type `int' to `System.Windows.Forms.DataGridViewContentAlignment'. An explicit conversion exists (are you missing a cast?)
	RT_820_conf.cs(4357,68): error CS0266: Cannot implicitly convert type `int' to `System.Windows.Forms.DataGridViewContentAlignment'. An explicit conversion exists (are you missing a cast?)
	RT_820_conf.cs(4358,68): error CS0266: Cannot implicitly convert type `int' to `System.Windows.Forms.DataGridViewContentAlignment'. An explicit conversion exists (are you missing a cast?)
	RT_820_conf.cs(4569,64): error CS0266: Cannot implicitly convert type `int' to `System.Windows.Forms.DataGridViewContentAlignment'. An explicit conversion exists (are you missing a cast?)
	RT_820_conf.cs(4570,64): error CS0266: Cannot implicitly convert type `int' to `System.Windows.Forms.DataGridViewContentAlignment'. An explicit conversion exists (are you missing a cast?)
	RT_820_conf.cs(4647,59): error CS0266: Cannot implicitly convert type `int' to `System.Windows.Forms.DataGridViewContentAlignment'. An explicit conversion exists (are you missing a cast?)
	RT_820_conf.cs(4648,59): error CS0266: Cannot implicitly convert type `int' to `System.Windows.Forms.DataGridViewContentAlignment'. An explicit conversion exists (are you missing a cast?)
	RT_820_conf.cs(4649,59): error CS0266: Cannot implicitly convert type `int' to `System.Windows.Forms.DataGridViewContentAlignment'. An explicit conversion exists (are you missing a cast?)
	RT_820_conf.cs(4660,203): error CS0266: Cannot implicitly convert type `System.Windows.Forms.HorizontalAlignment' to `System.Windows.Forms.DataGridViewContentAlignment'. An explicit conversion exists (are you missing a cast?)
	RT_820_conf.cs(4713,200): error CS0266: Cannot implicitly convert type `System.Windows.Forms.HorizontalAlignment' to `System.Windows.Forms.DataGridViewContentAlignment'. An explicit conversion exists (are you missing a cast?)
	RT_820_conf.cs(4806,69): error CS0266: Cannot implicitly convert type `int' to `System.Windows.Forms.DataGridViewContentAlignment'. An explicit conversion exists (are you missing a cast?)
	RT_820_conf.cs(4807,69): error CS0266: Cannot implicitly convert type `int' to `System.Windows.Forms.DataGridViewContentAlignment'. An explicit conversion exists (are you missing a cast?)
	RT_820_conf.cs(4870,78): error CS0266: Cannot implicitly convert type `int' to `System.Windows.Forms.DataGridViewContentAlignment'. An explicit conversion exists (are you missing a cast?)
	RT_820_conf.cs(4871,78): error CS0266: Cannot implicitly convert type `int' to `System.Windows.Forms.DataGridViewContentAlignment'. An explicit conversion exists (are you missing a cast?)
	RT_820_conf.cs(4872,78): error CS0266: Cannot implicitly convert type `int' to `System.Windows.Forms.DataGridViewContentAlignment'. An explicit conversion exists (are you missing a cast?)
	RT_820_conf.cs(4873,78): error CS0266: Cannot implicitly convert type `int' to `System.Windows.Forms.DataGridViewContentAlignment'. An explicit conversion exists (are you missing a cast?)
	RT_820_conf.cs(4874,78): error CS0266: Cannot implicitly convert type `int' to `System.Windows.Forms.DataGridViewContentAlignment'. An explicit conversion exists (are you missing a cast?)
	RT_820_conf.cs(4875,78): error CS0266: Cannot implicitly convert type `int' to `System.Windows.Forms.DataGridViewContentAlignment'. An explicit conversion exists (are you missing a cast?)
	RT_820_conf.cs(4876,78): error CS0266: Cannot implicitly convert type `int' to `System.Windows.Forms.DataGridViewContentAlignment'. An explicit conversion exists (are you missing a cast?)
	RT_820_conf.cs(5016,69): error CS0266: Cannot implicitly convert type `int' to `System.Windows.Forms.DataGridViewContentAlignment'. An explicit conversion exists (are you missing a cast?)
	RT_820_conf.cs(5074,66): error CS0266: Cannot implicitly convert type `int' to `System.Windows.Forms.DataGridViewContentAlignment'. An explicit conversion exists (are you missing a cast?)
	RT_820_conf.cs(5075,66): error CS0266: Cannot implicitly convert type `int' to `System.Windows.Forms.DataGridViewContentAlignment'. An explicit conversion exists (are you missing a cast?)
	RT_820_conf.cs(5076,66): error CS0266: Cannot implicitly convert type `int' to `System.Windows.Forms.DataGridViewContentAlignment'. An explicit conversion exists (are you missing a cast?)
	RT_820_conf.cs(5077,66): error CS0266: Cannot implicitly convert type `int' to `System.Windows.Forms.DataGridViewContentAlignment'. An explicit conversion exists (are you missing a cast?)
	RT_820_conf.cs(5078,66): error CS0266: Cannot implicitly convert type `int' to `System.Windows.Forms.DataGridViewContentAlignment'. An explicit conversion exists (are you missing a cast?)
	RT_820_conf.cs(5079,66): error CS0266: Cannot implicitly convert type `int' to `System.Windows.Forms.DataGridViewContentAlignment'. An explicit conversion exists (are you missing a cast?)
	RT_820_conf.cs(5080,66): error CS0266: Cannot implicitly convert type `int' to `System.Windows.Forms.DataGridViewContentAlignment'. An explicit conversion exists (are you missing a cast?)
	RT_820_conf.cs(5081,66): error CS0266: Cannot implicitly convert type `int' to `System.Windows.Forms.DataGridViewContentAlignment'. An explicit conversion exists (are you missing a cast?)
	RT_820_conf.cs(5082,66): error CS0266: Cannot implicitly convert type `int' to `System.Windows.Forms.DataGridViewContentAlignment'. An explicit conversion exists (are you missing a cast?)
	RT_820_conf.cs(5083,66): error CS0266: Cannot implicitly convert type `int' to `System.Windows.Forms.DataGridViewContentAlignment'. An explicit conversion exists (are you missing a cast?)
	RT_820_conf.cs(5084,67): error CS0266: Cannot implicitly convert type `int' to `System.Windows.Forms.DataGridViewContentAlignment'. An explicit conversion exists (are you missing a cast?)
	RT_820_conf.cs(5085,67): error CS0266: Cannot implicitly convert type `int' to `System.Windows.Forms.DataGridViewContentAlignment'. An explicit conversion exists (are you missing a cast?)
	RT_820_conf.cs(5086,67): error CS0266: Cannot implicitly convert type `int' to `System.Windows.Forms.DataGridViewContentAlignment'. An explicit conversion exists (are you missing a cast?)
	RT_820_conf.cs(5170,69): error CS0266: Cannot implicitly convert type `int' to `System.Windows.Forms.DataGridViewContentAlignment'. An explicit conversion exists (are you missing a cast?)
	RT_820_conf.cs(5228,66): error CS0266: Cannot implicitly convert type `int' to `System.Windows.Forms.DataGridViewContentAlignment'. An explicit conversion exists (are you missing a cast?)
	RT_820_conf.cs(5229,66): error CS0266: Cannot implicitly convert type `int' to `System.Windows.Forms.DataGridViewContentAlignment'. An explicit conversion exists (are you missing a cast?)
	RT_820_conf.cs(5230,66): error CS0266: Cannot implicitly convert type `int' to `System.Windows.Forms.DataGridViewContentAlignment'. An explicit conversion exists (are you missing a cast?)
	RT_820_conf.cs(5231,66): error CS0266: Cannot implicitly convert type `int' to `System.Windows.Forms.DataGridViewContentAlignment'. An explicit conversion exists (are you missing a cast?)
	RT_820_conf.cs(5232,66): error CS0266: Cannot implicitly convert type `int' to `System.Windows.Forms.DataGridViewContentAlignment'. An explicit conversion exists (are you missing a cast?)
	RT_820_conf.cs(5233,66): error CS0266: Cannot implicitly convert type `int' to `System.Windows.Forms.DataGridViewContentAlignment'. An explicit conversion exists (are you missing a cast?)
	RT_820_conf.cs(5234,66): error CS0266: Cannot implicitly convert type `int' to `System.Windows.Forms.DataGridViewContentAlignment'. An explicit conversion exists (are you missing a cast?)
	RT_820_conf.cs(5235,66): error CS0266: Cannot implicitly convert type `int' to `System.Windows.Forms.DataGridViewContentAlignment'. An explicit conversion exists (are you missing a cast?)
	RT_820_conf.cs(5236,66): error CS0266: Cannot implicitly convert type `int' to `System.Windows.Forms.DataGridViewContentAlignment'. An explicit conversion exists (are you missing a cast?)
	RT_820_conf.cs(5237,66): error CS0266: Cannot implicitly convert type `int' to `System.Windows.Forms.DataGridViewContentAlignment'. An explicit conversion exists (are you missing a cast?)
	RT_820_conf.cs(5238,67): error CS0266: Cannot implicitly convert type `int' to `System.Windows.Forms.DataGridViewContentAlignment'. An explicit conversion exists (are you missing a cast?)
	RT_820_conf.cs(5239,67): error CS0266: Cannot implicitly convert type `int' to `System.Windows.Forms.DataGridViewContentAlignment'. An explicit conversion exists (are you missing a cast?)
	RT_820_conf.cs(5240,67): error CS0266: Cannot implicitly convert type `int' to `System.Windows.Forms.DataGridViewContentAlignment'. An explicit conversion exists (are you missing a cast?)
	RT_820_conf.cs(5324,69): error CS0266: Cannot implicitly convert type `int' to `System.Windows.Forms.DataGridViewContentAlignment'. An explicit conversion exists (are you missing a cast?)
	RT_820_conf.cs(5382,66): error CS0266: Cannot implicitly convert type `int' to `System.Windows.Forms.DataGridViewContentAlignment'. An explicit conversion exists (are you missing a cast?)
	RT_820_conf.cs(5383,66): error CS0266: Cannot implicitly convert type `int' to `System.Windows.Forms.DataGridViewContentAlignment'. An explicit conversion exists (are you missing a cast?)
	RT_820_conf.cs(5384,66): error CS0266: Cannot implicitly convert type `int' to `System.Windows.Forms.DataGridViewContentAlignment'. An explicit conversion exists (are you missing a cast?)
	RT_820_conf.cs(5385,66): error CS0266: Cannot implicitly convert type `int' to `System.Windows.Forms.DataGridViewContentAlignment'. An explicit conversion exists (are you missing a cast?)
	RT_820_conf.cs(5386,66): error CS0266: Cannot implicitly convert type `int' to `System.Windows.Forms.DataGridViewContentAlignment'. An explicit conversion exists (are you missing a cast?)
	RT_820_conf.cs(5387,66): error CS0266: Cannot implicitly convert type `int' to `System.Windows.Forms.DataGridViewContentAlignment'. An explicit conversion exists (are you missing a cast?)
	RT_820_conf.cs(5388,66): error CS0266: Cannot implicitly convert type `int' to `System.Windows.Forms.DataGridViewContentAlignment'. An explicit conversion exists (are you missing a cast?)
	RT_820_conf.cs(5389,66): error CS0266: Cannot implicitly convert type `int' to `System.Windows.Forms.DataGridViewContentAlignment'. An explicit conversion exists (are you missing a cast?)
	RT_820_conf.cs(5390,66): error CS0266: Cannot implicitly convert type `int' to `System.Windows.Forms.DataGridViewContentAlignment'. An explicit conversion exists (are you missing a cast?)
	RT_820_conf.cs(5391,66): error CS0266: Cannot implicitly convert type `int' to `System.Windows.Forms.DataGridViewContentAlignment'. An explicit conversion exists (are you missing a cast?)
	RT_820_conf.cs(5392,67): error CS0266: Cannot implicitly convert type `int' to `System.Windows.Forms.DataGridViewContentAlignment'. An explicit conversion exists (are you missing a cast?)
	RT_820_conf.cs(5393,67): error CS0266: Cannot implicitly convert type `int' to `System.Windows.Forms.DataGridViewContentAlignment'. An explicit conversion exists (are you missing a cast?)
	RT_820_conf.cs(5394,67): error CS0266: Cannot implicitly convert type `int' to `System.Windows.Forms.DataGridViewContentAlignment'. An explicit conversion exists (are you missing a cast?)
	RT_820_conf.cs(5478,69): error CS0266: Cannot implicitly convert type `int' to `System.Windows.Forms.DataGridViewContentAlignment'. An explicit conversion exists (are you missing a cast?)
	RT_820_conf.cs(5536,66): error CS0266: Cannot implicitly convert type `int' to `System.Windows.Forms.DataGridViewContentAlignment'. An explicit conversion exists (are you missing a cast?)
	RT_820_conf.cs(5537,66): error CS0266: Cannot implicitly convert type `int' to `System.Windows.Forms.DataGridViewContentAlignment'. An explicit conversion exists (are you missing a cast?)
	RT_820_conf.cs(5538,66): error CS0266: Cannot implicitly convert type `int' to `System.Windows.Forms.DataGridViewContentAlignment'. An explicit conversion exists (are you missing a cast?)
	RT_820_conf.cs(5539,66): error CS0266: Cannot implicitly convert type `int' to `System.Windows.Forms.DataGridViewContentAlignment'. An explicit conversion exists (are you missing a cast?)
	RT_820_conf.cs(5540,66): error CS0266: Cannot implicitly convert type `int' to `System.Windows.Forms.DataGridViewContentAlignment'. An explicit conversion exists (are you missing a cast?)
	RT_820_conf.cs(5541,66): error CS0266: Cannot implicitly convert type `int' to `System.Windows.Forms.DataGridViewContentAlignment'. An explicit conversion exists (are you missing a cast?)
	RT_820_conf.cs(5542,66): error CS0266: Cannot implicitly convert type `int' to `System.Windows.Forms.DataGridViewContentAlignment'. An explicit conversion exists (are you missing a cast?)
	RT_820_conf.cs(5543,66): error CS0266: Cannot implicitly convert type `int' to `System.Windows.Forms.DataGridViewContentAlignment'. An explicit conversion exists (are you missing a cast?)
	RT_820_conf.cs(5544,66): error CS0266: Cannot implicitly convert type `int' to `System.Windows.Forms.DataGridViewContentAlignment'. An explicit conversion exists (are you missing a cast?)
	RT_820_conf.cs(5545,66): error CS0266: Cannot implicitly convert type `int' to `System.Windows.Forms.DataGridViewContentAlignment'. An explicit conversion exists (are you missing a cast?)
	RT_820_conf.cs(5546,67): error CS0266: Cannot implicitly convert type `int' to `System.Windows.Forms.DataGridViewContentAlignment'. An explicit conversion exists (are you missing a cast?)
	RT_820_conf.cs(5547,67): error CS0266: Cannot implicitly convert type `int' to `System.Windows.Forms.DataGridViewContentAlignment'. An explicit conversion exists (are you missing a cast?)
	RT_820_conf.cs(5548,67): error CS0266: Cannot implicitly convert type `int' to `System.Windows.Forms.DataGridViewContentAlignment'. An explicit conversion exists (are you missing a cast?)
	RT_820_conf.cs(5597,74): error CS0266: Cannot implicitly convert type `int' to `System.Windows.Forms.DataGridViewContentAlignment'. An explicit conversion exists (are you missing a cast?)
	RT_820_conf.cs(5598,74): error CS0266: Cannot implicitly convert type `int' to `System.Windows.Forms.DataGridViewContentAlignment'. An explicit conversion exists (are you missing a cast?)
	RT_820_conf.cs(5599,74): error CS0266: Cannot implicitly convert type `int' to `System.Windows.Forms.DataGridViewContentAlignment'. An explicit conversion exists (are you missing a cast?)
	RT_820_conf.cs(5600,74): error CS0266: Cannot implicitly convert type `int' to `System.Windows.Forms.DataGridViewContentAlignment'. An explicit conversion exists (are you missing a cast?)
	RT_820_conf.cs(5601,74): error CS0266: Cannot implicitly convert type `int' to `System.Windows.Forms.DataGridViewContentAlignment'. An explicit conversion exists (are you missing a cast?)
	RT_820_conf.cs(5602,74): error CS0266: Cannot implicitly convert type `int' to `System.Windows.Forms.DataGridViewContentAlignment'. An explicit conversion exists (are you missing a cast?)
	RT_820_conf.cs(5603,74): error CS0266: Cannot implicitly convert type `int' to `System.Windows.Forms.DataGridViewContentAlignment'. An explicit conversion exists (are you missing a cast?)
	RT_820_conf.cs(5604,74): error CS0266: Cannot implicitly convert type `int' to `System.Windows.Forms.DataGridViewContentAlignment'. An explicit conversion exists (are you missing a cast?)
	RT_820_conf.cs(5605,74): error CS0266: Cannot implicitly convert type `int' to `System.Windows.Forms.DataGridViewContentAlignment'. An explicit conversion exists (are you missing a cast?)
	RT_820_conf.cs(5606,74): error CS0266: Cannot implicitly convert type `int' to `System.Windows.Forms.DataGridViewContentAlignment'. An explicit conversion exists (are you missing a cast?)
	RT_820_conf.cs(5607,75): error CS0266: Cannot implicitly convert type `int' to `System.Windows.Forms.DataGridViewContentAlignment'. An explicit conversion exists (are you missing a cast?)
	RT_820_conf.cs(5608,75): error CS0266: Cannot implicitly convert type `int' to `System.Windows.Forms.DataGridViewContentAlignment'. An explicit conversion exists (are you missing a cast?)
	RT_820_conf.cs(5609,75): error CS0266: Cannot implicitly convert type `int' to `System.Windows.Forms.DataGridViewContentAlignment'. An explicit conversion exists (are you missing a cast?)
	RT_820_conf.cs(5610,75): error CS0266: Cannot implicitly convert type `int' to `System.Windows.Forms.DataGridViewContentAlignment'. An explicit conversion exists (are you missing a cast?)
	RT_820_conf.cs(5669,78): error CS0266: Cannot implicitly convert type `int' to `System.Windows.Forms.DataGridViewContentAlignment'. An explicit conversion exists (are you missing a cast?)
	RT_820_conf.cs(5738,78): error CS0266: Cannot implicitly convert type `int' to `System.Windows.Forms.DataGridViewContentAlignment'. An explicit conversion exists (are you missing a cast?)
	RT_820_conf.cs(5807,78): error CS0266: Cannot implicitly convert type `int' to `System.Windows.Forms.DataGridViewContentAlignment'. An explicit conversion exists (are you missing a cast?)
	RT_820_conf.cs(5876,78): error CS0266: Cannot implicitly convert type `int' to `System.Windows.Forms.DataGridViewContentAlignment'. An explicit conversion exists (are you missing a cast?)
	RT_820_conf.cs(5939,78): error CS0266: Cannot implicitly convert type `int' to `System.Windows.Forms.DataGridViewContentAlignment'. An explicit conversion exists (are you missing a cast?)
	RT_820_conf.cs(6002,78): error CS0266: Cannot implicitly convert type `int' to `System.Windows.Forms.DataGridViewContentAlignment'. An explicit conversion exists (are you missing a cast?)
	RT_820_conf.cs(6065,78): error CS0266: Cannot implicitly convert type `int' to `System.Windows.Forms.DataGridViewContentAlignment'. An explicit conversion exists (are you missing a cast?)
	RT_820_conf.cs(6079,181): error CS0266: Cannot implicitly convert type `System.Windows.Forms.HorizontalAlignment' to `System.Windows.Forms.DataGridViewContentAlignment'. An explicit conversion exists (are you missing a cast?)
	RT_820_conf.cs(6162,189): error CS0266: Cannot implicitly convert type `System.Windows.Forms.HorizontalAlignment' to `System.Windows.Forms.DataGridViewContentAlignment'. An explicit conversion exists (are you missing a cast?)
	RT_820_conf.cs(6246,189): error CS0266: Cannot implicitly convert type `System.Windows.Forms.HorizontalAlignment' to `System.Windows.Forms.DataGridViewContentAlignment'. An explicit conversion exists (are you missing a cast?)
	RT_820_conf.cs(6327,199): error CS0266: Cannot implicitly convert type `System.Windows.Forms.HorizontalAlignment' to `System.Windows.Forms.DataGridViewContentAlignment'. An explicit conversion exists (are you missing a cast?)
	RT_820_conf.cs(6388,64): error CS0266: Cannot implicitly convert type `int' to `System.Windows.Forms.DataGridViewContentAlignment'. An explicit conversion exists (are you missing a cast?)
	RT_820_conf.cs(6428,195): error CS0266: Cannot implicitly convert type `System.Windows.Forms.HorizontalAlignment' to `System.Windows.Forms.DataGridViewContentAlignment'. An explicit conversion exists (are you missing a cast?)
	RT_820_conf.cs(6496,60): error CS0266: Cannot implicitly convert type `int' to `System.Windows.Forms.DataGridViewContentAlignment'. An explicit conversion exists (are you missing a cast?)
	RT_820_conf.cs(6516,200): error CS0266: Cannot implicitly convert type `System.Windows.Forms.HorizontalAlignment' to `System.Windows.Forms.DataGridViewContentAlignment'. An explicit conversion exists (are you missing a cast?)
	RT_820_conf.cs(6590,67): error CS0266: Cannot implicitly convert type `int' to `System.Windows.Forms.DataGridViewContentAlignment'. An explicit conversion exists (are you missing a cast?)
	RT_820_conf.cs(6591,67): error CS0266: Cannot implicitly convert type `int' to `System.Windows.Forms.DataGridViewContentAlignment'. An explicit conversion exists (are you missing a cast?)
	RT_820_conf.cs(6592,67): error CS0266: Cannot implicitly convert type `int' to `System.Windows.Forms.DataGridViewContentAlignment'. An explicit conversion exists (are you missing a cast?)
	RT_820_conf.cs(6593,67): error CS0266: Cannot implicitly convert type `int' to `System.Windows.Forms.DataGridViewContentAlignment'. An explicit conversion exists (are you missing a cast?)
	RT_820_conf.cs(6594,67): error CS0266: Cannot implicitly convert type `int' to `System.Windows.Forms.DataGridViewContentAlignment'. An explicit conversion exists (are you missing a cast?)
	RT_820_conf.cs(6595,67): error CS0266: Cannot implicitly convert type `int' to `System.Windows.Forms.DataGridViewContentAlignment'. An explicit conversion exists (are you missing a cast?)
	RT_820_conf.cs(6596,67): error CS0266: Cannot implicitly convert type `int' to `System.Windows.Forms.DataGridViewContentAlignment'. An explicit conversion exists (are you missing a cast?)
	RT_820_conf.cs(6597,67): error CS0266: Cannot implicitly convert type `int' to `System.Windows.Forms.DataGridViewContentAlignment'. An explicit conversion exists (are you missing a cast?)
	RT_820_conf.cs(6598,67): error CS0266: Cannot implicitly convert type `int' to `System.Windows.Forms.DataGridViewContentAlignment'. An explicit conversion exists (are you missing a cast?)
	RT_820_conf.cs(6599,67): error CS0266: Cannot implicitly convert type `int' to `System.Windows.Forms.DataGridViewContentAlignment'. An explicit conversion exists (are you missing a cast?)
	RT_820_conf.cs(6607,200): error CS0266: Cannot implicitly convert type `System.Windows.Forms.HorizontalAlignment' to `System.Windows.Forms.DataGridViewContentAlignment'. An explicit conversion exists (are you missing a cast?)
	RT_820_conf.cs(6685,67): error CS0266: Cannot implicitly convert type `int' to `System.Windows.Forms.DataGridViewContentAlignment'. An explicit conversion exists (are you missing a cast?)
	RT_820_conf.cs(6686,67): error CS0266: Cannot implicitly convert type `int' to `System.Windows.Forms.DataGridViewContentAlignment'. An explicit conversion exists (are you missing a cast?)
	RT_820_conf.cs(6687,67): error CS0266: Cannot implicitly convert type `int' to `System.Windows.Forms.DataGridViewContentAlignment'. An explicit conversion exists (are you missing a cast?)
	RT_820_conf.cs(6688,67): error CS0266: Cannot implicitly convert type `int' to `System.Windows.Forms.DataGridViewContentAlignment'. An explicit conversion exists (are you missing a cast?)
	RT_820_conf.cs(6689,67): error CS0266: Cannot implicitly convert type `int' to `System.Windows.Forms.DataGridViewContentAlignment'. An explicit conversion exists (are you missing a cast?)
	RT_820_conf.cs(6690,67): error CS0266: Cannot implicitly convert type `int' to `System.Windows.Forms.DataGridViewContentAlignment'. An explicit conversion exists (are you missing a cast?)
	RT_820_conf.cs(6733,198): error CS0266: Cannot implicitly convert type `System.Windows.Forms.HorizontalAlignment' to `System.Windows.Forms.DataGridViewContentAlignment'. An explicit conversion exists (are you missing a cast?)
	RT_820_conf.cs(6827,63): error CS0266: Cannot implicitly convert type `int' to `System.Windows.Forms.DataGridViewContentAlignment'. An explicit conversion exists (are you missing a cast?)
	RT_820_conf.cs(6828,63): error CS0266: Cannot implicitly convert type `int' to `System.Windows.Forms.DataGridViewContentAlignment'. An explicit conversion exists (are you missing a cast?)
	RT_820_conf.cs(6829,63): error CS0266: Cannot implicitly convert type `int' to `System.Windows.Forms.DataGridViewContentAlignment'. An explicit conversion exists (are you missing a cast?)
	RT_820_conf.cs(6830,63): error CS0266: Cannot implicitly convert type `int' to `System.Windows.Forms.DataGridViewContentAlignment'. An explicit conversion exists (are you missing a cast?)
	RT_820_conf.cs(6831,63): error CS0266: Cannot implicitly convert type `int' to `System.Windows.Forms.DataGridViewContentAlignment'. An explicit conversion exists (are you missing a cast?)
	RT_820_conf.cs(6832,63): error CS0266: Cannot implicitly convert type `int' to `System.Windows.Forms.DataGridViewContentAlignment'. An explicit conversion exists (are you missing a cast?)
	RT_820_conf.cs(6833,63): error CS0266: Cannot implicitly convert type `int' to `System.Windows.Forms.DataGridViewContentAlignment'. An explicit conversion exists (are you missing a cast?)
	RT_820_conf.cs(6834,63): error CS0266: Cannot implicitly convert type `int' to `System.Windows.Forms.DataGridViewContentAlignment'. An explicit conversion exists (are you missing a cast?)
	RT_820_conf.cs(6835,63): error CS0266: Cannot implicitly convert type `int' to `System.Windows.Forms.DataGridViewContentAlignment'. An explicit conversion exists (are you missing a cast?)
	RT_820_conf.cs(6836,63): error CS0266: Cannot implicitly convert type `int' to `System.Windows.Forms.DataGridViewContentAlignment'. An explicit conversion exists (are you missing a cast?)
	RT_820_conf.cs(6837,64): error CS0266: Cannot implicitly convert type `int' to `System.Windows.Forms.DataGridViewContentAlignment'. An explicit conversion exists (are you missing a cast?)
	RT_820_conf.cs(6838,64): error CS0266: Cannot implicitly convert type `int' to `System.Windows.Forms.DataGridViewContentAlignment'. An explicit conversion exists (are you missing a cast?)
	RT_820_conf.cs(8952,9): error CS0165: Use of unassigned local variable `num59'
	RT_820_conf.cs(9280,5): error CS0165: Use of unassigned local variable `enumerator'
	RT_820_conf.cs(10828,9): error CS0165: Use of unassigned local variable `num6'
	RT_820_conf.cs(11696,16): error CS1502: The best overloaded method match for `System.Windows.Forms.MessageBox.Show(string, string, System.Windows.Forms.MessageBoxButtons, System.Windows.Forms.MessageBoxIcon)' has some invalid arguments
	RT_820_conf.cs(11696,43): error CS1503: Argument `#4' cannot convert `int' expression to type `System.Windows.Forms.MessageBoxIcon'
	RT_820_conf.cs(12017,17): error CS1502: The best overloaded method match for `System.Drawing.Font.Font(string, float, System.Drawing.FontStyle, System.Drawing.GraphicsUnit)' has some invalid arguments
	RT_820_conf.cs(12017,42): error CS1503: Argument `#3' cannot convert `int' expression to type `System.Drawing.FontStyle'
	RT_820_conf.cs(12019,17): error CS1502: The best overloaded method match for `System.Drawing.Font.Font(string, float, System.Drawing.FontStyle, System.Drawing.GraphicsUnit)' has some invalid arguments
	RT_820_conf.cs(12019,42): error CS1503: Argument `#3' cannot convert `int' expression to type `System.Drawing.FontStyle'
	RT_820_conf.cs(12636,17): error CS1502: The best overloaded method match for `System.Drawing.Font.Font(string, float, System.Drawing.FontStyle, System.Drawing.GraphicsUnit)' has some invalid arguments
	RT_820_conf.cs(12636,42): error CS1503: Argument `#3' cannot convert `int' expression to type `System.Drawing.FontStyle'
	RT_820_conf.cs(12638,17): error CS1502: The best overloaded method match for `System.Drawing.Font.Font(string, float, System.Drawing.FontStyle, System.Drawing.GraphicsUnit)' has some invalid arguments
	RT_820_conf.cs(12638,42): error CS1503: Argument `#3' cannot convert `int' expression to type `System.Drawing.FontStyle'
	RT_820_conf.cs(12720,17): error CS1502: The best overloaded method match for `System.Drawing.Font.Font(string, float, System.Drawing.FontStyle, System.Drawing.GraphicsUnit)' has some invalid arguments
	RT_820_conf.cs(12720,42): error CS1503: Argument `#3' cannot convert `int' expression to type `System.Drawing.FontStyle'
	RT_820_conf.cs(12722,17): error CS1502: The best overloaded method match for `System.Drawing.Font.Font(string, float, System.Drawing.FontStyle, System.Drawing.GraphicsUnit)' has some invalid arguments
	RT_820_conf.cs(12722,42): error CS1503: Argument `#3' cannot convert `int' expression to type `System.Drawing.FontStyle'
	RT_820_conf.cs(12952,17): error CS1502: The best overloaded method match for `System.Drawing.Font.Font(string, float, System.Drawing.FontStyle, System.Drawing.GraphicsUnit)' has some invalid arguments
	RT_820_conf.cs(12952,42): error CS1503: Argument `#3' cannot convert `int' expression to type `System.Drawing.FontStyle'
	RT_820_conf.cs(12954,17): error CS1502: The best overloaded method match for `System.Drawing.Font.Font(string, float, System.Drawing.FontStyle, System.Drawing.GraphicsUnit)' has some invalid arguments
	RT_820_conf.cs(12954,42): error CS1503: Argument `#3' cannot convert `int' expression to type `System.Drawing.FontStyle'
	RT_820_conf.cs(13243,17): error CS1502: The best overloaded method match for `System.Drawing.Font.Font(string, float, System.Drawing.FontStyle, System.Drawing.GraphicsUnit)' has some invalid arguments
	RT_820_conf.cs(13243,42): error CS1503: Argument `#3' cannot convert `int' expression to type `System.Drawing.FontStyle'
	RT_820_conf.cs(13245,17): error CS1502: The best overloaded method match for `System.Drawing.Font.Font(string, float, System.Drawing.FontStyle, System.Drawing.GraphicsUnit)' has some invalid arguments
	RT_820_conf.cs(13245,42): error CS1503: Argument `#3' cannot convert `int' expression to type `System.Drawing.FontStyle'
	RT_820_conf.cs(13427,17): error CS1502: The best overloaded method match for `System.Drawing.Font.Font(string, float, System.Drawing.FontStyle, System.Drawing.GraphicsUnit)' has some invalid arguments
	RT_820_conf.cs(13427,42): error CS1503: Argument `#3' cannot convert `int' expression to type `System.Drawing.FontStyle'
	RT_820_conf.cs(13429,17): error CS1502: The best overloaded method match for `System.Drawing.Font.Font(string, float, System.Drawing.FontStyle, System.Drawing.GraphicsUnit)' has some invalid arguments
	RT_820_conf.cs(13429,42): error CS1503: Argument `#3' cannot convert `int' expression to type `System.Drawing.FontStyle'
	RT_820_conf.cs(13745,17): error CS1502: The best overloaded method match for `System.Drawing.Font.Font(string, float, System.Drawing.FontStyle, System.Drawing.GraphicsUnit)' has some invalid arguments
	RT_820_conf.cs(13745,42): error CS1503: Argument `#3' cannot convert `int' expression to type `System.Drawing.FontStyle'
	RT_820_conf.cs(13747,17): error CS1502: The best overloaded method match for `System.Drawing.Font.Font(string, float, System.Drawing.FontStyle, System.Drawing.GraphicsUnit)' has some invalid arguments
	RT_820_conf.cs(13747,42): error CS1503: Argument `#3' cannot convert `int' expression to type `System.Drawing.FontStyle'
	RT_820_conf.cs(14180,45): error CS0165: Use of unassigned local variable `flag'
	RT_820_conf.cs(14398,80): error CS0165: Use of unassigned local variable `valor'
	RT_820_conf.cs(14399,81): error CS0165: Use of unassigned local variable `num'
	RT_820_conf.cs(14403,79): error CS0165: Use of unassigned local variable `valor'
	RT_820_conf.cs(14404,80): error CS0165: Use of unassigned local variable `num'
	RT_820_conf.cs(14408,79): error CS0165: Use of unassigned local variable `valor'
	RT_820_conf.cs(14409,80): error CS0165: Use of unassigned local variable `num'
	RT_820_conf.cs(14413,77): error CS0165: Use of unassigned local variable `valor'
	RT_820_conf.cs(14414,78): error CS0165: Use of unassigned local variable `num'
	RT_820_conf.cs(14418,76): error CS0165: Use of unassigned local variable `valor'
	RT_820_conf.cs(14419,77): error CS0165: Use of unassigned local variable `num'
	RT_820_conf.cs(14474,67): error CS0165: Use of unassigned local variable `valor'
	RT_820_conf.cs(14475,68): error CS0165: Use of unassigned local variable `num'
	RT_820_conf.cs(14479,66): error CS0165: Use of unassigned local variable `valor'
	RT_820_conf.cs(14480,67): error CS0165: Use of unassigned local variable `num'
	RT_820_conf.cs(14484,66): error CS0165: Use of unassigned local variable `valor'
	RT_820_conf.cs(14485,67): error CS0165: Use of unassigned local variable `num'
	RT_820_conf.cs(14489,69): error CS0165: Use of unassigned local variable `valor'
	RT_820_conf.cs(14490,70): error CS0165: Use of unassigned local variable `num'
	RT_820_conf.cs(14494,68): error CS0165: Use of unassigned local variable `valor'
	RT_820_conf.cs(14495,69): error CS0165: Use of unassigned local variable `num'
	RT_820_conf.cs(15124,67): error CS0165: Use of unassigned local variable `valor'
	RT_820_conf.cs(15125,68): error CS0165: Use of unassigned local variable `num'
	RT_820_conf.cs(15129,66): error CS0165: Use of unassigned local variable `valor'
	RT_820_conf.cs(15130,67): error CS0165: Use of unassigned local variable `num'
	RT_820_conf.cs(15134,66): error CS0165: Use of unassigned local variable `valor'
	RT_820_conf.cs(15135,67): error CS0165: Use of unassigned local variable `num'
	RT_820_conf.cs(15139,69): error CS0165: Use of unassigned local variable `valor'
	RT_820_conf.cs(15140,70): error CS0165: Use of unassigned local variable `num'
	RT_820_conf.cs(15144,68): error CS0165: Use of unassigned local variable `valor'
	RT_820_conf.cs(15145,69): error CS0165: Use of unassigned local variable `num'
	RT_820_conf.cs(16228,67): error CS0165: Use of unassigned local variable `valor'
	RT_820_conf.cs(16229,68): error CS0165: Use of unassigned local variable `num'
	RT_820_conf.cs(16233,66): error CS0165: Use of unassigned local variable `valor'
	RT_820_conf.cs(16234,67): error CS0165: Use of unassigned local variable `num'
	RT_820_conf.cs(16238,66): error CS0165: Use of unassigned local variable `valor'
	RT_820_conf.cs(16239,67): error CS0165: Use of unassigned local variable `num'
	RT_820_conf.cs(16243,69): error CS0165: Use of unassigned local variable `valor'
	RT_820_conf.cs(16244,70): error CS0165: Use of unassigned local variable `num'
	RT_820_conf.cs(16248,68): error CS0165: Use of unassigned local variable `valor'
	RT_820_conf.cs(16249,69): error CS0165: Use of unassigned local variable `num'
	RT_820_conf.cs(16328,67): error CS0165: Use of unassigned local variable `valor'
	RT_820_conf.cs(16329,68): error CS0165: Use of unassigned local variable `num'
	RT_820_conf.cs(16333,66): error CS0165: Use of unassigned local variable `valor'
	RT_820_conf.cs(16334,67): error CS0165: Use of unassigned local variable `num'
	RT_820_conf.cs(16338,66): error CS0165: Use of unassigned local variable `valor'
	RT_820_conf.cs(16339,67): error CS0165: Use of unassigned local variable `num'
	RT_820_conf.cs(16343,69): error CS0165: Use of unassigned local variable `valor'
	RT_820_conf.cs(16344,70): error CS0165: Use of unassigned local variable `num'
	RT_820_conf.cs(16348,68): error CS0165: Use of unassigned local variable `valor'
	RT_820_conf.cs(16349,69): error CS0165: Use of unassigned local variable `num'
	RT_820_conf.Designer.cs(1119,174): error CS0266: Cannot implicitly convert type `System.Windows.Forms.HorizontalAlignment' to `System.Windows.Forms.DataGridViewContentAlignment'. An explicit conversion exists (are you missing a cast?)
	RT_820_conf.Designer.cs(1127,63): error CS0266: Cannot implicitly convert type `int' to `System.Windows.Forms.DataGridViewColumnHeadersHeightSizeMode'. An explicit conversion exists (are you missing a cast?)
	RT_820_conf.Designer.cs(1128,174): error CS0266: Cannot implicitly convert type `System.Windows.Forms.HorizontalAlignment' to `System.Windows.Forms.DataGridViewContentAlignment'. An explicit conversion exists (are you missing a cast?)
	RT_820_conf.Designer.cs(1140,174): error CS0266: Cannot implicitly convert type `System.Windows.Forms.HorizontalAlignment' to `System.Windows.Forms.DataGridViewContentAlignment'. An explicit conversion exists (are you missing a cast?)
	RT_820_conf.Designer.cs(1169,174): error CS0266: Cannot implicitly convert type `System.Windows.Forms.HorizontalAlignment' to `System.Windows.Forms.DataGridViewContentAlignment'. An explicit conversion exists (are you missing a cast?)
	RT_820_conf.Designer.cs(1177,65): error CS0266: Cannot implicitly convert type `int' to `System.Windows.Forms.DataGridViewColumnHeadersHeightSizeMode'. An explicit conversion exists (are you missing a cast?)
	RT_820_conf.Designer.cs(1178,174): error CS0266: Cannot implicitly convert type `System.Windows.Forms.HorizontalAlignment' to `System.Windows.Forms.DataGridViewContentAlignment'. An explicit conversion exists (are you missing a cast?)
	RT_820_conf.Designer.cs(1190,174): error CS0266: Cannot implicitly convert type `System.Windows.Forms.HorizontalAlignment' to `System.Windows.Forms.DataGridViewContentAlignment'. An explicit conversion exists (are you missing a cast?)
	RT_820_conf.Designer.cs(1238,175): error CS0266: Cannot implicitly convert type `System.Windows.Forms.HorizontalAlignment' to `System.Windows.Forms.DataGridViewContentAlignment'. An explicit conversion exists (are you missing a cast?)
	RT_820_conf.Designer.cs(1246,70): error CS0266: Cannot implicitly convert type `int' to `System.Windows.Forms.DataGridViewColumnHeadersHeightSizeMode'. An explicit conversion exists (are you missing a cast?)
	RT_820_conf.Designer.cs(1247,175): error CS0266: Cannot implicitly convert type `System.Windows.Forms.HorizontalAlignment' to `System.Windows.Forms.DataGridViewContentAlignment'. An explicit conversion exists (are you missing a cast?)
	RT_820_conf.Designer.cs(1258,175): error CS0266: Cannot implicitly convert type `System.Windows.Forms.HorizontalAlignment' to `System.Windows.Forms.DataGridViewContentAlignment'. An explicit conversion exists (are you missing a cast?)
	RT_820_conf.Designer.cs(1381,175): error CS0266: Cannot implicitly convert type `System.Windows.Forms.HorizontalAlignment' to `System.Windows.Forms.DataGridViewContentAlignment'. An explicit conversion exists (are you missing a cast?)
	RT_820_conf.Designer.cs(1389,61): error CS0266: Cannot implicitly convert type `int' to `System.Windows.Forms.DataGridViewColumnHeadersHeightSizeMode'. An explicit conversion exists (are you missing a cast?)
	RT_820_conf.Designer.cs(1390,175): error CS0266: Cannot implicitly convert type `System.Windows.Forms.HorizontalAlignment' to `System.Windows.Forms.DataGridViewContentAlignment'. An explicit conversion exists (are you missing a cast?)
	RT_820_conf.Designer.cs(1401,175): error CS0266: Cannot implicitly convert type `System.Windows.Forms.HorizontalAlignment' to `System.Windows.Forms.DataGridViewContentAlignment'. An explicit conversion exists (are you missing a cast?)
	RT_820_conf.Designer.cs(1471,47): error CS0266: Cannot implicitly convert type `int' to `System.Windows.Forms.DataGridViewColumnHeadersHeightSizeMode'. An explicit conversion exists (are you missing a cast?)
	RT_820_conf.Designer.cs(1534,175): error CS0266: Cannot implicitly convert type `System.Windows.Forms.HorizontalAlignment' to `System.Windows.Forms.DataGridViewContentAlignment'. An explicit conversion exists (are you missing a cast?)
	RT_820_conf.Designer.cs(1542,66): error CS0266: Cannot implicitly convert type `int' to `System.Windows.Forms.DataGridViewColumnHeadersHeightSizeMode'. An explicit conversion exists (are you missing a cast?)
	RT_820_conf.Designer.cs(1543,175): error CS0266: Cannot implicitly convert type `System.Windows.Forms.HorizontalAlignment' to `System.Windows.Forms.DataGridViewContentAlignment'. An explicit conversion exists (are you missing a cast?)
	RT_820_conf.Designer.cs(1554,175): error CS0266: Cannot implicitly convert type `System.Windows.Forms.HorizontalAlignment' to `System.Windows.Forms.DataGridViewContentAlignment'. An explicit conversion exists (are you missing a cast?)
	RT_820_conf.Designer.cs(1616,71): error CS0266: Cannot implicitly convert type `int' to `System.Windows.Forms.DataGridViewColumnHeadersHeightSizeMode'. An explicit conversion exists (are you missing a cast?)
	RT_820_conf.Designer.cs(1620,67): error CS0266: Cannot implicitly convert type `int' to `System.Windows.Forms.DataGridViewRowHeadersWidthSizeMode'. An explicit conversion exists (are you missing a cast?)
	RT_820_conf.Designer.cs(1642,175): error CS0266: Cannot implicitly convert type `System.Windows.Forms.HorizontalAlignment' to `System.Windows.Forms.DataGridViewContentAlignment'. An explicit conversion exists (are you missing a cast?)
	RT_820_conf.Designer.cs(1650,69): error CS0266: Cannot implicitly convert type `int' to `System.Windows.Forms.DataGridViewColumnHeadersHeightSizeMode'. An explicit conversion exists (are you missing a cast?)
	RT_820_conf.Designer.cs(1651,175): error CS0266: Cannot implicitly convert type `System.Windows.Forms.HorizontalAlignment' to `System.Windows.Forms.DataGridViewContentAlignment'. An explicit conversion exists (are you missing a cast?)
	RT_820_conf.Designer.cs(1662,175): error CS0266: Cannot implicitly convert type `System.Windows.Forms.HorizontalAlignment' to `System.Windows.Forms.DataGridViewContentAlignment'. An explicit conversion exists (are you missing a cast?)
	RT_820_conf.Designer.cs(1692,175): error CS0266: Cannot implicitly convert type `System.Windows.Forms.HorizontalAlignment' to `System.Windows.Forms.DataGridViewContentAlignment'. An explicit conversion exists (are you missing a cast?)
	RT_820_conf.Designer.cs(1700,65): error CS0266: Cannot implicitly convert type `int' to `System.Windows.Forms.DataGridViewColumnHeadersHeightSizeMode'. An explicit conversion exists (are you missing a cast?)
	RT_820_conf.Designer.cs(1701,175): error CS0266: Cannot implicitly convert type `System.Windows.Forms.HorizontalAlignment' to `System.Windows.Forms.DataGridViewContentAlignment'. An explicit conversion exists (are you missing a cast?)
	RT_820_conf.Designer.cs(1712,175): error CS0266: Cannot implicitly convert type `System.Windows.Forms.HorizontalAlignment' to `System.Windows.Forms.DataGridViewContentAlignment'. An explicit conversion exists (are you missing a cast?)
	RT_820_conf.Designer.cs(1720,61): error CS0266: Cannot implicitly convert type `int' to `System.Windows.Forms.DataGridViewRowHeadersWidthSizeMode'. An explicit conversion exists (are you missing a cast?)
	RT_820_conf.Designer.cs(1771,62): error CS0266: Cannot implicitly convert type `int' to `System.Windows.Forms.DataGridViewColumnHeadersHeightSizeMode'. An explicit conversion exists (are you missing a cast?)
	RT_820_conf.Designer.cs(1788,61): error CS0266: Cannot implicitly convert type `int' to `System.Windows.Forms.DataGridViewColumnHeadersHeightSizeMode'. An explicit conversion exists (are you missing a cast?)
	RT_820_conf.Designer.cs(1792,57): error CS0266: Cannot implicitly convert type `int' to `System.Windows.Forms.DataGridViewRowHeadersWidthSizeMode'. An explicit conversion exists (are you missing a cast?)
	RT_820_conf.Designer.cs(1811,52): error CS0266: Cannot implicitly convert type `int' to `System.Windows.Forms.DataGridViewColumnHeadersHeightSizeMode'. An explicit conversion exists (are you missing a cast?)
	RT_820_conf.Designer.cs(1815,48): error CS0266: Cannot implicitly convert type `int' to `System.Windows.Forms.DataGridViewRowHeadersWidthSizeMode'. An explicit conversion exists (are you missing a cast?)
	RT_820_conf.Designer.cs(1853,62): error CS0266: Cannot implicitly convert type `int' to `System.Windows.Forms.DataGridViewColumnHeadersHeightSizeMode'. An explicit conversion exists (are you missing a cast?)
	RT_820_conf.Designer.cs(1867,175): error CS0266: Cannot implicitly convert type `System.Windows.Forms.HorizontalAlignment' to `System.Windows.Forms.DataGridViewContentAlignment'. An explicit conversion exists (are you missing a cast?)
	RT_820_conf.Designer.cs(1875,61): error CS0266: Cannot implicitly convert type `int' to `System.Windows.Forms.DataGridViewColumnHeadersHeightSizeMode'. An explicit conversion exists (are you missing a cast?)
	RT_820_conf.Designer.cs(1876,175): error CS0266: Cannot implicitly convert type `System.Windows.Forms.HorizontalAlignment' to `System.Windows.Forms.DataGridViewContentAlignment'. An explicit conversion exists (are you missing a cast?)
	RT_820_conf.Designer.cs(1887,175): error CS0266: Cannot implicitly convert type `System.Windows.Forms.HorizontalAlignment' to `System.Windows.Forms.DataGridViewContentAlignment'. An explicit conversion exists (are you missing a cast?)
	RT_820_conf.Designer.cs(1895,57): error CS0266: Cannot implicitly convert type `int' to `System.Windows.Forms.DataGridViewRowHeadersWidthSizeMode'. An explicit conversion exists (are you missing a cast?)
	RT_820_conf.Designer.cs(1905,52): error CS0266: Cannot implicitly convert type `int' to `System.Windows.Forms.DataGridViewColumnHeadersHeightSizeMode'. An explicit conversion exists (are you missing a cast?)
	RT_820_conf.Designer.cs(1909,48): error CS0266: Cannot implicitly convert type `int' to `System.Windows.Forms.DataGridViewRowHeadersWidthSizeMode'. An explicit conversion exists (are you missing a cast?)
	RT_820_conf.Designer.cs(1953,62): error CS0266: Cannot implicitly convert type `int' to `System.Windows.Forms.DataGridViewColumnHeadersHeightSizeMode'. An explicit conversion exists (are you missing a cast?)
	RT_820_conf.Designer.cs(1970,61): error CS0266: Cannot implicitly convert type `int' to `System.Windows.Forms.DataGridViewColumnHeadersHeightSizeMode'. An explicit conversion exists (are you missing a cast?)
	RT_820_conf.Designer.cs(1974,57): error CS0266: Cannot implicitly convert type `int' to `System.Windows.Forms.DataGridViewRowHeadersWidthSizeMode'. An explicit conversion exists (are you missing a cast?)
	RT_820_conf.Designer.cs(1993,52): error CS0266: Cannot implicitly convert type `int' to `System.Windows.Forms.DataGridViewColumnHeadersHeightSizeMode'. An explicit conversion exists (are you missing a cast?)
	RT_820_conf.Designer.cs(1997,48): error CS0266: Cannot implicitly convert type `int' to `System.Windows.Forms.DataGridViewRowHeadersWidthSizeMode'. An explicit conversion exists (are you missing a cast?)
	RT_820_conf.Designer.cs(2035,62): error CS0266: Cannot implicitly convert type `int' to `System.Windows.Forms.DataGridViewColumnHeadersHeightSizeMode'. An explicit conversion exists (are you missing a cast?)
	RT_820_conf.Designer.cs(2049,175): error CS0266: Cannot implicitly convert type `System.Windows.Forms.HorizontalAlignment' to `System.Windows.Forms.DataGridViewContentAlignment'. An explicit conversion exists (are you missing a cast?)
	RT_820_conf.Designer.cs(2057,61): error CS0266: Cannot implicitly convert type `int' to `System.Windows.Forms.DataGridViewColumnHeadersHeightSizeMode'. An explicit conversion exists (are you missing a cast?)
	RT_820_conf.Designer.cs(2058,175): error CS0266: Cannot implicitly convert type `System.Windows.Forms.HorizontalAlignment' to `System.Windows.Forms.DataGridViewContentAlignment'. An explicit conversion exists (are you missing a cast?)
	RT_820_conf.Designer.cs(2069,175): error CS0266: Cannot implicitly convert type `System.Windows.Forms.HorizontalAlignment' to `System.Windows.Forms.DataGridViewContentAlignment'. An explicit conversion exists (are you missing a cast?)
	RT_820_conf.Designer.cs(2077,57): error CS0266: Cannot implicitly convert type `int' to `System.Windows.Forms.DataGridViewRowHeadersWidthSizeMode'. An explicit conversion exists (are you missing a cast?)
	RT_820_conf.Designer.cs(2087,52): error CS0266: Cannot implicitly convert type `int' to `System.Windows.Forms.DataGridViewColumnHeadersHeightSizeMode'. An explicit conversion exists (are you missing a cast?)
	RT_820_conf.Designer.cs(2091,48): error CS0266: Cannot implicitly convert type `int' to `System.Windows.Forms.DataGridViewRowHeadersWidthSizeMode'. An explicit conversion exists (are you missing a cast?)
	RT_820_conf.Designer.cs(2125,175): error CS0266: Cannot implicitly convert type `System.Windows.Forms.HorizontalAlignment' to `System.Windows.Forms.DataGridViewContentAlignment'. An explicit conversion exists (are you missing a cast?)
	RT_820_conf.Designer.cs(2133,66): error CS0266: Cannot implicitly convert type `int' to `System.Windows.Forms.DataGridViewColumnHeadersHeightSizeMode'. An explicit conversion exists (are you missing a cast?)
	RT_820_conf.Designer.cs(2134,175): error CS0266: Cannot implicitly convert type `System.Windows.Forms.HorizontalAlignment' to `System.Windows.Forms.DataGridViewContentAlignment'. An explicit conversion exists (are you missing a cast?)
	RT_820_conf.Designer.cs(2145,175): error CS0266: Cannot implicitly convert type `System.Windows.Forms.HorizontalAlignment' to `System.Windows.Forms.DataGridViewContentAlignment'. An explicit conversion exists (are you missing a cast?)
	RT_820_conf.Designer.cs(2290,175): error CS0266: Cannot implicitly convert type `System.Windows.Forms.HorizontalAlignment' to `System.Windows.Forms.DataGridViewContentAlignment'. An explicit conversion exists (are you missing a cast?)
	RT_820_conf.Designer.cs(2298,53): error CS0266: Cannot implicitly convert type `int' to `System.Windows.Forms.DataGridViewColumnHeadersHeightSizeMode'. An explicit conversion exists (are you missing a cast?)
	RT_820_conf.Designer.cs(2308,175): error CS0266: Cannot implicitly convert type `System.Windows.Forms.HorizontalAlignment' to `System.Windows.Forms.DataGridViewContentAlignment'. An explicit conversion exists (are you missing a cast?)
	RT_820_conf.Designer.cs(2319,175): error CS0266: Cannot implicitly convert type `System.Windows.Forms.HorizontalAlignment' to `System.Windows.Forms.DataGridViewContentAlignment'. An explicit conversion exists (are you missing a cast?)
	RT_820_conf.Designer.cs(2334,175): error CS0266: Cannot implicitly convert type `System.Windows.Forms.HorizontalAlignment' to `System.Windows.Forms.DataGridViewContentAlignment'. An explicit conversion exists (are you missing a cast?)
	RT_820_conf.Designer.cs(2366,175): error CS0266: Cannot implicitly convert type `System.Windows.Forms.HorizontalAlignment' to `System.Windows.Forms.DataGridViewContentAlignment'. An explicit conversion exists (are you missing a cast?)
	RT_820_conf.Designer.cs(2374,64): error CS0266: Cannot implicitly convert type `int' to `System.Windows.Forms.DataGridViewColumnHeadersHeightSizeMode'. An explicit conversion exists (are you missing a cast?)
	RT_820_conf.Designer.cs(2375,175): error CS0266: Cannot implicitly convert type `System.Windows.Forms.HorizontalAlignment' to `System.Windows.Forms.DataGridViewContentAlignment'. An explicit conversion exists (are you missing a cast?)
	RT_820_conf.Designer.cs(2386,175): error CS0266: Cannot implicitly convert type `System.Windows.Forms.HorizontalAlignment' to `System.Windows.Forms.DataGridViewContentAlignment'. An explicit conversion exists (are you missing a cast?)
	RT_820_conf.Designer.cs(2852,107): error CS0266: Cannot implicitly convert type `System.Windows.Forms.DataGridViewContentAlignment' to `System.Windows.Forms.HorizontalAlignment'. An explicit conversion exists (are you missing a cast?)
	RT_821_200_conf.cs(2977,67): error CS0266: Cannot implicitly convert type `int' to `System.Windows.Forms.DataGridViewContentAlignment'. An explicit conversion exists (are you missing a cast?)
	RT_821_200_conf.cs(2978,67): error CS0266: Cannot implicitly convert type `int' to `System.Windows.Forms.DataGridViewContentAlignment'. An explicit conversion exists (are you missing a cast?)
	RT_821_200_conf.cs(2979,67): error CS0266: Cannot implicitly convert type `int' to `System.Windows.Forms.DataGridViewContentAlignment'. An explicit conversion exists (are you missing a cast?)
	RT_821_200_conf.cs(2980,67): error CS0266: Cannot implicitly convert type `int' to `System.Windows.Forms.DataGridViewContentAlignment'. An explicit conversion exists (are you missing a cast?)
	RT_821_200_conf.cs(2981,67): error CS0266: Cannot implicitly convert type `int' to `System.Windows.Forms.DataGridViewContentAlignment'. An explicit conversion exists (are you missing a cast?)
	RT_821_200_conf.cs(2982,67): error CS0266: Cannot implicitly convert type `int' to `System.Windows.Forms.DataGridViewContentAlignment'. An explicit conversion exists (are you missing a cast?)
	RT_821_200_conf.cs(2983,67): error CS0266: Cannot implicitly convert type `int' to `System.Windows.Forms.DataGridViewContentAlignment'. An explicit conversion exists (are you missing a cast?)
	RT_821_200_conf.cs(2984,67): error CS0266: Cannot implicitly convert type `int' to `System.Windows.Forms.DataGridViewContentAlignment'. An explicit conversion exists (are you missing a cast?)
	RT_821_200_conf.cs(2985,67): error CS0266: Cannot implicitly convert type `int' to `System.Windows.Forms.DataGridViewContentAlignment'. An explicit conversion exists (are you missing a cast?)
	RT_821_200_conf.cs(2986,67): error CS0266: Cannot implicitly convert type `int' to `System.Windows.Forms.DataGridViewContentAlignment'. An explicit conversion exists (are you missing a cast?)
	RT_821_200_conf.cs(2987,68): error CS0266: Cannot implicitly convert type `int' to `System.Windows.Forms.DataGridViewContentAlignment'. An explicit conversion exists (are you missing a cast?)
	RT_821_200_conf.cs(2988,68): error CS0266: Cannot implicitly convert type `int' to `System.Windows.Forms.DataGridViewContentAlignment'. An explicit conversion exists (are you missing a cast?)
	RT_821_200_conf.cs(2989,68): error CS0266: Cannot implicitly convert type `int' to `System.Windows.Forms.DataGridViewContentAlignment'. An explicit conversion exists (are you missing a cast?)
	RT_821_200_conf.cs(2990,68): error CS0266: Cannot implicitly convert type `int' to `System.Windows.Forms.DataGridViewContentAlignment'. An explicit conversion exists (are you missing a cast?)
	RT_821_200_conf.cs(3157,64): error CS0266: Cannot implicitly convert type `int' to `System.Windows.Forms.DataGridViewContentAlignment'. An explicit conversion exists (are you missing a cast?)
	RT_821_200_conf.cs(3158,64): error CS0266: Cannot implicitly convert type `int' to `System.Windows.Forms.DataGridViewContentAlignment'. An explicit conversion exists (are you missing a cast?)
	RT_821_200_conf.cs(3191,59): error CS0266: Cannot implicitly convert type `int' to `System.Windows.Forms.DataGridViewContentAlignment'. An explicit conversion exists (are you missing a cast?)
	RT_821_200_conf.cs(3192,59): error CS0266: Cannot implicitly convert type `int' to `System.Windows.Forms.DataGridViewContentAlignment'. An explicit conversion exists (are you missing a cast?)
	RT_821_200_conf.cs(3193,59): error CS0266: Cannot implicitly convert type `int' to `System.Windows.Forms.DataGridViewContentAlignment'. An explicit conversion exists (are you missing a cast?)
	RT_821_200_conf.cs(3223,69): error CS0266: Cannot implicitly convert type `int' to `System.Windows.Forms.DataGridViewContentAlignment'. An explicit conversion exists (are you missing a cast?)
	RT_821_200_conf.cs(3224,69): error CS0266: Cannot implicitly convert type `int' to `System.Windows.Forms.DataGridViewContentAlignment'. An explicit conversion exists (are you missing a cast?)
	RT_821_200_conf.cs(3275,64): error CS0266: Cannot implicitly convert type `int' to `System.Windows.Forms.DataGridViewContentAlignment'. An explicit conversion exists (are you missing a cast?)
	RT_821_200_conf.cs(3315,195): error CS0266: Cannot implicitly convert type `System.Windows.Forms.HorizontalAlignment' to `System.Windows.Forms.DataGridViewContentAlignment'. An explicit conversion exists (are you missing a cast?)
	RT_821_200_conf.cs(3376,60): error CS0266: Cannot implicitly convert type `int' to `System.Windows.Forms.DataGridViewContentAlignment'. An explicit conversion exists (are you missing a cast?)
	RT_821_200_conf.cs(3410,200): error CS0266: Cannot implicitly convert type `System.Windows.Forms.HorizontalAlignment' to `System.Windows.Forms.DataGridViewContentAlignment'. An explicit conversion exists (are you missing a cast?)
	RT_821_200_conf.cs(3484,67): error CS0266: Cannot implicitly convert type `int' to `System.Windows.Forms.DataGridViewContentAlignment'. An explicit conversion exists (are you missing a cast?)
	RT_821_200_conf.cs(3485,67): error CS0266: Cannot implicitly convert type `int' to `System.Windows.Forms.DataGridViewContentAlignment'. An explicit conversion exists (are you missing a cast?)
	RT_821_200_conf.cs(3486,67): error CS0266: Cannot implicitly convert type `int' to `System.Windows.Forms.DataGridViewContentAlignment'. An explicit conversion exists (are you missing a cast?)
	RT_821_200_conf.cs(3487,67): error CS0266: Cannot implicitly convert type `int' to `System.Windows.Forms.DataGridViewContentAlignment'. An explicit conversion exists (are you missing a cast?)
	RT_821_200_conf.cs(3488,67): error CS0266: Cannot implicitly convert type `int' to `System.Windows.Forms.DataGridViewContentAlignment'. An explicit conversion exists (are you missing a cast?)
	RT_821_200_conf.cs(3489,67): error CS0266: Cannot implicitly convert type `int' to `System.Windows.Forms.DataGridViewContentAlignment'. An explicit conversion exists (are you missing a cast?)
	RT_821_200_conf.cs(3490,67): error CS0266: Cannot implicitly convert type `int' to `System.Windows.Forms.DataGridViewContentAlignment'. An explicit conversion exists (are you missing a cast?)
	RT_821_200_conf.cs(3491,67): error CS0266: Cannot implicitly convert type `int' to `System.Windows.Forms.DataGridViewContentAlignment'. An explicit conversion exists (are you missing a cast?)
	RT_821_200_conf.cs(3492,67): error CS0266: Cannot implicitly convert type `int' to `System.Windows.Forms.DataGridViewContentAlignment'. An explicit conversion exists (are you missing a cast?)
	RT_821_200_conf.cs(3493,67): error CS0266: Cannot implicitly convert type `int' to `System.Windows.Forms.DataGridViewContentAlignment'. An explicit conversion exists (are you missing a cast?)
	RT_821_200_conf.cs(3532,67): error CS0266: Cannot implicitly convert type `int' to `System.Windows.Forms.DataGridViewContentAlignment'. An explicit conversion exists (are you missing a cast?)
	RT_821_200_conf.cs(3533,67): error CS0266: Cannot implicitly convert type `int' to `System.Windows.Forms.DataGridViewContentAlignment'. An explicit conversion exists (are you missing a cast?)
	RT_821_200_conf.cs(3534,67): error CS0266: Cannot implicitly convert type `int' to `System.Windows.Forms.DataGridViewContentAlignment'. An explicit conversion exists (are you missing a cast?)
	RT_821_200_conf.cs(3535,67): error CS0266: Cannot implicitly convert type `int' to `System.Windows.Forms.DataGridViewContentAlignment'. An explicit conversion exists (are you missing a cast?)
	RT_821_200_conf.cs(3536,67): error CS0266: Cannot implicitly convert type `int' to `System.Windows.Forms.DataGridViewContentAlignment'. An explicit conversion exists (are you missing a cast?)
	RT_821_200_conf.cs(3537,67): error CS0266: Cannot implicitly convert type `int' to `System.Windows.Forms.DataGridViewContentAlignment'. An explicit conversion exists (are you missing a cast?)
	RT_821_200_conf.cs(3625,63): error CS0266: Cannot implicitly convert type `int' to `System.Windows.Forms.DataGridViewContentAlignment'. An explicit conversion exists (are you missing a cast?)
	RT_821_200_conf.cs(3626,63): error CS0266: Cannot implicitly convert type `int' to `System.Windows.Forms.DataGridViewContentAlignment'. An explicit conversion exists (are you missing a cast?)
	RT_821_200_conf.cs(3627,63): error CS0266: Cannot implicitly convert type `int' to `System.Windows.Forms.DataGridViewContentAlignment'. An explicit conversion exists (are you missing a cast?)
	RT_821_200_conf.cs(3628,63): error CS0266: Cannot implicitly convert type `int' to `System.Windows.Forms.DataGridViewContentAlignment'. An explicit conversion exists (are you missing a cast?)
	RT_821_200_conf.cs(3629,63): error CS0266: Cannot implicitly convert type `int' to `System.Windows.Forms.DataGridViewContentAlignment'. An explicit conversion exists (are you missing a cast?)
	RT_821_200_conf.cs(3630,63): error CS0266: Cannot implicitly convert type `int' to `System.Windows.Forms.DataGridViewContentAlignment'. An explicit conversion exists (are you missing a cast?)
	RT_821_200_conf.cs(3631,63): error CS0266: Cannot implicitly convert type `int' to `System.Windows.Forms.DataGridViewContentAlignment'. An explicit conversion exists (are you missing a cast?)
	RT_821_200_conf.cs(3632,63): error CS0266: Cannot implicitly convert type `int' to `System.Windows.Forms.DataGridViewContentAlignment'. An explicit conversion exists (are you missing a cast?)
	RT_821_200_conf.cs(3633,63): error CS0266: Cannot implicitly convert type `int' to `System.Windows.Forms.DataGridViewContentAlignment'. An explicit conversion exists (are you missing a cast?)
	RT_821_200_conf.cs(3634,63): error CS0266: Cannot implicitly convert type `int' to `System.Windows.Forms.DataGridViewContentAlignment'. An explicit conversion exists (are you missing a cast?)
	RT_821_200_conf.cs(3635,64): error CS0266: Cannot implicitly convert type `int' to `System.Windows.Forms.DataGridViewContentAlignment'. An explicit conversion exists (are you missing a cast?)
	RT_821_200_conf.cs(3636,64): error CS0266: Cannot implicitly convert type `int' to `System.Windows.Forms.DataGridViewContentAlignment'. An explicit conversion exists (are you missing a cast?)
	RT_821_200_conf.cs(3954,9): error CS0165: Use of unassigned local variable `num3'
	RT_821_200_conf.cs(4782,9): error CS0165: Use of unassigned local variable `num3'
	RT_821_200_conf.cs(4939,9): error CS0165: Use of unassigned local variable `num4'
	RT_821_200_conf.cs(5237,17): error CS1502: The best overloaded method match for `System.Drawing.Font.Font(string, float, System.Drawing.FontStyle, System.Drawing.GraphicsUnit)' has some invalid arguments
	RT_821_200_conf.cs(5237,42): error CS1503: Argument `#3' cannot convert `int' expression to type `System.Drawing.FontStyle'
	RT_821_200_conf.cs(5239,17): error CS1502: The best overloaded method match for `System.Drawing.Font.Font(string, float, System.Drawing.FontStyle, System.Drawing.GraphicsUnit)' has some invalid arguments
	RT_821_200_conf.cs(5239,42): error CS1503: Argument `#3' cannot convert `int' expression to type `System.Drawing.FontStyle'
	RT_821_200_conf.Designer.cs(909,174): error CS0266: Cannot implicitly convert type `System.Windows.Forms.HorizontalAlignment' to `System.Windows.Forms.DataGridViewContentAlignment'. An explicit conversion exists (are you missing a cast?)
	RT_821_200_conf.Designer.cs(917,61): error CS0266: Cannot implicitly convert type `int' to `System.Windows.Forms.DataGridViewColumnHeadersHeightSizeMode'. An explicit conversion exists (are you missing a cast?)
	RT_821_200_conf.Designer.cs(918,174): error CS0266: Cannot implicitly convert type `System.Windows.Forms.HorizontalAlignment' to `System.Windows.Forms.DataGridViewContentAlignment'. An explicit conversion exists (are you missing a cast?)
	RT_821_200_conf.Designer.cs(929,174): error CS0266: Cannot implicitly convert type `System.Windows.Forms.HorizontalAlignment' to `System.Windows.Forms.DataGridViewContentAlignment'. An explicit conversion exists (are you missing a cast?)
	RT_821_200_conf.Designer.cs(1308,174): error CS0266: Cannot implicitly convert type `System.Windows.Forms.HorizontalAlignment' to `System.Windows.Forms.DataGridViewContentAlignment'. An explicit conversion exists (are you missing a cast?)
	RT_821_200_conf.Designer.cs(1316,66): error CS0266: Cannot implicitly convert type `int' to `System.Windows.Forms.DataGridViewColumnHeadersHeightSizeMode'. An explicit conversion exists (are you missing a cast?)
	RT_821_200_conf.Designer.cs(1317,174): error CS0266: Cannot implicitly convert type `System.Windows.Forms.HorizontalAlignment' to `System.Windows.Forms.DataGridViewContentAlignment'. An explicit conversion exists (are you missing a cast?)
	RT_821_200_conf.Designer.cs(1328,174): error CS0266: Cannot implicitly convert type `System.Windows.Forms.HorizontalAlignment' to `System.Windows.Forms.DataGridViewContentAlignment'. An explicit conversion exists (are you missing a cast?)
	RT_821_200_conf.Designer.cs(1878,107): error CS0266: Cannot implicitly convert type `System.Windows.Forms.DataGridViewContentAlignment' to `System.Windows.Forms.HorizontalAlignment'. An explicit conversion exists (are you missing a cast?)
	RT_821_Conf.cs(2863,67): error CS0266: Cannot implicitly convert type `int' to `System.Windows.Forms.DataGridViewContentAlignment'. An explicit conversion exists (are you missing a cast?)
	RT_821_Conf.cs(2864,67): error CS0266: Cannot implicitly convert type `int' to `System.Windows.Forms.DataGridViewContentAlignment'. An explicit conversion exists (are you missing a cast?)
	RT_821_Conf.cs(2865,67): error CS0266: Cannot implicitly convert type `int' to `System.Windows.Forms.DataGridViewContentAlignment'. An explicit conversion exists (are you missing a cast?)
	RT_821_Conf.cs(2866,67): error CS0266: Cannot implicitly convert type `int' to `System.Windows.Forms.DataGridViewContentAlignment'. An explicit conversion exists (are you missing a cast?)
	RT_821_Conf.cs(2867,67): error CS0266: Cannot implicitly convert type `int' to `System.Windows.Forms.DataGridViewContentAlignment'. An explicit conversion exists (are you missing a cast?)
	RT_821_Conf.cs(2868,67): error CS0266: Cannot implicitly convert type `int' to `System.Windows.Forms.DataGridViewContentAlignment'. An explicit conversion exists (are you missing a cast?)
	RT_821_Conf.cs(2869,67): error CS0266: Cannot implicitly convert type `int' to `System.Windows.Forms.DataGridViewContentAlignment'. An explicit conversion exists (are you missing a cast?)
	RT_821_Conf.cs(2960,72): error CS0266: Cannot implicitly convert type `int' to `System.Windows.Forms.DataGridViewContentAlignment'. An explicit conversion exists (are you missing a cast?)
	RT_821_Conf.cs(2961,72): error CS0266: Cannot implicitly convert type `int' to `System.Windows.Forms.DataGridViewContentAlignment'. An explicit conversion exists (are you missing a cast?)
	RT_821_Conf.cs(3034,59): error CS0266: Cannot implicitly convert type `int' to `System.Windows.Forms.DataGridViewContentAlignment'. An explicit conversion exists (are you missing a cast?)
	RT_821_Conf.cs(3035,59): error CS0266: Cannot implicitly convert type `int' to `System.Windows.Forms.DataGridViewContentAlignment'. An explicit conversion exists (are you missing a cast?)
	RT_821_Conf.cs(3036,59): error CS0266: Cannot implicitly convert type `int' to `System.Windows.Forms.DataGridViewContentAlignment'. An explicit conversion exists (are you missing a cast?)
	RT_821_Conf.cs(3047,200): error CS0266: Cannot implicitly convert type `System.Windows.Forms.HorizontalAlignment' to `System.Windows.Forms.DataGridViewContentAlignment'. An explicit conversion exists (are you missing a cast?)
	RT_821_Conf.cs(3119,67): error CS0266: Cannot implicitly convert type `int' to `System.Windows.Forms.DataGridViewContentAlignment'. An explicit conversion exists (are you missing a cast?)
	RT_821_Conf.cs(3120,67): error CS0266: Cannot implicitly convert type `int' to `System.Windows.Forms.DataGridViewContentAlignment'. An explicit conversion exists (are you missing a cast?)
	RT_821_Conf.cs(3121,67): error CS0266: Cannot implicitly convert type `int' to `System.Windows.Forms.DataGridViewContentAlignment'. An explicit conversion exists (are you missing a cast?)
	RT_821_Conf.cs(3122,67): error CS0266: Cannot implicitly convert type `int' to `System.Windows.Forms.DataGridViewContentAlignment'. An explicit conversion exists (are you missing a cast?)
	RT_821_Conf.cs(3123,67): error CS0266: Cannot implicitly convert type `int' to `System.Windows.Forms.DataGridViewContentAlignment'. An explicit conversion exists (are you missing a cast?)
	RT_821_Conf.cs(3124,67): error CS0266: Cannot implicitly convert type `int' to `System.Windows.Forms.DataGridViewContentAlignment'. An explicit conversion exists (are you missing a cast?)
	RT_821_Conf.cs(3125,67): error CS0266: Cannot implicitly convert type `int' to `System.Windows.Forms.DataGridViewContentAlignment'. An explicit conversion exists (are you missing a cast?)
	RT_821_Conf.cs(3126,67): error CS0266: Cannot implicitly convert type `int' to `System.Windows.Forms.DataGridViewContentAlignment'. An explicit conversion exists (are you missing a cast?)
	RT_821_Conf.cs(3127,67): error CS0266: Cannot implicitly convert type `int' to `System.Windows.Forms.DataGridViewContentAlignment'. An explicit conversion exists (are you missing a cast?)
	RT_821_Conf.cs(3128,67): error CS0266: Cannot implicitly convert type `int' to `System.Windows.Forms.DataGridViewContentAlignment'. An explicit conversion exists (are you missing a cast?)
	RT_821_Conf.cs(3136,202): error CS0266: Cannot implicitly convert type `System.Windows.Forms.HorizontalAlignment' to `System.Windows.Forms.DataGridViewContentAlignment'. An explicit conversion exists (are you missing a cast?)
	RT_821_Conf.cs(3203,67): error CS0266: Cannot implicitly convert type `int' to `System.Windows.Forms.DataGridViewContentAlignment'. An explicit conversion exists (are you missing a cast?)
	RT_821_Conf.cs(3204,67): error CS0266: Cannot implicitly convert type `int' to `System.Windows.Forms.DataGridViewContentAlignment'. An explicit conversion exists (are you missing a cast?)
	RT_821_Conf.cs(3205,67): error CS0266: Cannot implicitly convert type `int' to `System.Windows.Forms.DataGridViewContentAlignment'. An explicit conversion exists (are you missing a cast?)
	RT_821_Conf.cs(3229,195): error CS0266: Cannot implicitly convert type `System.Windows.Forms.HorizontalAlignment' to `System.Windows.Forms.DataGridViewContentAlignment'. An explicit conversion exists (are you missing a cast?)
	RT_821_Conf.cs(3290,60): error CS0266: Cannot implicitly convert type `int' to `System.Windows.Forms.DataGridViewContentAlignment'. An explicit conversion exists (are you missing a cast?)
	RT_821_Conf.cs(3314,199): error CS0266: Cannot implicitly convert type `System.Windows.Forms.HorizontalAlignment' to `System.Windows.Forms.DataGridViewContentAlignment'. An explicit conversion exists (are you missing a cast?)
	RT_821_Conf.cs(3388,62): error CS0266: Cannot implicitly convert type `int' to `System.Windows.Forms.DataGridViewContentAlignment'. An explicit conversion exists (are you missing a cast?)
	RT_821_Conf.cs(3389,62): error CS0266: Cannot implicitly convert type `int' to `System.Windows.Forms.DataGridViewContentAlignment'. An explicit conversion exists (are you missing a cast?)
	RT_821_Conf.cs(3390,62): error CS0266: Cannot implicitly convert type `int' to `System.Windows.Forms.DataGridViewContentAlignment'. An explicit conversion exists (are you missing a cast?)
	RT_821_Conf.cs(3391,62): error CS0266: Cannot implicitly convert type `int' to `System.Windows.Forms.DataGridViewContentAlignment'. An explicit conversion exists (are you missing a cast?)
	RT_821_Conf.cs(3536,9): error CS0165: Use of unassigned local variable `num3'
	RT_821_Conf.cs(4536,9): error CS0165: Use of unassigned local variable `num3'
	RT_821_Conf.cs(4877,9): error CS0165: Use of unassigned local variable `num12'
	RT_821_Conf.cs(5210,17): error CS1502: The best overloaded method match for `System.Drawing.Font.Font(string, float, System.Drawing.FontStyle, System.Drawing.GraphicsUnit)' has some invalid arguments
	RT_821_Conf.cs(5210,42): error CS1503: Argument `#3' cannot convert `int' expression to type `System.Drawing.FontStyle'
	RT_821_Conf.cs(5212,17): error CS1502: The best overloaded method match for `System.Drawing.Font.Font(string, float, System.Drawing.FontStyle, System.Drawing.GraphicsUnit)' has some invalid arguments
	RT_821_Conf.cs(5212,42): error CS1503: Argument `#3' cannot convert `int' expression to type `System.Drawing.FontStyle'
	RT_821_Conf.cs(5447,17): error CS1502: The best overloaded method match for `System.Drawing.Font.Font(string, float, System.Drawing.FontStyle, System.Drawing.GraphicsUnit)' has some invalid arguments
	RT_821_Conf.cs(5447,42): error CS1503: Argument `#3' cannot convert `int' expression to type `System.Drawing.FontStyle'
	RT_821_Conf.cs(5449,17): error CS1502: The best overloaded method match for `System.Drawing.Font.Font(string, float, System.Drawing.FontStyle, System.Drawing.GraphicsUnit)' has some invalid arguments
	RT_821_Conf.cs(5449,42): error CS1503: Argument `#3' cannot convert `int' expression to type `System.Drawing.FontStyle'
	RT_821_Conf.cs(5807,47): error CS0165: Use of unassigned local variable `flag'
	RT_821_Conf.Designer.cs(716,174): error CS0266: Cannot implicitly convert type `System.Windows.Forms.HorizontalAlignment' to `System.Windows.Forms.DataGridViewContentAlignment'. An explicit conversion exists (are you missing a cast?)
	RT_821_Conf.Designer.cs(724,78): error CS0266: Cannot implicitly convert type `int' to `System.Windows.Forms.DataGridViewColumnHeadersHeightSizeMode'. An explicit conversion exists (are you missing a cast?)
	RT_821_Conf.Designer.cs(725,174): error CS0266: Cannot implicitly convert type `System.Windows.Forms.HorizontalAlignment' to `System.Windows.Forms.DataGridViewContentAlignment'. An explicit conversion exists (are you missing a cast?)
	RT_821_Conf.Designer.cs(737,174): error CS0266: Cannot implicitly convert type `System.Windows.Forms.HorizontalAlignment' to `System.Windows.Forms.DataGridViewContentAlignment'. An explicit conversion exists (are you missing a cast?)
	RT_821_Conf.Designer.cs(767,174): error CS0266: Cannot implicitly convert type `System.Windows.Forms.HorizontalAlignment' to `System.Windows.Forms.DataGridViewContentAlignment'. An explicit conversion exists (are you missing a cast?)
	RT_821_Conf.Designer.cs(775,67): error CS0266: Cannot implicitly convert type `int' to `System.Windows.Forms.DataGridViewColumnHeadersHeightSizeMode'. An explicit conversion exists (are you missing a cast?)
	RT_821_Conf.Designer.cs(776,174): error CS0266: Cannot implicitly convert type `System.Windows.Forms.HorizontalAlignment' to `System.Windows.Forms.DataGridViewContentAlignment'. An explicit conversion exists (are you missing a cast?)
	RT_821_Conf.Designer.cs(788,174): error CS0266: Cannot implicitly convert type `System.Windows.Forms.HorizontalAlignment' to `System.Windows.Forms.DataGridViewContentAlignment'. An explicit conversion exists (are you missing a cast?)
	RT_821_Conf.Designer.cs(836,175): error CS0266: Cannot implicitly convert type `System.Windows.Forms.HorizontalAlignment' to `System.Windows.Forms.DataGridViewContentAlignment'. An explicit conversion exists (are you missing a cast?)
	RT_821_Conf.Designer.cs(844,72): error CS0266: Cannot implicitly convert type `int' to `System.Windows.Forms.DataGridViewColumnHeadersHeightSizeMode'. An explicit conversion exists (are you missing a cast?)
	RT_821_Conf.Designer.cs(845,175): error CS0266: Cannot implicitly convert type `System.Windows.Forms.HorizontalAlignment' to `System.Windows.Forms.DataGridViewContentAlignment'. An explicit conversion exists (are you missing a cast?)
	RT_821_Conf.Designer.cs(856,175): error CS0266: Cannot implicitly convert type `System.Windows.Forms.HorizontalAlignment' to `System.Windows.Forms.DataGridViewContentAlignment'. An explicit conversion exists (are you missing a cast?)
	RT_821_Conf.Designer.cs(979,175): error CS0266: Cannot implicitly convert type `System.Windows.Forms.HorizontalAlignment' to `System.Windows.Forms.DataGridViewContentAlignment'. An explicit conversion exists (are you missing a cast?)
	RT_821_Conf.Designer.cs(987,61): error CS0266: Cannot implicitly convert type `int' to `System.Windows.Forms.DataGridViewColumnHeadersHeightSizeMode'. An explicit conversion exists (are you missing a cast?)
	RT_821_Conf.Designer.cs(988,175): error CS0266: Cannot implicitly convert type `System.Windows.Forms.HorizontalAlignment' to `System.Windows.Forms.DataGridViewContentAlignment'. An explicit conversion exists (are you missing a cast?)
	RT_821_Conf.Designer.cs(999,175): error CS0266: Cannot implicitly convert type `System.Windows.Forms.HorizontalAlignment' to `System.Windows.Forms.DataGridViewContentAlignment'. An explicit conversion exists (are you missing a cast?)
	RT_821_Conf.Designer.cs(1046,175): error CS0266: Cannot implicitly convert type `System.Windows.Forms.HorizontalAlignment' to `System.Windows.Forms.DataGridViewContentAlignment'. An explicit conversion exists (are you missing a cast?)
	RT_821_Conf.Designer.cs(1054,68): error CS0266: Cannot implicitly convert type `int' to `System.Windows.Forms.DataGridViewColumnHeadersHeightSizeMode'. An explicit conversion exists (are you missing a cast?)
	RT_821_Conf.Designer.cs(1055,175): error CS0266: Cannot implicitly convert type `System.Windows.Forms.HorizontalAlignment' to `System.Windows.Forms.DataGridViewContentAlignment'. An explicit conversion exists (are you missing a cast?)
	RT_821_Conf.Designer.cs(1066,175): error CS0266: Cannot implicitly convert type `System.Windows.Forms.HorizontalAlignment' to `System.Windows.Forms.DataGridViewContentAlignment'. An explicit conversion exists (are you missing a cast?)
	RT_821_Conf.Designer.cs(1110,175): error CS0266: Cannot implicitly convert type `System.Windows.Forms.HorizontalAlignment' to `System.Windows.Forms.DataGridViewContentAlignment'. An explicit conversion exists (are you missing a cast?)
	RT_821_Conf.Designer.cs(1118,66): error CS0266: Cannot implicitly convert type `int' to `System.Windows.Forms.DataGridViewColumnHeadersHeightSizeMode'. An explicit conversion exists (are you missing a cast?)
	RT_821_Conf.Designer.cs(1119,175): error CS0266: Cannot implicitly convert type `System.Windows.Forms.HorizontalAlignment' to `System.Windows.Forms.DataGridViewContentAlignment'. An explicit conversion exists (are you missing a cast?)
	RT_821_Conf.Designer.cs(1130,175): error CS0266: Cannot implicitly convert type `System.Windows.Forms.HorizontalAlignment' to `System.Windows.Forms.DataGridViewContentAlignment'. An explicit conversion exists (are you missing a cast?)
	RT_821_Conf.Designer.cs(1265,175): error CS0266: Cannot implicitly convert type `System.Windows.Forms.HorizontalAlignment' to `System.Windows.Forms.DataGridViewContentAlignment'. An explicit conversion exists (are you missing a cast?)
	RT_821_Conf.Designer.cs(1273,65): error CS0266: Cannot implicitly convert type `int' to `System.Windows.Forms.DataGridViewColumnHeadersHeightSizeMode'. An explicit conversion exists (are you missing a cast?)
	RT_821_Conf.Designer.cs(1274,175): error CS0266: Cannot implicitly convert type `System.Windows.Forms.HorizontalAlignment' to `System.Windows.Forms.DataGridViewContentAlignment'. An explicit conversion exists (are you missing a cast?)
	RT_821_Conf.Designer.cs(1285,175): error CS0266: Cannot implicitly convert type `System.Windows.Forms.HorizontalAlignment' to `System.Windows.Forms.DataGridViewContentAlignment'. An explicit conversion exists (are you missing a cast?)
	RT_821_Conf.Designer.cs(1753,106): error CS0266: Cannot implicitly convert type `System.Windows.Forms.DataGridViewContentAlignment' to `System.Windows.Forms.HorizontalAlignment'. An explicit conversion exists (are you missing a cast?)
	RT_830_200_configurador.cs(4740,8): error CS0165: Use of unassigned local variable `num2'
	RT_830_200_configurador.cs(4894,8): error CS0165: Use of unassigned local variable `num2'
	RT_830_200_configurador.cs(5605,8): error CS0165: Use of unassigned local variable `num2'
	RT_830_200_configurador.cs(5729,8): error CS0165: Use of unassigned local variable `num2'
	RT_830_200_configurador.cs(6120,8): error CS0165: Use of unassigned local variable `num2'
	RT_830_200_configurador.Designer.cs(240,4): error CS0119: Expression denotes a `type', where a `variable' or `value' was expected
	RT_830_200_configurador.Designer.cs(375,106): error CS0266: Cannot implicitly convert type `System.Windows.Forms.DataGridViewContentAlignment' to `System.Windows.Forms.HorizontalAlignment'. An explicit conversion exists (are you missing a cast?)
	RT_830_200_configurador.Designer.cs(1126,66): error CS0266: Cannot implicitly convert type `int' to `System.Windows.Forms.DataGridViewColumnHeadersHeightSizeMode'. An explicit conversion exists (are you missing a cast?)
	RT_830_200_configurador.Designer.cs(1202,174): error CS0266: Cannot implicitly convert type `System.Windows.Forms.HorizontalAlignment' to `System.Windows.Forms.DataGridViewContentAlignment'. An explicit conversion exists (are you missing a cast?)
	RT_830_200_configurador.Designer.cs(1210,62): error CS0266: Cannot implicitly convert type `int' to `System.Windows.Forms.DataGridViewColumnHeadersHeightSizeMode'. An explicit conversion exists (are you missing a cast?)
	RT_830_200_configurador.Designer.cs(1430,66): error CS0266: Cannot implicitly convert type `int' to `System.Windows.Forms.DataGridViewColumnHeadersHeightSizeMode'. An explicit conversion exists (are you missing a cast?)
	RT_830_200_configurador.Designer.cs(1455,68): error CS0266: Cannot implicitly convert type `int' to `System.Windows.Forms.DataGridViewColumnHeadersHeightSizeMode'. An explicit conversion exists (are you missing a cast?)
	RT_830_200_configurador.Designer.cs(1483,62): error CS0266: Cannot implicitly convert type `int' to `System.Windows.Forms.DataGridViewColumnHeadersHeightSizeMode'. An explicit conversion exists (are you missing a cast?)
	RT_830_200_impressao_X.cs(50,11): error CS0165: Use of unassigned local variable `result'
	RT_830_200_impressao_X.cs(58,17): error CS1502: The best overloaded method match for `System.Drawing.Font.Font(string, float, System.Drawing.FontStyle, System.Drawing.GraphicsUnit)' has some invalid arguments
	RT_830_200_impressao_X.cs(58,42): error CS1503: Argument `#3' cannot convert `int' expression to type `System.Drawing.FontStyle'
	RT_830_200_impressao_X.cs(60,17): error CS1502: The best overloaded method match for `System.Drawing.Font.Font(string, float, System.Drawing.FontStyle, System.Drawing.GraphicsUnit)' has some invalid arguments
	RT_830_200_impressao_X.cs(60,42): error CS1503: Argument `#3' cannot convert `int' expression to type `System.Drawing.FontStyle'
	RT_830_200_impressao_X.cs(172,17): error CS1502: The best overloaded method match for `System.Drawing.Font.Font(string, float, System.Drawing.FontStyle, System.Drawing.GraphicsUnit)' has some invalid arguments
	RT_830_200_impressao_X.cs(172,42): error CS1503: Argument `#3' cannot convert `int' expression to type `System.Drawing.FontStyle'
	RT_830_200_impressao_X.cs(174,17): error CS1502: The best overloaded method match for `System.Drawing.Font.Font(string, float, System.Drawing.FontStyle, System.Drawing.GraphicsUnit)' has some invalid arguments
	RT_830_200_impressao_X.cs(174,42): error CS1503: Argument `#3' cannot convert `int' expression to type `System.Drawing.FontStyle'
	RT_830_200_impressao_X.cs(262,17): error CS1502: The best overloaded method match for `System.Drawing.Font.Font(string, float, System.Drawing.FontStyle, System.Drawing.GraphicsUnit)' has some invalid arguments
	RT_830_200_impressao_X.cs(262,42): error CS1503: Argument `#3' cannot convert `int' expression to type `System.Drawing.FontStyle'
	RT_830_200_impressao_X.cs(264,17): error CS1502: The best overloaded method match for `System.Drawing.Font.Font(string, float, System.Drawing.FontStyle, System.Drawing.GraphicsUnit)' has some invalid arguments
	RT_830_200_impressao_X.cs(264,42): error CS1503: Argument `#3' cannot convert `int' expression to type `System.Drawing.FontStyle'
	RT_830_200_impressao_X.cs(369,17): error CS1502: The best overloaded method match for `System.Drawing.Font.Font(string, float, System.Drawing.FontStyle, System.Drawing.GraphicsUnit)' has some invalid arguments
	RT_830_200_impressao_X.cs(369,42): error CS1503: Argument `#3' cannot convert `int' expression to type `System.Drawing.FontStyle'
	RT_830_200_impressao_X.cs(371,17): error CS1502: The best overloaded method match for `System.Drawing.Font.Font(string, float, System.Drawing.FontStyle, System.Drawing.GraphicsUnit)' has some invalid arguments
	RT_830_200_impressao_X.cs(371,42): error CS1503: Argument `#3' cannot convert `int' expression to type `System.Drawing.FontStyle'
	RT_830_200_impressao_X.cs(488,17): error CS1502: The best overloaded method match for `System.Drawing.Font.Font(string, float, System.Drawing.FontStyle, System.Drawing.GraphicsUnit)' has some invalid arguments
	RT_830_200_impressao_X.cs(488,42): error CS1503: Argument `#3' cannot convert `int' expression to type `System.Drawing.FontStyle'
	RT_830_200_impressao_X.cs(490,17): error CS1502: The best overloaded method match for `System.Drawing.Font.Font(string, float, System.Drawing.FontStyle, System.Drawing.GraphicsUnit)' has some invalid arguments
	RT_830_200_impressao_X.cs(490,42): error CS1503: Argument `#3' cannot convert `int' expression to type `System.Drawing.FontStyle'
	RT_831_200_configurador.cs(3633,8): error CS0165: Use of unassigned local variable `num2'
	RT_831_200_configurador.cs(3787,8): error CS0165: Use of unassigned local variable `num2'
	RT_831_200_configurador.cs(4487,8): error CS0165: Use of unassigned local variable `num2'
	RT_831_200_configurador.cs(4599,8): error CS0165: Use of unassigned local variable `num2'
	RT_831_200_configurador.cs(4847,10): error CS0165: Use of unassigned local variable `num4'
	RT_831_200_configurador.cs(4851,24): error CS0165: Use of unassigned local variable `num3'
	RT_831_200_configurador.cs(4987,8): error CS0165: Use of unassigned local variable `num2'
	RT_831_200_configurador.Designer.cs(181,4): error CS0119: Expression denotes a `type', where a `variable' or `value' was expected
	RT_831_200_configurador.Designer.cs(316,106): error CS0266: Cannot implicitly convert type `System.Windows.Forms.DataGridViewContentAlignment' to `System.Windows.Forms.HorizontalAlignment'. An explicit conversion exists (are you missing a cast?)
	RT_831_200_configurador.Designer.cs(878,66): error CS0266: Cannot implicitly convert type `int' to `System.Windows.Forms.DataGridViewColumnHeadersHeightSizeMode'. An explicit conversion exists (are you missing a cast?)
	RT_831_200_configurador.Designer.cs(938,62): error CS0266: Cannot implicitly convert type `int' to `System.Windows.Forms.DataGridViewColumnHeadersHeightSizeMode'. An explicit conversion exists (are you missing a cast?)
	RT_831_200_impressao_X.cs(42,11): error CS0165: Use of unassigned local variable `result'
	RT_831_200_impressao_X.cs(49,17): error CS1502: The best overloaded method match for `System.Drawing.Font.Font(string, float, System.Drawing.FontStyle, System.Drawing.GraphicsUnit)' has some invalid arguments
	RT_831_200_impressao_X.cs(49,42): error CS1503: Argument `#3' cannot convert `int' expression to type `System.Drawing.FontStyle'
	RT_831_200_impressao_X.cs(51,17): error CS1502: The best overloaded method match for `System.Drawing.Font.Font(string, float, System.Drawing.FontStyle, System.Drawing.GraphicsUnit)' has some invalid arguments
	RT_831_200_impressao_X.cs(51,42): error CS1503: Argument `#3' cannot convert `int' expression to type `System.Drawing.FontStyle'
	RT_831_200_impressao_X.cs(122,17): error CS1502: The best overloaded method match for `System.Drawing.Font.Font(string, float, System.Drawing.FontStyle, System.Drawing.GraphicsUnit)' has some invalid arguments
	RT_831_200_impressao_X.cs(122,42): error CS1503: Argument `#3' cannot convert `int' expression to type `System.Drawing.FontStyle'
	RT_831_200_impressao_X.cs(124,17): error CS1502: The best overloaded method match for `System.Drawing.Font.Font(string, float, System.Drawing.FontStyle, System.Drawing.GraphicsUnit)' has some invalid arguments
	RT_831_200_impressao_X.cs(124,42): error CS1503: Argument `#3' cannot convert `int' expression to type `System.Drawing.FontStyle'
	RT_831_200_impressao_X.cs(197,17): error CS1502: The best overloaded method match for `System.Drawing.Font.Font(string, float, System.Drawing.FontStyle, System.Drawing.GraphicsUnit)' has some invalid arguments
	RT_831_200_impressao_X.cs(197,42): error CS1503: Argument `#3' cannot convert `int' expression to type `System.Drawing.FontStyle'
	RT_831_200_impressao_X.cs(199,17): error CS1502: The best overloaded method match for `System.Drawing.Font.Font(string, float, System.Drawing.FontStyle, System.Drawing.GraphicsUnit)' has some invalid arguments
	RT_831_200_impressao_X.cs(199,42): error CS1503: Argument `#3' cannot convert `int' expression to type `System.Drawing.FontStyle'
	RT_831_200_impressao_X.cs(293,17): error CS1502: The best overloaded method match for `System.Drawing.Font.Font(string, float, System.Drawing.FontStyle, System.Drawing.GraphicsUnit)' has some invalid arguments
	RT_831_200_impressao_X.cs(293,42): error CS1503: Argument `#3' cannot convert `int' expression to type `System.Drawing.FontStyle'
	RT_831_200_impressao_X.cs(295,17): error CS1502: The best overloaded method match for `System.Drawing.Font.Font(string, float, System.Drawing.FontStyle, System.Drawing.GraphicsUnit)' has some invalid arguments
	RT_831_200_impressao_X.cs(295,42): error CS1503: Argument `#3' cannot convert `int' expression to type `System.Drawing.FontStyle'
	RT_850_conf.cs(3889,178): error CS0266: Cannot implicitly convert type `System.Windows.Forms.HorizontalAlignment' to `System.Windows.Forms.DataGridViewContentAlignment'. An explicit conversion exists (are you missing a cast?)
	RT_850_conf.cs(4057,180): error CS0266: Cannot implicitly convert type `System.Windows.Forms.HorizontalAlignment' to `System.Windows.Forms.DataGridViewContentAlignment'. An explicit conversion exists (are you missing a cast?)
	RT_850_conf.cs(4247,51): error CS0266: Cannot implicitly convert type `int' to `System.Windows.Forms.DataGridViewRowHeadersWidthSizeMode'. An explicit conversion exists (are you missing a cast?)
	RT_850_conf.cs(4336,177): error CS0266: Cannot implicitly convert type `System.Windows.Forms.HorizontalAlignment' to `System.Windows.Forms.DataGridViewContentAlignment'. An explicit conversion exists (are you missing a cast?)
	RT_850_conf.cs(4706,177): error CS0266: Cannot implicitly convert type `System.Windows.Forms.HorizontalAlignment' to `System.Windows.Forms.DataGridViewContentAlignment'. An explicit conversion exists (are you missing a cast?)
	RT_850_conf.cs(4942,7): error CS0165: Use of unassigned local variable `enumerator'
	RT_850_conf.cs(5254,177): error CS0266: Cannot implicitly convert type `System.Windows.Forms.HorizontalAlignment' to `System.Windows.Forms.DataGridViewContentAlignment'. An explicit conversion exists (are you missing a cast?)
	RT_850_conf.cs(5550,7): error CS0165: Use of unassigned local variable `enumerator'
	RT_850_conf.cs(5997,187): error CS0266: Cannot implicitly convert type `System.Windows.Forms.HorizontalAlignment' to `System.Windows.Forms.DataGridViewContentAlignment'. An explicit conversion exists (are you missing a cast?)
	RT_850_conf.cs(6111,190): error CS0266: Cannot implicitly convert type `System.Windows.Forms.HorizontalAlignment' to `System.Windows.Forms.DataGridViewContentAlignment'. An explicit conversion exists (are you missing a cast?)
	RT_850_conf.cs(7166,5): error CS0165: Use of unassigned local variable `enumerator'
	RT_850_conf.cs(7441,53): error CS0165: Use of unassigned local variable `integer_ictel'
	RT_850_conf.cs(7453,53): error CS0165: Use of unassigned local variable `integer_ictel'
	RT_850_conf.cs(13444,18): error CS0165: Use of unassigned local variable `num8'
	RT_850_conf.cs(13516,11): error CS0165: Use of unassigned local variable `result'
	RT_850_conf.Designer.cs(312,4): error CS0119: Expression denotes a `type', where a `variable' or `value' was expected
	RT_850_conf.Designer.cs(1577,174): error CS0266: Cannot implicitly convert type `System.Windows.Forms.HorizontalAlignment' to `System.Windows.Forms.DataGridViewContentAlignment'. An explicit conversion exists (are you missing a cast?)
	RT_850_conf.Designer.cs(1586,174): error CS0266: Cannot implicitly convert type `System.Windows.Forms.HorizontalAlignment' to `System.Windows.Forms.DataGridViewContentAlignment'. An explicit conversion exists (are you missing a cast?)
	RT_850_conf.Designer.cs(1598,174): error CS0266: Cannot implicitly convert type `System.Windows.Forms.HorizontalAlignment' to `System.Windows.Forms.DataGridViewContentAlignment'. An explicit conversion exists (are you missing a cast?)
	RT_850_conf.Designer.cs(1607,64): error CS0266: Cannot implicitly convert type `int' to `System.Windows.Forms.DataGridViewRowHeadersWidthSizeMode'. An explicit conversion exists (are you missing a cast?)
	RT_850_conf.Designer.cs(1694,174): error CS0266: Cannot implicitly convert type `System.Windows.Forms.HorizontalAlignment' to `System.Windows.Forms.DataGridViewContentAlignment'. An explicit conversion exists (are you missing a cast?)
	RT_850_conf.Designer.cs(1703,174): error CS0266: Cannot implicitly convert type `System.Windows.Forms.HorizontalAlignment' to `System.Windows.Forms.DataGridViewContentAlignment'. An explicit conversion exists (are you missing a cast?)
	RT_850_conf.Designer.cs(1714,174): error CS0266: Cannot implicitly convert type `System.Windows.Forms.HorizontalAlignment' to `System.Windows.Forms.DataGridViewContentAlignment'. An explicit conversion exists (are you missing a cast?)
	RT_850_conf.Designer.cs(1758,175): error CS0266: Cannot implicitly convert type `System.Windows.Forms.HorizontalAlignment' to `System.Windows.Forms.DataGridViewContentAlignment'. An explicit conversion exists (are you missing a cast?)
	RT_850_conf.Designer.cs(1767,175): error CS0266: Cannot implicitly convert type `System.Windows.Forms.HorizontalAlignment' to `System.Windows.Forms.DataGridViewContentAlignment'. An explicit conversion exists (are you missing a cast?)
	RT_850_conf.Designer.cs(1778,175): error CS0266: Cannot implicitly convert type `System.Windows.Forms.HorizontalAlignment' to `System.Windows.Forms.DataGridViewContentAlignment'. An explicit conversion exists (are you missing a cast?)
	RT_850_conf.Designer.cs(1822,175): error CS0266: Cannot implicitly convert type `System.Windows.Forms.HorizontalAlignment' to `System.Windows.Forms.DataGridViewContentAlignment'. An explicit conversion exists (are you missing a cast?)
	RT_850_conf.Designer.cs(1831,175): error CS0266: Cannot implicitly convert type `System.Windows.Forms.HorizontalAlignment' to `System.Windows.Forms.DataGridViewContentAlignment'. An explicit conversion exists (are you missing a cast?)
	RT_850_conf.Designer.cs(1842,175): error CS0266: Cannot implicitly convert type `System.Windows.Forms.HorizontalAlignment' to `System.Windows.Forms.DataGridViewContentAlignment'. An explicit conversion exists (are you missing a cast?)
	RT_850_conf.Designer.cs(1898,175): error CS0266: Cannot implicitly convert type `System.Windows.Forms.HorizontalAlignment' to `System.Windows.Forms.DataGridViewContentAlignment'. An explicit conversion exists (are you missing a cast?)
	RT_850_conf.Designer.cs(1907,175): error CS0266: Cannot implicitly convert type `System.Windows.Forms.HorizontalAlignment' to `System.Windows.Forms.DataGridViewContentAlignment'. An explicit conversion exists (are you missing a cast?)
	RT_850_conf.Designer.cs(1918,175): error CS0266: Cannot implicitly convert type `System.Windows.Forms.HorizontalAlignment' to `System.Windows.Forms.DataGridViewContentAlignment'. An explicit conversion exists (are you missing a cast?)
	RT_850_conf.Designer.cs(1944,175): error CS0266: Cannot implicitly convert type `System.Windows.Forms.HorizontalAlignment' to `System.Windows.Forms.DataGridViewContentAlignment'. An explicit conversion exists (are you missing a cast?)
	RT_850_conf.Designer.cs(1953,175): error CS0266: Cannot implicitly convert type `System.Windows.Forms.HorizontalAlignment' to `System.Windows.Forms.DataGridViewContentAlignment'. An explicit conversion exists (are you missing a cast?)
	RT_850_conf.Designer.cs(1964,175): error CS0266: Cannot implicitly convert type `System.Windows.Forms.HorizontalAlignment' to `System.Windows.Forms.DataGridViewContentAlignment'. An explicit conversion exists (are you missing a cast?)

	 116 Warning(s)
	 1470 Error(s)

Time Elapsed 00:00:02.7541740
